D/DisplayPowerController(  755): animateScreenStateChange[0]: target=2
D/DisplayPowerController(  755): [Dual Screen Compatible] state[0] :2
D/AutomaticBrightnessController(  755): [DAB] mLightSensor is null.
D/DisplayPowerController(  755): getFinalBrightness : Summary is 87 -> 87
D/DisplayPowerController(  755): Animating brightness: target=87, rate=2000 (PSM:false, AB limit:(-1 ~ -1) MB Limit:(-1 ~ -1) MAdj:(0, (0, 255)))
D/DisplayPowerController(  755): animateScreenStateChange[0]: target=2
D/DisplayPowerController(  755): [Dual Screen Compatible] state[0] :2
D/AutomaticBrightnessController(  755): [DAB] mLightSensor is null.
D/DisplayPowerController(  755): getFinalBrightness : Summary is 87 -> 87
D/DisplayPowerController(  755): Animating brightness: target=87, rate=2000 (PSM:false, AB limit:(-1 ~ -1) MB Limit:(-1 ~ -1) MAdj:(0, (0, 255)))
D/PowerManagerService(  755): [api] setScreenBrightnessOverrideFromWindowManagerInternal: brightness: 88
D/DisplayPowerController(  755): animateScreenStateChange[0]: target=2
D/DisplayPowerController(  755): [Dual Screen Compatible] state[0] :2
D/AutomaticBrightnessController(  755): [DAB] mLightSensor is null.
D/DisplayPowerController(  755): getFinalBrightness : Summary is 88 -> 88
D/DisplayPowerController(  755): Animating brightness: target=88, rate=2000 (PSM:false, AB limit:(-1 ~ -1) MB Limit:(-1 ~ -1) MAdj:(0, (0, 255)))
D/PowerManagerService(  755): [s] DisplayPowerCallbacks : onStateChanged()
D/DisplayPowerController(  755): animateScreenStateChange[0]: target=2
D/DisplayPowerController(  755): [Dual Screen Compatible] state[0] :2
D/AutomaticBrightnessController(  755): [DAB] mLightSensor is null.
D/DisplayPowerController(  755): getFinalBrightness : Summary is 88 -> 88
D/DisplayPowerController(  755): Animating brightness: target=88, rate=2000 (PSM:false, AB limit:(-1 ~ -1) MB Limit:(-1 ~ -1) MAdj:(0, (0, 255)))
D/DisplayPowerController(  755): animateScreenStateChange[0]: target=2
D/DisplayPowerController(  755): [Dual Screen Compatible] state[0] :2
D/AutomaticBrightnessController(  755): [DAB] mLightSensor is null.
D/DisplayPowerController(  755): getFinalBrightness : Summary is 88 -> 88
D/DisplayPowerController(  755): Animating brightness: target=88, rate=2000 (PSM:false, AB limit:(-1 ~ -1) MB Limit:(-1 ~ -1) MAdj:(0, (0, 255)))
D/PowerManagerService(  755): [api] setScreenBrightnessOverrideFromWindowManagerInternal: brightness: 89
D/DisplayPowerController(  755): animateScreenStateChange[0]: target=2
D/DisplayPowerController(  755): [Dual Screen Compatible] state[0] :2
D/AutomaticBrightnessController(  755): [DAB] mLightSensor is null.
D/DisplayPowerController(  755): getFinalBrightness : Summary is 89 -> 89
D/DisplayPowerController(  755): Animating brightness: target=89, rate=2000 (PSM:false, AB limit:(-1 ~ -1) MB Limit:(-1 ~ -1) MAdj:(0, (0, 255)))
D/PowerManagerService(  755): [s] DisplayPowerCallbacks : onStateChanged()
D/DisplayPowerController(  755): animateScreenStateChange[0]: target=2
D/DisplayPowerController(  755): [Dual Screen Compatible] state[0] :2
D/AutomaticBrightnessController(  755): [DAB] mLightSensor is null.
D/DisplayPowerController(  755): getFinalBrightness : Summary is 89 -> 89
D/DisplayPowerController(  755): Animating brightness: target=89, rate=2000 (PSM:false, AB limit:(-1 ~ -1) MB Limit:(-1 ~ -1) MAdj:(0, (0, 255)))
D/DisplayPowerController(  755): animateScreenStateChange[0]: target=2
D/DisplayPowerController(  755): [Dual Screen Compatible] state[0] :2
D/AutomaticBrightnessController(  755): [DAB] mLightSensor is null.
D/DisplayPowerController(  755): getFinalBrightness : Summary is 89 -> 89
D/DisplayPowerController(  755): Animating brightness: target=89, rate=2000 (PSM:false, AB limit:(-1 ~ -1) MB Limit:(-1 ~ -1) MAdj:(0, (0, 255)))
D/PowerManagerService(  755): [api] setScreenBrightnessOverrideFromWindowManagerInternal: brightness: 90
D/DisplayPowerController(  755): animateScreenStateChange[0]: target=2
D/DisplayPowerController(  755): [Dual Screen Compatible] state[0] :2
D/AutomaticBrightnessController(  755): [DAB] mLightSensor is null.
D/DisplayPowerController(  755): getFinalBrightness : Summary is 90 -> 90
D/DisplayPowerController(  755): Animating brightness: target=90, rate=2000 (PSM:false, AB limit:(-1 ~ -1) MB Limit:(-1 ~ -1) MAdj:(0, (0, 255)))
D/PowerManagerService(  755): [s] DisplayPowerCallbacks : onStateChanged()
D/DisplayPowerController(  755): animateScreenStateChange[0]: target=2
D/DisplayPowerController(  755): [Dual Screen Compatible] state[0] :2
D/AutomaticBrightnessController(  755): [DAB] mLightSensor is null.
D/DisplayPowerController(  755): getFinalBrightness : Summary is 90 -> 90
D/DisplayPowerController(  755): Animating brightness: target=90, rate=2000 (PSM:false, AB limit:(-1 ~ -1) MB Limit:(-1 ~ -1) MAdj:(0, (0, 255)))
D/DisplayPowerController(  755): animateScreenStateChange[0]: target=2
D/DisplayPowerController(  755): [Dual Screen Compatible] state[0] :2
D/AutomaticBrightnessController(  755): [DAB] mLightSensor is null.
D/DisplayPowerController(  755): getFinalBrightness : Summary is 90 -> 90
D/DisplayPowerController(  755): Animating brightness: target=90, rate=2000 (PSM:false, AB limit:(-1 ~ -1) MB Limit:(-1 ~ -1) MAdj:(0, (0, 255)))
D/PowerManagerService(  755): [api] setScreenBrightnessOverrideFromWindowManagerInternal: brightness: 91
D/DisplayPowerController(  755): animateScreenStateChange[0]: target=2
D/DisplayPowerController(  755): [Dual Screen Compatible] state[0] :2
D/AutomaticBrightnessController(  755): [DAB] mLightSensor is null.
D/DisplayPowerController(  755): getFinalBrightness : Summary is 91 -> 91
D/DisplayPowerController(  755): Animating brightness: target=91, rate=2000 (PSM:false, AB limit:(-1 ~ -1) MB Limit:(-1 ~ -1) MAdj:(0, (0, 255)))
D/PowerManagerService(  755): [s] DisplayPowerCallbacks : onStateChanged()
D/DisplayPowerController(  755): animateScreenStateChange[0]: target=2
D/DisplayPowerController(  755): [Dual Screen Compatible] state[0] :2
D/AutomaticBrightnessController(  755): [DAB] mLightSensor is null.
D/DisplayPowerController(  755): getFinalBrightness : Summary is 91 -> 91
D/DisplayPowerController(  755): Animating brightness: target=91, rate=2000 (PSM:false, AB limit:(-1 ~ -1) MB Limit:(-1 ~ -1) MAdj:(0, (0, 255)))
D/DisplayPowerController(  755): animateScreenStateChange[0]: target=2
D/DisplayPowerController(  755): [Dual Screen Compatible] state[0] :2
D/AutomaticBrightnessController(  755): [DAB] mLightSensor is null.
D/DisplayPowerController(  755): getFinalBrightness : Summary is 91 -> 91
D/DisplayPowerController(  755): Animating brightness: target=91, rate=2000 (PSM:false, AB limit:(-1 ~ -1) MB Limit:(-1 ~ -1) MAdj:(0, (0, 255)))
D/PowerManagerService(  755): [api] setScreenBrightnessOverrideFromWindowManagerInternal: brightness: 92
D/DisplayPowerController(  755): animateScreenStateChange[0]: target=2
D/DisplayPowerController(  755): [Dual Screen Compatible] state[0] :2
D/AutomaticBrightnessController(  755): [DAB] mLightSensor is null.
D/DisplayPowerController(  755): getFinalBrightness : Summary is 92 -> 92
D/DisplayPowerController(  755): Animating brightness: target=92, rate=2000 (PSM:false, AB limit:(-1 ~ -1) MB Limit:(-1 ~ -1) MAdj:(0, (0, 255)))
D/PowerManagerService(  755): [s] DisplayPowerCallbacks : onStateChanged()
D/DisplayPowerController(  755): animateScreenStateChange[0]: target=2
D/DisplayPowerController(  755): [Dual Screen Compatible] state[0] :2
D/AutomaticBrightnessController(  755): [DAB] mLightSensor is null.
D/DisplayPowerController(  755): getFinalBrightness : Summary is 92 -> 92
D/DisplayPowerController(  755): Animating brightness: target=92, rate=2000 (PSM:false, AB limit:(-1 ~ -1) MB Limit:(-1 ~ -1) MAdj:(0, (0, 255)))
D/DisplayPowerController(  755): animateScreenStateChange[0]: target=2
D/DisplayPowerController(  755): [Dual Screen Compatible] state[0] :2
D/AutomaticBrightnessController(  755): [DAB] mLightSensor is null.
D/DisplayPowerController(  755): getFinalBrightness : Summary is 92 -> 92
D/DisplayPowerController(  755): Animating brightness: target=92, rate=2000 (PSM:false, AB limit:(-1 ~ -1) MB Limit:(-1 ~ -1) MAdj:(0, (0, 255)))
D/PowerManagerService(  755): [api] setScreenBrightnessOverrideFromWindowManagerInternal: brightness: 93
D/DisplayPowerController(  755): animateScreenStateChange[0]: target=2
D/DisplayPowerController(  755): [Dual Screen Compatible] state[0] :2
D/AutomaticBrightnessController(  755): [DAB] mLightSensor is null.
D/DisplayPowerController(  755): getFinalBrightness : Summary is 93 -> 93
D/DisplayPowerController(  755): Animating brightness: target=93, rate=2000 (PSM:false, AB limit:(-1 ~ -1) MB Limit:(-1 ~ -1) MAdj:(0, (0, 255)))
D/PowerManagerService(  755): [s] DisplayPowerCallbacks : onStateChanged()
D/DisplayPowerController(  755): animateScreenStateChange[0]: target=2
D/DisplayPowerController(  755): [Dual Screen Compatible] state[0] :2
D/AutomaticBrightnessController(  755): [DAB] mLightSensor is null.
D/DisplayPowerController(  755): getFinalBrightness : Summary is 93 -> 93
D/DisplayPowerController(  755): Animating brightness: target=93, rate=2000 (PSM:false, AB limit:(-1 ~ -1) MB Limit:(-1 ~ -1) MAdj:(0, (0, 255)))
D/DisplayPowerController(  755): animateScreenStateChange[0]: target=2
D/DisplayPowerController(  755): [Dual Screen Compatible] state[0] :2
D/AutomaticBrightnessController(  755): [DAB] mLightSensor is null.
D/DisplayPowerController(  755): getFinalBrightness : Summary is 93 -> 93
D/DisplayPowerController(  755): Animating brightness: target=93, rate=2000 (PSM:false, AB limit:(-1 ~ -1) MB Limit:(-1 ~ -1) MAdj:(0, (0, 255)))
D/PowerManagerService(  755): [api] setScreenBrightnessOverrideFromWindowManagerInternal: brightness: 94
D/DisplayPowerController(  755): animateScreenStateChange[0]: target=2
D/DisplayPowerController(  755): [Dual Screen Compatible] state[0] :2
D/AutomaticBrightnessController(  755): [DAB] mLightSensor is null.
D/DisplayPowerController(  755): getFinalBrightness : Summary is 94 -> 94
D/DisplayPowerController(  755): Animating brightness: target=94, rate=2000 (PSM:false, AB limit:(-1 ~ -1) MB Limit:(-1 ~ -1) MAdj:(0, (0, 255)))
D/PowerManagerService(  755): [s] DisplayPowerCallbacks : onStateChanged()
D/DisplayPowerController(  755): animateScreenStateChange[0]: target=2
D/DisplayPowerController(  755): [Dual Screen Compatible] state[0] :2
D/AutomaticBrightnessController(  755): [DAB] mLightSensor is null.
D/DisplayPowerController(  755): getFinalBrightness : Summary is 94 -> 94
D/DisplayPowerController(  755): Animating brightness: target=94, rate=2000 (PSM:false, AB limit:(-1 ~ -1) MB Limit:(-1 ~ -1) MAdj:(0, (0, 255)))
D/DisplayPowerController(  755): animateScreenStateChange[0]: target=2
D/DisplayPowerController(  755): [Dual Screen Compatible] state[0] :2
D/AutomaticBrightnessController(  755): [DAB] mLightSensor is null.
D/DisplayPowerController(  755): getFinalBrightness : Summary is 94 -> 94
D/DisplayPowerController(  755): Animating brightness: target=94, rate=2000 (PSM:false, AB limit:(-1 ~ -1) MB Limit:(-1 ~ -1) MAdj:(0, (0, 255)))
D/PowerManagerService(  755): [api] setScreenBrightnessOverrideFromWindowManagerInternal: brightness: 95
D/DisplayPowerController(  755): animateScreenStateChange[0]: target=2
D/DisplayPowerController(  755): [Dual Screen Compatible] state[0] :2
D/AutomaticBrightnessController(  755): [DAB] mLightSensor is null.
D/DisplayPowerController(  755): getFinalBrightness : Summary is 95 -> 95
D/DisplayPowerController(  755): Animating brightness: target=95, rate=2000 (PSM:false, AB limit:(-1 ~ -1) MB Limit:(-1 ~ -1) MAdj:(0, (0, 255)))
D/PowerManagerService(  755): [s] DisplayPowerCallbacks : onStateChanged()
D/DisplayPowerController(  755): animateScreenStateChange[0]: target=2
D/DisplayPowerController(  755): [Dual Screen Compatible] state[0] :2
D/AutomaticBrightnessController(  755): [DAB] mLightSensor is null.
D/DisplayPowerController(  755): getFinalBrightness : Summary is 95 -> 95
D/DisplayPowerController(  755): Animating brightness: target=95, rate=2000 (PSM:false, AB limit:(-1 ~ -1) MB Limit:(-1 ~ -1) MAdj:(0, (0, 255)))
D/DisplayPowerController(  755): animateScreenStateChange[0]: target=2
D/DisplayPowerController(  755): [Dual Screen Compatible] state[0] :2
D/AutomaticBrightnessController(  755): [DAB] mLightSensor is null.
D/DisplayPowerController(  755): getFinalBrightness : Summary is 95 -> 95
D/DisplayPowerController(  755): Animating brightness: target=95, rate=2000 (PSM:false, AB limit:(-1 ~ -1) MB Limit:(-1 ~ -1) MAdj:(0, (0, 255)))
D/PowerManagerService(  755): [api] setScreenBrightnessOverrideFromWindowManagerInternal: brightness: 96
D/DisplayPowerController(  755): animateScreenStateChange[0]: target=2
D/DisplayPowerController(  755): [Dual Screen Compatible] state[0] :2
D/AutomaticBrightnessController(  755): [DAB] mLightSensor is null.
D/DisplayPowerController(  755): getFinalBrightness : Summary is 96 -> 96
D/DisplayPowerController(  755): Animating brightness: target=96, rate=2000 (PSM:false, AB limit:(-1 ~ -1) MB Limit:(-1 ~ -1) MAdj:(0, (0, 255)))
D/PowerManagerService(  755): [s] DisplayPowerCallbacks : onStateChanged()
D/DisplayPowerController(  755): animateScreenStateChange[0]: target=2
D/DisplayPowerController(  755): [Dual Screen Compatible] state[0] :2
D/AutomaticBrightnessController(  755): [DAB] mLightSensor is null.
D/DisplayPowerController(  755): getFinalBrightness : Summary is 96 -> 96
D/DisplayPowerController(  755): Animating brightness: target=96, rate=2000 (PSM:false, AB limit:(-1 ~ -1) MB Limit:(-1 ~ -1) MAdj:(0, (0, 255)))
D/DisplayPowerController(  755): animateScreenStateChange[0]: target=2
D/DisplayPowerController(  755): [Dual Screen Compatible] state[0] :2
D/AutomaticBrightnessController(  755): [DAB] mLightSensor is null.
D/DisplayPowerController(  755): getFinalBrightness : Summary is 96 -> 96
D/DisplayPowerController(  755): Animating brightness: target=96, rate=2000 (PSM:false, AB limit:(-1 ~ -1) MB Limit:(-1 ~ -1) MAdj:(0, (0, 255)))
D/SSRM:n  (  755): SIOP:: AP = 330, CUR = -262, LCD = 96
D/PowerManagerService(  755): [api] setScreenBrightnessOverrideFromWindowManagerInternal: brightness: 95
D/DisplayPowerController(  755): animateScreenStateChange[0]: target=2
D/DisplayPowerController(  755): [Dual Screen Compatible] state[0] :2
D/AutomaticBrightnessController(  755): [DAB] mLightSensor is null.
D/DisplayPowerController(  755): getFinalBrightness : Summary is 95 -> 95
D/DisplayPowerController(  755): Animating brightness: target=95, rate=2000 (PSM:false, AB limit:(-1 ~ -1) MB Limit:(-1 ~ -1) MAdj:(0, (0, 255)))
D/PowerManagerService(  755): [s] DisplayPowerCallbacks : onStateChanged()
D/DisplayPowerController(  755): animateScreenStateChange[0]: target=2
D/DisplayPowerController(  755): [Dual Screen Compatible] state[0] :2
D/AutomaticBrightnessController(  755): [DAB] mLightSensor is null.
D/DisplayPowerController(  755): getFinalBrightness : Summary is 95 -> 95
D/DisplayPowerController(  755): Animating brightness: target=95, rate=2000 (PSM:false, AB limit:(-1 ~ -1) MB Limit:(-1 ~ -1) MAdj:(0, (0, 255)))
D/DisplayPowerController(  755): animateScreenStateChange[0]: target=2
D/DisplayPowerController(  755): [Dual Screen Compatible] state[0] :2
D/AutomaticBrightnessController(  755): [DAB] mLightSensor is null.
D/DisplayPowerController(  755): getFinalBrightness : Summary is 95 -> 95
D/DisplayPowerController(  755): Animating brightness: target=95, rate=2000 (PSM:false, AB limit:(-1 ~ -1) MB Limit:(-1 ~ -1) MAdj:(0, (0, 255)))
D/PowerManagerService(  755): [api] setScreenBrightnessOverrideFromWindowManagerInternal: brightness: 94
D/DisplayPowerController(  755): animateScreenStateChange[0]: target=2
D/DisplayPowerController(  755): [Dual Screen Compatible] state[0] :2
D/AutomaticBrightnessController(  755): [DAB] mLightSensor is null.
D/DisplayPowerController(  755): getFinalBrightness : Summary is 94 -> 94
D/DisplayPowerController(  755): Animating brightness: target=94, rate=2000 (PSM:false, AB limit:(-1 ~ -1) MB Limit:(-1 ~ -1) MAdj:(0, (0, 255)))
D/PowerManagerService(  755): [s] DisplayPowerCallbacks : onStateChanged()
D/DisplayPowerController(  755): animateScreenStateChange[0]: target=2
D/DisplayPowerController(  755): [Dual Screen Compatible] state[0] :2
D/AutomaticBrightnessController(  755): [DAB] mLightSensor is null.
D/DisplayPowerController(  755): getFinalBrightness : Summary is 94 -> 94
D/DisplayPowerController(  755): Animating brightness: target=94, rate=2000 (PSM:false, AB limit:(-1 ~ -1) MB Limit:(-1 ~ -1) MAdj:(0, (0, 255)))
D/DisplayPowerController(  755): animateScreenStateChange[0]: target=2
D/DisplayPowerController(  755): [Dual Screen Compatible] state[0] :2
D/AutomaticBrightnessController(  755): [DAB] mLightSensor is null.
D/DisplayPowerController(  755): getFinalBrightness : Summary is 94 -> 94
D/DisplayPowerController(  755): Animating brightness: target=94, rate=2000 (PSM:false, AB limit:(-1 ~ -1) MB Limit:(-1 ~ -1) MAdj:(0, (0, 255)))
D/PowerManagerService(  755): [api] setScreenBrightnessOverrideFromWindowManagerInternal: brightness: 93
D/DisplayPowerController(  755): animateScreenStateChange[0]: target=2
D/DisplayPowerController(  755): [Dual Screen Compatible] state[0] :2
D/AutomaticBrightnessController(  755): [DAB] mLightSensor is null.
D/DisplayPowerController(  755): getFinalBrightness : Summary is 93 -> 93
D/DisplayPowerController(  755): Animating brightness: target=93, rate=2000 (PSM:false, AB limit:(-1 ~ -1) MB Limit:(-1 ~ -1) MAdj:(0, (0, 255)))
D/PowerManagerService(  755): [s] DisplayPowerCallbacks : onStateChanged()
D/DisplayPowerController(  755): animateScreenStateChange[0]: target=2
D/DisplayPowerController(  755): [Dual Screen Compatible] state[0] :2
D/AutomaticBrightnessController(  755): [DAB] mLightSensor is null.
D/DisplayPowerController(  755): getFinalBrightness : Summary is 93 -> 93
D/DisplayPowerController(  755): Animating brightness: target=93, rate=2000 (PSM:false, AB limit:(-1 ~ -1) MB Limit:(-1 ~ -1) MAdj:(0, (0, 255)))
D/DisplayPowerController(  755): animateScreenStateChange[0]: target=2
D/DisplayPowerController(  755): [Dual Screen Compatible] state[0] :2
D/AutomaticBrightnessController(  755): [DAB] mLightSensor is null.
D/DisplayPowerController(  755): getFinalBrightness : Summary is 93 -> 93
D/DisplayPowerController(  755): Animating brightness: target=93, rate=2000 (PSM:false, AB limit:(-1 ~ -1) MB Limit:(-1 ~ -1) MAdj:(0, (0, 255)))
D/PowerManagerService(  755): [api] setScreenBrightnessOverrideFromWindowManagerInternal: brightness: 92
D/DisplayPowerController(  755): animateScreenStateChange[0]: target=2
D/DisplayPowerController(  755): [Dual Screen Compatible] state[0] :2
D/AutomaticBrightnessController(  755): [DAB] mLightSensor is null.
D/DisplayPowerController(  755): getFinalBrightness : Summary is 92 -> 92
D/DisplayPowerController(  755): Animating brightness: target=92, rate=2000 (PSM:false, AB limit:(-1 ~ -1) MB Limit:(-1 ~ -1) MAdj:(0, (0, 255)))
D/PowerManagerService(  755): [s] DisplayPowerCallbacks : onStateChanged()
D/DisplayPowerController(  755): animateScreenStateChange[0]: target=2
D/DisplayPowerController(  755): [Dual Screen Compatible] state[0] :2
D/AutomaticBrightnessController(  755): [DAB] mLightSensor is null.
D/DisplayPowerController(  755): getFinalBrightness : Summary is 92 -> 92
D/DisplayPowerController(  755): Animating brightness: target=92, rate=2000 (PSM:false, AB limit:(-1 ~ -1) MB Limit:(-1 ~ -1) MAdj:(0, (0, 255)))
D/DisplayPowerController(  755): animateScreenStateChange[0]: target=2
D/DisplayPowerController(  755): [Dual Screen Compatible] state[0] :2
D/AutomaticBrightnessController(  755): [DAB] mLightSensor is null.
D/DisplayPowerController(  755): getFinalBrightness : Summary is 92 -> 92
D/DisplayPowerController(  755): Animating brightness: target=92, rate=2000 (PSM:false, AB limit:(-1 ~ -1) MB Limit:(-1 ~ -1) MAdj:(0, (0, 255)))
D/PowerManagerService(  755): [api] setScreenBrightnessOverrideFromWindowManagerInternal: brightness: 91
D/DisplayPowerController(  755): animateScreenStateChange[0]: target=2
D/DisplayPowerController(  755): [Dual Screen Compatible] state[0] :2
D/AutomaticBrightnessController(  755): [DAB] mLightSensor is null.
D/DisplayPowerController(  755): getFinalBrightness : Summary is 91 -> 91
D/DisplayPowerController(  755): Animating brightness: target=91, rate=2000 (PSM:false, AB limit:(-1 ~ -1) MB Limit:(-1 ~ -1) MAdj:(0, (0, 255)))
D/PowerManagerService(  755): [s] DisplayPowerCallbacks : onStateChanged()
D/DisplayPowerController(  755): animateScreenStateChange[0]: target=2
D/DisplayPowerController(  755): [Dual Screen Compatible] state[0] :2
D/AutomaticBrightnessController(  755): [DAB] mLightSensor is null.
D/DisplayPowerController(  755): getFinalBrightness : Summary is 91 -> 91
D/DisplayPowerController(  755): Animating brightness: target=91, rate=2000 (PSM:false, AB limit:(-1 ~ -1) MB Limit:(-1 ~ -1) MAdj:(0, (0, 255)))
D/DisplayPowerController(  755): animateScreenStateChange[0]: target=2
D/DisplayPowerController(  755): [Dual Screen Compatible] state[0] :2
D/AutomaticBrightnessController(  755): [DAB] mLightSensor is null.
D/DisplayPowerController(  755): getFinalBrightness : Summary is 91 -> 91
D/DisplayPowerController(  755): Animating brightness: target=91, rate=2000 (PSM:false, AB limit:(-1 ~ -1) MB Limit:(-1 ~ -1) MAdj:(0, (0, 255)))
D/PowerManagerService(  755): [api] setScreenBrightnessOverrideFromWindowManagerInternal: brightness: 90
D/DisplayPowerController(  755): animateScreenStateChange[0]: target=2
D/DisplayPowerController(  755): [Dual Screen Compatible] state[0] :2
D/AutomaticBrightnessController(  755): [DAB] mLightSensor is null.
D/DisplayPowerController(  755): getFinalBrightness : Summary is 90 -> 90
D/DisplayPowerController(  755): Animating brightness: target=90, rate=2000 (PSM:false, AB limit:(-1 ~ -1) MB Limit:(-1 ~ -1) MAdj:(0, (0, 255)))
D/PowerManagerService(  755): [s] DisplayPowerCallbacks : onStateChanged()
D/DisplayPowerController(  755): animateScreenStateChange[0]: target=2
D/DisplayPowerController(  755): [Dual Screen Compatible] state[0] :2
D/AutomaticBrightnessController(  755): [DAB] mLightSensor is null.
D/DisplayPowerController(  755): getFinalBrightness : Summary is 90 -> 90
D/DisplayPowerController(  755): Animating brightness: target=90, rate=2000 (PSM:false, AB limit:(-1 ~ -1) MB Limit:(-1 ~ -1) MAdj:(0, (0, 255)))
D/DisplayPowerController(  755): animateScreenStateChange[0]: target=2
D/DisplayPowerController(  755): [Dual Screen Compatible] state[0] :2
D/AutomaticBrightnessController(  755): [DAB] mLightSensor is null.
D/DisplayPowerController(  755): getFinalBrightness : Summary is 90 -> 90
D/DisplayPowerController(  755): Animating brightness: target=90, rate=2000 (PSM:false, AB limit:(-1 ~ -1) MB Limit:(-1 ~ -1) MAdj:(0, (0, 255)))
D/PowerManagerService(  755): [api] setScreenBrightnessOverrideFromWindowManagerInternal: brightness: 89
D/DisplayPowerController(  755): animateScreenStateChange[0]: target=2
D/DisplayPowerController(  755): [Dual Screen Compatible] state[0] :2
D/AutomaticBrightnessController(  755): [DAB] mLightSensor is null.
D/DisplayPowerController(  755): getFinalBrightness : Summary is 89 -> 89
D/DisplayPowerController(  755): Animating brightness: target=89, rate=2000 (PSM:false, AB limit:(-1 ~ -1) MB Limit:(-1 ~ -1) MAdj:(0, (0, 255)))
D/PowerManagerService(  755): [s] DisplayPowerCallbacks : onStateChanged()
D/DisplayPowerController(  755): animateScreenStateChange[0]: target=2
D/DisplayPowerController(  755): [Dual Screen Compatible] state[0] :2
D/AutomaticBrightnessController(  755): [DAB] mLightSensor is null.
D/DisplayPowerController(  755): getFinalBrightness : Summary is 89 -> 89
D/DisplayPowerController(  755): Animating brightness: target=89, rate=2000 (PSM:false, AB limit:(-1 ~ -1) MB Limit:(-1 ~ -1) MAdj:(0, (0, 255)))
D/DisplayPowerController(  755): animateScreenStateChange[0]: target=2
D/DisplayPowerController(  755): [Dual Screen Compatible] state[0] :2
D/AutomaticBrightnessController(  755): [DAB] mLightSensor is null.
D/DisplayPowerController(  755): getFinalBrightness : Summary is 89 -> 89
D/DisplayPowerController(  755): Animating brightness: target=89, rate=2000 (PSM:false, AB limit:(-1 ~ -1) MB Limit:(-1 ~ -1) MAdj:(0, (0, 255)))
D/PowerManagerService(  755): [api] setScreenBrightnessOverrideFromWindowManagerInternal: brightness: 88
D/DisplayPowerController(  755): animateScreenStateChange[0]: target=2
D/DisplayPowerController(  755): [Dual Screen Compatible] state[0] :2
D/AutomaticBrightnessController(  755): [DAB] mLightSensor is null.
D/DisplayPowerController(  755): getFinalBrightness : Summary is 88 -> 88
D/DisplayPowerController(  755): Animating brightness: target=88, rate=2000 (PSM:false, AB limit:(-1 ~ -1) MB Limit:(-1 ~ -1) MAdj:(0, (0, 255)))
D/PowerManagerService(  755): [s] DisplayPowerCallbacks : onStateChanged()
D/DisplayPowerController(  755): animateScreenStateChange[0]: target=2
D/DisplayPowerController(  755): [Dual Screen Compatible] state[0] :2
D/AutomaticBrightnessController(  755): [DAB] mLightSensor is null.
D/DisplayPowerController(  755): getFinalBrightness : Summary is 88 -> 88
D/DisplayPowerController(  755): Animating brightness: target=88, rate=2000 (PSM:false, AB limit:(-1 ~ -1) MB Limit:(-1 ~ -1) MAdj:(0, (0, 255)))
D/DisplayPowerController(  755): animateScreenStateChange[0]: target=2
D/DisplayPowerController(  755): [Dual Screen Compatible] state[0] :2
D/AutomaticBrightnessController(  755): [DAB] mLightSensor is null.
D/DisplayPowerController(  755): getFinalBrightness : Summary is 88 -> 88
D/DisplayPowerController(  755): Animating brightness: target=88, rate=2000 (PSM:false, AB limit:(-1 ~ -1) MB Limit:(-1 ~ -1) MAdj:(0, (0, 255)))
D/PowerManagerService(  755): [api] setScreenBrightnessOverrideFromWindowManagerInternal: brightness: 87
D/DisplayPowerController(  755): animateScreenStateChange[0]: target=2
D/DisplayPowerController(  755): [Dual Screen Compatible] state[0] :2
D/AutomaticBrightnessController(  755): [DAB] mLightSensor is null.
D/DisplayPowerController(  755): getFinalBrightness : Summary is 87 -> 87
D/DisplayPowerController(  755): Animating brightness: target=87, rate=2000 (PSM:false, AB limit:(-1 ~ -1) MB Limit:(-1 ~ -1) MAdj:(0, (0, 255)))
D/PowerManagerService(  755): [s] DisplayPowerCallbacks : onStateChanged()
D/DisplayPowerController(  755): animateScreenStateChange[0]: target=2
D/DisplayPowerController(  755): [Dual Screen Compatible] state[0] :2
D/AutomaticBrightnessController(  755): [DAB] mLightSensor is null.
D/DisplayPowerController(  755): getFinalBrightness : Summary is 87 -> 87
D/DisplayPowerController(  755): Animating brightness: target=87, rate=2000 (PSM:false, AB limit:(-1 ~ -1) MB Limit:(-1 ~ -1) MAdj:(0, (0, 255)))
D/DisplayPowerController(  755): animateScreenStateChange[0]: target=2
D/DisplayPowerController(  755): [Dual Screen Compatible] state[0] :2
D/AutomaticBrightnessController(  755): [DAB] mLightSensor is null.
D/DisplayPowerController(  755): getFinalBrightness : Summary is 87 -> 87
D/DisplayPowerController(  755): Animating brightness: target=87, rate=2000 (PSM:false, AB limit:(-1 ~ -1) MB Limit:(-1 ~ -1) MAdj:(0, (0, 255)))
D/PowerManagerService(  755): [api] setScreenBrightnessOverrideFromWindowManagerInternal: brightness: 86
D/DisplayPowerController(  755): animateScreenStateChange[0]: target=2
D/DisplayPowerController(  755): [Dual Screen Compatible] state[0] :2
D/AutomaticBrightnessController(  755): [DAB] mLightSensor is null.
D/DisplayPowerController(  755): getFinalBrightness : Summary is 86 -> 86
D/DisplayPowerController(  755): Animating brightness: target=86, rate=2000 (PSM:false, AB limit:(-1 ~ -1) MB Limit:(-1 ~ -1) MAdj:(0, (0, 255)))
D/PowerManagerService(  755): [s] DisplayPowerCallbacks : onStateChanged()
D/DisplayPowerController(  755): animateScreenStateChange[0]: target=2
D/DisplayPowerController(  755): [Dual Screen Compatible] state[0] :2
D/AutomaticBrightnessController(  755): [DAB] mLightSensor is null.
D/DisplayPowerController(  755): getFinalBrightness : Summary is 86 -> 86
D/DisplayPowerController(  755): Animating brightness: target=86, rate=2000 (PSM:false, AB limit:(-1 ~ -1) MB Limit:(-1 ~ -1) MAdj:(0, (0, 255)))
D/DisplayPowerController(  755): animateScreenStateChange[0]: target=2
D/DisplayPowerController(  755): [Dual Screen Compatible] state[0] :2
D/AutomaticBrightnessController(  755): [DAB] mLightSensor is null.
D/DisplayPowerController(  755): getFinalBrightness : Summary is 86 -> 86
D/DisplayPowerController(  755): Animating brightness: target=86, rate=2000 (PSM:false, AB limit:(-1 ~ -1) MB Limit:(-1 ~ -1) MAdj:(0, (0, 255)))
D/BatteryService(  755): !@BatteryListener : batteryPropertiesChanged!
D/BatteryService(  755): level:29, scale:100, status:3, health:2, present:true, voltage: 3502, temperature: 264, technology: Li-ion, AC powered:false, USB powered:false, POGO powered:false, Wireless powered:false, icon:17303397, invalid charger:0
D/BatteryService(  755): online:1, current avg:-205, charge type:0, power sharing:false, high voltage charger:false, capacity:280000, batterySWSelfDischarging:false, current_now:-205
D/BatteryService(  755): Sending ACTION_BATTERY_CHANGED.
I/MotionRecognitionService(  755): On Battery, 0
D/MotionRecognitionService(  755):   cableConnection= 0
D/BatteryMeterView(  888): ACTION_BATTERY_CHANGED : level:29 status:3 health:2
D/BatteryMeterView(  888): ACTION_BATTERY_CHANGED : level:29 status:3 health:2
D/BatteryMeterView(  888): ACTION_BATTERY_CHANGED : level:29 status:3 health:2
E/Watchdog(  755): !@Sync 6437 [01-22 19:58:26.189]
D/StatusBar.MSimNetworkController(  888): refreshViews connected={ wifi } phoneId = 0 level=4 mMSimcombinedSignalIconId=0x0/(null) mMSimcombinedActivityIconId=0x7f02062a mAirplaneMode=true mMSimDataActivity=0 mMSimPhoneSignalIconId=0x0/(null) mMSimDataDirectionIconId=0x0 mMSimDataSignalIconId=0x0 mMSimDataTypeIconId=0x0/(null) mNoMSimIconId=0x0/(null) mMSimMobileActivityIconId=0x0/(null) mWifiIconId=0x7f020678 mBluetoothTetherIconId=0x7f020650 mRoamingIconId=0x 0/(null)
D/StatusBar.MSimNetworkController(  888): refreshSignalCluster : called
D/ActivityManager(  755): bindService callerProcessName:android, calleePkgName: com.sec.android.inputmethod, action: android.service.textservice.SpellCheckerService
W/ContextImpl( 1993): Calling a method in the system process without a qualified user: android.app.ContextImpl.sendBroadcast:1748 android.content.ContextWrapper.sendBroadcast:392 com.sec.android.inputmethod.inputmethodframework.InputMethodFrameWorkUtils.setCurrentInputMethodSubtype:49 com.ime.framework.common.InputManagerImpl.finishInput:5029 com.sec.android.inputmethod.SamsungKeypad.onFinishInput:665 
D/SSRM:n  (  755): SIOP:: AP = 330, CUR = -205, LCD = 86
D/PowerManagerService(  755): [api] userActivityFromNative : 990 (event: 1 flags: 0) eventTime = 193161317
D/CustomFrequencyManagerService(  755): acquireDVFSLockLocked : type : DVFS_MIN_LIMIT  frequency : 1200000  uid : 1000  pid : 755  pkgName : ACTIVITY_RESUME_BOOSTER@6
D/ActivityManager(  755): mDVFSHelper.acquire()
D/PowerManagerService(  755): setKeyboardVisibility: false
D/PackageManager(  755): findPreferredActivity: No PreferredActivities set
D/StatusBarManagerService(  755): manageDisableList userId=0 what=0x0 pkg=Window{2f0f352a u0 d0 com.vivaldi.browser/com.google.android.apps.chrome.Main}
V/WindowStateAnimator(  755): Finishing drawing window Window{b8bcc8d u0 d0 SurfaceView}: mDrawState=DRAW_PENDING
V/WindowStateAnimator(  755): Finishing drawing window Window{b8bcc8d u0 d0 SurfaceView}: mDrawState=READY_TO_SHOW
V/WindowStateAnimator(  755): Finishing drawing window Window{2f0f352a u0 d0 com.vivaldi.browser/com.google.android.apps.chrome.Main}: mDrawState=DRAW_PENDING
D/ActivityManager(  755): bindService callerProcessName:com.vivaldi.browser, calleePkgName: com.vivaldi.browser, action: null
W/ContextImpl( 1993): Calling a method in the system process without a qualified user: android.app.ContextImpl.sendBroadcast:1748 android.content.ContextWrapper.sendBroadcast:392 com.sec.android.inputmethod.inputmethodframework.InputMethodFrameWorkUtils.setCurrentInputMethodSubtype:49 com.ime.framework.common.InputManagerImpl.finishInput:5029 com.sec.android.inputmethod.SamsungKeypad.onFinishInput:665 
D/CustomFrequencyManagerService(  755): releaseDVFSLockLocked : Getting Lock type frm List : DVFS_MIN_LIMIT  frequency : 1200000  uid : 1000  pid : 755  tag : ACTIVITY_RESUME_BOOSTER@6
D/ActivityManager(  755): mDVFSHelper.release()
D/CustomFrequencyManagerService(  755): acquireDVFSLockLocked : type : DVFS_MIN_LIMIT  frequency : 1200000  uid : 1000  pid : 755  pkgName : ACTIVITY_RESUME_BOOSTER@12
V/WindowStateAnimator(  755): Finishing drawing window Window{b8bcc8d u0 d0 SurfaceView}: mDrawState=HAS_DRAWN
D/CustomFrequencyManagerService(  755): releaseDVFSLockLocked : Getting Lock type frm List : DVFS_MIN_LIMIT  frequency : 1200000  uid : 1000  pid : 755  tag : ACTIVITY_RESUME_BOOSTER@12
D/StatusBar.MSimNetworkController(  888): refreshViews connected={ wifi } phoneId = 0 level=4 mMSimcombinedSignalIconId=0x0/(null) mMSimcombinedActivityIconId=0x7f020627 mAirplaneMode=true mMSimDataActivity=0 mMSimPhoneSignalIconId=0x0/(null) mMSimDataDirectionIconId=0x0 mMSimDataSignalIconId=0x0 mMSimDataTypeIconId=0x0/(null) mNoMSimIconId=0x0/(null) mMSimMobileActivityIconId=0x0/(null) mWifiIconId=0x7f020678 mBluetoothTetherIconId=0x7f020650 mRoamingIconId=0x 0/(null)
D/StatusBar.MSimNetworkController(  888): refreshSignalCluster : called
D/StatusBar.MSimNetworkController(  888): refreshViews connected={ wifi } phoneId = 0 level=4 mMSimcombinedSignalIconId=0x0/(null) mMSimcombinedActivityIconId=0x7f02062a mAirplaneMode=true mMSimDataActivity=0 mMSimPhoneSignalIconId=0x0/(null) mMSimDataDirectionIconId=0x0 mMSimDataSignalIconId=0x0 mMSimDataTypeIconId=0x0/(null) mNoMSimIconId=0x0/(null) mMSimMobileActivityIconId=0x0/(null) mWifiIconId=0x7f020678 mBluetoothTetherIconId=0x7f020650 mRoamingIconId=0x 0/(null)
D/StatusBar.MSimNetworkController(  888): refreshSignalCluster : called
D/StatusBar.MSimNetworkController(  888): refreshViews connected={ wifi } phoneId = 0 level=4 mMSimcombinedSignalIconId=0x0/(null) mMSimcombinedActivityIconId=0x7f02062a mAirplaneMode=true mMSimDataActivity=0 mMSimPhoneSignalIconId=0x0/(null) mMSimDataDirectionIconId=0x0 mMSimDataSignalIconId=0x0 mMSimDataTypeIconId=0x0/(null) mNoMSimIconId=0x0/(null) mMSimMobileActivityIconId=0x0/(null) mWifiIconId=0x7f02067b mBluetoothTetherIconId=0x7f020650 mRoamingIconId=0x 0/(null)
D/StatusBar.MSimNetworkController(  888): refreshSignalCluster : called
D/SSRM:n  (  755): SIOP:: AP = 340, CUR = -205, LCD = 86
W/ContextImpl( 1993): Calling a method in the system process without a qualified user: android.app.ContextImpl.sendBroadcast:1748 android.content.ContextWrapper.sendBroadcast:392 com.sec.android.inputmethod.inputmethodframework.InputMethodFrameWorkUtils.setCurrentInputMethodSubtype:49 com.ime.framework.common.InputManagerImpl.finishInput:5029 com.sec.android.inputmethod.SamsungKeypad.onFinishInput:665 
D/PowerManagerService(  755): [api] setScreenBrightnessOverrideFromWindowManagerInternal: brightness: 87
D/DisplayPowerController(  755): animateScreenStateChange[0]: target=2
D/DisplayPowerController(  755): [Dual Screen Compatible] state[0] :2
D/AutomaticBrightnessController(  755): [DAB] mLightSensor is null.
D/DisplayPowerController(  755): getFinalBrightness : Summary is 87 -> 87
D/DisplayPowerController(  755): Animating brightness: target=87, rate=2000 (PSM:false, AB limit:(-1 ~ -1) MB Limit:(-1 ~ -1) MAdj:(0, (0, 255)))
D/PowerManagerService(  755): [s] DisplayPowerCallbacks : onStateChanged()
D/DisplayPowerController(  755): animateScreenStateChange[0]: target=2
D/DisplayPowerController(  755): [Dual Screen Compatible] state[0] :2
D/AutomaticBrightnessController(  755): [DAB] mLightSensor is null.
D/DisplayPowerController(  755): getFinalBrightness : Summary is 87 -> 87
D/DisplayPowerController(  755): Animating brightness: target=87, rate=2000 (PSM:false, AB limit:(-1 ~ -1) MB Limit:(-1 ~ -1) MAdj:(0, (0, 255)))
D/DisplayPowerController(  755): animateScreenStateChange[0]: target=2
D/DisplayPowerController(  755): [Dual Screen Compatible] state[0] :2
D/AutomaticBrightnessController(  755): [DAB] mLightSensor is null.
D/DisplayPowerController(  755): getFinalBrightness : Summary is 87 -> 87
D/DisplayPowerController(  755): Animating brightness: target=87, rate=2000 (PSM:false, AB limit:(-1 ~ -1) MB Limit:(-1 ~ -1) MAdj:(0, (0, 255)))
D/PowerManagerService(  755): [api] setScreenBrightnessOverrideFromWindowManagerInternal: brightness: 88
D/DisplayPowerController(  755): animateScreenStateChange[0]: target=2
D/DisplayPowerController(  755): [Dual Screen Compatible] state[0] :2
D/AutomaticBrightnessController(  755): [DAB] mLightSensor is null.
D/DisplayPowerController(  755): getFinalBrightness : Summary is 88 -> 88
D/DisplayPowerController(  755): Animating brightness: target=88, rate=2000 (PSM:false, AB limit:(-1 ~ -1) MB Limit:(-1 ~ -1) MAdj:(0, (0, 255)))
D/PowerManagerService(  755): [s] DisplayPowerCallbacks : onStateChanged()
D/DisplayPowerController(  755): animateScreenStateChange[0]: target=2
D/DisplayPowerController(  755): [Dual Screen Compatible] state[0] :2
D/AutomaticBrightnessController(  755): [DAB] mLightSensor is null.
D/DisplayPowerController(  755): getFinalBrightness : Summary is 88 -> 88
D/DisplayPowerController(  755): Animating brightness: target=88, rate=2000 (PSM:false, AB limit:(-1 ~ -1) MB Limit:(-1 ~ -1) MAdj:(0, (0, 255)))
D/DisplayPowerController(  755): animateScreenStateChange[0]: target=2
D/DisplayPowerController(  755): [Dual Screen Compatible] state[0] :2
D/AutomaticBrightnessController(  755): [DAB] mLightSensor is null.
D/DisplayPowerController(  755): getFinalBrightness : Summary is 88 -> 88
D/DisplayPowerController(  755): Animating brightness: target=88, rate=2000 (PSM:false, AB limit:(-1 ~ -1) MB Limit:(-1 ~ -1) MAdj:(0, (0, 255)))
D/PowerManagerService(  755): [api] setScreenBrightnessOverrideFromWindowManagerInternal: brightness: 89
D/DisplayPowerController(  755): animateScreenStateChange[0]: target=2
D/DisplayPowerController(  755): [Dual Screen Compatible] state[0] :2
D/AutomaticBrightnessController(  755): [DAB] mLightSensor is null.
D/DisplayPowerController(  755): getFinalBrightness : Summary is 89 -> 89
D/DisplayPowerController(  755): Animating brightness: target=89, rate=2000 (PSM:false, AB limit:(-1 ~ -1) MB Limit:(-1 ~ -1) MAdj:(0, (0, 255)))
D/PowerManagerService(  755): [s] DisplayPowerCallbacks : onStateChanged()
D/DisplayPowerController(  755): animateScreenStateChange[0]: target=2
D/DisplayPowerController(  755): [Dual Screen Compatible] state[0] :2
D/AutomaticBrightnessController(  755): [DAB] mLightSensor is null.
D/DisplayPowerController(  755): getFinalBrightness : Summary is 89 -> 89
D/DisplayPowerController(  755): Animating brightness: target=89, rate=2000 (PSM:false, AB limit:(-1 ~ -1) MB Limit:(-1 ~ -1) MAdj:(0, (0, 255)))
D/DisplayPowerController(  755): animateScreenStateChange[0]: target=2
D/DisplayPowerController(  755): [Dual Screen Compatible] state[0] :2
D/AutomaticBrightnessController(  755): [DAB] mLightSensor is null.
D/DisplayPowerController(  755): getFinalBrightness : Summary is 89 -> 89
D/DisplayPowerController(  755): Animating brightness: target=89, rate=2000 (PSM:false, AB limit:(-1 ~ -1) MB Limit:(-1 ~ -1) MAdj:(0, (0, 255)))
D/PowerManagerService(  755): [api] setScreenBrightnessOverrideFromWindowManagerInternal: brightness: 90
D/DisplayPowerController(  755): animateScreenStateChange[0]: target=2
D/DisplayPowerController(  755): [Dual Screen Compatible] state[0] :2
D/AutomaticBrightnessController(  755): [DAB] mLightSensor is null.
D/DisplayPowerController(  755): getFinalBrightness : Summary is 90 -> 90
D/DisplayPowerController(  755): Animating brightness: target=90, rate=2000 (PSM:false, AB limit:(-1 ~ -1) MB Limit:(-1 ~ -1) MAdj:(0, (0, 255)))
D/PowerManagerService(  755): [s] DisplayPowerCallbacks : onStateChanged()
D/DisplayPowerController(  755): animateScreenStateChange[0]: target=2
D/DisplayPowerController(  755): [Dual Screen Compatible] state[0] :2
D/AutomaticBrightnessController(  755): [DAB] mLightSensor is null.
D/DisplayPowerController(  755): getFinalBrightness : Summary is 90 -> 90
D/DisplayPowerController(  755): Animating brightness: target=90, rate=2000 (PSM:false, AB limit:(-1 ~ -1) MB Limit:(-1 ~ -1) MAdj:(0, (0, 255)))
D/DisplayPowerController(  755): animateScreenStateChange[0]: target=2
D/DisplayPowerController(  755): [Dual Screen Compatible] state[0] :2
D/AutomaticBrightnessController(  755): [DAB] mLightSensor is null.
D/DisplayPowerController(  755): getFinalBrightness : Summary is 90 -> 90
D/DisplayPowerController(  755): Animating brightness: target=90, rate=2000 (PSM:false, AB limit:(-1 ~ -1) MB Limit:(-1 ~ -1) MAdj:(0, (0, 255)))
D/PowerManagerService(  755): [api] setScreenBrightnessOverrideFromWindowManagerInternal: brightness: 91
D/DisplayPowerController(  755): animateScreenStateChange[0]: target=2
D/DisplayPowerController(  755): [Dual Screen Compatible] state[0] :2
D/AutomaticBrightnessController(  755): [DAB] mLightSensor is null.
D/DisplayPowerController(  755): getFinalBrightness : Summary is 91 -> 91
D/DisplayPowerController(  755): Animating brightness: target=91, rate=2000 (PSM:false, AB limit:(-1 ~ -1) MB Limit:(-1 ~ -1) MAdj:(0, (0, 255)))
D/PowerManagerService(  755): [s] DisplayPowerCallbacks : onStateChanged()
D/DisplayPowerController(  755): animateScreenStateChange[0]: target=2
D/DisplayPowerController(  755): [Dual Screen Compatible] state[0] :2
D/AutomaticBrightnessController(  755): [DAB] mLightSensor is null.
D/DisplayPowerController(  755): getFinalBrightness : Summary is 91 -> 91
D/DisplayPowerController(  755): Animating brightness: target=91, rate=2000 (PSM:false, AB limit:(-1 ~ -1) MB Limit:(-1 ~ -1) MAdj:(0, (0, 255)))
D/DisplayPowerController(  755): animateScreenStateChange[0]: target=2
D/DisplayPowerController(  755): [Dual Screen Compatible] state[0] :2
D/AutomaticBrightnessController(  755): [DAB] mLightSensor is null.
D/DisplayPowerController(  755): getFinalBrightness : Summary is 91 -> 91
D/DisplayPowerController(  755): Animating brightness: target=91, rate=2000 (PSM:false, AB limit:(-1 ~ -1) MB Limit:(-1 ~ -1) MAdj:(0, (0, 255)))
D/PowerManagerService(  755): [api] setScreenBrightnessOverrideFromWindowManagerInternal: brightness: 92
D/DisplayPowerController(  755): animateScreenStateChange[0]: target=2
D/DisplayPowerController(  755): [Dual Screen Compatible] state[0] :2
D/AutomaticBrightnessController(  755): [DAB] mLightSensor is null.
D/DisplayPowerController(  755): getFinalBrightness : Summary is 92 -> 92
D/DisplayPowerController(  755): Animating brightness: target=92, rate=2000 (PSM:false, AB limit:(-1 ~ -1) MB Limit:(-1 ~ -1) MAdj:(0, (0, 255)))
D/PowerManagerService(  755): [s] DisplayPowerCallbacks : onStateChanged()
D/DisplayPowerController(  755): animateScreenStateChange[0]: target=2
D/DisplayPowerController(  755): [Dual Screen Compatible] state[0] :2
D/AutomaticBrightnessController(  755): [DAB] mLightSensor is null.
D/DisplayPowerController(  755): getFinalBrightness : Summary is 92 -> 92
D/DisplayPowerController(  755): Animating brightness: target=92, rate=2000 (PSM:false, AB limit:(-1 ~ -1) MB Limit:(-1 ~ -1) MAdj:(0, (0, 255)))
D/DisplayPowerController(  755): animateScreenStateChange[0]: target=2
D/DisplayPowerController(  755): [Dual Screen Compatible] state[0] :2
D/AutomaticBrightnessController(  755): [DAB] mLightSensor is null.
D/DisplayPowerController(  755): getFinalBrightness : Summary is 92 -> 92
D/DisplayPowerController(  755): Animating brightness: target=92, rate=2000 (PSM:false, AB limit:(-1 ~ -1) MB Limit:(-1 ~ -1) MAdj:(0, (0, 255)))
D/PowerManagerService(  755): [api] setScreenBrightnessOverrideFromWindowManagerInternal: brightness: 93
D/DisplayPowerController(  755): animateScreenStateChange[0]: target=2
D/DisplayPowerController(  755): [Dual Screen Compatible] state[0] :2
D/AutomaticBrightnessController(  755): [DAB] mLightSensor is null.
D/DisplayPowerController(  755): getFinalBrightness : Summary is 93 -> 93
D/DisplayPowerController(  755): Animating brightness: target=93, rate=2000 (PSM:false, AB limit:(-1 ~ -1) MB Limit:(-1 ~ -1) MAdj:(0, (0, 255)))
D/PowerManagerService(  755): [s] DisplayPowerCallbacks : onStateChanged()
D/DisplayPowerController(  755): animateScreenStateChange[0]: target=2
D/DisplayPowerController(  755): [Dual Screen Compatible] state[0] :2
D/AutomaticBrightnessController(  755): [DAB] mLightSensor is null.
D/DisplayPowerController(  755): getFinalBrightness : Summary is 93 -> 93
D/DisplayPowerController(  755): Animating brightness: target=93, rate=2000 (PSM:false, AB limit:(-1 ~ -1) MB Limit:(-1 ~ -1) MAdj:(0, (0, 255)))
D/DisplayPowerController(  755): animateScreenStateChange[0]: target=2
D/DisplayPowerController(  755): [Dual Screen Compatible] state[0] :2
D/AutomaticBrightnessController(  755): [DAB] mLightSensor is null.
D/DisplayPowerController(  755): getFinalBrightness : Summary is 93 -> 93
D/DisplayPowerController(  755): Animating brightness: target=93, rate=2000 (PSM:false, AB limit:(-1 ~ -1) MB Limit:(-1 ~ -1) MAdj:(0, (0, 255)))
D/PowerManagerService(  755): [api] setScreenBrightnessOverrideFromWindowManagerInternal: brightness: 94
D/DisplayPowerController(  755): animateScreenStateChange[0]: target=2
D/DisplayPowerController(  755): [Dual Screen Compatible] state[0] :2
D/AutomaticBrightnessController(  755): [DAB] mLightSensor is null.
D/DisplayPowerController(  755): getFinalBrightness : Summary is 94 -> 94
D/DisplayPowerController(  755): Animating brightness: target=94, rate=2000 (PSM:false, AB limit:(-1 ~ -1) MB Limit:(-1 ~ -1) MAdj:(0, (0, 255)))
D/PowerManagerService(  755): [s] DisplayPowerCallbacks : onStateChanged()
D/DisplayPowerController(  755): animateScreenStateChange[0]: target=2
D/DisplayPowerController(  755): [Dual Screen Compatible] state[0] :2
D/AutomaticBrightnessController(  755): [DAB] mLightSensor is null.
D/DisplayPowerController(  755): getFinalBrightness : Summary is 94 -> 94
D/DisplayPowerController(  755): Animating brightness: target=94, rate=2000 (PSM:false, AB limit:(-1 ~ -1) MB Limit:(-1 ~ -1) MAdj:(0, (0, 255)))
D/DisplayPowerController(  755): animateScreenStateChange[0]: target=2
D/DisplayPowerController(  755): [Dual Screen Compatible] state[0] :2
D/AutomaticBrightnessController(  755): [DAB] mLightSensor is null.
D/DisplayPowerController(  755): getFinalBrightness : Summary is 94 -> 94
D/DisplayPowerController(  755): Animating brightness: target=94, rate=2000 (PSM:false, AB limit:(-1 ~ -1) MB Limit:(-1 ~ -1) MAdj:(0, (0, 255)))
D/PowerManagerService(  755): [api] setScreenBrightnessOverrideFromWindowManagerInternal: brightness: 95
D/DisplayPowerController(  755): animateScreenStateChange[0]: target=2
D/DisplayPowerController(  755): [Dual Screen Compatible] state[0] :2
D/AutomaticBrightnessController(  755): [DAB] mLightSensor is null.
D/DisplayPowerController(  755): getFinalBrightness : Summary is 95 -> 95
D/DisplayPowerController(  755): Animating brightness: target=95, rate=2000 (PSM:false, AB limit:(-1 ~ -1) MB Limit:(-1 ~ -1) MAdj:(0, (0, 255)))
D/PowerManagerService(  755): [s] DisplayPowerCallbacks : onStateChanged()
D/DisplayPowerController(  755): animateScreenStateChange[0]: target=2
D/DisplayPowerController(  755): [Dual Screen Compatible] state[0] :2
D/AutomaticBrightnessController(  755): [DAB] mLightSensor is null.
D/DisplayPowerController(  755): getFinalBrightness : Summary is 95 -> 95
D/DisplayPowerController(  755): Animating brightness: target=95, rate=2000 (PSM:false, AB limit:(-1 ~ -1) MB Limit:(-1 ~ -1) MAdj:(0, (0, 255)))
D/DisplayPowerController(  755): animateScreenStateChange[0]: target=2
D/DisplayPowerController(  755): [Dual Screen Compatible] state[0] :2
D/AutomaticBrightnessController(  755): [DAB] mLightSensor is null.
D/DisplayPowerController(  755): getFinalBrightness : Summary is 95 -> 95
D/DisplayPowerController(  755): Animating brightness: target=95, rate=2000 (PSM:false, AB limit:(-1 ~ -1) MB Limit:(-1 ~ -1) MAdj:(0, (0, 255)))
D/SSRM:n  (  755): SIOP:: AP = 340, CUR = -205, LCD = 95
D/PowerManagerService(  755): [api] setScreenBrightnessOverrideFromWindowManagerInternal: brightness: 94
D/DisplayPowerController(  755): animateScreenStateChange[0]: target=2
D/DisplayPowerController(  755): [Dual Screen Compatible] state[0] :2
D/AutomaticBrightnessController(  755): [DAB] mLightSensor is null.
D/DisplayPowerController(  755): getFinalBrightness : Summary is 94 -> 94
D/DisplayPowerController(  755): Animating brightness: target=94, rate=2000 (PSM:false, AB limit:(-1 ~ -1) MB Limit:(-1 ~ -1) MAdj:(0, (0, 255)))
D/PowerManagerService(  755): [s] DisplayPowerCallbacks : onStateChanged()
D/DisplayPowerController(  755): animateScreenStateChange[0]: target=2
D/DisplayPowerController(  755): [Dual Screen Compatible] state[0] :2
D/AutomaticBrightnessController(  755): [DAB] mLightSensor is null.
D/DisplayPowerController(  755): getFinalBrightness : Summary is 94 -> 94
D/DisplayPowerController(  755): Animating brightness: target=94, rate=2000 (PSM:false, AB limit:(-1 ~ -1) MB Limit:(-1 ~ -1) MAdj:(0, (0, 255)))
D/DisplayPowerController(  755): animateScreenStateChange[0]: target=2
D/DisplayPowerController(  755): [Dual Screen Compatible] state[0] :2
D/AutomaticBrightnessController(  755): [DAB] mLightSensor is null.
D/DisplayPowerController(  755): getFinalBrightness : Summary is 94 -> 94
D/DisplayPowerController(  755): Animating brightness: target=94, rate=2000 (PSM:false, AB limit:(-1 ~ -1) MB Limit:(-1 ~ -1) MAdj:(0, (0, 255)))
