D/StatusBar.MSimNetworkController(  888): refreshViews connected={ wifi } phoneId = 0 level=4 mMSimcombinedSignalIconId=0x0/(null) mMSimcombinedActivityIconId=0x7f020627 mAirplaneMode=true mMSimDataActivity=0 mMSimPhoneSignalIconId=0x0/(null) mMSimDataDirectionIconId=0x0 mMSimDataSignalIconId=0x0 mMSimDataTypeIconId=0x0/(null) mNoMSimIconId=0x0/(null) mMSimMobileActivityIconId=0x0/(null) mWifiIconId=0x7f020678 mBluetoothTetherIconId=0x7f020650 mRoamingIconId=0x 0/(null)
D/StatusBar.MSimNetworkController(  888): refreshSignalCluster : called
E/ActivityThread(21451): Failed to find provider info for com.facebook.katana.provider.AttributionIdProvider
D/StatusBar.MSimNetworkController(  888): refreshViews connected={ wifi } phoneId = 0 level=4 mMSimcombinedSignalIconId=0x0/(null) mMSimcombinedActivityIconId=0x7f02062a mAirplaneMode=true mMSimDataActivity=0 mMSimPhoneSignalIconId=0x0/(null) mMSimDataDirectionIconId=0x0 mMSimDataSignalIconId=0x0 mMSimDataTypeIconId=0x0/(null) mNoMSimIconId=0x0/(null) mMSimMobileActivityIconId=0x0/(null) mWifiIconId=0x7f020678 mBluetoothTetherIconId=0x7f020650 mRoamingIconId=0x 0/(null)
D/StatusBar.MSimNetworkController(  888): refreshSignalCluster : called
D/SSRM:n  (  755): SIOP:: AP = 330, CUR = -262, LCD = 76
W/ProcessCpuTracker(  755): Skipping unknown process pid 21726
W/ProcessCpuTracker(  755): Skipping unknown process pid 21727
D/SSRM:n  (  755): SIOP:: AP = 330, CUR = -262, LCD = 76
D/ActivityManager(  755): startService callerProcessName:com.viber.voip, calleePkgName: com.viber.voip
D/ActivityManager(  755): caller:android.app.ApplicationThreadProxy@2de9512a, r.packageName :com.viber.voip
D/ActivityManager(  755): startService callerProcessName:com.viber.voip, calleePkgName: com.viber.voip
D/ActivityManager(  755): caller:android.app.ApplicationThreadProxy@138e8b1b, r.packageName :com.viber.voip
V/BroadcastQueue(  755): [background] Process cur broadcast BroadcastRecord{16176291 u0 androidx.work.impl.background.systemalarm.UpdateProxies qIdx=4} DELIVERED for app ProcessRecord{4cc065e 21451:com.viber.voip/u0a121}
D/SSRM:n  (  755): SIOP:: AP = 330, CUR = -262, LCD = 76
D/BatteryService(  755): !@BatteryListener : batteryPropertiesChanged!
D/BatteryService(  755): level:28, scale:100, status:3, health:2, present:true, voltage: 3521, temperature: 267, technology: Li-ion, AC powered:false, USB powered:false, POGO powered:false, Wireless powered:false, icon:17303397, invalid charger:0
D/BatteryService(  755): online:1, current avg:-209, charge type:0, power sharing:false, high voltage charger:false, capacity:280000, batterySWSelfDischarging:false, current_now:-209
D/BatteryService(  755): Sending ACTION_BATTERY_CHANGED.
I/MotionRecognitionService(  755): On Battery, 0
D/MotionRecognitionService(  755):   cableConnection= 0
D/BatteryMeterView(  888): ACTION_BATTERY_CHANGED : level:28 status:3 health:2
D/BatteryMeterView(  888): ACTION_BATTERY_CHANGED : level:28 status:3 health:2
D/BatteryMeterView(  888): ACTION_BATTERY_CHANGED : level:28 status:3 health:2
E/Watchdog(  755): !@Sync 6454 [01-22 20:06:56.209]
V/AlarmManager(  755): waitForAlarm result :8
D/SSRM:n  (  755): SIOP:: AP = 330, CUR = -209, LCD = 76
D/SSRM:n  (  755): SIOP:: AP = 330, CUR = -209, LCD = 76
D/SSRM:n  (  755): SIOP:: AP = 330, CUR = -209, LCD = 76
D/BatteryService(  755): !@BatteryListener : batteryPropertiesChanged!
D/BatteryService(  755): level:28, scale:100, status:3, health:2, present:true, voltage: 3546, temperature: 267, technology: Li-ion, AC powered:false, USB powered:false, POGO powered:false, Wireless powered:false, icon:17303397, invalid charger:0
D/BatteryService(  755): online:1, current avg:-135, charge type:0, power sharing:false, high voltage charger:false, capacity:280000, batterySWSelfDischarging:false, current_now:-135
D/BatteryService(  755): Sending ACTION_BATTERY_CHANGED.
I/MotionRecognitionService(  755): On Battery, 0
D/MotionRecognitionService(  755):   cableConnection= 0
D/BatteryMeterView(  888): ACTION_BATTERY_CHANGED : level:28 status:3 health:2
D/BatteryMeterView(  888): ACTION_BATTERY_CHANGED : level:28 status:3 health:2
D/BatteryMeterView(  888): ACTION_BATTERY_CHANGED : level:28 status:3 health:2
E/Watchdog(  755): !@Sync 6455 [01-22 20:07:26.211]
D/SSRM:n  (  755): SIOP:: AP = 330, CUR = -135, LCD = 76
D/SSRM:n  (  755): SIOP:: AP = 330, CUR = -135, LCD = 76
D/SSRM:n  (  755): SIOP:: AP = 330, CUR = -135, LCD = 76
D/BatteryService(  755): !@BatteryListener : batteryPropertiesChanged!
D/BatteryService(  755): level:28, scale:100, status:3, health:2, present:true, voltage: 3528, temperature: 268, technology: Li-ion, AC powered:false, USB powered:false, POGO powered:false, Wireless powered:false, icon:17303397, invalid charger:0
D/BatteryService(  755): online:1, current avg:-209, charge type:0, power sharing:false, high voltage charger:false, capacity:280000, batterySWSelfDischarging:false, current_now:-209
D/BatteryService(  755): Sending ACTION_BATTERY_CHANGED.
I/MotionRecognitionService(  755): On Battery, 0
D/MotionRecognitionService(  755):   cableConnection= 0
D/BatteryMeterView(  888): ACTION_BATTERY_CHANGED : level:28 status:3 health:2
D/BatteryMeterView(  888): ACTION_BATTERY_CHANGED : level:28 status:3 health:2
D/BatteryMeterView(  888): ACTION_BATTERY_CHANGED : level:28 status:3 health:2
E/Watchdog(  755): !@Sync 6456 [01-22 20:07:56.211]
V/AlarmManager(  755): waitForAlarm result :8
V/AlarmManager(  755): ___SyncScheduler (v3) ACTIVATED___
V/AlarmManagerEXT(  755): <AppSync3 Whitelist>
V/AlarmManagerEXT(  755): (AppSync) com.facebook.orca : 1200(500)
V/AlarmManagerEXT(  755): (AppSync) com.viber.voip : 900(1800)
V/AlarmManagerEXT(  755): (AppSync) com.android.vending : 3600(2440)
V/AlarmManagerEXT(  755): (AppSync) ### 3 added ###
D/SSRM:n  (  755): SIOP:: AP = 330, CUR = -209, LCD = 76
D/SSRM:n  (  755): SIOP:: AP = 330, CUR = -209, LCD = 76
D/SSRM:n  (  755): SIOP:: AP = 330, CUR = -209, LCD = 76
D/BatteryService(  755): !@BatteryListener : batteryPropertiesChanged!
D/BatteryService(  755): level:28, scale:100, status:3, health:2, present:true, voltage: 3541, temperature: 269, technology: Li-ion, AC powered:false, USB powered:false, POGO powered:false, Wireless powered:false, icon:17303397, invalid charger:0
D/BatteryService(  755): online:1, current avg:-138, charge type:0, power sharing:false, high voltage charger:false, capacity:280000, batterySWSelfDischarging:false, current_now:-138
D/BatteryService(  755): Sending ACTION_BATTERY_CHANGED.
I/MotionRecognitionService(  755): On Battery, 0
D/MotionRecognitionService(  755):   cableConnection= 0
D/BatteryMeterView(  888): ACTION_BATTERY_CHANGED : level:28 status:3 health:2
D/BatteryMeterView(  888): ACTION_BATTERY_CHANGED : level:28 status:3 health:2
D/BatteryMeterView(  888): ACTION_BATTERY_CHANGED : level:28 status:3 health:2
E/Watchdog(  755): !@Sync 6457 [01-22 20:08:26.212]
D/SSRM:n  (  755): SIOP:: AP = 330, CUR = -138, LCD = 76
D/SSRM:n  (  755): SIOP:: AP = 330, CUR = -138, LCD = 76
D/SSRM:n  (  755): SIOP:: AP = 330, CUR = -138, LCD = 76
D/BatteryService(  755): !@BatteryListener : batteryPropertiesChanged!
D/BatteryService(  755): level:27, scale:100, status:3, health:2, present:true, voltage: 3525, temperature: 270, technology: Li-ion, AC powered:false, USB powered:false, POGO powered:false, Wireless powered:false, icon:17303397, invalid charger:0
D/BatteryService(  755): online:1, current avg:-217, charge type:0, power sharing:false, high voltage charger:false, capacity:280000, batterySWSelfDischarging:false, current_now:-217
D/BatteryService(  755): Sending ACTION_BATTERY_CHANGED.
D/PowerManagerService(  755): [PSM] lowPowerModeEnabled: false (mLowPowerModeSetting: false, mAutoLowPowerModeConfigured: false, mBatteryLevel: 27, mLowBatteryTriggerLevel: 0)
D/BatteryMeterView(  888): ACTION_BATTERY_CHANGED : level:27 status:3 health:2
D/BatteryMeterView(  888): ACTION_BATTERY_CHANGED : level:27 status:3 health:2
D/BatteryMeterView(  888): ACTION_BATTERY_CHANGED : level:27 status:3 health:2
I/MotionRecognitionService(  755): On Battery, 0
D/MotionRecognitionService(  755):   cableConnection= 0
D/BatteryMeterView(  888): onDraw batteryColor : -1
E/Watchdog(  755): !@Sync 6458 [01-22 20:08:56.213]
V/AlarmManager(  755): waitForAlarm result :8
D/SSRM:n  (  755): SIOP:: AP = 330, CUR = -217, LCD = 76
D/PowerManagerService(  755): [api] setScreenBrightnessOverrideFromWindowManagerInternal: brightness: 77
D/DisplayPowerController(  755): animateScreenStateChange[0]: target=2
D/DisplayPowerController(  755): [Dual Screen Compatible] state[0] :2
D/AutomaticBrightnessController(  755): [DAB] mLightSensor is null.
D/DisplayPowerController(  755): getFinalBrightness : Summary is 77 -> 77
D/DisplayPowerController(  755): Animating brightness: target=77, rate=2000 (PSM:false, AB limit:(-1 ~ -1) MB Limit:(-1 ~ -1) MAdj:(0, (0, 255)))
D/PowerManagerService(  755): [s] DisplayPowerCallbacks : onStateChanged()
D/DisplayPowerController(  755): animateScreenStateChange[0]: target=2
D/DisplayPowerController(  755): [Dual Screen Compatible] state[0] :2
D/AutomaticBrightnessController(  755): [DAB] mLightSensor is null.
D/DisplayPowerController(  755): getFinalBrightness : Summary is 77 -> 77
D/DisplayPowerController(  755): Animating brightness: target=77, rate=2000 (PSM:false, AB limit:(-1 ~ -1) MB Limit:(-1 ~ -1) MAdj:(0, (0, 255)))
D/DisplayPowerController(  755): animateScreenStateChange[0]: target=2
D/DisplayPowerController(  755): [Dual Screen Compatible] state[0] :2
D/AutomaticBrightnessController(  755): [DAB] mLightSensor is null.
D/DisplayPowerController(  755): getFinalBrightness : Summary is 77 -> 77
D/DisplayPowerController(  755): Animating brightness: target=77, rate=2000 (PSM:false, AB limit:(-1 ~ -1) MB Limit:(-1 ~ -1) MAdj:(0, (0, 255)))
D/PowerManagerService(  755): [api] setScreenBrightnessOverrideFromWindowManagerInternal: brightness: 78
D/DisplayPowerController(  755): animateScreenStateChange[0]: target=2
D/DisplayPowerController(  755): [Dual Screen Compatible] state[0] :2
D/AutomaticBrightnessController(  755): [DAB] mLightSensor is null.
D/DisplayPowerController(  755): getFinalBrightness : Summary is 78 -> 78
D/DisplayPowerController(  755): Animating brightness: target=78, rate=2000 (PSM:false, AB limit:(-1 ~ -1) MB Limit:(-1 ~ -1) MAdj:(0, (0, 255)))
D/PowerManagerService(  755): [s] DisplayPowerCallbacks : onStateChanged()
D/DisplayPowerController(  755): animateScreenStateChange[0]: target=2
D/DisplayPowerController(  755): [Dual Screen Compatible] state[0] :2
D/AutomaticBrightnessController(  755): [DAB] mLightSensor is null.
D/DisplayPowerController(  755): getFinalBrightness : Summary is 78 -> 78
D/DisplayPowerController(  755): Animating brightness: target=78, rate=2000 (PSM:false, AB limit:(-1 ~ -1) MB Limit:(-1 ~ -1) MAdj:(0, (0, 255)))
D/DisplayPowerController(  755): animateScreenStateChange[0]: target=2
D/DisplayPowerController(  755): [Dual Screen Compatible] state[0] :2
D/AutomaticBrightnessController(  755): [DAB] mLightSensor is null.
D/DisplayPowerController(  755): getFinalBrightness : Summary is 78 -> 78
D/DisplayPowerController(  755): Animating brightness: target=78, rate=2000 (PSM:false, AB limit:(-1 ~ -1) MB Limit:(-1 ~ -1) MAdj:(0, (0, 255)))
D/PowerManagerService(  755): [api] setScreenBrightnessOverrideFromWindowManagerInternal: brightness: 79
D/DisplayPowerController(  755): animateScreenStateChange[0]: target=2
D/DisplayPowerController(  755): [Dual Screen Compatible] state[0] :2
D/AutomaticBrightnessController(  755): [DAB] mLightSensor is null.
D/DisplayPowerController(  755): getFinalBrightness : Summary is 79 -> 79
D/DisplayPowerController(  755): Animating brightness: target=79, rate=2000 (PSM:false, AB limit:(-1 ~ -1) MB Limit:(-1 ~ -1) MAdj:(0, (0, 255)))
D/PowerManagerService(  755): [s] DisplayPowerCallbacks : onStateChanged()
D/DisplayPowerController(  755): animateScreenStateChange[0]: target=2
D/DisplayPowerController(  755): [Dual Screen Compatible] state[0] :2
D/AutomaticBrightnessController(  755): [DAB] mLightSensor is null.
D/DisplayPowerController(  755): getFinalBrightness : Summary is 79 -> 79
D/DisplayPowerController(  755): Animating brightness: target=79, rate=2000 (PSM:false, AB limit:(-1 ~ -1) MB Limit:(-1 ~ -1) MAdj:(0, (0, 255)))
D/DisplayPowerController(  755): animateScreenStateChange[0]: target=2
D/DisplayPowerController(  755): [Dual Screen Compatible] state[0] :2
D/AutomaticBrightnessController(  755): [DAB] mLightSensor is null.
D/DisplayPowerController(  755): getFinalBrightness : Summary is 79 -> 79
D/DisplayPowerController(  755): Animating brightness: target=79, rate=2000 (PSM:false, AB limit:(-1 ~ -1) MB Limit:(-1 ~ -1) MAdj:(0, (0, 255)))
D/PowerManagerService(  755): [api] setScreenBrightnessOverrideFromWindowManagerInternal: brightness: 80
D/DisplayPowerController(  755): animateScreenStateChange[0]: target=2
D/DisplayPowerController(  755): [Dual Screen Compatible] state[0] :2
D/AutomaticBrightnessController(  755): [DAB] mLightSensor is null.
D/DisplayPowerController(  755): getFinalBrightness : Summary is 80 -> 80
D/DisplayPowerController(  755): Animating brightness: target=80, rate=2000 (PSM:false, AB limit:(-1 ~ -1) MB Limit:(-1 ~ -1) MAdj:(0, (0, 255)))
D/PowerManagerService(  755): [s] DisplayPowerCallbacks : onStateChanged()
D/DisplayPowerController(  755): animateScreenStateChange[0]: target=2
D/DisplayPowerController(  755): [Dual Screen Compatible] state[0] :2
D/AutomaticBrightnessController(  755): [DAB] mLightSensor is null.
D/DisplayPowerController(  755): getFinalBrightness : Summary is 80 -> 80
D/DisplayPowerController(  755): Animating brightness: target=80, rate=2000 (PSM:false, AB limit:(-1 ~ -1) MB Limit:(-1 ~ -1) MAdj:(0, (0, 255)))
D/DisplayPowerController(  755): animateScreenStateChange[0]: target=2
D/DisplayPowerController(  755): [Dual Screen Compatible] state[0] :2
D/AutomaticBrightnessController(  755): [DAB] mLightSensor is null.
D/DisplayPowerController(  755): getFinalBrightness : Summary is 80 -> 80
D/DisplayPowerController(  755): Animating brightness: target=80, rate=2000 (PSM:false, AB limit:(-1 ~ -1) MB Limit:(-1 ~ -1) MAdj:(0, (0, 255)))
D/PowerManagerService(  755): [api] setScreenBrightnessOverrideFromWindowManagerInternal: brightness: 81
D/DisplayPowerController(  755): animateScreenStateChange[0]: target=2
D/DisplayPowerController(  755): [Dual Screen Compatible] state[0] :2
D/AutomaticBrightnessController(  755): [DAB] mLightSensor is null.
D/DisplayPowerController(  755): getFinalBrightness : Summary is 81 -> 81
D/DisplayPowerController(  755): Animating brightness: target=81, rate=2000 (PSM:false, AB limit:(-1 ~ -1) MB Limit:(-1 ~ -1) MAdj:(0, (0, 255)))
D/PowerManagerService(  755): [s] DisplayPowerCallbacks : onStateChanged()
D/DisplayPowerController(  755): animateScreenStateChange[0]: target=2
D/DisplayPowerController(  755): [Dual Screen Compatible] state[0] :2
D/AutomaticBrightnessController(  755): [DAB] mLightSensor is null.
D/DisplayPowerController(  755): getFinalBrightness : Summary is 81 -> 81
D/DisplayPowerController(  755): Animating brightness: target=81, rate=2000 (PSM:false, AB limit:(-1 ~ -1) MB Limit:(-1 ~ -1) MAdj:(0, (0, 255)))
D/DisplayPowerController(  755): animateScreenStateChange[0]: target=2
D/DisplayPowerController(  755): [Dual Screen Compatible] state[0] :2
D/AutomaticBrightnessController(  755): [DAB] mLightSensor is null.
D/DisplayPowerController(  755): getFinalBrightness : Summary is 81 -> 81
D/DisplayPowerController(  755): Animating brightness: target=81, rate=2000 (PSM:false, AB limit:(-1 ~ -1) MB Limit:(-1 ~ -1) MAdj:(0, (0, 255)))
D/BatteryService(  755): !@BatteryListener : batteryPropertiesChanged!
D/BatteryStatsImpl(  755): poolsize= 1, curBatteryRealtime= 17791566000, mUpdateTime= 0, mTimeout= 0, mNesting= 0, mTotalTime= 0
V/UsbDeviceManager(  755): USB UEVENT: {USB_STATE=CONNECTED, SUBSYSTEM=android_usb, SEQNUM=16340, ACTION=change, DEVPATH=/devices/virtual/android_usb/android0}
D/UsbDeviceManager(  755): handleMessage -> MSG_UPDATE_STATE connected = 1,configured = 0
D/UsbDeviceManager(  755): updateUsbNotification : mConnected = true, mConfigured = false, mCurrentFunctions = mtp,adb
D/BatteryService(  755): level:27, scale:100, status:2, health:2, present:true, voltage: 3452, temperature: 271, technology: Li-ion, AC powered:false, USB powered:true, POGO powered:false, Wireless powered:false, icon:17303411, invalid charger:0
D/BatteryService(  755): online:4, current avg:1, charge type:1, power sharing:false, high voltage charger:false, capacity:280000, batterySWSelfDischarging:false, current_now:-285
D/BatteryService(  755): !@[BatteryInfo] 37 - 27 = 10
D/UsbDeviceManager(  755): updateUsbNotification : isKeyguardLocked = false, isKeyguardSecure = false, mBootCompleted = true
D/BatteryService(  755): !@[BatteryInfo] writeToFile /efs/FactoryApp/batt_discharge_level: 36312
D/BatteryService(  755): Sending ACTION_BATTERY_CHANGED.
D/PowerManagerService(  755): [api] updateIsPoweredLocked : mIsPowered: true mPlugType: 2
D/PowerUI (  888): Cable  false --> true mBootCompleted : true
D/PowerUI (  888): Sending cableIntent : Intent { act=com.samsung.systemui.power.action.ACTION_CABLE_CONNECTED }
I/MotionRecognitionService(  755): Plugged
D/MotionRecognitionService(  755):   cableConnection= 1
D/UsbDeviceManager(  755): updateUsbNotification : notify id = 17040660, title = Pripojen ako medilne zariadenie
D/MotionRecognitionService(  755): setPowerConnected | current backoffstate  = 0 , state =0
D/MotionRecognitionService(  755): skip setTransmitPower. 
D/UsbDeviceManager(  755): broadcasting Intent { act=android.hardware.usb.action.USB_STATE flg=0x20000000 (has extras) } connected: true configured: false
I/EntropyMixer(  755): Writing entropy...
V/BroadcastQueue(  755): [background] Process cur broadcast BroadcastRecord{2f497930 u-1 android.intent.action.ACTION_POWER_CONNECTED qIdx=4} DELIVERED for app ProcessRecord{2cd29f1c 9641:com.samsung.android.sm/1000}
D/UsbDeviceManager(  755): sending intent : ACTION_USB_STATE : connected = true, configured = false, functions = mtp,adb
D/UsbDeviceManager(  755): handleMessage -> MSG_POWER_STATE = 1
D/UsbDeviceManager(  755): sending intent : ACTION_USB_CABLE_STATE : connected = true
D/MotionRecognitionService(  755):   mReceiver.onReceive : ACTION_POWER_CONNECTED
D/MotionRecognitionService(  755):   cableConnection= 1
D/MotionRecognitionService(  755): setPowerConnected | current backoffstate  = 0 , state =0
D/MotionRecognitionService(  755): skip setTransmitPower. 
I/ValidateNoPeople(  755): skipping global notification
D/WindowManager(  755): showStatusBarByNotification() mOpenByNotification=false
D/PowerUI.Notification(  888): playSound : 1
D/PowerUI.Notification(  888): RINGER_MODE_NORMAL
D/BatteryMeterView(  888): ACTION_BATTERY_CHANGED : level:27 status:2 health:2
D/BatteryMeterView(  888): ACTION_BATTERY_CHANGED : level:27 status:2 health:2
D/BatteryMeterView(  888): ACTION_BATTERY_CHANGED : level:27 status:2 health:2
W/ContextImpl( 9641): Calling a method in the system process without a qualified user: android.app.ContextImpl.startService:2113 android.content.ContextWrapper.startService:534 android.content.ContextWrapper.startService:534 com.samsung.android.sm.common.security.StatusReceiver.onReceive:26 android.app.ActivityThread.handleReceiver:3533 
D/ActivityManager(  755): startService callerProcessName:com.samsung.android.sm, calleePkgName: com.samsung.android.sm
D/ActivityManager(  755): caller:android.app.ApplicationThreadProxy@305569a9, r.packageName :com.samsung.android.sm
D/BatteryMeterView(  888): onDraw batteryColor : -1
D/ActivityManager(  755): startProcessLocked calleePkgName: com.sec.app.TransmitPowerService, hostingType: broadcast-3
I/libpersona(23384): KNOX_SDCARD checking this for 10043
I/libpersona(23384): KNOX_SDCARD not a persona
W/ResourcesManager(  888): getTopLevelResources: /system/framework/framework-res.apk / 1.0 running in com.android.systemui rsrc of package android
I/ActivityManager(  755): Start proc 23384:com.sec.app.TransmitPowerService/u0a43 for broadcast-3 com.sec.app.TransmitPowerService/.DeviceStateReceiver
V/UsbDeviceManager(  755): USB UEVENT: {USB_STATE=CONFIGURED, SUBSYSTEM=android_usb, SEQNUM=16341, ACTION=change, DEVPATH=/devices/virtual/android_usb/android0}
D/UsbDeviceManager(  755): handleMessage -> MSG_UPDATE_STATE connected = 1,configured = 1
D/UsbDeviceManager(  755): updateUsbNotification : mConnected = true, mConfigured = true, mCurrentFunctions = mtp,adb
D/UsbDeviceManager(  755): broadcasting Intent { act=android.hardware.usb.action.USB_STATE flg=0x20000000 (has extras) } connected: true configured: true
D/UsbDeviceManager(  755): sending intent : ACTION_USB_STATE : connected = true, configured = true, functions = mtp,adb
D/PowerManagerService(  755): [api] setScreenBrightnessOverrideFromWindowManagerInternal: brightness: 82
D/DisplayPowerController(  755): animateScreenStateChange[0]: target=2
D/DisplayPowerController(  755): [Dual Screen Compatible] state[0] :2
D/AutomaticBrightnessController(  755): [DAB] mLightSensor is null.
D/DisplayPowerController(  755): getFinalBrightness : Summary is 82 -> 82
D/DisplayPowerController(  755): Animating brightness: target=82, rate=2000 (PSM:false, AB limit:(-1 ~ -1) MB Limit:(-1 ~ -1) MAdj:(0, (0, 255)))
D/PowerManagerService(  755): [s] DisplayPowerCallbacks : onStateChanged()
D/DisplayPowerController(  755): animateScreenStateChange[0]: target=2
D/DisplayPowerController(  755): [Dual Screen Compatible] state[0] :2
D/AutomaticBrightnessController(  755): [DAB] mLightSensor is null.
D/DisplayPowerController(  755): getFinalBrightness : Summary is 82 -> 82
D/DisplayPowerController(  755): Animating brightness: target=82, rate=2000 (PSM:false, AB limit:(-1 ~ -1) MB Limit:(-1 ~ -1) MAdj:(0, (0, 255)))
V/BroadcastQueue(  755): [background] Process cur broadcast BroadcastRecord{2f497930 u-1 android.intent.action.ACTION_POWER_CONNECTED qIdx=4} DELIVERED for app ProcessRecord{376616cf 23384:com.sec.app.TransmitPowerService/u0a43}
D/DisplayPowerController(  755): animateScreenStateChange[0]: target=2
D/DisplayPowerController(  755): [Dual Screen Compatible] state[0] :2
D/AutomaticBrightnessController(  755): [DAB] mLightSensor is null.
D/DisplayPowerController(  755): getFinalBrightness : Summary is 82 -> 82
D/DisplayPowerController(  755): Animating brightness: target=82, rate=2000 (PSM:false, AB limit:(-1 ~ -1) MB Limit:(-1 ~ -1) MAdj:(0, (0, 255)))
W/ContextImpl( 9641): Calling a method in the system process without a qualified user: android.app.ContextImpl.sendBroadcast:1748 android.content.ContextWrapper.sendBroadcast:392 com.samsung.android.sm.common.security.DeviceSecurityProvider.a:614 com.samsung.android.sm.common.security.DeviceSecurityProvider.update:595 android.content.ContentProvider$Transport.update:341 
W/ResourcesManager(23384): getTopLevelResources: /system/priv-app/TransmitPowerService/TransmitPowerService.apk / 1.0 running in com.sec.app.TransmitPowerService rsrc of package com.sec.app.TransmitPowerService
I/InjectionManagerService -AppFeature(  755): getCoreFeaturePkgList :[]
D/ResourcesManager(23384): For user 0 new overlays fetched Null
W/ContextImpl( 9641): Calling a method in the system process without a qualified user: android.app.ContextImpl.sendBroadcast:1748 android.content.ContextWrapper.sendBroadcast:392 com.samsung.android.sm.common.security.DeviceSecurityProvider.a:614 com.samsung.android.sm.common.security.DeviceSecurityProvider.update:595 android.content.ContentProvider$Transport.update:341 
D/ActivityManager(  755): startService callerProcessName:com.sec.app.TransmitPowerService, calleePkgName: com.sec.app.TransmitPowerService
D/ActivityManager(  755): caller:android.app.ApplicationThreadProxy@371f765, r.packageName :com.sec.app.TransmitPowerService
V/BroadcastQueue(  755): [background] Process cur broadcast BroadcastRecord{2f497930 u-1 android.intent.action.ACTION_POWER_CONNECTED qIdx=4} DELIVERED for app ProcessRecord{2c69f20e 24608:com.google.android.gms.persistent/u0a8}
V/BroadcastQueue(  755): [background] Process cur broadcast BroadcastRecord{2f497930 u-1 android.intent.action.ACTION_POWER_CONNECTED qIdx=4} DELIVERED for app ProcessRecord{2c69f20e 24608:com.google.android.gms.persistent/u0a8}
D/ActivityManager(  755): startService callerProcessName:com.google.android.gms, calleePkgName: com.google.android.gms
D/ActivityManager(  755): caller:android.app.ApplicationThreadProxy@245750eb, r.packageName :com.google.android.gms
V/BroadcastQueue(  755): [background] Process cur broadcast BroadcastRecord{2f497930 u-1 android.intent.action.ACTION_POWER_CONNECTED qIdx=4} DELIVERED for app ProcessRecord{4cc065e 21451:com.viber.voip/u0a121}
D/ActivityManager(  755): startService callerProcessName:com.viber.voip, calleePkgName: com.viber.voip
D/ActivityManager(  755): caller:android.app.ApplicationThreadProxy@d0fa4e1, r.packageName :com.viber.voip
V/AlarmManager(  755): waitForAlarm result :8
V/BroadcastQueue(  755): [background] Process cur broadcast BroadcastRecord{2f497930 u-1 android.intent.action.ACTION_POWER_CONNECTED qIdx=4} DELIVERED for app ProcessRecord{2f3d33b7 3141:com.arlosoft.macrodroid/u0a199}
V/AlarmManager(  755): waitForAlarm result :8
V/AlarmManager(  755): No more alarm at this time.nowELAPSED=336235494 batch.start=336276263
V/BroadcastQueue(  755): [background] Process cur broadcast BroadcastRecord{2f497930 u-1 android.intent.action.ACTION_POWER_CONNECTED qIdx=4} DELIVERED for app ProcessRecord{19258d9d 2472:com.velis.auto.brightness/u0a178}
D/ActivityManager(  755): startService callerProcessName:com.velis.auto.brightness, calleePkgName: com.velis.auto.brightness
D/ActivityManager(  755): caller:android.app.ApplicationThreadProxy@346051bf, r.packageName :com.velis.auto.brightness
D/ActivityManager(  755): startProcessLocked calleePkgName: com.sec.android.app.popupuireceiver, hostingType: broadcast-3
W/ResourcesManager(  888): getTopLevelResources: /system/framework/framework-res.apk / 1.0 running in com.android.systemui rsrc of package android
I/libpersona(23410): KNOX_SDCARD checking this for 1000
I/libpersona(23410): KNOX_SDCARD not a persona
I/ActivityManager(  755): Start proc 23410:com.sec.android.app.popupuireceiver/1000 for broadcast-3 com.sec.android.app.popupuireceiver/.PopupuiReceiver
W/ResourcesManager(  888): getTopLevelResources: /system/framework/framework-res.apk / 1.0 running in com.android.systemui rsrc of package android
V/BroadcastQueue(  755): [background] Process cur broadcast BroadcastRecord{1ea5308c u0 com.samsung.systemui.power.action.ACTION_CABLE_CONNECTED qIdx=4} DELIVERED for app ProcessRecord{396883d5 23410:com.sec.android.app.popupuireceiver/1000}
D/ActivityManager(  755): bindService callerProcessName:com.google.android.gms, calleePkgName: com.google.android.gms, action: com.google.android.gms.gcm.ACTION_TASK_READY
W/ResourcesManager(23410): getTopLevelResources: /system/app/PopupuiReceiver/PopupuiReceiver.apk / 1.0 running in com.sec.android.app.popupuireceiver rsrc of package com.sec.android.app.popupuireceiver
I/InjectionManagerService -AppFeature(  755): getCoreFeaturePkgList :[]
D/ResourcesManager(23410): For user 0 new overlays fetched Null
D/ActivityManager(  755): bindService callerProcessName:com.google.android.gms, calleePkgName: com.google.android.gms, action: com.google.android.gms.gcm.ACTION_TASK_READY
D/ActivityManager(  755): bindService callerProcessName:com.google.android.gms, calleePkgName: com.google.android.gms, action: com.google.android.gms.scheduler.ACTION_PROXY_SCHEDULE
D/ActivityManager(  755): bindService callerProcessName:com.google.android.gms, calleePkgName: com.google.android.gms, action: com.google.android.gms.phenotype.service.START
D/ActivityManager(  755): bindService callerProcessName:com.google.android.gms, calleePkgName: com.google.android.gms, action: com.google.android.gms.clearcut.service.START
D/ActivityManager(  755): startProcessLocked calleePkgName: com.samsung.android.MtpApplication, hostingType: broadcast-3
I/libpersona(23426): KNOX_SDCARD checking this for 1000
I/libpersona(23426): KNOX_SDCARD not a persona
I/ActivityManager(  755): Start proc 23426:com.samsung.android.MtpApplication/1000 for broadcast-3 com.samsung.android.MtpApplication/.MtpReceiver
V/BroadcastQueue(  755): [background] Process cur broadcast BroadcastRecord{b6c57f2 u-1 android.hardware.usb.action.USB_STATE qIdx=4} DELIVERED for app ProcessRecord{17195e43 23426:com.samsung.android.MtpApplication/1000}
D/ActivityManager(  755): bindService callerProcessName:com.google.android.gms, calleePkgName: com.google.android.gms, action: com.google.android.gms.clearcut.service.START
W/ResourcesManager(23426): getTopLevelResources: /system/priv-app/MtpApplication/MtpApplication.apk / 1.0 running in com.samsung.android.MtpApplication rsrc of package com.samsung.android.MtpApplication
I/InjectionManagerService -AppFeature(  755): getCoreFeaturePkgList :[]
D/ResourcesManager(23426): For user 0 new overlays fetched Null
D/ActivityManager(  755): bindService callerProcessName:com.google.android.gms, calleePkgName: com.google.android.gms, action: com.google.android.contextmanager.service.ContextManagerLogsUploadBoundService.ACTION_TASK_READY
D/ActivityManager(  755): startService callerProcessName:com.samsung.android.MtpApplication, calleePkgName: com.samsung.android.MtpApplication
D/AudioService(  755): getStreamVolume 3 index 0
D/ActivityManager(  755): caller:android.app.ApplicationThreadProxy@3a5be4ec, r.packageName :com.samsung.android.MtpApplication
D/ActivityManager(  755): startService callerProcessName:com.samsung.android.MtpApplication, calleePkgName: com.samsung.android.MtpApplication
D/ActivityManager(  755): caller:android.app.ApplicationThreadProxy@9af34a, r.packageName :com.samsung.android.MtpApplication
V/BroadcastQueue(  755): [background] Process cur broadcast BroadcastRecord{b6c57f2 u-1 android.hardware.usb.action.USB_STATE qIdx=4} DELIVERED for app ProcessRecord{26e3ff9d 1949:android.process.media/u0a27}
D/ActivityManager(  755): bindService callerProcessName:com.google.android.gms, calleePkgName: com.google.android.gms, action: com.google.android.gms.scheduler.ACTION_PROXY_SCHEDULE
D/ActivityManager(  755): startService callerProcessName:com.android.providers.downloads, calleePkgName: com.android.providers.media
D/ActivityManager(  755): caller:android.app.ApplicationThreadProxy@29201125, r.packageName :com.android.providers.media
D/ActivityManager(  755): bindService callerProcessName:com.android.providers.downloads, calleePkgName: com.android.providers.media, action: null
D/ActivityManager(  755): bindService callerProcessName:com.google.android.gms, calleePkgName: com.google.android.gms, action: com.google.android.gms.gcm.ACTION_TASK_READY
V/BroadcastQueue(  755): [background] Process cur broadcast BroadcastRecord{b6c57f2 u-1 android.hardware.usb.action.USB_STATE qIdx=4} DELIVERED for app ProcessRecord{3c4448b7 14090:com.samsung.android.SettingsReceiver/1000}
V/BroadcastQueue(  755): [background] Process cur broadcast BroadcastRecord{2d4cf69e u0 com.samsung.android.sm.security.service.ACTION_SERVICE_STATUS_CHANGED qIdx=4} DELIVERED for app ProcessRecord{2cd29f1c 9641:com.samsung.android.sm/1000}
V/BroadcastQueue(  755): [background] Process cur broadcast BroadcastRecord{191d557f u0 com.samsung.android.sm.security.service.ACTION_SERVICE_STATUS_CHANGED qIdx=4} DELIVERED for app ProcessRecord{2cd29f1c 9641:com.samsung.android.sm/1000}
V/BroadcastQueue(  755): [background] Process cur broadcast BroadcastRecord{17433b76 u0 androidx.work.impl.background.systemalarm.UpdateProxies qIdx=4} DELIVERED for app ProcessRecord{4cc065e 21451:com.viber.voip/u0a121}
V/BroadcastQueue(  755): [background] Process cur broadcast BroadcastRecord{17027577 u0 com.google.android.gms.gcm.ACTION_SCHEDULE qIdx=4} DELIVERED for app ProcessRecord{2c69f20e 24608:com.google.android.gms.persistent/u0a8}
D/ActivityManager(  755): bindService callerProcessName:com.google.android.gms, calleePkgName: com.google.android.gms, action: com.google.android.gms.gcm.ACTION_TASK_READY
V/BroadcastQueue(  755): [background] Process cur broadcast BroadcastRecord{a510605 u0 android.intent.action.DROPBOX_ENTRY_ADDED qIdx=4} DELIVERED for app ProcessRecord{2cd29f1c 9641:com.samsung.android.sm/1000}
V/BroadcastQueue(  755): [background] Process cur broadcast BroadcastRecord{a510605 u0 android.intent.action.DROPBOX_ENTRY_ADDED qIdx=4} DELIVERED for app ProcessRecord{2c69f20e 24608:com.google.android.gms.persistent/u0a8}
D/ActivityManager(  755): caller:android.app.ApplicationThreadProxy@133465a, r.packageName :com.google.android.gms
V/BroadcastQueue(  755): [background] Process cur broadcast BroadcastRecord{a510605 u0 android.intent.action.DROPBOX_ENTRY_ADDED qIdx=4} DELIVERED for app ProcessRecord{2c69f20e 24608:com.google.android.gms.persistent/u0a8}
D/ActivityManager(  755): startService callerProcessName:com.google.android.gms, calleePkgName: com.google.android.gms
D/ActivityManager(  755): caller:android.app.ApplicationThreadProxy@232a1568, r.packageName :com.google.android.gms
D/ActivityManager(  755): bindService callerProcessName:com.google.android.gms, calleePkgName: com.google.android.gms, action: com.google.android.gms.udc.service.START
D/ActivityManager(  755): bindService callerProcessName:com.google.android.gms, calleePkgName: com.google.android.gms, action: null
D/StatusBar.MSimNetworkController(  888): refreshViews connected={ wifi } phoneId = 0 level=4 mMSimcombinedSignalIconId=0x0/(null) mMSimcombinedActivityIconId=0x7f020627 mAirplaneMode=true mMSimDataActivity=0 mMSimPhoneSignalIconId=0x0/(null) mMSimDataDirectionIconId=0x0 mMSimDataSignalIconId=0x0 mMSimDataTypeIconId=0x0/(null) mNoMSimIconId=0x0/(null) mMSimMobileActivityIconId=0x0/(null) mWifiIconId=0x7f020678 mBluetoothTetherIconId=0x7f020650 mRoamingIconId=0x 0/(null)
D/StatusBar.MSimNetworkController(  888): refreshSignalCluster : called
D/ActivityManager(  755): bindService callerProcessName:com.google.android.gms, calleePkgName: com.google.android.gms, action: com.google.android.gms.auth.account.workaccount.START
D/CustomFrequencyManagerService(  755): acquireDVFSLockLocked : type : DVFS_MIN_LIMIT  frequency : 1200000  uid : 1000  pid : 755  pkgName : ACTIVITY_RESUME_BOOSTER@6
D/ActivityManager(  755): mDVFSHelper.acquire()
D/PowerManagerService(  755): setKeyboardVisibility: false
D/StatusBarManagerService(  755): manageDisableList userId=0 what=0x0 pkg=Window{7c4ad48 u0 d0 com.arlosoft.macrodroid/com.arlosoft.macrodroid.editscreen.EditMacroActivity}
V/WindowStateAnimator(  755): Finishing drawing window Window{7c4ad48 u0 d0 com.arlosoft.macrodroid/com.arlosoft.macrodroid.editscreen.EditMacroActivity}: mDrawState=DRAW_PENDING
W/ContextImpl( 1993): Calling a method in the system process without a qualified user: android.app.ContextImpl.sendBroadcast:1748 android.content.ContextWrapper.sendBroadcast:392 com.sec.android.inputmethod.inputmethodframework.InputMethodFrameWorkUtils.setCurrentInputMethodSubtype:49 com.ime.framework.common.InputManagerImpl.finishInput:5029 com.sec.android.inputmethod.SamsungKeypad.onFinishInput:665 
D/SSRM:n  (  755): SIOP:: AP = 340, CUR = 1, LCD = 82
D/ActivityManager(  755): bindService callerProcessName:com.google.android.gms, calleePkgName: com.google.android.gms, action: com.google.android.gms.gcm.ACTION_TASK_READY
D/ActivityManager(  755): bindService callerProcessName:com.google.android.gms, calleePkgName: com.google.android.gms, action: com.google.android.gms.usagereporting.service.START
D/CustomFrequencyManagerService(  755): releaseDVFSLockLocked : Getting Lock type frm List : DVFS_MIN_LIMIT  frequency : 1200000  uid : 1000  pid : 755  tag : ACTIVITY_RESUME_BOOSTER@6
D/ActivityManager(  755): mDVFSHelper.release()
D/CustomFrequencyManagerService(  755): acquireDVFSLockLocked : type : DVFS_MIN_LIMIT  frequency : 1200000  uid : 1000  pid : 755  pkgName : ACTIVITY_RESUME_BOOSTER@12
V/BroadcastQueue(  755): [background] Process cur broadcast BroadcastRecord{2acf9ba u0 android.intent.action.DROPBOX_ENTRY_ADDED qIdx=4} DELIVERED for app ProcessRecord{2cd29f1c 9641:com.samsung.android.sm/1000}
V/BroadcastQueue(  755): [background] Process cur broadcast BroadcastRecord{2acf9ba u0 android.intent.action.DROPBOX_ENTRY_ADDED qIdx=4} DELIVERED for app ProcessRecord{2c69f20e 24608:com.google.android.gms.persistent/u0a8}
D/ActivityManager(  755): caller:android.app.ApplicationThreadProxy@3799306b, r.packageName :com.google.android.gms
V/BroadcastQueue(  755): [background] Process cur broadcast BroadcastRecord{2acf9ba u0 android.intent.action.DROPBOX_ENTRY_ADDED qIdx=4} DELIVERED for app ProcessRecord{2c69f20e 24608:com.google.android.gms.persistent/u0a8}
D/ActivityManager(  755): startService callerProcessName:com.google.android.gms, calleePkgName: com.google.android.gms
D/ActivityManager(  755): caller:android.app.ApplicationThreadProxy@2875061, r.packageName :com.google.android.gms
D/CustomFrequencyManagerService(  755): releaseDVFSLockLocked : Getting Lock type frm List : DVFS_MIN_LIMIT  frequency : 1200000  uid : 1000  pid : 755  tag : ACTIVITY_RESUME_BOOSTER@12
D/ActivityManager(  755): bindService callerProcessName:com.google.android.gms, calleePkgName: com.google.android.gms, action: com.google.android.gms.gcm.ACTION_TASK_READY
D/StatusBar.MSimNetworkController(  888): refreshViews connected={ wifi } phoneId = 0 level=4 mMSimcombinedSignalIconId=0x0/(null) mMSimcombinedActivityIconId=0x7f02062a mAirplaneMode=true mMSimDataActivity=0 mMSimPhoneSignalIconId=0x0/(null) mMSimDataDirectionIconId=0x0 mMSimDataSignalIconId=0x0 mMSimDataTypeIconId=0x0/(null) mNoMSimIconId=0x0/(null) mMSimMobileActivityIconId=0x0/(null) mWifiIconId=0x7f020678 mBluetoothTetherIconId=0x7f020650 mRoamingIconId=0x 0/(null)
D/StatusBar.MSimNetworkController(  888): refreshSignalCluster : called
D/ActivityManager(  755): startService callerProcessName:com.google.android.gms, calleePkgName: com.google.android.gms
D/ActivityManager(  755): caller:android.app.ApplicationThreadProxy@3287919d, r.packageName :com.google.android.gms
I/libpersona(23517): KNOX_SDCARD checking this for 10008
I/libpersona(23517): KNOX_SDCARD not a persona
I/ActivityManager(  755): Start proc 23517:com.google.android.gms.unstable/u0a8 for service com.google.android.gms/.droidguard.DroidGuardService
W/ResourcesManager(23517): getTopLevelResources: /data/app/com.google.android.gms-2/base.apk / 1.0 running in com.google.android.gms rsrc of package com.google.android.gms
I/InjectionManagerService -AppFeature(  755): getCoreFeaturePkgList :[]
D/ResourcesManager(23517): For user 0 new overlays fetched Null
W/ResourcesManager(23517): Asset path '/system/framework/com.android.media.remotedisplay.jar' does not exist or contains no resources.
W/ResourcesManager(23517): Asset path '/system/framework/com.android.location.provider.jar' does not exist or contains no resources.
D/VoIPInterfaceManager(  755): isVoIPRinging()...
D/VoIPInterfaceManager(  755): isVoIPRunningAndDeregi()...
D/VoIPInterfaceManager(  755): Not exist call session
I/WindowManager(  755): startDockOrHome
D/PowerManagerService(  755): [api] [s] userActivity : event: 0 flags: 0 (uid: 1000 pid: 755) eventTime = 193800453
V/BroadcastQueue(  755): [background] Process cur broadcast BroadcastRecord{3a6941e3 u-1 com.samsung.settings.action.directaccess.CLOSE_DIALOG qIdx=4} DELIVERED for app ProcessRecord{3c4448b7 14090:com.samsung.android.SettingsReceiver/1000}
D/Recents_AlternateRecentsComponent(  888): onHideRecents is getting called
D/Recents_AlternateRecentsComponent( 1023): hideRecents
D/Recents_AlternateRecentsComponent( 1023): onHideRecents is getting called
I/ActivityManagerServicePASS(  755): =========switchBooster 500======
D/CustomFrequencyManagerService(  755): acquireDVFSLockLocked : type : DVFS_MIN_LIMIT  frequency : 1200000  uid : 1000  pid : 755  pkgName : ACTIVITY_RESUME_BOOSTER@6
D/ActivityManager(  755): mDVFSHelper.acquire()
D/ActivityManager(  755):  Launching com.aurhe.ap15, updated priority
V/WindowManager(  755): rotationForOrientationLw(orient=-1, last=0); user=0 USER_ROTATION_LOCKED sensorRotation=-1 mLidState=-1 mDockMode=0 mHdmiPlugged=false mMobileKeyboardEnabled=false
D/PowerManagerService(  755): setKeyboardVisibility: false
D/StatusBarManagerService(  755): manageDisableList userId=0 what=0x0 pkg=Window{35693fee u0 d0 com.aurhe.ap15/com.aurhe.ap15.LauncherActivity}
W/ContextImpl( 1993): Calling a method in the system process without a qualified user: android.app.ContextImpl.sendBroadcast:1748 android.content.ContextWrapper.sendBroadcast:392 com.sec.android.inputmethod.inputmethodframework.InputMethodFrameWorkUtils.setCurrentInputMethodSubtype:49 com.ime.framework.common.InputManagerImpl.finishInput:5029 com.sec.android.inputmethod.SamsungKeypad.onFinishInput:665 
V/WindowStateAnimator(  755): Finishing drawing window Window{35693fee u0 d0 com.aurhe.ap15/com.aurhe.ap15.LauncherActivity}: mDrawState=DRAW_PENDING
D/StatusBarManagerService(  755): manageDisableList userId=0 what=0x0 pkg=Window{35693fee u0 d0 com.aurhe.ap15/com.aurhe.ap15.LauncherActivity}
D/CustomFrequencyManagerService(  755): releaseDVFSLockLocked : Getting Lock type frm List : DVFS_MIN_LIMIT  frequency : 1200000  uid : 1000  pid : 755  tag : ACTIVITY_RESUME_BOOSTER@6
D/ActivityManager(  755): mDVFSHelper.release()
D/CustomFrequencyManagerService(  755): acquireDVFSLockLocked : type : DVFS_MIN_LIMIT  frequency : 1200000  uid : 1000  pid : 755  pkgName : ACTIVITY_RESUME_BOOSTER@12
V/BroadcastQueue(  755): [background] Process cur broadcast BroadcastRecord{27dc4e36 u0 com.a0soft.gphone.uninstaller.ActionShowTodayUsage qIdx=4} DELIVERED for app ProcessRecord{26887c6b 12585:com.a0soft.gphone.uninstaller/u0a179}
V/BroadcastQueue(  755): [background] Process cur broadcast BroadcastRecord{f951c0d u0 com.a0soft.gphone.uninstaller.WidgetUsageProvider.ActionUpdateAllWidgets qIdx=4} DELIVERED for app ProcessRecord{26887c6b 12585:com.a0soft.gphone.uninstaller/u0a179}
V/BroadcastQueue(  755): [background] Process cur broadcast BroadcastRecord{101717c2 u0 com.a0soft.gphone.uninstaller.ActionShowTodayUsage qIdx=4} DELIVERED for app ProcessRecord{26887c6b 12585:com.a0soft.gphone.uninstaller/u0a179}
V/ActivityThread( 3141): updateVisibility : ActivityRecord{257ed688 token=android.os.BinderProxy@3afd59f3 {com.arlosoft.macrodroid/com.arlosoft.macrodroid.editscreen.EditMacroActivity}} show : false
D/CustomFrequencyManagerService(  755): releaseDVFSLockLocked : Getting Lock type frm List : DVFS_MIN_LIMIT  frequency : 1200000  uid : 1000  pid : 755  tag : ACTIVITY_RESUME_BOOSTER@12
V/BroadcastQueue(  755): [background] Process cur broadcast BroadcastRecord{51e69d3 u0 com.a0soft.gphone.uninstaller.WidgetUsageProvider.ActionUpdateAllWidgets qIdx=4} DELIVERED for app ProcessRecord{26887c6b 12585:com.a0soft.gphone.uninstaller/u0a179}
W/ActivityThread(23517): ClassLoader.loadClass: The class loader returned by Thread.getContextClassLoader() may fail for processes that host multiple applications. You should explicitly specify a context class loader. For example: Thread.setContextClassLoader(getClass().getClassLoader());
W/ResourcesManager( 1023): getTopLevelResources: /data/app/com.arlosoft.macrodroid-1/base.apk / 1.0 running in com.android.systemui rsrc of package com.arlosoft.macrodroid
D/ResourcesManager( 1023): For user 0 new overlays fetched Null
D/Recents_RecentsTaskLoader( 1023): getAndUpdateThumbnail getTaskThumbnail
D/StatusBar.MSimNetworkController(  888): refreshViews connected={ wifi } phoneId = 0 level=4 mMSimcombinedSignalIconId=0x0/(null) mMSimcombinedActivityIconId=0x7f020627 mAirplaneMode=true mMSimDataActivity=0 mMSimPhoneSignalIconId=0x0/(null) mMSimDataDirectionIconId=0x0 mMSimDataSignalIconId=0x0 mMSimDataTypeIconId=0x0/(null) mNoMSimIconId=0x0/(null) mMSimMobileActivityIconId=0x0/(null) mWifiIconId=0x7f020678 mBluetoothTetherIconId=0x7f020650 mRoamingIconId=0x 0/(null)
D/StatusBar.MSimNetworkController(  888): refreshSignalCluster : called
D/ActivityManager(  755): bindService callerProcessName:com.google.android.gms, calleePkgName: com.google.android.gms, action: com.google.android.gms.clearcut.service.START
D/CustomFrequencyManagerService(  755): acquireDVFSLockLocked : type : DVFS_MIN_LIMIT  frequency : 1200000  uid : 1000  pid : 755  pkgName : ACTIVITY_RESUME_BOOSTER@6
D/ActivityManager(  755): mDVFSHelper.acquire()
D/ActivityManager(  755):  Launching com.vivaldi.browser, updated priority
D/PowerManagerService(  755): setKeyboardVisibility: false
D/SSRM:a  (  755): DeviceInfo:: 00000000000
D/SSRM:a  (  755): SettingsAirViewInfo:: 000000000
V/BroadcastQueue(  755): [background] Process cur broadcast BroadcastRecord{1b12227d u0 android.intent.action.DROPBOX_ENTRY_ADDED qIdx=4} DELIVERED for app ProcessRecord{2cd29f1c 9641:com.samsung.android.sm/1000}
V/BroadcastQueue(  755): [background] Process cur broadcast BroadcastRecord{1b12227d u0 android.intent.action.DROPBOX_ENTRY_ADDED qIdx=4} DELIVERED for app ProcessRecord{2c69f20e 24608:com.google.android.gms.persistent/u0a8}
D/ActivityManager(  755): caller:android.app.ApplicationThreadProxy@36e8f572, r.packageName :com.google.android.gms
V/BroadcastQueue(  755): [background] Process cur broadcast BroadcastRecord{1b12227d u0 android.intent.action.DROPBOX_ENTRY_ADDED qIdx=4} DELIVERED for app ProcessRecord{2c69f20e 24608:com.google.android.gms.persistent/u0a8}
D/ActivityManager(  755): startService callerProcessName:com.google.android.gms, calleePkgName: com.google.android.gms
D/ActivityManager(  755): caller:android.app.ApplicationThreadProxy@33335640, r.packageName :com.google.android.gms
D/ConnectivityService(  755): listenForNetwork for NetworkRequest [ id=124, legacyType=-1, [ Capabilities: INTERNET&NOT_RESTRICTED&TRUSTED] ]
D/ConnectivityService(  755): handleRegisterNetworkRequest checking NetworkAgentInfo [WIFI_P2P () - 501]
D/ConnectivityService(  755): handleRegisterNetworkRequest checking NetworkAgentInfo [WIFI () - 570]
D/ConnectivityService(  755): apparently satisfied.  currentScore=60
D/ConnectivityService(  755): handleRegisterNetworkRequest checking NetworkAgentInfo [VPN () - 583]
D/ConnectivityService(  755): apparently satisfied.  currentScore=0
D/PackageManager(  755): findPreferredActivity: No PreferredActivities set
D/StatusBarManagerService(  755): manageDisableList userId=0 what=0x0 pkg=Window{2f0f352a u0 d0 com.vivaldi.browser/com.google.android.apps.chrome.Main}
V/WindowStateAnimator(  755): Finishing drawing window Window{b8bcc8d u0 d0 SurfaceView}: mDrawState=DRAW_PENDING
V/WindowStateAnimator(  755): Finishing drawing window Window{b8bcc8d u0 d0 SurfaceView}: mDrawState=READY_TO_SHOW
V/WindowStateAnimator(  755): Finishing drawing window Window{2f0f352a u0 d0 com.vivaldi.browser/com.google.android.apps.chrome.Main}: mDrawState=DRAW_PENDING
D/StatusBarManagerService(  755): manageDisableList userId=0 what=0x0 pkg=Window{2f0f352a u0 d0 com.vivaldi.browser/com.google.android.apps.chrome.Main}
V/BroadcastQueue(  755): [background] Process cur broadcast BroadcastRecord{f445717 u0 com.a0soft.gphone.uninstaller.ActionShowTodayUsage qIdx=4} DELIVERED for app ProcessRecord{26887c6b 12585:com.a0soft.gphone.uninstaller/u0a179}
V/BroadcastQueue(  755): [background] Process cur broadcast BroadcastRecord{56c4704 u0 com.a0soft.gphone.uninstaller.WidgetUsageProvider.ActionUpdateAllWidgets qIdx=4} DELIVERED for app ProcessRecord{26887c6b 12585:com.a0soft.gphone.uninstaller/u0a179}
D/ActivityManager(  755): bindService callerProcessName:com.vivaldi.browser, calleePkgName: com.vivaldi.browser, action: null
W/ContextImpl( 1993): Calling a method in the system process without a qualified user: android.app.ContextImpl.sendBroadcast:1748 android.content.ContextWrapper.sendBroadcast:392 com.sec.android.inputmethod.inputmethodframework.InputMethodFrameWorkUtils.setCurrentInputMethodSubtype:49 com.ime.framework.common.InputManagerImpl.finishInput:5029 com.sec.android.inputmethod.SamsungKeypad.onFinishInput:665 
V/BroadcastQueue(  755): [background] Process cur broadcast BroadcastRecord{2dad4db3 u0 com.a0soft.gphone.uninstaller.ActionShowTodayUsage qIdx=4} DELIVERED for app ProcessRecord{26887c6b 12585:com.a0soft.gphone.uninstaller/u0a179}
V/BroadcastQueue(  755): [background] Process cur broadcast BroadcastRecord{be8cf70 u0 com.a0soft.gphone.uninstaller.WidgetUsageProvider.ActionUpdateAllWidgets qIdx=4} DELIVERED for app ProcessRecord{26887c6b 12585:com.a0soft.gphone.uninstaller/u0a179}
D/CustomFrequencyManagerService(  755): releaseDVFSLockLocked : Getting Lock type frm List : DVFS_MIN_LIMIT  frequency : 1200000  uid : 1000  pid : 755  tag : ACTIVITY_RESUME_BOOSTER@6
D/ActivityManager(  755): mDVFSHelper.release()
D/CustomFrequencyManagerService(  755): acquireDVFSLockLocked : type : DVFS_MIN_LIMIT  frequency : 1200000  uid : 1000  pid : 755  pkgName : ACTIVITY_RESUME_BOOSTER@12
V/WindowStateAnimator(  755): Finishing drawing window Window{b8bcc8d u0 d0 SurfaceView}: mDrawState=HAS_DRAWN
V/ActivityThread( 1174): updateVisibility : ActivityRecord{29b54b7a token=android.os.BinderProxy@1634058 {com.aurhe.ap15/com.aurhe.ap15.LauncherActivity}} show : false
D/CustomFrequencyManagerService(  755): releaseDVFSLockLocked : Getting Lock type frm List : DVFS_MIN_LIMIT  frequency : 1200000  uid : 1000  pid : 755  tag : ACTIVITY_RESUME_BOOSTER@12
I/ActivityManager(  755): Killing 21579:com.sec.android.provider.badge/u0a57 (adj 15): DHA:empty #8
I/ActivityManager(  755): Killing 25792:com.urbandroid.lux/u0a177 (adj 15): DHA:empty #8
I/ActivityManager(  755): Killing 25814:com.sec.android.daemonapp/u0a109 (adj 15): DHA:SPC_empty #8
D/ActivityManager(  755): cleanUpApplicationRecord -- 21579
