D/StatusBar.MSimNetworkController(  888): refreshViews connected={ wifi } phoneId = 0 level=4 mMSimcombinedSignalIconId=0x0/(null) mMSimcombinedActivityIconId=0x7f020627 mAirplaneMode=true mMSimDataActivity=0 mMSimPhoneSignalIconId=0x0/(null) mMSimDataDirectionIconId=0x0 mMSimDataSignalIconId=0x0 mMSimDataTypeIconId=0x0/(null) mNoMSimIconId=0x0/(null) mMSimMobileActivityIconId=0x0/(null) mWifiIconId=0x7f020678 mBluetoothTetherIconId=0x7f020650 mRoamingIconId=0x 0/(null)
D/StatusBar.MSimNetworkController(  888): refreshSignalCluster : called
D/SSRM:n  (  755): SIOP:: AP = 380, CUR = 39, LCD = 82
D/StatusBar.MSimNetworkController(  888): refreshViews connected={ wifi } phoneId = 0 level=4 mMSimcombinedSignalIconId=0x0/(null) mMSimcombinedActivityIconId=0x7f02062a mAirplaneMode=true mMSimDataActivity=0 mMSimPhoneSignalIconId=0x0/(null) mMSimDataDirectionIconId=0x0 mMSimDataSignalIconId=0x0 mMSimDataTypeIconId=0x0/(null) mNoMSimIconId=0x0/(null) mMSimMobileActivityIconId=0x0/(null) mWifiIconId=0x7f020678 mBluetoothTetherIconId=0x7f020650 mRoamingIconId=0x 0/(null)
D/StatusBar.MSimNetworkController(  888): refreshSignalCluster : called
D/BatteryService(  755): !@BatteryListener : batteryPropertiesChanged!
D/BatteryService(  755): level:28, scale:100, status:2, health:2, present:true, voltage: 3661, temperature: 275, technology: Li-ion, AC powered:false, USB powered:true, POGO powered:false, Wireless powered:false, icon:17303411, invalid charger:0
D/BatteryService(  755): online:4, current avg:-140, charge type:1, power sharing:false, high voltage charger:false, capacity:280000, batterySWSelfDischarging:false, current_now:-140
D/BatteryService(  755): Sending ACTION_BATTERY_CHANGED.
I/MotionRecognitionService(  755): Plugged
D/MotionRecognitionService(  755):   cableConnection= 1
D/MotionRecognitionService(  755): setPowerConnected | current backoffstate  = 0 , state =0
D/MotionRecognitionService(  755): skip setTransmitPower. 
D/BatteryMeterView(  888): ACTION_BATTERY_CHANGED : level:28 status:2 health:2
D/BatteryMeterView(  888): ACTION_BATTERY_CHANGED : level:28 status:2 health:2
D/BatteryMeterView(  888): ACTION_BATTERY_CHANGED : level:28 status:2 health:2
D/SSRM:n  (  755): SIOP:: AP = 390, CUR = -140, LCD = 82
D/BatteryService(  755): !@BatteryListener : batteryPropertiesChanged!
D/BatteryService(  755): level:28, scale:100, status:2, health:2, present:true, voltage: 3832, temperature: 275, technology: Li-ion, AC powered:false, USB powered:true, POGO powered:false, Wireless powered:false, icon:17303411, invalid charger:0
D/BatteryService(  755): online:4, current avg:331, charge type:1, power sharing:false, high voltage charger:false, capacity:280000, batterySWSelfDischarging:false, current_now:331
D/BatteryService(  755): Sending ACTION_BATTERY_CHANGED.
I/MotionRecognitionService(  755): Plugged
D/MotionRecognitionService(  755):   cableConnection= 1
D/MotionRecognitionService(  755): setPowerConnected | current backoffstate  = 0 , state =0
D/MotionRecognitionService(  755): skip setTransmitPower. 
D/BatteryMeterView(  888): ACTION_BATTERY_CHANGED : level:28 status:2 health:2
D/BatteryMeterView(  888): ACTION_BATTERY_CHANGED : level:28 status:2 health:2
D/BatteryMeterView(  888): ACTION_BATTERY_CHANGED : level:28 status:2 health:2
D/PowerManagerService(  755): [api] userActivityFromNative : 1090 (event: 2 flags: 0) eventTime = 193987079
W/ContextImpl( 1993): Calling a method in the system process without a qualified user: android.app.ContextImpl.sendBroadcast:1748 android.content.ContextWrapper.sendBroadcast:392 com.sec.android.inputmethod.inputmethodframework.InputMethodFrameWorkUtils.setCurrentInputMethodSubtype:49 com.ime.framework.common.InputManagerImpl.finishInput:5029 com.sec.android.inputmethod.SamsungKeypad.onFinishInput:665 
D/ActivityManager(  755): bindService callerProcessName:com.vivaldi.browser, calleePkgName: com.vivaldi.browser, action: null
D/ActivityManager(  755): bindService callerProcessName:com.vivaldi.browser, calleePkgName: com.vivaldi.browser, action: null
W/ContextImpl( 1993): Calling a method in the system process without a qualified user: android.app.ContextImpl.sendBroadcast:1748 android.content.ContextWrapper.sendBroadcast:392 com.sec.android.inputmethod.inputmethodframework.InputMethodFrameWorkUtils.setCurrentInputMethodSubtype:49 com.ime.framework.common.InputManagerImpl.finishInput:5029 com.sec.android.inputmethod.SamsungKeypad.onFinishInput:665 
D/SSRM:n  (  755): SIOP:: AP = 390, CUR = 331, LCD = 82
W/ContextImpl( 1993): Calling a method in the system process without a qualified user: android.app.ContextImpl.sendBroadcast:1748 android.content.ContextWrapper.sendBroadcast:392 com.sec.android.inputmethod.inputmethodframework.InputMethodFrameWorkUtils.setCurrentInputMethodSubtype:49 com.ime.framework.common.InputManagerImpl.finishInput:5029 com.sec.android.inputmethod.SamsungKeypad.onFinishInput:665 
D/ActivityManager(  755): bindService callerProcessName:com.vivaldi.browser, calleePkgName: com.vivaldi.browser, action: null
D/ActivityManager(  755): bindService callerProcessName:com.vivaldi.browser, calleePkgName: com.vivaldi.browser, action: null
W/ContextImpl( 1993): Calling a method in the system process without a qualified user: android.app.ContextImpl.sendBroadcast:1748 android.content.ContextWrapper.sendBroadcast:392 com.sec.android.inputmethod.inputmethodframework.InputMethodFrameWorkUtils.setCurrentInputMethodSubtype:49 com.ime.framework.common.InputManagerImpl.finishInput:5029 com.sec.android.inputmethod.SamsungKeypad.onFinishInput:665 
E/Watchdog(  755): !@Sync 6465 [01-22 20:12:26.222]
D/StatusBar.MSimNetworkController(  888): refreshViews connected={ wifi } phoneId = 0 level=4 mMSimcombinedSignalIconId=0x0/(null) mMSimcombinedActivityIconId=0x7f02062a mAirplaneMode=true mMSimDataActivity=0 mMSimPhoneSignalIconId=0x0/(null) mMSimDataDirectionIconId=0x0 mMSimDataSignalIconId=0x0 mMSimDataTypeIconId=0x0/(null) mNoMSimIconId=0x0/(null) mMSimMobileActivityIconId=0x0/(null) mWifiIconId=0x7f020675 mBluetoothTetherIconId=0x7f020650 mRoamingIconId=0x 0/(null)
D/StatusBar.MSimNetworkController(  888): refreshSignalCluster : called
V/AlarmManager(  755): waitForAlarm result :8
D/ActivityManager(  755): caller:null, r.packageName :com.urbandroid.lux
D/BatteryService(  755): !@BatteryListener : batteryPropertiesChanged!
D/BatteryService(  755): level:28, scale:100, status:2, health:2, present:true, voltage: 3824, temperature: 275, technology: Li-ion, AC powered:false, USB powered:true, POGO powered:false, Wireless powered:false, icon:17303411, invalid charger:0
D/BatteryService(  755): online:4, current avg:340, charge type:1, power sharing:false, high voltage charger:false, capacity:280000, batterySWSelfDischarging:false, current_now:340
D/BatteryService(  755): Sending ACTION_BATTERY_CHANGED.
I/MotionRecognitionService(  755): Plugged
D/MotionRecognitionService(  755):   cableConnection= 1
D/MotionRecognitionService(  755): setPowerConnected | current backoffstate  = 0 , state =0
D/MotionRecognitionService(  755): skip setTransmitPower. 
D/BatteryMeterView(  888): ACTION_BATTERY_CHANGED : level:28 status:2 health:2
D/BatteryMeterView(  888): ACTION_BATTERY_CHANGED : level:28 status:2 health:2
D/BatteryMeterView(  888): ACTION_BATTERY_CHANGED : level:28 status:2 health:2
W/ContextImpl( 1993): Calling a method in the system process without a qualified user: android.app.ContextImpl.sendBroadcast:1748 android.content.ContextWrapper.sendBroadcast:392 com.sec.android.inputmethod.inputmethodframework.InputMethodFrameWorkUtils.setCurrentInputMethodSubtype:49 com.ime.framework.common.InputManagerImpl.finishInput:5029 com.sec.android.inputmethod.SamsungKeypad.onFinishInput:665 
D/ActivityManager(  755): bindService callerProcessName:com.vivaldi.browser, calleePkgName: com.vivaldi.browser, action: null
D/ActivityManager(  755): bindService callerProcessName:com.vivaldi.browser, calleePkgName: com.vivaldi.browser, action: null
W/ContextImpl( 1993): Calling a method in the system process without a qualified user: android.app.ContextImpl.sendBroadcast:1748 android.content.ContextWrapper.sendBroadcast:392 com.sec.android.inputmethod.inputmethodframework.InputMethodFrameWorkUtils.setCurrentInputMethodSubtype:49 com.ime.framework.common.InputManagerImpl.finishInput:5029 com.sec.android.inputmethod.SamsungKeypad.onFinishInput:665 
D/SSRM:n  (  755): SIOP:: AP = 380, CUR = 340, LCD = 82
D/StatusBar.MSimNetworkController(  888): refreshViews connected={ wifi } phoneId = 0 level=4 mMSimcombinedSignalIconId=0x0/(null) mMSimcombinedActivityIconId=0x7f02062a mAirplaneMode=true mMSimDataActivity=0 mMSimPhoneSignalIconId=0x0/(null) mMSimDataDirectionIconId=0x0 mMSimDataSignalIconId=0x0 mMSimDataTypeIconId=0x0/(null) mNoMSimIconId=0x0/(null) mMSimMobileActivityIconId=0x0/(null) mWifiIconId=0x7f020678 mBluetoothTetherIconId=0x7f020650 mRoamingIconId=0x 0/(null)
D/StatusBar.MSimNetworkController(  888): refreshSignalCluster : called
D/BatteryService(  755): !@BatteryListener : batteryPropertiesChanged!
D/BatteryService(  755): level:28, scale:100, status:2, health:2, present:true, voltage: 3825, temperature: 275, technology: Li-ion, AC powered:false, USB powered:true, POGO powered:false, Wireless powered:false, icon:17303411, invalid charger:0
D/BatteryService(  755): online:4, current avg:304, charge type:1, power sharing:false, high voltage charger:false, capacity:280000, batterySWSelfDischarging:false, current_now:304
D/BatteryService(  755): Sending ACTION_BATTERY_CHANGED.
I/MotionRecognitionService(  755): Plugged
D/MotionRecognitionService(  755):   cableConnection= 1
D/MotionRecognitionService(  755): setPowerConnected | current backoffstate  = 0 , state =0
D/MotionRecognitionService(  755): skip setTransmitPower. 
D/BatteryMeterView(  888): ACTION_BATTERY_CHANGED : level:28 status:2 health:2
D/BatteryMeterView(  888): ACTION_BATTERY_CHANGED : level:28 status:2 health:2
D/BatteryMeterView(  888): ACTION_BATTERY_CHANGED : level:28 status:2 health:2
D/SSRM:n  (  755): SIOP:: AP = 380, CUR = 304, LCD = 82
D/BatteryService(  755): !@BatteryListener : batteryPropertiesChanged!
D/BatteryService(  755): level:28, scale:100, status:2, health:2, present:true, voltage: 3837, temperature: 276, technology: Li-ion, AC powered:false, USB powered:true, POGO powered:false, Wireless powered:false, icon:17303411, invalid charger:0
D/BatteryService(  755): online:4, current avg:344, charge type:1, power sharing:false, high voltage charger:false, capacity:280000, batterySWSelfDischarging:false, current_now:344
D/BatteryService(  755): Sending ACTION_BATTERY_CHANGED.
I/MotionRecognitionService(  755): Plugged
D/MotionRecognitionService(  755):   cableConnection= 1
D/MotionRecognitionService(  755): setPowerConnected | current backoffstate  = 0 , state =0
D/MotionRecognitionService(  755): skip setTransmitPower. 
D/BatteryMeterView(  888): ACTION_BATTERY_CHANGED : level:28 status:2 health:2
D/BatteryMeterView(  888): ACTION_BATTERY_CHANGED : level:28 status:2 health:2
D/BatteryMeterView(  888): ACTION_BATTERY_CHANGED : level:28 status:2 health:2
D/SSRM:n  (  755): SIOP:: AP = 380, CUR = 344, LCD = 82
E/Watchdog(  755): !@Sync 6466 [01-22 20:12:56.223]
V/AlarmManager(  755): waitForAlarm result :8
D/ActivityManager(  755): caller:null, r.packageName :com.urbandroid.lux
D/BatteryService(  755): !@BatteryListener : batteryPropertiesChanged!
D/BatteryService(  755): level:28, scale:100, status:2, health:2, present:true, voltage: 3838, temperature: 276, technology: Li-ion, AC powered:false, USB powered:true, POGO powered:false, Wireless powered:false, icon:17303411, invalid charger:0
D/BatteryService(  755): online:4, current avg:344, charge type:1, power sharing:false, high voltage charger:false, capacity:280000, batterySWSelfDischarging:false, current_now:344
D/BatteryService(  755): Sending ACTION_BATTERY_CHANGED.
I/MotionRecognitionService(  755): Plugged
D/MotionRecognitionService(  755):   cableConnection= 1
D/MotionRecognitionService(  755): setPowerConnected | current backoffstate  = 0 , state =0
D/MotionRecognitionService(  755): skip setTransmitPower. 
D/BatteryMeterView(  888): ACTION_BATTERY_CHANGED : level:28 status:2 health:2
D/BatteryMeterView(  888): ACTION_BATTERY_CHANGED : level:28 status:2 health:2
D/BatteryMeterView(  888): ACTION_BATTERY_CHANGED : level:28 status:2 health:2
V/AlarmManager(  755): waitForAlarm result :8
D/SSRM:n  (  755): SIOP:: AP = 380, CUR = 344, LCD = 82
D/BatteryService(  755): !@BatteryListener : batteryPropertiesChanged!
D/BatteryService(  755): level:28, scale:100, status:2, health:2, present:true, voltage: 3827, temperature: 276, technology: Li-ion, AC powered:false, USB powered:true, POGO powered:false, Wireless powered:false, icon:17303411, invalid charger:0
D/BatteryService(  755): online:4, current avg:297, charge type:1, power sharing:false, high voltage charger:false, capacity:280000, batterySWSelfDischarging:false, current_now:297
D/BatteryService(  755): Sending ACTION_BATTERY_CHANGED.
I/MotionRecognitionService(  755): Plugged
D/MotionRecognitionService(  755):   cableConnection= 1
D/MotionRecognitionService(  755): setPowerConnected | current backoffstate  = 0 , state =0
D/MotionRecognitionService(  755): skip setTransmitPower. 
D/BatteryMeterView(  888): ACTION_BATTERY_CHANGED : level:28 status:2 health:2
D/BatteryMeterView(  888): ACTION_BATTERY_CHANGED : level:28 status:2 health:2
D/BatteryMeterView(  888): ACTION_BATTERY_CHANGED : level:28 status:2 health:2
D/SSRM:n  (  755): SIOP:: AP = 380, CUR = 297, LCD = 82
D/BatteryService(  755): !@BatteryListener : batteryPropertiesChanged!
D/BatteryService(  755): level:28, scale:100, status:2, health:2, present:true, voltage: 3838, temperature: 276, technology: Li-ion, AC powered:false, USB powered:true, POGO powered:false, Wireless powered:false, icon:17303411, invalid charger:0
D/BatteryService(  755): online:4, current avg:331, charge type:1, power sharing:false, high voltage charger:false, capacity:280000, batterySWSelfDischarging:false, current_now:331
D/BatteryService(  755): Sending ACTION_BATTERY_CHANGED.
I/MotionRecognitionService(  755): Plugged
D/MotionRecognitionService(  755):   cableConnection= 1
D/MotionRecognitionService(  755): setPowerConnected | current backoffstate  = 0 , state =0
D/MotionRecognitionService(  755): skip setTransmitPower. 
D/BatteryMeterView(  888): ACTION_BATTERY_CHANGED : level:28 status:2 health:2
D/BatteryMeterView(  888): ACTION_BATTERY_CHANGED : level:28 status:2 health:2
D/BatteryMeterView(  888): ACTION_BATTERY_CHANGED : level:28 status:2 health:2
D/SSRM:n  (  755): SIOP:: AP = 380, CUR = 331, LCD = 82
E/Watchdog(  755): !@Sync 6467 [01-22 20:13:26.224]
V/AlarmManager(  755): waitForAlarm result :8
D/ActivityManager(  755): caller:null, r.packageName :com.urbandroid.lux
D/BatteryService(  755): !@BatteryListener : batteryPropertiesChanged!
D/BatteryService(  755): level:28, scale:100, status:2, health:2, present:true, voltage: 3831, temperature: 276, technology: Li-ion, AC powered:false, USB powered:true, POGO powered:false, Wireless powered:false, icon:17303411, invalid charger:0
D/BatteryService(  755): online:4, current avg:305, charge type:1, power sharing:false, high voltage charger:false, capacity:280000, batterySWSelfDischarging:false, current_now:305
D/BatteryService(  755): Sending ACTION_BATTERY_CHANGED.
I/MotionRecognitionService(  755): Plugged
D/MotionRecognitionService(  755):   cableConnection= 1
D/MotionRecognitionService(  755): setPowerConnected | current backoffstate  = 0 , state =0
D/MotionRecognitionService(  755): skip setTransmitPower. 
D/BatteryMeterView(  888): ACTION_BATTERY_CHANGED : level:28 status:2 health:2
D/BatteryMeterView(  888): ACTION_BATTERY_CHANGED : level:28 status:2 health:2
D/BatteryMeterView(  888): ACTION_BATTERY_CHANGED : level:28 status:2 health:2
D/StatusBar.MSimNetworkController(  888): refreshViews connected={ wifi } phoneId = 0 level=4 mMSimcombinedSignalIconId=0x0/(null) mMSimcombinedActivityIconId=0x7f020627 mAirplaneMode=true mMSimDataActivity=0 mMSimPhoneSignalIconId=0x0/(null) mMSimDataDirectionIconId=0x0 mMSimDataSignalIconId=0x0 mMSimDataTypeIconId=0x0/(null) mNoMSimIconId=0x0/(null) mMSimMobileActivityIconId=0x0/(null) mWifiIconId=0x7f020678 mBluetoothTetherIconId=0x7f020650 mRoamingIconId=0x 0/(null)
D/StatusBar.MSimNetworkController(  888): refreshSignalCluster : called
D/SSRM:n  (  755): SIOP:: AP = 370, CUR = 305, LCD = 82
D/StatusBar.MSimNetworkController(  888): refreshViews connected={ wifi } phoneId = 0 level=4 mMSimcombinedSignalIconId=0x0/(null) mMSimcombinedActivityIconId=0x7f02062a mAirplaneMode=true mMSimDataActivity=0 mMSimPhoneSignalIconId=0x0/(null) mMSimDataDirectionIconId=0x0 mMSimDataSignalIconId=0x0 mMSimDataTypeIconId=0x0/(null) mNoMSimIconId=0x0/(null) mMSimMobileActivityIconId=0x0/(null) mWifiIconId=0x7f020678 mBluetoothTetherIconId=0x7f020650 mRoamingIconId=0x 0/(null)
D/StatusBar.MSimNetworkController(  888): refreshSignalCluster : called
D/BatteryService(  755): !@BatteryListener : batteryPropertiesChanged!
D/BatteryService(  755): level:28, scale:100, status:2, health:2, present:true, voltage: 3827, temperature: 277, technology: Li-ion, AC powered:false, USB powered:true, POGO powered:false, Wireless powered:false, icon:17303411, invalid charger:0
D/BatteryService(  755): online:4, current avg:303, charge type:1, power sharing:false, high voltage charger:false, capacity:280000, batterySWSelfDischarging:false, current_now:303
D/BatteryService(  755): Sending ACTION_BATTERY_CHANGED.
I/MotionRecognitionService(  755): Plugged
D/MotionRecognitionService(  755):   cableConnection= 1
D/MotionRecognitionService(  755): setPowerConnected | current backoffstate  = 0 , state =0
D/MotionRecognitionService(  755): skip setTransmitPower. 
D/BatteryMeterView(  888): ACTION_BATTERY_CHANGED : level:28 status:2 health:2
D/BatteryMeterView(  888): ACTION_BATTERY_CHANGED : level:28 status:2 health:2
D/BatteryMeterView(  888): ACTION_BATTERY_CHANGED : level:28 status:2 health:2
D/SSRM:n  (  755): SIOP:: AP = 380, CUR = 303, LCD = 82
D/StatusBar.MSimNetworkController(  888): refreshViews connected={ wifi } phoneId = 0 level=4 mMSimcombinedSignalIconId=0x0/(null) mMSimcombinedActivityIconId=0x7f02062a mAirplaneMode=true mMSimDataActivity=0 mMSimPhoneSignalIconId=0x0/(null) mMSimDataDirectionIconId=0x0 mMSimDataSignalIconId=0x0 mMSimDataTypeIconId=0x0/(null) mNoMSimIconId=0x0/(null) mMSimMobileActivityIconId=0x0/(null) mWifiIconId=0x7f020675 mBluetoothTetherIconId=0x7f020650 mRoamingIconId=0x 0/(null)
D/StatusBar.MSimNetworkController(  888): refreshSignalCluster : called
D/BatteryService(  755): !@BatteryListener : batteryPropertiesChanged!
D/BatteryService(  755): level:28, scale:100, status:2, health:2, present:true, voltage: 3837, temperature: 277, technology: Li-ion, AC powered:false, USB powered:true, POGO powered:false, Wireless powered:false, icon:17303411, invalid charger:0
D/BatteryService(  755): online:4, current avg:328, charge type:1, power sharing:false, high voltage charger:false, capacity:280000, batterySWSelfDischarging:false, current_now:328
D/BatteryService(  755): Sending ACTION_BATTERY_CHANGED.
I/MotionRecognitionService(  755): Plugged
D/MotionRecognitionService(  755):   cableConnection= 1
D/MotionRecognitionService(  755): setPowerConnected | current backoffstate  = 0 , state =0
D/MotionRecognitionService(  755): skip setTransmitPower. 
D/BatteryMeterView(  888): ACTION_BATTERY_CHANGED : level:28 status:2 health:2
D/BatteryMeterView(  888): ACTION_BATTERY_CHANGED : level:28 status:2 health:2
D/BatteryMeterView(  888): ACTION_BATTERY_CHANGED : level:28 status:2 health:2
D/SSRM:n  (  755): SIOP:: AP = 380, CUR = 328, LCD = 82
E/Watchdog(  755): !@Sync 6468 [01-22 20:13:56.225]
D/StatusBar.MSimNetworkController(  888): refreshViews connected={ wifi } phoneId = 0 level=4 mMSimcombinedSignalIconId=0x0/(null) mMSimcombinedActivityIconId=0x7f02062a mAirplaneMode=true mMSimDataActivity=0 mMSimPhoneSignalIconId=0x0/(null) mMSimDataDirectionIconId=0x0 mMSimDataSignalIconId=0x0 mMSimDataTypeIconId=0x0/(null) mNoMSimIconId=0x0/(null) mMSimMobileActivityIconId=0x0/(null) mWifiIconId=0x7f020678 mBluetoothTetherIconId=0x7f020650 mRoamingIconId=0x 0/(null)
D/StatusBar.MSimNetworkController(  888): refreshSignalCluster : called
D/BatteryService(  755): !@BatteryListener : batteryPropertiesChanged!
D/BatteryService(  755): level:28, scale:100, status:2, health:2, present:true, voltage: 3840, temperature: 277, technology: Li-ion, AC powered:false, USB powered:true, POGO powered:false, Wireless powered:false, icon:17303411, invalid charger:0
D/BatteryService(  755): online:4, current avg:339, charge type:1, power sharing:false, high voltage charger:false, capacity:280000, batterySWSelfDischarging:false, current_now:339
D/BatteryService(  755): Sending ACTION_BATTERY_CHANGED.
V/AlarmManager(  755): waitForAlarm result :8
I/MotionRecognitionService(  755): Plugged
D/MotionRecognitionService(  755):   cableConnection= 1
D/MotionRecognitionService(  755): setPowerConnected | current backoffstate  = 0 , state =0
D/MotionRecognitionService(  755): skip setTransmitPower. 
D/BatteryMeterView(  888): ACTION_BATTERY_CHANGED : level:28 status:2 health:2
D/BatteryMeterView(  888): ACTION_BATTERY_CHANGED : level:28 status:2 health:2
D/BatteryMeterView(  888): ACTION_BATTERY_CHANGED : level:28 status:2 health:2
D/ActivityManager(  755): caller:null, r.packageName :com.urbandroid.lux
V/AlarmManager(  755): waitForAlarm result :8
D/SSRM:n  (  755): SIOP:: AP = 380, CUR = 339, LCD = 82
D/BatteryService(  755): !@BatteryListener : batteryPropertiesChanged!
D/BatteryService(  755): level:28, scale:100, status:2, health:2, present:true, voltage: 3831, temperature: 277, technology: Li-ion, AC powered:false, USB powered:true, POGO powered:false, Wireless powered:false, icon:17303411, invalid charger:0
D/BatteryService(  755): online:4, current avg:303, charge type:1, power sharing:false, high voltage charger:false, capacity:280000, batterySWSelfDischarging:false, current_now:303
D/BatteryService(  755): Sending ACTION_BATTERY_CHANGED.
I/MotionRecognitionService(  755): Plugged
D/MotionRecognitionService(  755):   cableConnection= 1
D/MotionRecognitionService(  755): setPowerConnected | current backoffstate  = 0 , state =0
D/MotionRecognitionService(  755): skip setTransmitPower. 
D/BatteryMeterView(  888): ACTION_BATTERY_CHANGED : level:28 status:2 health:2
D/BatteryMeterView(  888): ACTION_BATTERY_CHANGED : level:28 status:2 health:2
D/BatteryMeterView(  888): ACTION_BATTERY_CHANGED : level:28 status:2 health:2
D/SSRM:n  (  755): SIOP:: AP = 380, CUR = 303, LCD = 82
D/BatteryService(  755): !@BatteryListener : batteryPropertiesChanged!
D/BatteryService(  755): level:28, scale:100, status:2, health:2, present:true, voltage: 3831, temperature: 278, technology: Li-ion, AC powered:false, USB powered:true, POGO powered:false, Wireless powered:false, icon:17303411, invalid charger:0
D/BatteryService(  755): online:4, current avg:297, charge type:1, power sharing:false, high voltage charger:false, capacity:280000, batterySWSelfDischarging:false, current_now:297
D/BatteryService(  755): Sending ACTION_BATTERY_CHANGED.
I/MotionRecognitionService(  755): Plugged
D/MotionRecognitionService(  755):   cableConnection= 1
D/MotionRecognitionService(  755): setPowerConnected | current backoffstate  = 0 , state =0
D/MotionRecognitionService(  755): skip setTransmitPower. 
D/BatteryMeterView(  888): ACTION_BATTERY_CHANGED : level:28 status:2 health:2
D/BatteryMeterView(  888): ACTION_BATTERY_CHANGED : level:28 status:2 health:2
D/BatteryMeterView(  888): ACTION_BATTERY_CHANGED : level:28 status:2 health:2
D/SSRM:n  (  755): SIOP:: AP = 380, CUR = 297, LCD = 82
E/Watchdog(  755): !@Sync 6469 [01-22 20:14:26.226]
D/BatteryService(  755): !@BatteryListener : batteryPropertiesChanged!
D/BatteryService(  755): level:28, scale:100, status:2, health:2, present:true, voltage: 3847, temperature: 278, technology: Li-ion, AC powered:false, USB powered:true, POGO powered:false, Wireless powered:false, icon:17303411, invalid charger:0
D/BatteryService(  755): online:4, current avg:345, charge type:1, power sharing:false, high voltage charger:false, capacity:280000, batterySWSelfDischarging:false, current_now:345
D/BatteryService(  755): Sending ACTION_BATTERY_CHANGED.
I/MotionRecognitionService(  755): Plugged
D/MotionRecognitionService(  755):   cableConnection= 1
D/MotionRecognitionService(  755): setPowerConnected | current backoffstate  = 0 , state =0
D/MotionRecognitionService(  755): skip setTransmitPower. 
D/BatteryMeterView(  888): ACTION_BATTERY_CHANGED : level:28 status:2 health:2
D/BatteryMeterView(  888): ACTION_BATTERY_CHANGED : level:28 status:2 health:2
D/BatteryMeterView(  888): ACTION_BATTERY_CHANGED : level:28 status:2 health:2
V/AlarmManager(  755): waitForAlarm result :8
D/ActivityManager(  755): caller:null, r.packageName :com.urbandroid.lux
D/StatusBar.MSimNetworkController(  888): refreshViews connected={ wifi } phoneId = 0 level=4 mMSimcombinedSignalIconId=0x0/(null) mMSimcombinedActivityIconId=0x7f020627 mAirplaneMode=true mMSimDataActivity=0 mMSimPhoneSignalIconId=0x0/(null) mMSimDataDirectionIconId=0x0 mMSimDataSignalIconId=0x0 mMSimDataTypeIconId=0x0/(null) mNoMSimIconId=0x0/(null) mMSimMobileActivityIconId=0x0/(null) mWifiIconId=0x7f020678 mBluetoothTetherIconId=0x7f020650 mRoamingIconId=0x 0/(null)
D/StatusBar.MSimNetworkController(  888): refreshSignalCluster : called
D/SSRM:n  (  755): SIOP:: AP = 370, CUR = 345, LCD = 82
D/StatusBar.MSimNetworkController(  888): refreshViews connected={ wifi } phoneId = 0 level=4 mMSimcombinedSignalIconId=0x0/(null) mMSimcombinedActivityIconId=0x7f02062a mAirplaneMode=true mMSimDataActivity=0 mMSimPhoneSignalIconId=0x0/(null) mMSimDataDirectionIconId=0x0 mMSimDataSignalIconId=0x0 mMSimDataTypeIconId=0x0/(null) mNoMSimIconId=0x0/(null) mMSimMobileActivityIconId=0x0/(null) mWifiIconId=0x7f020678 mBluetoothTetherIconId=0x7f020650 mRoamingIconId=0x 0/(null)
D/StatusBar.MSimNetworkController(  888): refreshSignalCluster : called
D/BatteryService(  755): !@BatteryListener : batteryPropertiesChanged!
D/BatteryService(  755): level:28, scale:100, status:2, health:2, present:true, voltage: 3845, temperature: 278, technology: Li-ion, AC powered:false, USB powered:true, POGO powered:false, Wireless powered:false, icon:17303411, invalid charger:0
D/BatteryService(  755): online:4, current avg:345, charge type:1, power sharing:false, high voltage charger:false, capacity:280000, batterySWSelfDischarging:false, current_now:345
D/BatteryService(  755): Sending ACTION_BATTERY_CHANGED.
I/MotionRecognitionService(  755): Plugged
D/MotionRecognitionService(  755):   cableConnection= 1
D/MotionRecognitionService(  755): setPowerConnected | current backoffstate  = 0 , state =0
D/MotionRecognitionService(  755): skip setTransmitPower. 
D/BatteryMeterView(  888): ACTION_BATTERY_CHANGED : level:28 status:2 health:2
D/BatteryMeterView(  888): ACTION_BATTERY_CHANGED : level:28 status:2 health:2
D/BatteryMeterView(  888): ACTION_BATTERY_CHANGED : level:28 status:2 health:2
D/SSRM:n  (  755): SIOP:: AP = 380, CUR = 345, LCD = 82
D/BatteryService(  755): !@BatteryListener : batteryPropertiesChanged!
D/BatteryService(  755): level:28, scale:100, status:2, health:2, present:true, voltage: 3845, temperature: 279, technology: Li-ion, AC powered:false, USB powered:true, POGO powered:false, Wireless powered:false, icon:17303411, invalid charger:0
D/BatteryService(  755): online:4, current avg:343, charge type:1, power sharing:false, high voltage charger:false, capacity:280000, batterySWSelfDischarging:false, current_now:343
D/BatteryService(  755): Sending ACTION_BATTERY_CHANGED.
I/MotionRecognitionService(  755): Plugged
D/MotionRecognitionService(  755):   cableConnection= 1
D/MotionRecognitionService(  755): setPowerConnected | current backoffstate  = 0 , state =0
D/MotionRecognitionService(  755): skip setTransmitPower. 
D/BatteryMeterView(  888): ACTION_BATTERY_CHANGED : level:28 status:2 health:2
D/BatteryMeterView(  888): ACTION_BATTERY_CHANGED : level:28 status:2 health:2
D/BatteryMeterView(  888): ACTION_BATTERY_CHANGED : level:28 status:2 health:2
D/SSRM:n  (  755): SIOP:: AP = 380, CUR = 343, LCD = 82
E/Watchdog(  755): !@Sync 6470 [01-22 20:14:56.227]
D/BatteryService(  755): !@BatteryListener : batteryPropertiesChanged!
D/BatteryService(  755): level:28, scale:100, status:2, health:2, present:true, voltage: 3845, temperature: 279, technology: Li-ion, AC powered:false, USB powered:true, POGO powered:false, Wireless powered:false, icon:17303411, invalid charger:0
D/BatteryService(  755): online:4, current avg:340, charge type:1, power sharing:false, high voltage charger:false, capacity:280000, batterySWSelfDischarging:false, current_now:340
D/BatteryService(  755): Sending ACTION_BATTERY_CHANGED.
I/MotionRecognitionService(  755): Plugged
D/MotionRecognitionService(  755):   cableConnection= 1
D/MotionRecognitionService(  755): setPowerConnected | current backoffstate  = 0 , state =0
D/MotionRecognitionService(  755): skip setTransmitPower. 
D/BatteryMeterView(  888): ACTION_BATTERY_CHANGED : level:28 status:2 health:2
D/BatteryMeterView(  888): ACTION_BATTERY_CHANGED : level:28 status:2 health:2
D/BatteryMeterView(  888): ACTION_BATTERY_CHANGED : level:28 status:2 health:2
V/AlarmManager(  755): waitForAlarm result :8
D/ActivityManager(  755): caller:null, r.packageName :com.urbandroid.lux
V/AlarmManager(  755): waitForAlarm result :8
D/SSRM:n  (  755): SIOP:: AP = 380, CUR = 340, LCD = 82
D/BatteryService(  755): !@BatteryListener : batteryPropertiesChanged!
D/BatteryService(  755): level:28, scale:100, status:2, health:2, present:true, voltage: 3845, temperature: 279, technology: Li-ion, AC powered:false, USB powered:true, POGO powered:false, Wireless powered:false, icon:17303411, invalid charger:0
D/BatteryService(  755): online:4, current avg:337, charge type:1, power sharing:false, high voltage charger:false, capacity:280000, batterySWSelfDischarging:false, current_now:337
D/BatteryService(  755): Sending ACTION_BATTERY_CHANGED.
I/MotionRecognitionService(  755): Plugged
D/MotionRecognitionService(  755):   cableConnection= 1
D/MotionRecognitionService(  755): setPowerConnected | current backoffstate  = 0 , state =0
D/MotionRecognitionService(  755): skip setTransmitPower. 
D/BatteryMeterView(  888): ACTION_BATTERY_CHANGED : level:28 status:2 health:2
D/BatteryMeterView(  888): ACTION_BATTERY_CHANGED : level:28 status:2 health:2
D/BatteryMeterView(  888): ACTION_BATTERY_CHANGED : level:28 status:2 health:2
D/SSRM:n  (  755): SIOP:: AP = 380, CUR = 337, LCD = 82
D/BatteryService(  755): !@BatteryListener : batteryPropertiesChanged!
D/BatteryService(  755): level:28, scale:100, status:2, health:2, present:true, voltage: 3845, temperature: 279, technology: Li-ion, AC powered:false, USB powered:true, POGO powered:false, Wireless powered:false, icon:17303411, invalid charger:0
D/BatteryService(  755): online:4, current avg:330, charge type:1, power sharing:false, high voltage charger:false, capacity:280000, batterySWSelfDischarging:false, current_now:330
D/BatteryService(  755): Sending ACTION_BATTERY_CHANGED.
I/MotionRecognitionService(  755): Plugged
D/MotionRecognitionService(  755):   cableConnection= 1
D/MotionRecognitionService(  755): setPowerConnected | current backoffstate  = 0 , state =0
D/MotionRecognitionService(  755): skip setTransmitPower. 
D/BatteryMeterView(  888): ACTION_BATTERY_CHANGED : level:28 status:2 health:2
D/BatteryMeterView(  888): ACTION_BATTERY_CHANGED : level:28 status:2 health:2
D/BatteryMeterView(  888): ACTION_BATTERY_CHANGED : level:28 status:2 health:2
D/SSRM:n  (  755): SIOP:: AP = 380, CUR = 330, LCD = 82
E/Watchdog(  755): !@Sync 6471 [01-22 20:15:26.228]
D/BatteryService(  755): !@BatteryListener : batteryPropertiesChanged!
D/BatteryService(  755): level:28, scale:100, status:2, health:2, present:true, voltage: 3848, temperature: 279, technology: Li-ion, AC powered:false, USB powered:true, POGO powered:false, Wireless powered:false, icon:17303411, invalid charger:0
D/BatteryService(  755): online:4, current avg:342, charge type:1, power sharing:false, high voltage charger:false, capacity:280000, batterySWSelfDischarging:false, current_now:342
D/BatteryService(  755): Sending ACTION_BATTERY_CHANGED.
I/MotionRecognitionService(  755): Plugged
D/MotionRecognitionService(  755):   cableConnection= 1
D/MotionRecognitionService(  755): setPowerConnected | current backoffstate  = 0 , state =0
D/MotionRecognitionService(  755): skip setTransmitPower. 
D/BatteryMeterView(  888): ACTION_BATTERY_CHANGED : level:28 status:2 health:2
D/BatteryMeterView(  888): ACTION_BATTERY_CHANGED : level:28 status:2 health:2
D/BatteryMeterView(  888): ACTION_BATTERY_CHANGED : level:28 status:2 health:2
V/AlarmManager(  755): waitForAlarm result :8
D/ActivityManager(  755): caller:null, r.packageName :com.urbandroid.lux
V/AlarmManager(  755): waitForAlarm result :8
D/ActivityManager(  755): caller:null, r.packageName :com.urbandroid.lux
D/StatusBar.MSimNetworkController(  888): refreshViews connected={ wifi } phoneId = 0 level=4 mMSimcombinedSignalIconId=0x0/(null) mMSimcombinedActivityIconId=0x7f020627 mAirplaneMode=true mMSimDataActivity=0 mMSimPhoneSignalIconId=0x0/(null) mMSimDataDirectionIconId=0x0 mMSimDataSignalIconId=0x0 mMSimDataTypeIconId=0x0/(null) mNoMSimIconId=0x0/(null) mMSimMobileActivityIconId=0x0/(null) mWifiIconId=0x7f020678 mBluetoothTetherIconId=0x7f020650 mRoamingIconId=0x 0/(null)
D/StatusBar.MSimNetworkController(  888): refreshSignalCluster : called
D/SSRM:n  (  755): SIOP:: AP = 380, CUR = 342, LCD = 82
D/StatusBar.MSimNetworkController(  888): refreshViews connected={ wifi } phoneId = 0 level=4 mMSimcombinedSignalIconId=0x0/(null) mMSimcombinedActivityIconId=0x7f02062a mAirplaneMode=true mMSimDataActivity=0 mMSimPhoneSignalIconId=0x0/(null) mMSimDataDirectionIconId=0x0 mMSimDataSignalIconId=0x0 mMSimDataTypeIconId=0x0/(null) mNoMSimIconId=0x0/(null) mMSimMobileActivityIconId=0x0/(null) mWifiIconId=0x7f020678 mBluetoothTetherIconId=0x7f020650 mRoamingIconId=0x 0/(null)
D/StatusBar.MSimNetworkController(  888): refreshSignalCluster : called
D/BatteryService(  755): !@BatteryListener : batteryPropertiesChanged!
D/BatteryService(  755): level:28, scale:100, status:2, health:2, present:true, voltage: 3845, temperature: 280, technology: Li-ion, AC powered:false, USB powered:true, POGO powered:false, Wireless powered:false, icon:17303411, invalid charger:0
D/BatteryService(  755): online:4, current avg:342, charge type:1, power sharing:false, high voltage charger:false, capacity:280000, batterySWSelfDischarging:false, current_now:342
D/BatteryService(  755): Sending ACTION_BATTERY_CHANGED.
I/MotionRecognitionService(  755): Plugged
D/MotionRecognitionService(  755):   cableConnection= 1
D/MotionRecognitionService(  755): setPowerConnected | current backoffstate  = 0 , state =0
D/MotionRecognitionService(  755): skip setTransmitPower. 
D/BatteryMeterView(  888): ACTION_BATTERY_CHANGED : level:28 status:2 health:2
D/BatteryMeterView(  888): ACTION_BATTERY_CHANGED : level:28 status:2 health:2
D/BatteryMeterView(  888): ACTION_BATTERY_CHANGED : level:28 status:2 health:2
D/SSRM:n  (  755): SIOP:: AP = 380, CUR = 342, LCD = 82
V/AlarmManager(  755): waitForAlarm result :8
V/NetworkStats(  755): performPollLocked(flags=0x3)
V/NetworkStats(  755): performPollLocked() took 51ms
V/BroadcastQueue(  755): [background] Process cur broadcast BroadcastRecord{2c6b4b7a u0 com.google.android.gms.gcm.ACTION_CHECK_QUEUE qIdx=4} DELIVERED for app ProcessRecord{2c69f20e 24608:com.google.android.gms.persistent/u0a8}
D/ActivityManager(  755): bindService callerProcessName:com.google.android.gms, calleePkgName: com.google.android.gms, action: com.google.android.gms.gcm.ACTION_TASK_READY
D/ActivityManager(  755): bindService callerProcessName:com.google.android.gms, calleePkgName: com.google.android.gms, action: com.google.android.gms.fido.fido2.regular.START
D/ActivityManager(  755): bindService callerProcessName:com.google.android.gms, calleePkgName: com.google.android.gms, action: com.google.android.gms.ocr.service.START
D/ActivityManager(  755): startService callerProcessName:com.google.android.gms, calleePkgName: com.google.android.gms
D/ActivityManager(  755): caller:android.app.ApplicationThreadProxy@155da8a3, r.packageName :com.google.android.gms
D/ActivityManager(  755): bindService callerProcessName:com.google.android.gms, calleePkgName: com.google.android.gms, action: com.google.android.gms.clearcut.service.START
D/ActivityManager(  755): bindService callerProcessName:com.google.android.gms, calleePkgName: com.google.android.gms, action: com.google.android.gms.ocr.service.internal.START
D/ActivityManager(  755): startService callerProcessName:com.google.android.gms, calleePkgName: com.google.android.gms
D/ActivityManager(  755): caller:android.app.ApplicationThreadProxy@239b8815, r.packageName :com.google.android.gms
D/ActivityManager(  755): bindService callerProcessName:com.google.android.gms, calleePkgName: com.google.android.gms, action: null
D/ActivityManager(  755): bindService callerProcessName:com.google.android.gms, calleePkgName: com.google.android.gms, action: com.google.android.gms.clearcut.service.START
D/ActivityManager(  755): bindService callerProcessName:com.google.android.gms, calleePkgName: com.google.android.gms, action: com.google.android.gms.auth.account.workaccount.START
D/ActivityManager(  755): bindService callerProcessName:com.google.android.gms, calleePkgName: com.google.android.gms, action: null
V/BroadcastQueue(  755): [background] Process cur broadcast BroadcastRecord{2824c0c9 u0 android.intent.action.DROPBOX_ENTRY_ADDED qIdx=4} DELIVERED for app ProcessRecord{2cd29f1c 9641:com.samsung.android.sm/1000}
V/BroadcastQueue(  755): [background] Process cur broadcast BroadcastRecord{2824c0c9 u0 android.intent.action.DROPBOX_ENTRY_ADDED qIdx=4} DELIVERED for app ProcessRecord{2c69f20e 24608:com.google.android.gms.persistent/u0a8}
D/ActivityManager(  755): caller:android.app.ApplicationThreadProxy@2ed983ce, r.packageName :com.google.android.gms
V/BroadcastQueue(  755): [background] Process cur broadcast BroadcastRecord{2824c0c9 u0 android.intent.action.DROPBOX_ENTRY_ADDED qIdx=4} DELIVERED for app ProcessRecord{2c69f20e 24608:com.google.android.gms.persistent/u0a8}
D/ActivityManager(  755): startService callerProcessName:com.google.android.gms, calleePkgName: com.google.android.gms
D/ActivityManager(  755): caller:android.app.ApplicationThreadProxy@28b911fc, r.packageName :com.google.android.gms
D/ActivityManager(  755): bindService callerProcessName:com.google.android.gms, calleePkgName: com.google.android.gms, action: com.google.android.gms.udc.service.START
D/StatusBar.MSimNetworkController(  888): refreshViews connected={ wifi } phoneId = 0 level=4 mMSimcombinedSignalIconId=0x0/(null) mMSimcombinedActivityIconId=0x7f020627 mAirplaneMode=true mMSimDataActivity=0 mMSimPhoneSignalIconId=0x0/(null) mMSimDataDirectionIconId=0x0 mMSimDataSignalIconId=0x0 mMSimDataTypeIconId=0x0/(null) mNoMSimIconId=0x0/(null) mMSimMobileActivityIconId=0x0/(null) mWifiIconId=0x7f020678 mBluetoothTetherIconId=0x7f020650 mRoamingIconId=0x 0/(null)
D/StatusBar.MSimNetworkController(  888): refreshSignalCluster : called
D/ActivityManager(  755): bindService callerProcessName:com.google.android.gms, calleePkgName: com.google.android.gms, action: com.google.android.gms.gcm.ACTION_TASK_READY
D/ActivityManager(  755): bindService callerProcessName:com.google.android.gms, calleePkgName: com.google.android.gms, action: com.google.android.gms.phenotype.service.START
D/ActivityManager(  755): startService callerProcessName:com.google.android.gms, calleePkgName: com.google.android.gms
D/ActivityManager(  755): caller:android.app.ApplicationThreadProxy@2a947c7e, r.packageName :com.google.android.gms
D/ActivityManager(  755): bindService callerProcessName:com.google.android.gms, calleePkgName: com.google.android.gms, action: com.google.android.gms.gcm.ACTION_TASK_READY
D/StatusBar.MSimNetworkController(  888): refreshViews connected={ wifi } phoneId = 0 level=4 mMSimcombinedSignalIconId=0x0/(null) mMSimcombinedActivityIconId=0x7f02062a mAirplaneMode=true mMSimDataActivity=0 mMSimPhoneSignalIconId=0x0/(null) mMSimDataDirectionIconId=0x0 mMSimDataSignalIconId=0x0 mMSimDataTypeIconId=0x0/(null) mNoMSimIconId=0x0/(null) mMSimMobileActivityIconId=0x0/(null) mWifiIconId=0x7f020678 mBluetoothTetherIconId=0x7f020650 mRoamingIconId=0x 0/(null)
D/StatusBar.MSimNetworkController(  888): refreshSignalCluster : called
D/BatteryService(  755): !@BatteryListener : batteryPropertiesChanged!
D/BatteryService(  755): level:29, scale:100, status:2, health:2, present:true, voltage: 3847, temperature: 280, technology: Li-ion, AC powered:false, USB powered:true, POGO powered:false, Wireless powered:false, icon:17303411, invalid charger:0
D/BatteryService(  755): online:4, current avg:339, charge type:1, power sharing:false, high voltage charger:false, capacity:280000, batterySWSelfDischarging:false, current_now:339
D/BatteryService(  755): Sending ACTION_BATTERY_CHANGED.
D/PowerManagerService(  755): [PSM] lowPowerModeEnabled: false (mLowPowerModeSetting: false, mAutoLowPowerModeConfigured: false, mBatteryLevel: 29, mLowBatteryTriggerLevel: 0)
I/MotionRecognitionService(  755): Plugged
D/MotionRecognitionService(  755):   cableConnection= 1
D/MotionRecognitionService(  755): setPowerConnected | current backoffstate  = 0 , state =0
D/MotionRecognitionService(  755): skip setTransmitPower. 
D/BatteryMeterView(  888): ACTION_BATTERY_CHANGED : level:29 status:2 health:2
D/BatteryMeterView(  888): ACTION_BATTERY_CHANGED : level:29 status:2 health:2
D/BatteryMeterView(  888): ACTION_BATTERY_CHANGED : level:29 status:2 health:2
D/BatteryMeterView(  888): onDraw batteryColor : -1
D/SSRM:n  (  755): SIOP:: AP = 380, CUR = 339, LCD = 82
E/Watchdog(  755): !@Sync 6472 [01-22 20:15:56.229]
D/BatteryService(  755): !@BatteryListener : batteryPropertiesChanged!
D/BatteryService(  755): level:29, scale:100, status:2, health:2, present:true, voltage: 3848, temperature: 280, technology: Li-ion, AC powered:false, USB powered:true, POGO powered:false, Wireless powered:false, icon:17303411, invalid charger:0
D/BatteryService(  755): online:4, current avg:343, charge type:1, power sharing:false, high voltage charger:false, capacity:280000, batterySWSelfDischarging:false, current_now:343
D/BatteryService(  755): Sending ACTION_BATTERY_CHANGED.
I/MotionRecognitionService(  755): Plugged
D/MotionRecognitionService(  755):   cableConnection= 1
D/MotionRecognitionService(  755): setPowerConnected | current backoffstate  = 0 , state =0
D/MotionRecognitionService(  755): skip setTransmitPower. 
D/BatteryMeterView(  888): ACTION_BATTERY_CHANGED : level:29 status:2 health:2
D/BatteryMeterView(  888): ACTION_BATTERY_CHANGED : level:29 status:2 health:2
D/BatteryMeterView(  888): ACTION_BATTERY_CHANGED : level:29 status:2 health:2
V/AlarmManager(  755): waitForAlarm result :8
D/SSRM:n  (  755): SIOP:: AP = 370, CUR = 343, LCD = 82
V/AlarmManager(  755): waitForAlarm result :8
D/ActivityManager(  755): caller:null, r.packageName :com.urbandroid.lux
D/BatteryService(  755): !@BatteryListener : batteryPropertiesChanged!
D/BatteryService(  755): level:29, scale:100, status:2, health:2, present:true, voltage: 3837, temperature: 280, technology: Li-ion, AC powered:false, USB powered:true, POGO powered:false, Wireless powered:false, icon:17303411, invalid charger:0
D/BatteryService(  755): online:4, current avg:297, charge type:1, power sharing:false, high voltage charger:false, capacity:280000, batterySWSelfDischarging:false, current_now:297
D/BatteryService(  755): Sending ACTION_BATTERY_CHANGED.
I/MotionRecognitionService(  755): Plugged
D/MotionRecognitionService(  755):   cableConnection= 1
D/MotionRecognitionService(  755): setPowerConnected | current backoffstate  = 0 , state =0
D/MotionRecognitionService(  755): skip setTransmitPower. 
D/BatteryMeterView(  888): ACTION_BATTERY_CHANGED : level:29 status:2 health:2
D/BatteryMeterView(  888): ACTION_BATTERY_CHANGED : level:29 status:2 health:2
D/BatteryMeterView(  888): ACTION_BATTERY_CHANGED : level:29 status:2 health:2
I/UsageStatsService(  755): User[0] Flushing usage stats to disk
D/SSRM:n  (  755): SIOP:: AP = 380, CUR = 297, LCD = 82
D/BatteryService(  755): !@BatteryListener : batteryPropertiesChanged!
D/BatteryService(  755): level:29, scale:100, status:2, health:2, present:true, voltage: 3850, temperature: 280, technology: Li-ion, AC powered:false, USB powered:true, POGO powered:false, Wireless powered:false, icon:17303411, invalid charger:0
D/BatteryService(  755): online:4, current avg:342, charge type:1, power sharing:false, high voltage charger:false, capacity:280000, batterySWSelfDischarging:false, current_now:342
D/BatteryService(  755): Sending ACTION_BATTERY_CHANGED.
I/MotionRecognitionService(  755): Plugged
D/MotionRecognitionService(  755):   cableConnection= 1
D/MotionRecognitionService(  755): setPowerConnected | current backoffstate  = 0 , state =0
D/MotionRecognitionService(  755): skip setTransmitPower. 
D/BatteryMeterView(  888): ACTION_BATTERY_CHANGED : level:29 status:2 health:2
D/BatteryMeterView(  888): ACTION_BATTERY_CHANGED : level:29 status:2 health:2
D/BatteryMeterView(  888): ACTION_BATTERY_CHANGED : level:29 status:2 health:2
V/AlarmManager(  755): waitForAlarm result :8
V/BroadcastQueue(  755): [background] Process cur broadcast BroadcastRecord{cfb4473 u0 com.google.android.gms.gcm.ACTION_CHECK_QUEUE qIdx=4} DELIVERED for app ProcessRecord{2c69f20e 24608:com.google.android.gms.persistent/u0a8}
D/BatteryStatsImpl(  755): poolsize= 1, curBatteryRealtime= 17791566000, mUpdateTime= 0, mTimeout= 0, mNesting= 0, mTotalTime= 0
D/BatteryStatsImpl(  755): poolsize= 1, curBatteryRealtime= 17791566000, mUpdateTime= 0, mTimeout= 0, mNesting= 0, mTotalTime= 0
D/BatteryStatsImpl(  755): poolsize= 1, curBatteryRealtime= 17791566000, mUpdateTime= 0, mTimeout= 0, mNesting= 0, mTotalTime= 0
D/ActivityManager(  755): bindService callerProcessName:com.google.android.gms, calleePkgName: com.google.android.gms, action: com.google.android.gms.gcm.ACTION_TASK_READY
W/ResourcesManager(24608): getTopLevelResources: /data/app/com.google.android.gms-2/base.apk / 1.0 running in com.google.android.gms rsrc of package com.google.android.gms
D/ResourcesManager(24608): For user 0 new overlays fetched Null
W/ResourcesManager(24608): Asset path '/system/framework/com.android.media.remotedisplay.jar' does not exist or contains no resources.
W/ResourcesManager(24608): Asset path '/system/framework/com.android.location.provider.jar' does not exist or contains no resources.
D/SSRM:n  (  755): SIOP:: AP = 380, CUR = 342, LCD = 82
E/Watchdog(  755): !@Sync 6473 [01-22 20:16:26.231]
D/BatteryService(  755): !@BatteryListener : batteryPropertiesChanged!
D/BatteryService(  755): level:29, scale:100, status:2, health:2, present:true, voltage: 3847, temperature: 280, technology: Li-ion, AC powered:false, USB powered:true, POGO powered:false, Wireless powered:false, icon:17303411, invalid charger:0
D/BatteryService(  755): online:4, current avg:330, charge type:1, power sharing:false, high voltage charger:false, capacity:280000, batterySWSelfDischarging:false, current_now:330
D/BatteryService(  755): Sending ACTION_BATTERY_CHANGED.
I/MotionRecognitionService(  755): Plugged
D/MotionRecognitionService(  755):   cableConnection= 1
D/MotionRecognitionService(  755): setPowerConnected | current backoffstate  = 0 , state =0
D/MotionRecognitionService(  755): skip setTransmitPower. 
D/BatteryMeterView(  888): ACTION_BATTERY_CHANGED : level:29 status:2 health:2
D/BatteryMeterView(  888): ACTION_BATTERY_CHANGED : level:29 status:2 health:2
D/BatteryMeterView(  888): ACTION_BATTERY_CHANGED : level:29 status:2 health:2
D/StatusBar.MSimNetworkController(  888): refreshViews connected={ wifi } phoneId = 0 level=4 mMSimcombinedSignalIconId=0x0/(null) mMSimcombinedActivityIconId=0x7f020627 mAirplaneMode=true mMSimDataActivity=0 mMSimPhoneSignalIconId=0x0/(null) mMSimDataDirectionIconId=0x0 mMSimDataSignalIconId=0x0 mMSimDataTypeIconId=0x0/(null) mNoMSimIconId=0x0/(null) mMSimMobileActivityIconId=0x0/(null) mWifiIconId=0x7f020678 mBluetoothTetherIconId=0x7f020650 mRoamingIconId=0x 0/(null)
D/StatusBar.MSimNetworkController(  888): refreshSignalCluster : called
D/SSRM:n  (  755): SIOP:: AP = 380, CUR = 330, LCD = 82
D/StatusBar.MSimNetworkController(  888): refreshViews connected={ wifi } phoneId = 0 level=4 mMSimcombinedSignalIconId=0x0/(null) mMSimcombinedActivityIconId=0x7f02062a mAirplaneMode=true mMSimDataActivity=0 mMSimPhoneSignalIconId=0x0/(null) mMSimDataDirectionIconId=0x0 mMSimDataSignalIconId=0x0 mMSimDataTypeIconId=0x0/(null) mNoMSimIconId=0x0/(null) mMSimMobileActivityIconId=0x0/(null) mWifiIconId=0x7f020678 mBluetoothTetherIconId=0x7f020650 mRoamingIconId=0x 0/(null)
D/StatusBar.MSimNetworkController(  888): refreshSignalCluster : called
V/AlarmManager(  755): waitForAlarm result :8
D/ActivityManager(  755): caller:null, r.packageName :com.urbandroid.lux
D/BatteryService(  755): !@BatteryListener : batteryPropertiesChanged!
D/BatteryService(  755): level:29, scale:100, status:2, health:2, present:true, voltage: 3850, temperature: 281, technology: Li-ion, AC powered:false, USB powered:true, POGO powered:false, Wireless powered:false, icon:17303411, invalid charger:0
D/BatteryService(  755): online:4, current avg:345, charge type:1, power sharing:false, high voltage charger:false, capacity:280000, batterySWSelfDischarging:false, current_now:345
