D/BatteryService(  755): Sending ACTION_BATTERY_CHANGED.
I/MotionRecognitionService(  755): Plugged
D/MotionRecognitionService(  755):   cableConnection= 1
D/MotionRecognitionService(  755): setPowerConnected | current backoffstate  = 0 , state =0
D/MotionRecognitionService(  755): skip setTransmitPower. 
D/BatteryMeterView(  888): ACTION_BATTERY_CHANGED : level:29 status:2 health:2
D/BatteryMeterView(  888): ACTION_BATTERY_CHANGED : level:29 status:2 health:2
D/BatteryMeterView(  888): ACTION_BATTERY_CHANGED : level:29 status:2 health:2
D/SSRM:n  (  755): SIOP:: AP = 380, CUR = 345, LCD = 82
D/BatteryService(  755): !@BatteryListener : batteryPropertiesChanged!
D/BatteryService(  755): level:29, scale:100, status:2, health:2, present:true, voltage: 3851, temperature: 281, technology: Li-ion, AC powered:false, USB powered:true, POGO powered:false, Wireless powered:false, icon:17303411, invalid charger:0
D/BatteryService(  755): online:4, current avg:345, charge type:1, power sharing:false, high voltage charger:false, capacity:280000, batterySWSelfDischarging:false, current_now:345
D/BatteryService(  755): Sending ACTION_BATTERY_CHANGED.
I/MotionRecognitionService(  755): Plugged
D/MotionRecognitionService(  755):   cableConnection= 1
D/MotionRecognitionService(  755): setPowerConnected | current backoffstate  = 0 , state =0
D/MotionRecognitionService(  755): skip setTransmitPower. 
D/BatteryMeterView(  888): ACTION_BATTERY_CHANGED : level:29 status:2 health:2
D/BatteryMeterView(  888): ACTION_BATTERY_CHANGED : level:29 status:2 health:2
D/BatteryMeterView(  888): ACTION_BATTERY_CHANGED : level:29 status:2 health:2
D/SSRM:n  (  755): SIOP:: AP = 380, CUR = 345, LCD = 82
E/Watchdog(  755): !@Sync 6474 [01-22 20:16:56.232]
D/BatteryService(  755): !@BatteryListener : batteryPropertiesChanged!
D/BatteryService(  755): level:29, scale:100, status:2, health:2, present:true, voltage: 3848, temperature: 281, technology: Li-ion, AC powered:false, USB powered:true, POGO powered:false, Wireless powered:false, icon:17303411, invalid charger:0
D/BatteryService(  755): online:4, current avg:338, charge type:1, power sharing:false, high voltage charger:false, capacity:280000, batterySWSelfDischarging:false, current_now:338
D/BatteryService(  755): Sending ACTION_BATTERY_CHANGED.
I/MotionRecognitionService(  755): Plugged
D/MotionRecognitionService(  755):   cableConnection= 1
D/MotionRecognitionService(  755): setPowerConnected | current backoffstate  = 0 , state =0
D/MotionRecognitionService(  755): skip setTransmitPower. 
D/BatteryMeterView(  888): ACTION_BATTERY_CHANGED : level:29 status:2 health:2
D/BatteryMeterView(  888): ACTION_BATTERY_CHANGED : level:29 status:2 health:2
D/BatteryMeterView(  888): ACTION_BATTERY_CHANGED : level:29 status:2 health:2
V/AlarmManager(  755): waitForAlarm result :8
D/SSRM:n  (  755): SIOP:: AP = 380, CUR = 338, LCD = 82
V/AlarmManager(  755): waitForAlarm result :8
D/ActivityManager(  755): caller:null, r.packageName :com.urbandroid.lux
D/BatteryService(  755): !@BatteryListener : batteryPropertiesChanged!
D/BatteryService(  755): level:29, scale:100, status:2, health:2, present:true, voltage: 3851, temperature: 281, technology: Li-ion, AC powered:false, USB powered:true, POGO powered:false, Wireless powered:false, icon:17303411, invalid charger:0
D/BatteryService(  755): online:4, current avg:345, charge type:1, power sharing:false, high voltage charger:false, capacity:280000, batterySWSelfDischarging:false, current_now:345
D/BatteryService(  755): Sending ACTION_BATTERY_CHANGED.
I/MotionRecognitionService(  755): Plugged
D/MotionRecognitionService(  755):   cableConnection= 1
D/MotionRecognitionService(  755): setPowerConnected | current backoffstate  = 0 , state =0
D/MotionRecognitionService(  755): skip setTransmitPower. 
D/BatteryMeterView(  888): ACTION_BATTERY_CHANGED : level:29 status:2 health:2
D/BatteryMeterView(  888): ACTION_BATTERY_CHANGED : level:29 status:2 health:2
D/BatteryMeterView(  888): ACTION_BATTERY_CHANGED : level:29 status:2 health:2
D/SSRM:n  (  755): SIOP:: AP = 380, CUR = 345, LCD = 82
D/BatteryService(  755): !@BatteryListener : batteryPropertiesChanged!
D/BatteryService(  755): level:29, scale:100, status:2, health:2, present:true, voltage: 3851, temperature: 282, technology: Li-ion, AC powered:false, USB powered:true, POGO powered:false, Wireless powered:false, icon:17303411, invalid charger:0
D/BatteryService(  755): online:4, current avg:335, charge type:1, power sharing:false, high voltage charger:false, capacity:280000, batterySWSelfDischarging:false, current_now:335
D/BatteryService(  755): Sending ACTION_BATTERY_CHANGED.
I/MotionRecognitionService(  755): Plugged
D/MotionRecognitionService(  755):   cableConnection= 1
D/MotionRecognitionService(  755): setPowerConnected | current backoffstate  = 0 , state =0
D/MotionRecognitionService(  755): skip setTransmitPower. 
D/BatteryMeterView(  888): ACTION_BATTERY_CHANGED : level:29 status:2 health:2
D/BatteryMeterView(  888): ACTION_BATTERY_CHANGED : level:29 status:2 health:2
D/BatteryMeterView(  888): ACTION_BATTERY_CHANGED : level:29 status:2 health:2
D/SSRM:n  (  755): SIOP:: AP = 380, CUR = 335, LCD = 82
E/Watchdog(  755): !@Sync 6475 [01-22 20:17:26.233]
D/BatteryService(  755): !@BatteryListener : batteryPropertiesChanged!
D/BatteryService(  755): level:29, scale:100, status:2, health:2, present:true, voltage: 3853, temperature: 282, technology: Li-ion, AC powered:false, USB powered:true, POGO powered:false, Wireless powered:false, icon:17303411, invalid charger:0
D/BatteryService(  755): online:4, current avg:343, charge type:1, power sharing:false, high voltage charger:false, capacity:280000, batterySWSelfDischarging:false, current_now:343
D/BatteryService(  755): Sending ACTION_BATTERY_CHANGED.
I/MotionRecognitionService(  755): Plugged
D/MotionRecognitionService(  755):   cableConnection= 1
D/MotionRecognitionService(  755): setPowerConnected | current backoffstate  = 0 , state =0
D/MotionRecognitionService(  755): skip setTransmitPower. 
D/BatteryMeterView(  888): ACTION_BATTERY_CHANGED : level:29 status:2 health:2
D/BatteryMeterView(  888): ACTION_BATTERY_CHANGED : level:29 status:2 health:2
D/BatteryMeterView(  888): ACTION_BATTERY_CHANGED : level:29 status:2 health:2
D/SSRM:n  (  755): SIOP:: AP = 380, CUR = 343, LCD = 82
V/AlarmManager(  755): waitForAlarm result :8
D/ActivityManager(  755): caller:null, r.packageName :com.urbandroid.lux
D/BatteryService(  755): !@BatteryListener : batteryPropertiesChanged!
D/BatteryService(  755): level:29, scale:100, status:2, health:2, present:true, voltage: 3853, temperature: 282, technology: Li-ion, AC powered:false, USB powered:true, POGO powered:false, Wireless powered:false, icon:17303411, invalid charger:0
D/BatteryService(  755): online:4, current avg:345, charge type:1, power sharing:false, high voltage charger:false, capacity:280000, batterySWSelfDischarging:false, current_now:345
D/BatteryService(  755): Sending ACTION_BATTERY_CHANGED.
I/MotionRecognitionService(  755): Plugged
D/MotionRecognitionService(  755):   cableConnection= 1
D/MotionRecognitionService(  755): setPowerConnected | current backoffstate  = 0 , state =0
D/MotionRecognitionService(  755): skip setTransmitPower. 
D/BatteryMeterView(  888): ACTION_BATTERY_CHANGED : level:29 status:2 health:2
D/BatteryMeterView(  888): ACTION_BATTERY_CHANGED : level:29 status:2 health:2
D/BatteryMeterView(  888): ACTION_BATTERY_CHANGED : level:29 status:2 health:2
D/SSRM:n  (  755): SIOP:: AP = 380, CUR = 345, LCD = 82
D/BatteryService(  755): !@BatteryListener : batteryPropertiesChanged!
D/BatteryService(  755): level:29, scale:100, status:2, health:2, present:true, voltage: 3850, temperature: 282, technology: Li-ion, AC powered:false, USB powered:true, POGO powered:false, Wireless powered:false, icon:17303411, invalid charger:0
D/BatteryService(  755): online:4, current avg:333, charge type:1, power sharing:false, high voltage charger:false, capacity:280000, batterySWSelfDischarging:false, current_now:333
D/BatteryService(  755): Sending ACTION_BATTERY_CHANGED.
I/MotionRecognitionService(  755): Plugged
D/MotionRecognitionService(  755):   cableConnection= 1
D/MotionRecognitionService(  755): setPowerConnected | current backoffstate  = 0 , state =0
D/MotionRecognitionService(  755): skip setTransmitPower. 
D/BatteryMeterView(  888): ACTION_BATTERY_CHANGED : level:29 status:2 health:2
D/BatteryMeterView(  888): ACTION_BATTERY_CHANGED : level:29 status:2 health:2
D/BatteryMeterView(  888): ACTION_BATTERY_CHANGED : level:29 status:2 health:2
D/SSRM:n  (  755): SIOP:: AP = 380, CUR = 333, LCD = 82
E/Watchdog(  755): !@Sync 6476 [01-22 20:17:56.234]
D/BatteryService(  755): !@BatteryListener : batteryPropertiesChanged!
D/BatteryService(  755): level:29, scale:100, status:2, health:2, present:true, voltage: 3854, temperature: 282, technology: Li-ion, AC powered:false, USB powered:true, POGO powered:false, Wireless powered:false, icon:17303411, invalid charger:0
D/BatteryService(  755): online:4, current avg:345, charge type:1, power sharing:false, high voltage charger:false, capacity:280000, batterySWSelfDischarging:false, current_now:345
D/BatteryService(  755): Sending ACTION_BATTERY_CHANGED.
I/MotionRecognitionService(  755): Plugged
D/MotionRecognitionService(  755):   cableConnection= 1
D/MotionRecognitionService(  755): setPowerConnected | current backoffstate  = 0 , state =0
D/MotionRecognitionService(  755): skip setTransmitPower. 
D/BatteryMeterView(  888): ACTION_BATTERY_CHANGED : level:29 status:2 health:2
D/BatteryMeterView(  888): ACTION_BATTERY_CHANGED : level:29 status:2 health:2
D/BatteryMeterView(  888): ACTION_BATTERY_CHANGED : level:29 status:2 health:2
V/AlarmManager(  755): waitForAlarm result :8
V/AlarmManager(  755): ___SyncScheduler (v3) ACTIVATED___
V/AlarmManagerEXT(  755): <AppSync3 Whitelist>
V/AlarmManagerEXT(  755): (AppSync) com.facebook.orca : 1200(500)
V/AlarmManagerEXT(  755): (AppSync) com.viber.voip : 900(1800)
V/AlarmManagerEXT(  755): (AppSync) com.android.vending : 3600(2440)
V/AlarmManagerEXT(  755): (AppSync) ### 3 added ###
D/SSRM:n  (  755): SIOP:: AP = 380, CUR = 345, LCD = 82
V/AlarmManager(  755): waitForAlarm result :8
D/ActivityManager(  755): caller:null, r.packageName :com.urbandroid.lux
D/BatteryService(  755): !@BatteryListener : batteryPropertiesChanged!
D/BatteryService(  755): level:29, scale:100, status:2, health:2, present:true, voltage: 3854, temperature: 283, technology: Li-ion, AC powered:false, USB powered:true, POGO powered:false, Wireless powered:false, icon:17303411, invalid charger:0
D/BatteryService(  755): online:4, current avg:345, charge type:1, power sharing:false, high voltage charger:false, capacity:280000, batterySWSelfDischarging:false, current_now:345
D/BatteryService(  755): Sending ACTION_BATTERY_CHANGED.
I/MotionRecognitionService(  755): Plugged
D/MotionRecognitionService(  755):   cableConnection= 1
D/MotionRecognitionService(  755): setPowerConnected | current backoffstate  = 0 , state =0
D/MotionRecognitionService(  755): skip setTransmitPower. 
D/BatteryMeterView(  888): ACTION_BATTERY_CHANGED : level:29 status:2 health:2
D/BatteryMeterView(  888): ACTION_BATTERY_CHANGED : level:29 status:2 health:2
D/BatteryMeterView(  888): ACTION_BATTERY_CHANGED : level:29 status:2 health:2
D/SSRM:n  (  755): SIOP:: AP = 380, CUR = 345, LCD = 82
D/BatteryService(  755): !@BatteryListener : batteryPropertiesChanged!
D/BatteryService(  755): level:29, scale:100, status:2, health:2, present:true, voltage: 3854, temperature: 283, technology: Li-ion, AC powered:false, USB powered:true, POGO powered:false, Wireless powered:false, icon:17303411, invalid charger:0
D/BatteryService(  755): online:4, current avg:344, charge type:1, power sharing:false, high voltage charger:false, capacity:280000, batterySWSelfDischarging:false, current_now:344
D/BatteryService(  755): Sending ACTION_BATTERY_CHANGED.
I/MotionRecognitionService(  755): Plugged
D/MotionRecognitionService(  755):   cableConnection= 1
D/MotionRecognitionService(  755): setPowerConnected | current backoffstate  = 0 , state =0
D/MotionRecognitionService(  755): skip setTransmitPower. 
D/BatteryMeterView(  888): ACTION_BATTERY_CHANGED : level:29 status:2 health:2
D/BatteryMeterView(  888): ACTION_BATTERY_CHANGED : level:29 status:2 health:2
D/BatteryMeterView(  888): ACTION_BATTERY_CHANGED : level:29 status:2 health:2
D/SSRM:n  (  755): SIOP:: AP = 380, CUR = 344, LCD = 82
E/Watchdog(  755): !@Sync 6477 [01-22 20:18:26.235]
D/BatteryService(  755): !@BatteryListener : batteryPropertiesChanged!
D/BatteryService(  755): level:29, scale:100, status:2, health:2, present:true, voltage: 3853, temperature: 283, technology: Li-ion, AC powered:false, USB powered:true, POGO powered:false, Wireless powered:false, icon:17303411, invalid charger:0
D/BatteryService(  755): online:4, current avg:336, charge type:1, power sharing:false, high voltage charger:false, capacity:280000, batterySWSelfDischarging:false, current_now:336
D/BatteryService(  755): Sending ACTION_BATTERY_CHANGED.
I/MotionRecognitionService(  755): Plugged
D/MotionRecognitionService(  755):   cableConnection= 1
D/MotionRecognitionService(  755): setPowerConnected | current backoffstate  = 0 , state =0
D/MotionRecognitionService(  755): skip setTransmitPower. 
D/BatteryMeterView(  888): ACTION_BATTERY_CHANGED : level:29 status:2 health:2
D/BatteryMeterView(  888): ACTION_BATTERY_CHANGED : level:29 status:2 health:2
D/BatteryMeterView(  888): ACTION_BATTERY_CHANGED : level:29 status:2 health:2
D/SSRM:n  (  755): SIOP:: AP = 380, CUR = 336, LCD = 82
V/AlarmManager(  755): waitForAlarm result :8
D/ActivityManager(  755): caller:null, r.packageName :com.urbandroid.lux
D/BatteryService(  755): !@BatteryListener : batteryPropertiesChanged!
D/BatteryService(  755): level:29, scale:100, status:2, health:2, present:true, voltage: 3855, temperature: 283, technology: Li-ion, AC powered:false, USB powered:true, POGO powered:false, Wireless powered:false, icon:17303411, invalid charger:0
D/BatteryService(  755): online:4, current avg:345, charge type:1, power sharing:false, high voltage charger:false, capacity:280000, batterySWSelfDischarging:false, current_now:345
D/BatteryService(  755): Sending ACTION_BATTERY_CHANGED.
I/MotionRecognitionService(  755): Plugged
D/MotionRecognitionService(  755):   cableConnection= 1
D/MotionRecognitionService(  755): setPowerConnected | current backoffstate  = 0 , state =0
D/MotionRecognitionService(  755): skip setTransmitPower. 
D/BatteryMeterView(  888): ACTION_BATTERY_CHANGED : level:29 status:2 health:2
D/BatteryMeterView(  888): ACTION_BATTERY_CHANGED : level:29 status:2 health:2
D/BatteryMeterView(  888): ACTION_BATTERY_CHANGED : level:29 status:2 health:2
D/SSRM:n  (  755): SIOP:: AP = 380, CUR = 345, LCD = 82
D/BatteryService(  755): !@BatteryListener : batteryPropertiesChanged!
D/BatteryService(  755): level:29, scale:100, status:2, health:2, present:true, voltage: 3854, temperature: 283, technology: Li-ion, AC powered:false, USB powered:true, POGO powered:false, Wireless powered:false, icon:17303411, invalid charger:0
D/BatteryService(  755): online:4, current avg:345, charge type:1, power sharing:false, high voltage charger:false, capacity:280000, batterySWSelfDischarging:false, current_now:345
D/BatteryService(  755): Sending ACTION_BATTERY_CHANGED.
I/MotionRecognitionService(  755): Plugged
D/MotionRecognitionService(  755):   cableConnection= 1
D/MotionRecognitionService(  755): setPowerConnected | current backoffstate  = 0 , state =0
D/MotionRecognitionService(  755): skip setTransmitPower. 
D/BatteryMeterView(  888): ACTION_BATTERY_CHANGED : level:29 status:2 health:2
D/BatteryMeterView(  888): ACTION_BATTERY_CHANGED : level:29 status:2 health:2
D/BatteryMeterView(  888): ACTION_BATTERY_CHANGED : level:29 status:2 health:2
D/SSRM:n  (  755): SIOP:: AP = 380, CUR = 345, LCD = 82
E/Watchdog(  755): !@Sync 6478 [01-22 20:18:56.236]
D/BatteryService(  755): !@BatteryListener : batteryPropertiesChanged!
D/BatteryService(  755): level:29, scale:100, status:2, health:2, present:true, voltage: 3853, temperature: 284, technology: Li-ion, AC powered:false, USB powered:true, POGO powered:false, Wireless powered:false, icon:17303411, invalid charger:0
D/BatteryService(  755): online:4, current avg:341, charge type:1, power sharing:false, high voltage charger:false, capacity:280000, batterySWSelfDischarging:false, current_now:341
D/BatteryService(  755): Sending ACTION_BATTERY_CHANGED.
I/MotionRecognitionService(  755): Plugged
D/MotionRecognitionService(  755):   cableConnection= 1
D/MotionRecognitionService(  755): setPowerConnected | current backoffstate  = 0 , state =0
D/MotionRecognitionService(  755): skip setTransmitPower. 
D/BatteryMeterView(  888): ACTION_BATTERY_CHANGED : level:29 status:2 health:2
D/BatteryMeterView(  888): ACTION_BATTERY_CHANGED : level:29 status:2 health:2
D/BatteryMeterView(  888): ACTION_BATTERY_CHANGED : level:29 status:2 health:2
V/AlarmManager(  755): waitForAlarm result :8
D/SSRM:n  (  755): SIOP:: AP = 380, CUR = 341, LCD = 82
D/BatteryService(  755): !@BatteryListener : batteryPropertiesChanged!
D/BatteryService(  755): level:29, scale:100, status:2, health:2, present:true, voltage: 3854, temperature: 284, technology: Li-ion, AC powered:false, USB powered:true, POGO powered:false, Wireless powered:false, icon:17303411, invalid charger:0
D/BatteryService(  755): online:4, current avg:340, charge type:1, power sharing:false, high voltage charger:false, capacity:280000, batterySWSelfDischarging:false, current_now:340
D/BatteryService(  755): Sending ACTION_BATTERY_CHANGED.
I/MotionRecognitionService(  755): Plugged
D/MotionRecognitionService(  755):   cableConnection= 1
D/MotionRecognitionService(  755): setPowerConnected | current backoffstate  = 0 , state =0
D/MotionRecognitionService(  755): skip setTransmitPower. 
D/BatteryMeterView(  888): ACTION_BATTERY_CHANGED : level:29 status:2 health:2
D/BatteryMeterView(  888): ACTION_BATTERY_CHANGED : level:29 status:2 health:2
D/BatteryMeterView(  888): ACTION_BATTERY_CHANGED : level:29 status:2 health:2
D/SSRM:n  (  755): SIOP:: AP = 380, CUR = 340, LCD = 82
D/BatteryStatsImpl(  755): poolsize= 1, curBatteryRealtime= 17791566000, mUpdateTime= 0, mTimeout= 0, mNesting= 0, mTotalTime= 0
D/BatteryService(  755): !@BatteryListener : batteryPropertiesChanged!
D/BatteryService(  755): level:29, scale:100, status:2, health:2, present:true, voltage: 3853, temperature: 284, technology: Li-ion, AC powered:false, USB powered:true, POGO powered:false, Wireless powered:false, icon:17303411, invalid charger:0
D/BatteryService(  755): online:4, current avg:330, charge type:1, power sharing:false, high voltage charger:false, capacity:280000, batterySWSelfDischarging:false, current_now:330
D/BatteryService(  755): Sending ACTION_BATTERY_CHANGED.
I/MotionRecognitionService(  755): Plugged
D/MotionRecognitionService(  755):   cableConnection= 1
D/MotionRecognitionService(  755): setPowerConnected | current backoffstate  = 0 , state =0
D/MotionRecognitionService(  755): skip setTransmitPower. 
D/BatteryMeterView(  888): ACTION_BATTERY_CHANGED : level:29 status:2 health:2
D/BatteryMeterView(  888): ACTION_BATTERY_CHANGED : level:29 status:2 health:2
D/BatteryMeterView(  888): ACTION_BATTERY_CHANGED : level:29 status:2 health:2
D/SSRM:n  (  755): SIOP:: AP = 380, CUR = 330, LCD = 82
V/AlarmManager(  755): waitForAlarm result :4
D/ActivityManager(  755): caller:null, r.packageName :com.android.vending
D/ActivityManager(  755): caller:null, r.packageName :com.urbandroid.lux
D/StatusBar.MSimNetworkController(  888): refreshViews connected={ wifi } phoneId = 0 level=4 mMSimcombinedSignalIconId=0x0/(null) mMSimcombinedActivityIconId=0x7f020627 mAirplaneMode=true mMSimDataActivity=0 mMSimPhoneSignalIconId=0x0/(null) mMSimDataDirectionIconId=0x0 mMSimDataSignalIconId=0x0 mMSimDataTypeIconId=0x0/(null) mNoMSimIconId=0x0/(null) mMSimMobileActivityIconId=0x0/(null) mWifiIconId=0x7f020678 mBluetoothTetherIconId=0x7f020650 mRoamingIconId=0x 0/(null)
D/StatusBar.MSimNetworkController(  888): refreshSignalCluster : called
V/AlarmManagerEXT(  755):  next == MAX_VALUE
E/Watchdog(  755): !@Sync 6479 [01-22 20:19:26.237]
I/EntropyMixer(  755): Writing entropy...
D/StatusBar.MSimNetworkController(  888): refreshViews connected={ wifi } phoneId = 0 level=4 mMSimcombinedSignalIconId=0x0/(null) mMSimcombinedActivityIconId=0x7f02062a mAirplaneMode=true mMSimDataActivity=0 mMSimPhoneSignalIconId=0x0/(null) mMSimDataDirectionIconId=0x0 mMSimDataSignalIconId=0x0 mMSimDataTypeIconId=0x0/(null) mNoMSimIconId=0x0/(null) mMSimMobileActivityIconId=0x0/(null) mWifiIconId=0x7f020678 mBluetoothTetherIconId=0x7f020650 mRoamingIconId=0x 0/(null)
D/StatusBar.MSimNetworkController(  888): refreshSignalCluster : called
D/BatteryService(  755): !@BatteryListener : batteryPropertiesChanged!
D/BatteryService(  755): level:29, scale:100, status:2, health:2, present:true, voltage: 3844, temperature: 284, technology: Li-ion, AC powered:false, USB powered:true, POGO powered:false, Wireless powered:false, icon:17303411, invalid charger:0
D/BatteryService(  755): online:4, current avg:297, charge type:1, power sharing:false, high voltage charger:false, capacity:280000, batterySWSelfDischarging:false, current_now:297
D/BatteryService(  755): Sending ACTION_BATTERY_CHANGED.
I/MotionRecognitionService(  755): Plugged
D/MotionRecognitionService(  755):   cableConnection= 1
D/MotionRecognitionService(  755): setPowerConnected | current backoffstate  = 0 , state =0
D/MotionRecognitionService(  755): skip setTransmitPower. 
D/BatteryMeterView(  888): ACTION_BATTERY_CHANGED : level:29 status:2 health:2
D/BatteryMeterView(  888): ACTION_BATTERY_CHANGED : level:29 status:2 health:2
D/BatteryMeterView(  888): ACTION_BATTERY_CHANGED : level:29 status:2 health:2
D/StatusBar.MSimNetworkController(  888): refreshViews connected={ wifi } phoneId = 0 level=4 mMSimcombinedSignalIconId=0x0/(null) mMSimcombinedActivityIconId=0x7f020627 mAirplaneMode=true mMSimDataActivity=0 mMSimPhoneSignalIconId=0x0/(null) mMSimDataDirectionIconId=0x0 mMSimDataSignalIconId=0x0 mMSimDataTypeIconId=0x0/(null) mNoMSimIconId=0x0/(null) mMSimMobileActivityIconId=0x0/(null) mWifiIconId=0x7f020678 mBluetoothTetherIconId=0x7f020650 mRoamingIconId=0x 0/(null)
D/StatusBar.MSimNetworkController(  888): refreshSignalCluster : called
D/StatusBar.MSimNetworkController(  888): refreshViews connected={ wifi } phoneId = 0 level=4 mMSimcombinedSignalIconId=0x0/(null) mMSimcombinedActivityIconId=0x7f02062a mAirplaneMode=true mMSimDataActivity=0 mMSimPhoneSignalIconId=0x0/(null) mMSimDataDirectionIconId=0x0 mMSimDataSignalIconId=0x0 mMSimDataTypeIconId=0x0/(null) mNoMSimIconId=0x0/(null) mMSimMobileActivityIconId=0x0/(null) mWifiIconId=0x7f020678 mBluetoothTetherIconId=0x7f020650 mRoamingIconId=0x 0/(null)
D/StatusBar.MSimNetworkController(  888): refreshSignalCluster : called
D/SSRM:n  (  755): SIOP:: AP = 380, CUR = 297, LCD = 82
D/BatteryService(  755): !@BatteryListener : batteryPropertiesChanged!
D/BatteryService(  755): level:29, scale:100, status:2, health:2, present:true, voltage: 3853, temperature: 284, technology: Li-ion, AC powered:false, USB powered:true, POGO powered:false, Wireless powered:false, icon:17303411, invalid charger:0
D/BatteryService(  755): online:4, current avg:329, charge type:1, power sharing:false, high voltage charger:false, capacity:280000, batterySWSelfDischarging:false, current_now:329
D/BatteryService(  755): Sending ACTION_BATTERY_CHANGED.
I/MotionRecognitionService(  755): Plugged
D/MotionRecognitionService(  755):   cableConnection= 1
D/MotionRecognitionService(  755): setPowerConnected | current backoffstate  = 0 , state =0
D/MotionRecognitionService(  755): skip setTransmitPower. 
D/BatteryMeterView(  888): ACTION_BATTERY_CHANGED : level:29 status:2 health:2
D/BatteryMeterView(  888): ACTION_BATTERY_CHANGED : level:29 status:2 health:2
D/BatteryMeterView(  888): ACTION_BATTERY_CHANGED : level:29 status:2 health:2
D/SSRM:n  (  755): SIOP:: AP = 380, CUR = 329, LCD = 82
D/BatteryService(  755): !@BatteryListener : batteryPropertiesChanged!
D/BatteryService(  755): level:29, scale:100, status:2, health:2, present:true, voltage: 3842, temperature: 284, technology: Li-ion, AC powered:false, USB powered:true, POGO powered:false, Wireless powered:false, icon:17303411, invalid charger:0
D/BatteryService(  755): online:4, current avg:298, charge type:1, power sharing:false, high voltage charger:false, capacity:280000, batterySWSelfDischarging:false, current_now:298
D/BatteryService(  755): Sending ACTION_BATTERY_CHANGED.
I/MotionRecognitionService(  755): Plugged
D/MotionRecognitionService(  755):   cableConnection= 1
D/MotionRecognitionService(  755): setPowerConnected | current backoffstate  = 0 , state =0
D/MotionRecognitionService(  755): skip setTransmitPower. 
D/BatteryMeterView(  888): ACTION_BATTERY_CHANGED : level:29 status:2 health:2
D/BatteryMeterView(  888): ACTION_BATTERY_CHANGED : level:29 status:2 health:2
D/BatteryMeterView(  888): ACTION_BATTERY_CHANGED : level:29 status:2 health:2
D/SSRM:n  (  755): SIOP:: AP = 380, CUR = 298, LCD = 82
V/AlarmManager(  755): waitForAlarm result :8
D/ActivityManager(  755): caller:null, r.packageName :com.urbandroid.lux
E/Watchdog(  755): !@Sync 6480 [01-22 20:19:56.238]
D/BatteryService(  755): !@BatteryListener : batteryPropertiesChanged!
D/BatteryService(  755): level:29, scale:100, status:2, health:2, present:true, voltage: 3855, temperature: 284, technology: Li-ion, AC powered:false, USB powered:true, POGO powered:false, Wireless powered:false, icon:17303411, invalid charger:0
D/BatteryService(  755): online:4, current avg:341, charge type:1, power sharing:false, high voltage charger:false, capacity:280000, batterySWSelfDischarging:false, current_now:341
D/BatteryService(  755): Sending ACTION_BATTERY_CHANGED.
I/MotionRecognitionService(  755): Plugged
D/MotionRecognitionService(  755):   cableConnection= 1
D/MotionRecognitionService(  755): setPowerConnected | current backoffstate  = 0 , state =0
D/MotionRecognitionService(  755): skip setTransmitPower. 
D/BatteryMeterView(  888): ACTION_BATTERY_CHANGED : level:29 status:2 health:2
D/BatteryMeterView(  888): ACTION_BATTERY_CHANGED : level:29 status:2 health:2
D/BatteryMeterView(  888): ACTION_BATTERY_CHANGED : level:29 status:2 health:2
V/AlarmManager(  755): waitForAlarm result :8
D/SSRM:n  (  755): SIOP:: AP = 380, CUR = 341, LCD = 82
D/BatteryService(  755): !@BatteryListener : batteryPropertiesChanged!
D/BatteryService(  755): level:29, scale:100, status:2, health:2, present:true, voltage: 3855, temperature: 284, technology: Li-ion, AC powered:false, USB powered:true, POGO powered:false, Wireless powered:false, icon:17303411, invalid charger:0
D/BatteryService(  755): online:4, current avg:344, charge type:1, power sharing:false, high voltage charger:false, capacity:280000, batterySWSelfDischarging:false, current_now:344
D/BatteryService(  755): Sending ACTION_BATTERY_CHANGED.
I/MotionRecognitionService(  755): Plugged
D/MotionRecognitionService(  755):   cableConnection= 1
D/MotionRecognitionService(  755): setPowerConnected | current backoffstate  = 0 , state =0
D/MotionRecognitionService(  755): skip setTransmitPower. 
D/BatteryMeterView(  888): ACTION_BATTERY_CHANGED : level:29 status:2 health:2
D/BatteryMeterView(  888): ACTION_BATTERY_CHANGED : level:29 status:2 health:2
D/BatteryMeterView(  888): ACTION_BATTERY_CHANGED : level:29 status:2 health:2
D/SSRM:n  (  755): SIOP:: AP = 380, CUR = 344, LCD = 82
D/BatteryService(  755): !@BatteryListener : batteryPropertiesChanged!
D/BatteryService(  755): level:29, scale:100, status:2, health:2, present:true, voltage: 3845, temperature: 284, technology: Li-ion, AC powered:false, USB powered:true, POGO powered:false, Wireless powered:false, icon:17303411, invalid charger:0
D/BatteryService(  755): online:4, current avg:297, charge type:1, power sharing:false, high voltage charger:false, capacity:280000, batterySWSelfDischarging:false, current_now:297
D/BatteryService(  755): Sending ACTION_BATTERY_CHANGED.
I/MotionRecognitionService(  755): Plugged
D/MotionRecognitionService(  755):   cableConnection= 1
D/MotionRecognitionService(  755): setPowerConnected | current backoffstate  = 0 , state =0
D/MotionRecognitionService(  755): skip setTransmitPower. 
D/BatteryMeterView(  888): ACTION_BATTERY_CHANGED : level:29 status:2 health:2
D/BatteryMeterView(  888): ACTION_BATTERY_CHANGED : level:29 status:2 health:2
D/BatteryMeterView(  888): ACTION_BATTERY_CHANGED : level:29 status:2 health:2
D/SSRM:n  (  755): SIOP:: AP = 380, CUR = 297, LCD = 82
V/AlarmManager(  755): waitForAlarm result :8
D/ActivityManager(  755): caller:null, r.packageName :com.urbandroid.lux
E/Watchdog(  755): !@Sync 6481 [01-22 20:20:26.239]
D/BatteryService(  755): !@BatteryListener : batteryPropertiesChanged!
D/BatteryService(  755): level:29, scale:100, status:2, health:2, present:true, voltage: 3858, temperature: 285, technology: Li-ion, AC powered:false, USB powered:true, POGO powered:false, Wireless powered:false, icon:17303411, invalid charger:0
D/BatteryService(  755): online:4, current avg:345, charge type:1, power sharing:false, high voltage charger:false, capacity:280000, batterySWSelfDischarging:false, current_now:345
D/BatteryService(  755): Sending ACTION_BATTERY_CHANGED.
I/MotionRecognitionService(  755): Plugged
D/MotionRecognitionService(  755):   cableConnection= 1
D/MotionRecognitionService(  755): setPowerConnected | current backoffstate  = 0 , state =0
D/MotionRecognitionService(  755): skip setTransmitPower. 
D/BatteryMeterView(  888): ACTION_BATTERY_CHANGED : level:29 status:2 health:2
D/BatteryMeterView(  888): ACTION_BATTERY_CHANGED : level:29 status:2 health:2
D/BatteryMeterView(  888): ACTION_BATTERY_CHANGED : level:29 status:2 health:2
V/AlarmManager(  755): waitForAlarm result :8
D/ActivityManager(  755): caller:null, r.packageName :com.urbandroid.lux
D/SSRM:n  (  755): SIOP:: AP = 380, CUR = 345, LCD = 82
D/BatteryService(  755): !@BatteryListener : batteryPropertiesChanged!
D/BatteryService(  755): level:29, scale:100, status:2, health:2, present:true, voltage: 3857, temperature: 285, technology: Li-ion, AC powered:false, USB powered:true, POGO powered:false, Wireless powered:false, icon:17303411, invalid charger:0
D/BatteryService(  755): online:4, current avg:344, charge type:1, power sharing:false, high voltage charger:false, capacity:280000, batterySWSelfDischarging:false, current_now:344
D/BatteryService(  755): Sending ACTION_BATTERY_CHANGED.
I/MotionRecognitionService(  755): Plugged
D/MotionRecognitionService(  755):   cableConnection= 1
D/MotionRecognitionService(  755): setPowerConnected | current backoffstate  = 0 , state =0
D/MotionRecognitionService(  755): skip setTransmitPower. 
D/BatteryMeterView(  888): ACTION_BATTERY_CHANGED : level:29 status:2 health:2
D/BatteryMeterView(  888): ACTION_BATTERY_CHANGED : level:29 status:2 health:2
D/BatteryMeterView(  888): ACTION_BATTERY_CHANGED : level:29 status:2 health:2
D/SSRM:n  (  755): SIOP:: AP = 380, CUR = 344, LCD = 82
D/BatteryService(  755): !@BatteryListener : batteryPropertiesChanged!
D/BatteryService(  755): level:29, scale:100, status:2, health:2, present:true, voltage: 3858, temperature: 285, technology: Li-ion, AC powered:false, USB powered:true, POGO powered:false, Wireless powered:false, icon:17303411, invalid charger:0
D/BatteryService(  755): online:4, current avg:345, charge type:1, power sharing:false, high voltage charger:false, capacity:280000, batterySWSelfDischarging:false, current_now:345
D/BatteryService(  755): Sending ACTION_BATTERY_CHANGED.
I/MotionRecognitionService(  755): Plugged
D/MotionRecognitionService(  755):   cableConnection= 1
D/MotionRecognitionService(  755): setPowerConnected | current backoffstate  = 0 , state =0
D/MotionRecognitionService(  755): skip setTransmitPower. 
D/BatteryMeterView(  888): ACTION_BATTERY_CHANGED : level:29 status:2 health:2
D/BatteryMeterView(  888): ACTION_BATTERY_CHANGED : level:29 status:2 health:2
D/BatteryMeterView(  888): ACTION_BATTERY_CHANGED : level:29 status:2 health:2
D/SSRM:n  (  755): SIOP:: AP = 380, CUR = 345, LCD = 82
E/Watchdog(  755): !@Sync 6482 [01-22 20:20:56.239]
D/BatteryService(  755): !@BatteryListener : batteryPropertiesChanged!
D/BatteryService(  755): level:29, scale:100, status:2, health:2, present:true, voltage: 3857, temperature: 285, technology: Li-ion, AC powered:false, USB powered:true, POGO powered:false, Wireless powered:false, icon:17303411, invalid charger:0
D/BatteryService(  755): online:4, current avg:344, charge type:1, power sharing:false, high voltage charger:false, capacity:280000, batterySWSelfDischarging:false, current_now:344
D/BatteryService(  755): Sending ACTION_BATTERY_CHANGED.
I/MotionRecognitionService(  755): Plugged
D/MotionRecognitionService(  755):   cableConnection= 1
D/MotionRecognitionService(  755): setPowerConnected | current backoffstate  = 0 , state =0
D/MotionRecognitionService(  755): skip setTransmitPower. 
D/BatteryMeterView(  888): ACTION_BATTERY_CHANGED : level:29 status:2 health:2
D/BatteryMeterView(  888): ACTION_BATTERY_CHANGED : level:29 status:2 health:2
D/BatteryMeterView(  888): ACTION_BATTERY_CHANGED : level:29 status:2 health:2
V/AlarmManager(  755): waitForAlarm result :8
D/SSRM:n  (  755): SIOP:: AP = 380, CUR = 344, LCD = 82
D/BatteryService(  755): !@BatteryListener : batteryPropertiesChanged!
D/BatteryService(  755): level:30, scale:100, status:2, health:2, present:true, voltage: 3857, temperature: 285, technology: Li-ion, AC powered:false, USB powered:true, POGO powered:false, Wireless powered:false, icon:17303411, invalid charger:0
D/BatteryService(  755): online:4, current avg:345, charge type:1, power sharing:false, high voltage charger:false, capacity:280000, batterySWSelfDischarging:false, current_now:345
D/BatteryService(  755): Sending ACTION_BATTERY_CHANGED.
D/PowerManagerService(  755): [PSM] lowPowerModeEnabled: false (mLowPowerModeSetting: false, mAutoLowPowerModeConfigured: false, mBatteryLevel: 30, mLowBatteryTriggerLevel: 0)
I/MotionRecognitionService(  755): Plugged
D/MotionRecognitionService(  755):   cableConnection= 1
D/MotionRecognitionService(  755): setPowerConnected | current backoffstate  = 0 , state =0
D/MotionRecognitionService(  755): skip setTransmitPower. 
D/BatteryMeterView(  888): ACTION_BATTERY_CHANGED : level:30 status:2 health:2
D/BatteryMeterView(  888): ACTION_BATTERY_CHANGED : level:30 status:2 health:2
D/BatteryMeterView(  888): ACTION_BATTERY_CHANGED : level:30 status:2 health:2
D/BatteryMeterView(  888): onDraw batteryColor : -1
V/AlarmManager(  755): waitForAlarm result :8
D/SSRM:n  (  755): SIOP:: AP = 380, CUR = 345, LCD = 82
D/BatteryService(  755): !@BatteryListener : batteryPropertiesChanged!
D/BatteryService(  755): level:30, scale:100, status:2, health:2, present:true, voltage: 3857, temperature: 286, technology: Li-ion, AC powered:false, USB powered:true, POGO powered:false, Wireless powered:false, icon:17303411, invalid charger:0
D/BatteryService(  755): online:4, current avg:337, charge type:1, power sharing:false, high voltage charger:false, capacity:280000, batterySWSelfDischarging:false, current_now:337
D/BatteryService(  755): Sending ACTION_BATTERY_CHANGED.
I/MotionRecognitionService(  755): Plugged
D/MotionRecognitionService(  755):   cableConnection= 1
D/MotionRecognitionService(  755): setPowerConnected | current backoffstate  = 0 , state =0
D/MotionRecognitionService(  755): skip setTransmitPower. 
D/BatteryMeterView(  888): ACTION_BATTERY_CHANGED : level:30 status:2 health:2
D/BatteryMeterView(  888): ACTION_BATTERY_CHANGED : level:30 status:2 health:2
D/BatteryMeterView(  888): ACTION_BATTERY_CHANGED : level:30 status:2 health:2
V/AlarmManager(  755): waitForAlarm result :4
D/ActivityManager(  755): caller:null, r.packageName :com.google.android.instantapps.supervisor
I/libpersona(31488): KNOX_SDCARD checking this for 10128
I/libpersona(31488): KNOX_SDCARD not a persona
I/ActivityManager(  755): Start proc 31488:com.google.android.instantapps.supervisor/u0a128 for service com.google.android.instantapps.supervisor/androidx.work.impl.background.systemalarm.SystemAlarmService
W/ResourcesManager(31488): getTopLevelResources: /data/app/com.google.android.instantapps.supervisor-2/base.apk / 1.0 running in com.google.android.instantapps.supervisor rsrc of package com.google.android.instantapps.supervisor
I/InjectionManagerService -AppFeature(  755): getCoreFeaturePkgList :[]
D/ResourcesManager(31488): For user 0 new overlays fetched Null
D/ActivityManager(  755): startService callerProcessName:com.google.android.instantapps.supervisor, calleePkgName: com.google.android.instantapps.supervisor
D/ActivityManager(  755): caller:android.app.ApplicationThreadProxy@1564737f, r.packageName :com.google.android.instantapps.supervisor
W/ResourcesManager(24608): getTopLevelResources: /data/app/com.google.android.instantapps.supervisor-2/base.apk / 1.0 running in com.google.android.gms rsrc of package com.google.android.instantapps.supervisor
D/ResourcesManager(24608): For user 0 new overlays fetched Null
W/ResourcesManager(24608): getTopLevelResources: /data/app/com.google.android.instantapps.supervisor-2/base.apk / 1.0 running in com.google.android.gms rsrc of package com.google.android.instantapps.supervisor
W/ResourcesManager(24608): getTopLevelResources: /data/app/com.google.android.instantapps.supervisor-2/base.apk / 1.0 running in com.google.android.gms rsrc of package com.google.android.instantapps.supervisor
W/ResourcesManager(24608): getTopLevelResources: /data/app/com.google.android.instantapps.supervisor-2/base.apk / 1.0 running in com.google.android.gms rsrc of package com.google.android.instantapps.supervisor
W/ResourcesManager(24608): getTopLevelResources: /data/app/com.google.android.instantapps.supervisor-2/base.apk / 1.0 running in com.google.android.gms rsrc of package com.google.android.instantapps.supervisor
D/ActivityManager(  755): bindService callerProcessName:com.google.android.gms, calleePkgName: com.google.android.gms, action: com.google.android.gms.clearcut.service.START
D/ActivityManager(  755): startService callerProcessName:com.google.android.instantapps.supervisor, calleePkgName: com.google.android.instantapps.supervisor
D/ActivityManager(  755): caller:android.app.ApplicationThreadProxy@2f7d405, r.packageName :com.google.android.instantapps.supervisor
D/ActivityManager(  755): getContentProviderImpl callerProcessName:com.google.android.instantapps.supervisor, calleePkgName: com.android.vending
I/libpersona(31589): KNOX_SDCARD checking this for 10021
I/libpersona(31589): KNOX_SDCARD not a persona
I/ActivityManager(  755): Start proc 31589:com.android.vending:instant_app_installer/u0a21 for content provider com.android.vending/com.google.android.finsky.instantapps.dna.PhoneskyArchiveProvider
W/ResourcesManager(31589): getTopLevelResources: /data/app/com.android.vending-1/base.apk / 1.0 running in com.android.vending rsrc of package com.android.vending
I/InjectionManagerService -AppFeature(  755): getCoreFeaturePkgList :[]
D/ResourcesManager(31589): For user 0 new overlays fetched Null
W/ResourcesManager(31589): getTopLevelResources: /data/app/com.google.android.gms-2/base.apk / 1.0 running in com.android.vending rsrc of package com.google.android.gms
D/ResourcesManager(31589): For user 0 new overlays fetched Null
W/ResourcesManager(31589): Asset path '/system/framework/com.android.media.remotedisplay.jar' does not exist or contains no resources.
W/ResourcesManager(31589): Asset path '/system/framework/com.android.location.provider.jar' does not exist or contains no resources.
W/ResourcesManager(31589): getTopLevelResources: /data/data/com.google.android.gms/app_chimera/m/00000052/GoogleCertificates.apk / 1.0 running in com.android.vending rsrc of package com.google.android.gms
D/ResourcesManager(31589): For user 0 new overlays fetched Null
W/ResourcesManager(31589): getTopLevelResources: /data/data/com.google.android.gms/app_chimera/m/00000052/GoogleCertificates.apk / 1.0 running in com.android.vending rsrc of package com.google.android.gms
I/ActivityManager(  755): Killing 23665:com.sec.android.widgetapp.ap.hero.accuweather/u0a53 (adj 15): DHA:empty #7
D/ActivityManager(  755): cleanUpApplicationRecord -- 23665
D/StatusBar.MSimNetworkController(  888): refreshViews connected={ wifi } phoneId = 0 level=4 mMSimcombinedSignalIconId=0x0/(null) mMSimcombinedActivityIconId=0x7f020635 mAirplaneMode=true mMSimDataActivity=0 mMSimPhoneSignalIconId=0x0/(null) mMSimDataDirectionIconId=0x0 mMSimDataSignalIconId=0x0 mMSimDataTypeIconId=0x0/(null) mNoMSimIconId=0x0/(null) mMSimMobileActivityIconId=0x0/(null) mWifiIconId=0x7f020678 mBluetoothTetherIconId=0x7f020650 mRoamingIconId=0x 0/(null)
D/StatusBar.MSimNetworkController(  888): refreshSignalCluster : called
D/SSRM:n  (  755): SIOP:: AP = 390, CUR = 337, LCD = 82
D/StatusBar.MSimNetworkController(  888): refreshViews connected={ wifi } phoneId = 0 level=4 mMSimcombinedSignalIconId=0x0/(null) mMSimcombinedActivityIconId=0x7f02062a mAirplaneMode=true mMSimDataActivity=0 mMSimPhoneSignalIconId=0x0/(null) mMSimDataDirectionIconId=0x0 mMSimDataSignalIconId=0x0 mMSimDataTypeIconId=0x0/(null) mNoMSimIconId=0x0/(null) mMSimMobileActivityIconId=0x0/(null) mWifiIconId=0x7f020678 mBluetoothTetherIconId=0x7f020650 mRoamingIconId=0x 0/(null)
D/StatusBar.MSimNetworkController(  888): refreshSignalCluster : called
E/Watchdog(  755): !@Sync 6483 [01-22 20:21:26.240]
D/BatteryService(  755): !@BatteryListener : batteryPropertiesChanged!
D/BatteryService(  755): level:30, scale:100, status:2, health:2, present:true, voltage: 3853, temperature: 285, technology: Li-ion, AC powered:false, USB powered:true, POGO powered:false, Wireless powered:false, icon:17303411, invalid charger:0
D/BatteryService(  755): online:4, current avg:328, charge type:1, power sharing:false, high voltage charger:false, capacity:280000, batterySWSelfDischarging:false, current_now:328
D/BatteryService(  755): Sending ACTION_BATTERY_CHANGED.
I/MotionRecognitionService(  755): Plugged
D/MotionRecognitionService(  755):   cableConnection= 1
D/MotionRecognitionService(  755): setPowerConnected | current backoffstate  = 0 , state =0
D/MotionRecognitionService(  755): skip setTransmitPower. 
D/BatteryMeterView(  888): ACTION_BATTERY_CHANGED : level:30 status:2 health:2
D/BatteryMeterView(  888): ACTION_BATTERY_CHANGED : level:30 status:2 health:2
D/BatteryMeterView(  888): ACTION_BATTERY_CHANGED : level:30 status:2 health:2
D/StatusBar.MSimNetworkController(  888): refreshViews connected={ wifi } phoneId = 0 level=4 mMSimcombinedSignalIconId=0x0/(null) mMSimcombinedActivityIconId=0x7f020635 mAirplaneMode=true mMSimDataActivity=0 mMSimPhoneSignalIconId=0x0/(null) mMSimDataDirectionIconId=0x0 mMSimDataSignalIconId=0x0 mMSimDataTypeIconId=0x0/(null) mNoMSimIconId=0x0/(null) mMSimMobileActivityIconId=0x0/(null) mWifiIconId=0x7f020678 mBluetoothTetherIconId=0x7f020650 mRoamingIconId=0x 0/(null)
D/StatusBar.MSimNetworkController(  888): refreshSignalCluster : called
D/StatusBar.MSimNetworkController(  888): refreshViews connected={ wifi } phoneId = 0 level=4 mMSimcombinedSignalIconId=0x0/(null) mMSimcombinedActivityIconId=0x7f02062a mAirplaneMode=true mMSimDataActivity=0 mMSimPhoneSignalIconId=0x0/(null) mMSimDataDirectionIconId=0x0 mMSimDataSignalIconId=0x0 mMSimDataTypeIconId=0x0/(null) mNoMSimIconId=0x0/(null) mMSimMobileActivityIconId=0x0/(null) mWifiIconId=0x7f020678 mBluetoothTetherIconId=0x7f020650 mRoamingIconId=0x 0/(null)
D/StatusBar.MSimNetworkController(  888): refreshSignalCluster : called
V/BroadcastQueue(  755): [background] Process cur broadcast BroadcastRecord{3aa19d5f u0 android.intent.action.DROPBOX_ENTRY_ADDED qIdx=4} DELIVERED for app ProcessRecord{2cd29f1c 9641:com.samsung.android.sm/1000}
V/BroadcastQueue(  755): [background] Process cur broadcast BroadcastRecord{3aa19d5f u0 android.intent.action.DROPBOX_ENTRY_ADDED qIdx=4} DELIVERED for app ProcessRecord{2c69f20e 24608:com.google.android.gms.persistent/u0a8}
D/ActivityManager(  755): caller:android.app.ApplicationThreadProxy@b3d23ac, r.packageName :com.google.android.gms
V/BroadcastQueue(  755): [background] Process cur broadcast BroadcastRecord{3aa19d5f u0 android.intent.action.DROPBOX_ENTRY_ADDED qIdx=4} DELIVERED for app ProcessRecord{2c69f20e 24608:com.google.android.gms.persistent/u0a8}
D/ActivityManager(  755): startService callerProcessName:com.google.android.gms, calleePkgName: com.google.android.gms
D/ActivityManager(  755): caller:android.app.ApplicationThreadProxy@223d300a, r.packageName :com.google.android.gms
D/ActivityManager(  755): bindService callerProcessName:com.google.android.gms, calleePkgName: com.google.android.gms, action: com.google.android.gms.udc.service.START
D/StatusBar.MSimNetworkController(  888): refreshViews connected={ wifi } phoneId = 0 level=4 mMSimcombinedSignalIconId=0x0/(null) mMSimcombinedActivityIconId=0x7f020627 mAirplaneMode=true mMSimDataActivity=0 mMSimPhoneSignalIconId=0x0/(null) mMSimDataDirectionIconId=0x0 mMSimDataSignalIconId=0x0 mMSimDataTypeIconId=0x0/(null) mNoMSimIconId=0x0/(null) mMSimMobileActivityIconId=0x0/(null) mWifiIconId=0x7f020678 mBluetoothTetherIconId=0x7f020650 mRoamingIconId=0x 0/(null)
D/StatusBar.MSimNetworkController(  888): refreshSignalCluster : called
D/StatusBar.MSimNetworkController(  888): refreshViews connected={ wifi } phoneId = 0 level=4 mMSimcombinedSignalIconId=0x0/(null) mMSimcombinedActivityIconId=0x7f02062a mAirplaneMode=true mMSimDataActivity=0 mMSimPhoneSignalIconId=0x0/(null) mMSimDataDirectionIconId=0x0 mMSimDataSignalIconId=0x0 mMSimDataTypeIconId=0x0/(null) mNoMSimIconId=0x0/(null) mMSimMobileActivityIconId=0x0/(null) mWifiIconId=0x7f020678 mBluetoothTetherIconId=0x7f020650 mRoamingIconId=0x 0/(null)
D/StatusBar.MSimNetworkController(  888): refreshSignalCluster : called
D/SSRM:n  (  755): SIOP:: AP = 380, CUR = 328, LCD = 82
D/BatteryService(  755): !@BatteryListener : batteryPropertiesChanged!
D/BatteryService(  755): level:30, scale:100, status:2, health:2, present:true, voltage: 3844, temperature: 286, technology: Li-ion, 