02-24 20:19:58.000  2173  8060 I ActivityManager: Process com.touchtype.swiftkey (pid 1416) has died: cch+6CEM 
02-24 20:19:58.000  2173  2362 E ConnectivityService: RemoteException caught trying to send a callback msg for NetworkRequest [ LISTEN id=1954, [ Capabilities: INTERNET&NOT_RESTRICTED&TRUSTED&NOT_VPN&FOREGROUND] ]
02-24 20:19:58.009  2173  5740 I ActivityManager: Process com.sonymobile.deviceconfigtool (pid 20954) has died: cch+6SVC 
02-24 20:19:58.009  2173  5740 W ActivityManager: Scheduling restart of crashed service com.sonymobile.deviceconfigtool/.EnterpriseConfigService in 1000ms
02-24 20:19:58.009  2173  5740 W ActivityManager: Scheduling restart of crashed service com.sonymobile.deviceconfigtool/.cloudconfig.AutomaticConfiguratorService in 11000ms
02-24 20:19:58.014  2173  3234 I ActivityManager: Process com.sonymobile.superstamina:wakelock (pid 504) has died: cch+6SVC 
02-24 20:19:58.015  2173  3234 W ActivityManager: Scheduling restart of crashed service com.sonymobile.superstamina/.WakelockMonitorService in 20995ms
02-24 20:19:58.053  2173  5740 I ActivityManager: Process com.android.settings (pid 11278) has died: cch+6SVC 
02-24 20:19:58.053  2173  5740 W ActivityManager: Scheduling restart of crashed service com.android.settings/com.mediatek.settings.sim.SimSelectService in 30957ms
02-24 20:19:58.058  2173  2194 W ActivityManager: setHasOverlayUi called on unknown pid: 11278
02-24 20:19:58.130  2173  5740 I ActivityManager: Process com.sonymobile.tvout.wifidisplay (pid 1403) has died: cch+6CEM 
02-24 20:19:58.138  2173  5740 I ActivityManager: Process com.sonymobile.wifi:idd (pid 1357) has died: cch+6CEM 
02-24 20:19:58.142  2173  5740 I ActivityManager: Process com.sonymobile.assist (pid 2015) has died: cch+6CEM 
02-24 20:19:58.236  2173  2347 I NetworkStatsRecorder: recordSnapshotLocked: ident[[{type=WIFI, subType=COMBINED, networkId="UPC2099091", metered=false}]]
02-24 20:19:58.236  2173  2347 W NetworkStatsRecorder: unknown interfaces [p2p0, lo, vt_data0], ignoring those stats
02-24 20:19:58.236  2173  2347 I NetworkStatsRecorder: recordSnapshotLocked: ident[[{type=WIFI, subType=COMBINED, networkId="UPC2099091", metered=false}]]
02-24 20:19:58.236  2173  2347 I NetworkStatsRecorder: recordSnapshotLocked: ident[[{type=VPN, subType=COMBINED, metered=true}]]
02-24 20:19:58.236  2173  2347 W NetworkStatsRecorder: unknown interfaces [p2p0, lo, vt_data0], ignoring those stats
02-24 20:19:58.238  2173  2347 I NetworkStatsRecorder: recordSnapshotLocked: ident[[{type=WIFI, subType=COMBINED, networkId="UPC2099091", metered=false}]]
02-24 20:19:58.239  2173  2347 I NetworkStatsRecorder: recordSnapshotLocked: ident[[{type=WIFI, subType=COMBINED, networkId="UPC2099091", metered=false}]]
02-24 20:19:58.239  2173  2347 I NetworkStatsRecorder: recordSnapshotLocked: ident[[{type=VPN, subType=COMBINED, metered=true}]]
02-24 20:19:58.239  2173  2347 W NetworkStatsRecorder: unknown interfaces [p2p0, lo, vt_data0], ignoring those stats
02-24 20:19:58.240  2173  2347 W NetworkStatsRecorder: unknown interfaces [p2p0, lo, vt_data0], ignoring those stats
02-24 20:19:59.085  2173  2187 I ActivityManager: Start proc 4045:com.sonymobile.deviceconfigtool/u0a99 for service com.sonymobile.deviceconfigtool/.EnterpriseConfigService
02-24 20:19:59.701  2173 10093 I AppWidgetServiceImpl: getAppWidgetIds() 0
02-24 20:19:59.999   407   407 E android.hardware.wifi@1.0-service: Invalid radio stats in link layer stats
02-24 20:20:00.000  2173  2323 I AlarmManager: [openLteGateByDataShaping] isDataShapingWhitelist: false,openLteGateSuccess = false
02-24 20:20:00.315  2173  3238 I ActivityManager: Start proc 4070:com.brave.browser:sandboxed_process4/u0i470 for service com.brave.browser/org.chromium.content.app.SandboxedProcessService4
02-24 20:20:01.418  2173  3238 W ActivityManager: Exception when destroying service com.brave.browser/org.chromium.content.app.SandboxedProcessService4
02-24 20:20:01.418  2173  3238 W ActivityManager: android.os.DeadObjectException
02-24 20:20:01.418  2173  3238 W ActivityManager: 	at android.os.BinderProxy.transactNative(Native Method)
02-24 20:20:01.418  2173  3238 W ActivityManager: 	at android.os.BinderProxy.transact(Binder.java:748)
02-24 20:20:01.418  2173  3238 W ActivityManager: 	at android.app.IApplicationThread$Stub$Proxy.scheduleStopService(IApplicationThread.java:1369)
02-24 20:20:01.418  2173  3238 W ActivityManager: 	at com.android.server.am.ActiveServices.bringDownServiceLocked(ActiveServices.java:2864)
02-24 20:20:01.418  2173  3238 W ActivityManager: 	at com.android.server.am.ActiveServices.bringDownServiceIfNeededLocked(ActiveServices.java:2736)
02-24 20:20:01.418  2173  3238 W ActivityManager: 	at com.android.server.am.ActiveServices.removeConnectionLocked(ActiveServices.java:2987)
02-24 20:20:01.418  2173  3238 W ActivityManager: 	at com.android.server.am.ActiveServices.unbindServiceLocked(ActiveServices.java:1681)
02-24 20:20:01.418  2173  3238 W ActivityManager: 	at com.android.server.am.ActivityManagerService.unbindService(ActivityManagerService.java:19183)
02-24 20:20:01.418  2173  3238 W ActivityManager: 	at android.app.IActivityManager$Stub.onTransact(IActivityManager.java:594)
02-24 20:20:01.418  2173  3238 W ActivityManager: 	at com.android.server.am.ActivityManagerService.onTransact(ActivityManagerService.java:3143)
02-24 20:20:01.418  2173  3238 W ActivityManager: 	at android.os.Binder.execTransact(Binder.java:674)
02-24 20:20:01.419  2173  3238 I ActivityManager: Killing 4070:com.brave.browser:sandboxed_process4/u0a206i470 (adj 0): isolated not needed
02-24 20:20:03.015   407   407 E android.hardware.wifi@1.0-service: Invalid radio stats in link layer stats
02-24 20:20:09.061   407   407 I chatty  : uid=1010 wifi@1.0-servic identical 2 lines
02-24 20:20:12.078   407   407 E android.hardware.wifi@1.0-service: Invalid radio stats in link layer stats
02-24 20:20:12.373  2173  2520 W Watchdog: **Get SF Time **0
02-24 20:20:12.374  2173  2520 W Watchdog: SWT Watchdog before synchronized:200439103
02-24 20:20:12.374  2173  2520 W Watchdog: SWT Watchdog after synchronized:200439103
02-24 20:20:13.585  2173  2316 W ContextImpl: Calling a method in the system process without a qualified user: android.app.ContextImpl.sendBroadcast:963 com.android.server.BatteryService$1.ExecuteThermalCamera:283 com.android.server.BatteryService$1.run:323 android.os.Handler.handleCallback:869 android.os.Handler.dispatchMessage:101 
02-24 20:20:15.092   407   407 E android.hardware.wifi@1.0-service: Invalid radio stats in link layer stats
02-24 20:20:18.107   407   407 E android.hardware.wifi@1.0-service: Invalid radio stats in link layer stats
02-24 20:20:19.044  2173  2187 I ActivityManager: Start proc 4096:com.sonymobile.superstamina:wakelock/1000 for service com.sonymobile.superstamina/.WakelockMonitorService
02-24 20:20:19.483   407   407 E android.hardware.wifi@1.0-service: Invalid radio stats in link layer stats
02-24 20:20:19.487  2173  3238 E BatteryStatsService: no controller energy info supplied
02-24 20:20:21.121   407   407 E android.hardware.wifi@1.0-service: Invalid radio stats in link layer stats
02-24 20:20:24.135   407   407 I chatty  : uid=1010 wifi@1.0-servic identical 1 line
02-24 20:20:27.151   407   407 E android.hardware.wifi@1.0-service: Invalid radio stats in link layer stats
02-24 20:20:29.044  2173  2187 I ActivityManager: Start proc 4113:com.android.settings/1000 for service com.android.settings/com.mediatek.settings.sim.SimSelectService
02-24 20:20:30.160   407   407 E android.hardware.wifi@1.0-service: Invalid radio stats in link layer stats
02-24 20:20:33.178   407   407 E android.hardware.wifi@1.0-service: Invalid radio stats in link layer stats
02-24 20:20:33.609  2173  2316 W ContextImpl: Calling a method in the system process without a qualified user: android.app.ContextImpl.sendBroadcast:963 com.android.server.BatteryService$1.ExecuteThermalCamera:283 com.android.server.BatteryService$1.run:323 android.os.Handler.handleCallback:869 android.os.Handler.dispatchMessage:101 
02-24 20:20:36.196   407   407 E android.hardware.wifi@1.0-service: Invalid radio stats in link layer stats
02-24 20:20:39.212   407   407 E android.hardware.wifi@1.0-service: Invalid radio stats in link layer stats
02-24 20:20:40.555  2173  2323 I AlarmManager: [openLteGateByDataShaping] isDataShapingWhitelist: false,openLteGateSuccess = false
02-24 20:20:40.626   407   407 E android.hardware.wifi@1.0-service: Invalid radio stats in link layer stats
02-24 20:20:40.629  2173  2190 E BatteryStatsService: no controller energy info supplied
02-24 20:20:42.227   407   407 E android.hardware.wifi@1.0-service: Invalid radio stats in link layer stats
02-24 20:20:42.375  2173  2520 W Watchdog: **Get SF Time **0
02-24 20:20:42.379  2173  2520 W Watchdog: SWT Watchdog before synchronized:200469108
02-24 20:20:42.379  2173  2520 W Watchdog: SWT Watchdog after synchronized:200469108
02-24 20:20:45.240   407   407 E android.hardware.wifi@1.0-service: Invalid radio stats in link layer stats
02-24 20:20:48.247   407   407 I chatty  : uid=1010 wifi@1.0-servic identical 1 line
02-24 20:20:51.278   407   407 E android.hardware.wifi@1.0-service: Invalid radio stats in link layer stats
02-24 20:20:51.874  2173  2187 W ActivityManager: Stopping service due to app idle: u0a200 -1m24s247ms ch.deletescape.lawnchair.plah/ch.deletescape.lawnchair.bugreport.BugReportService
02-24 20:20:51.897 12280 12280 E ActivityThread: Service ch.deletescape.lawnchair.bugreport.BugReportService has leaked IntentReceiver ch.deletescape.lawnchair.bugreport.BugReportService$onCreate$receiver$1@b40a949 that was originally registered here. Are you missing a call to unregisterReceiver()?
02-24 20:20:51.897 12280 12280 E ActivityThread: android.app.IntentReceiverLeaked: Service ch.deletescape.lawnchair.bugreport.BugReportService has leaked IntentReceiver ch.deletescape.lawnchair.bugreport.BugReportService$onCreate$receiver$1@b40a949 that was originally registered here. Are you missing a call to unregisterReceiver()?
02-24 20:20:51.897 12280 12280 E ActivityThread: 	at android.app.LoadedApk$ReceiverDispatcher.<init>(LoadedApk.java:1362)
02-24 20:20:51.897 12280 12280 E ActivityThread: 	at android.app.LoadedApk.getReceiverDispatcher(LoadedApk.java:1114)
02-24 20:20:51.897 12280 12280 E ActivityThread: 	at android.app.ContextImpl.registerReceiverInternal(ContextImpl.java:1418)
02-24 20:20:51.897 12280 12280 E ActivityThread: 	at android.app.ContextImpl.registerReceiver(ContextImpl.java:1391)
02-24 20:20:51.897 12280 12280 E ActivityThread: 	at android.content.ContextWrapper.registerReceiver(ContextWrapper.java:616)
02-24 20:20:51.897 12280 12280 E ActivityThread: 	at ch.deletescape.lawnchair.bugreport.BugReportService.onCreate(BugReportService.kt:8)
02-24 20:20:51.897 12280 12280 E ActivityThread: 	at android.app.ActivityThread.handleCreateService(ActivityThread.java:3497)
02-24 20:20:51.897 12280 12280 E ActivityThread: 	at android.app.ActivityThread.-wrap4(Unknown Source:0)
02-24 20:20:51.897 12280 12280 E ActivityThread: 	at android.app.ActivityThread$H.handleMessage(ActivityThread.java:1753)
02-24 20:20:51.897 12280 12280 E ActivityThread: 	at android.os.Handler.dispatchMessage(Handler.java:108)
02-24 20:20:51.897 12280 12280 E ActivityThread: 	at android.os.Looper.loop(Looper.java:206)
02-24 20:20:51.897 12280 12280 E ActivityThread: 	at android.app.ActivityThread.main(ActivityThread.java:6749)
02-24 20:20:51.897 12280 12280 E ActivityThread: 	at java.lang.reflect.Method.invoke(Native Method)
02-24 20:20:51.897 12280 12280 E ActivityThread: 	at com.android.internal.os.Zygote$MethodAndArgsCaller.run(Zygote.java:240)
02-24 20:20:51.897 12280 12280 E ActivityThread: 	at com.android.internal.os.ZygoteInit.main(ZygoteInit.java:845)
02-24 20:20:51.912  2173  2558 W ActivityManager: Background start not allowed: service Intent { cmp=ch.deletescape.lawnchair.plah/ch.deletescape.lawnchair.bugreport.BugReportService } to ch.deletescape.lawnchair.plah/ch.deletescape.lawnchair.bugreport.BugReportService from pid=29208 uid=10200 pkg=ch.deletescape.lawnchair.plah
02-24 20:20:53.634  2173  2316 W ContextImpl: Calling a method in the system process without a qualified user: android.app.ContextImpl.sendBroadcast:963 com.android.server.BatteryService$1.ExecuteThermalCamera:283 com.android.server.BatteryService$1.run:323 android.os.Handler.handleCallback:869 android.os.Handler.dispatchMessage:101 
02-24 20:20:54.294   407   407 E android.hardware.wifi@1.0-service: Invalid radio stats in link layer stats
02-24 20:20:56.624  2173  2558 I ActivityManager: Start proc 4128:com.brave.browser:sandboxed_process5/u0i471 for service com.brave.browser/org.chromium.content.app.SandboxedProcessService5
02-24 20:20:57.301   407   407 E android.hardware.wifi@1.0-service: Invalid radio stats in link layer stats
02-24 20:20:57.611  2173  3238 I ActivityManager: Killing 4128:com.brave.browser:sandboxed_process5/u0a206i471 (adj 0): isolated not needed
02-24 20:20:57.691  2173  3238 I ActivityManager: Start proc 4148:com.brave.browser:sandboxed_process6/u0i472 for service com.brave.browser/org.chromium.content.app.SandboxedProcessService6
02-24 20:20:58.700  2173  7184 I ActivityManager: Killing 4148:com.brave.browser:sandboxed_process6/u0a206i472 (adj 0): isolated not needed
02-24 20:21:00.001  2173  2323 I AlarmManager: [openLteGateByDataShaping] isDataShapingWhitelist: false,openLteGateSuccess = false
02-24 20:21:00.312   407   407 E android.hardware.wifi@1.0-service: Invalid radio stats in link layer stats
02-24 20:21:02.530  2173 10116 I WindowManager: Relayout Window{a53a278 u0 InputMethod}: oldVis=8 newVis=0 focusMayChange = true
02-24 20:21:02.931  2173 10093 I ActivityManager: Start proc 4168:com.brave.browser:sandboxed_process7/u0i473 for service com.brave.browser/org.chromium.content.app.SandboxedProcessService7
02-24 20:21:03.333   407   407 E android.hardware.wifi@1.0-service: Invalid radio stats in link layer stats
02-24 20:21:04.180  2173  2323 I AlarmManager: [openLteGateByDataShaping] isDataShapingWhitelist: false,openLteGateSuccess = true
02-24 20:21:06.339   407   407 E android.hardware.wifi@1.0-service: Invalid radio stats in link layer stats
02-24 20:21:06.677  2173  2194 I WindowManager: Losing delayed focus: Window{289253b u0 com.brave.browser/com.google.android.apps.chrome.Main}
02-24 20:21:09.354   407   407 E android.hardware.wifi@1.0-service: Invalid radio stats in link layer stats
02-24 20:21:10.638  2173 10093 I ActivityManager: START u0 {cmp=com.brave.browser/org.chromium.chrome.browser.settings.BraveSettingsActivity} from uid 10206
02-24 20:21:10.893  2173 10093 I WindowManager: Relayout Window{d4cbaae u0 com.brave.browser/org.chromium.chrome.browser.settings.BraveSettingsActivity}: oldVis=4 newVis=0 focusMayChange = true
02-24 20:21:12.373   407   407 E android.hardware.wifi@1.0-service: Invalid radio stats in link layer stats
02-24 20:21:12.380  2173  2520 W Watchdog: **Get SF Time **0
02-24 20:21:12.380  2173  2520 W Watchdog: SWT Watchdog before synchronized:200499110
02-24 20:21:12.380  2173  2520 W Watchdog: SWT Watchdog after synchronized:200499110
02-24 20:21:13.661  2173  2316 W ContextImpl: Calling a method in the system process without a qualified user: android.app.ContextImpl.sendBroadcast:963 com.android.server.BatteryService$1.ExecuteThermalCamera:283 com.android.server.BatteryService$1.run:323 android.os.Handler.handleCallback:869 android.os.Handler.dispatchMessage:101 
02-24 20:21:15.380   407   407 E android.hardware.wifi@1.0-service: Invalid radio stats in link layer stats
02-24 20:21:30.456   407   407 I chatty  : uid=1010 wifi@1.0-servic identical 5 lines
02-24 20:21:33.471   407   407 E android.hardware.wifi@1.0-service: Invalid radio stats in link layer stats
02-24 20:21:33.685  2173  2316 W ContextImpl: Calling a method in the system process without a qualified user: android.app.ContextImpl.sendBroadcast:963 com.android.server.BatteryService$1.ExecuteThermalCamera:283 com.android.server.BatteryService$1.run:323 android.os.Handler.handleCallback:869 android.os.Handler.dispatchMessage:101 
02-24 20:21:36.479   407   407 E android.hardware.wifi@1.0-service: Invalid radio stats in link layer stats
02-24 20:21:39.696   407   407 I chatty  : uid=1010 wifi@1.0-servic identical 2 lines
02-24 20:21:41.285   407   407 E android.hardware.wifi@1.0-service: Invalid radio stats in link layer stats
02-24 20:21:42.381  2173  2520 W Watchdog: **Get SF Time **0
02-24 20:21:42.382  2173  2520 W Watchdog: SWT Watchdog before synchronized:200529112
02-24 20:21:42.382  2173  2520 W Watchdog: SWT Watchdog after synchronized:200529112
02-24 20:21:42.513   407   407 E android.hardware.wifi@1.0-service: Invalid radio stats in link layer stats
02-24 20:21:48.542   407   407 I chatty  : uid=1010 wifi@1.0-servic identical 2 lines
02-24 20:21:51.555   407   407 E android.hardware.wifi@1.0-service: Invalid radio stats in link layer stats
02-24 20:21:53.703  2173  2316 W ContextImpl: Calling a method in the system process without a qualified user: android.app.ContextImpl.sendBroadcast:963 com.android.server.BatteryService$1.ExecuteThermalCamera:283 com.android.server.BatteryService$1.run:323 android.os.Handler.handleCallback:869 android.os.Handler.dispatchMessage:101 
02-24 20:21:54.572   407   407 E android.hardware.wifi@1.0-service: Invalid radio stats in link layer stats
02-24 20:21:57.579   407   407 E android.hardware.wifi@1.0-service: Invalid radio stats in link layer stats
02-24 20:22:00.003  2173  2323 I AlarmManager: [openLteGateByDataShaping] isDataShapingWhitelist: false,openLteGateSuccess = false
02-24 20:22:00.595   407   407 E android.hardware.wifi@1.0-service: Invalid radio stats in link layer stats
02-24 20:22:03.610   407   407 I chatty  : uid=1010 wifi@1.0-servic identical 1 line
02-24 20:22:06.640   407   407 E android.hardware.wifi@1.0-service: Invalid radio stats in link layer stats
02-24 20:22:06.721  2173  9262 I UsbPortManager: ClientCallback: otg_default
02-24 20:22:06.721  2173  2192 I UsbPortManager: USB port changed: port=UsbPort{id=otg_default, supportedModes=dual}, status=UsbPortStatus{connected=true, currentMode=ufp, currentPowerRole=sink, currentDataRole=device, supportedRoleCombinations=[source:host, source:device, sink:host, sink:device]}, canChangeMode=true, canChangePowerRole=true, canChangeDataRole=true
02-24 20:22:07.288  2173  2173 I EntropyMixer: Writing entropy...
02-24 20:22:07.333   407   407 E android.hardware.wifi@1.0-service: Invalid radio stats in link layer stats
02-24 20:22:07.337  2173  2187 W BroadcastQueue: Background execution not allowed: receiving Intent { act=android.intent.action.ACTION_POWER_CONNECTED flg=0x4000010 (has extras) } to com.google.android.gms/.gcm.nts.SchedulerReceiver
02-24 20:22:07.338  2173  2187 W BroadcastQueue: Background execution not allowed: receiving Intent { act=android.intent.action.ACTION_POWER_CONNECTED flg=0x4000010 (has extras) } to com.google.android.gms/.chimera.GmsIntentOperationService$PersistentTrustedReceiver
02-24 20:22:07.343  2173  2197 E PowerManagerService: catHall-mHallState:1
02-24 20:22:07.346  2173  2190 E BatteryStatsService: no controller energy info supplied
02-24 20:22:07.493  2173  5361 I ActivityManager: Start proc 4218:com.sonymobile.runtimeskinning.picker/u0a177 for broadcast com.sonymobile.runtimeskinning.picker/.idd.PowerConnectedReceiver
02-24 20:22:07.628  2173  2173 I ActivityManager: Start proc 4246:com.google.android.partnersetup/u0a44 for service com.google.android.partnersetup/.InstalledAppJobService
02-24 20:22:07.677  2173  2173 I ActivityManager: Start proc 4261:com.sonymobile.storagechecker/u0a59 for service com.sonymobile.storagechecker/.controller.DeviceStorageJobService
02-24 20:22:07.781  2173  2331 I StorageManagerService: mUsbReceiver onReceive, intent=Intent { act=android.hardware.usb.action.USB_STATE flg=0x31000010 (has extras) }
02-24 20:22:07.781  2173  2331 I StorageManagerService: notifyShareAvailabilityChange, isConnected=false
02-24 20:22:07.822  2173  2187 I ActivityManager: Start proc 4287:android.process.media/u0a34 for broadcast com.android.providers.media/.MtpReceiver
02-24 20:22:07.883  2173  3325 W BroadcastQueue: Background execution not allowed: receiving Intent { act=android.intent.action.ACTION_POWER_CONNECTED flg=0x4000010 (has extras) } to com.arlosoft.macrodroid/org.altbeacon.beacon.startup.StartupBroadcastReceiver
02-24 20:22:07.960  2173  2331 I StorageManagerService: mUsbReceiver onReceive, intent=Intent { act=android.hardware.usb.action.USB_STATE flg=0x31000010 (has extras) }
02-24 20:22:07.960  2173  2331 I StorageManagerService: notifyShareAvailabilityChange, isConnected=false
02-24 20:22:08.210   407   407 E android.hardware.wifi@1.0-service: Invalid radio stats in link layer stats
02-24 20:22:08.215  2173 10093 E BatteryStatsService: no controller energy info supplied
02-24 20:22:08.236  2173  5361 I ActivityManager: Start proc 4322:com.sonyericsson.usbux/1000 for broadcast com.sonyericsson.usbux/.service.UsbServiceReceiver
02-24 20:22:08.360  4322  4322 W ContextImpl: Calling a method in the system process without a qualified user: android.app.ContextImpl.startService:1473 android.content.ContextWrapper.startService:644 android.content.ContextWrapper.startService:644 com.sonyericsson.usbux.service.UsbServiceReceiver.onReceive:107 android.app.ActivityThread.handleReceiver:3341 
02-24 20:22:08.382  2173  3325 I ActivityManager: Start proc 4338:com.eonsoft.ScreenON:remote/u0a259 for broadcast com.eonsoft.ScreenON/.receiverUSB
02-24 20:22:08.571  4113  4113 W ContextImpl: Calling a method in the system process without a qualified user: android.app.ContextImpl.startActivity:845 android.content.ContextWrapper.startActivity:366 android.content.ContextWrapper.startActivity:366 com.android.settings.deviceinfo.UsbModeChooserReceiver.onReceive:61 android.app.ActivityThread.handleReceiver:3341 
02-24 20:22:08.572  4113  4113 W ContextImpl: Calling a method in the system process without a qualified user: android.app.ContextImpl.startActivity:857 android.app.ContextImpl.startActivity:846 android.content.ContextWrapper.startActivity:366 android.content.ContextWrapper.startActivity:366 com.android.settings.deviceinfo.UsbModeChooserReceiver.onReceive:61 
02-24 20:22:08.573  2173 10093 I ActivityManager: START u0 {act=android.intent.action.MAIN cat=[android.intent.category.LAUNCHER] flg=0x10008000 cmp=com.android.settings/.deviceinfo.UsbModeChooserActivity} from uid 1000
02-24 20:22:08.629  4322  4322 W ContextImpl: Calling a method in the system process without a qualified user: android.app.ContextImpl.startService:1473 android.content.ContextWrapper.startService:644 android.content.ContextWrapper.startService:644 com.sonyericsson.usbux.service.UsbServiceReceiver.onReceive:107 android.app.ActivityThread.handleReceiver:3341 
02-24 20:22:08.996  2173  5361 I WindowManager: Relayout Window{327b1c7 u0 com.android.settings/com.android.settings.deviceinfo.UsbModeChooserActivity}: oldVis=4 newVis=0 focusMayChange = true
02-24 20:22:09.649   407   407 E android.hardware.wifi@1.0-service: Invalid radio stats in link layer stats
02-24 20:22:10.773  2173  3325 W ActivityManager: Finishing task with all activities already finished
02-24 20:22:10.773  2173  3325 W ActivityManager: Duplicate finish request for ActivityRecord{6042783 u0 com.android.settings/.deviceinfo.UsbModeChooserActivity t1362 f}
02-24 20:22:12.383  2173  2520 W Watchdog: **Get SF Time **0
02-24 20:22:12.383  2173  2520 W Watchdog: SWT Watchdog before synchronized:200559113
02-24 20:22:12.383  2173  2520 W Watchdog: SWT Watchdog after synchronized:200559113
02-24 20:22:12.606  2173 10116 I ActivityManager: START u0 {act=android.intent.action.MAIN cmp=com.brave.browser/org.chromium.chrome.browser.settings.BraveSettingsActivity (has extras)} from uid 10206
02-24 20:22:12.657   407   407 E android.hardware.wifi@1.0-service: Invalid radio stats in link layer stats
02-24 20:22:12.745  2173  5361 I WindowManager: Relayout Window{b5448dd u0 com.brave.browser/org.chromium.chrome.browser.settings.BraveSettingsActivity}: oldVis=4 newVis=0 focusMayChange = true
02-24 20:22:13.724  2173  2316 W ContextImpl: Calling a method in the system process without a qualified user: android.app.ContextImpl.sendBroadcast:963 com.android.server.BatteryService$1.ExecuteThermalCamera:283 com.android.server.BatteryService$1.run:323 android.os.Handler.handleCallback:869 android.os.Handler.dispatchMessage:101 
02-24 20:22:14.723  2173 10116 I WindowManager: Relayout Window{d4cbaae u0 com.brave.browser/org.chromium.chrome.browser.settings.BraveSettingsActivity}: oldVis=8 newVis=0 focusMayChange = true
02-24 20:22:15.678   407   407 E android.hardware.wifi@1.0-service: Invalid radio stats in link layer stats
02-24 20:22:18.181  2173  2323 I AlarmManager: [openLteGateByDataShaping] isDataShapingWhitelist: false,openLteGateSuccess = false
02-24 20:22:18.694   407   407 E android.hardware.wifi@1.0-service: Invalid radio stats in link layer stats
02-24 20:22:27.745   407   407 I chatty  : uid=1010 wifi@1.0-servic identical 3 lines
02-24 20:22:30.750   407   407 E android.hardware.wifi@1.0-service: Invalid radio stats in link layer stats
02-24 20:22:32.599  2173  5361 I ActivityManager: START u0 {act=android.intent.action.MAIN cmp=com.brave.browser/org.chromium.chrome.browser.settings.BraveSettingsActivity (has extras)} from uid 10206
02-24 20:22:32.717  2173  3238 I WindowManager: Relayout Window{7e6f681 u0 com.brave.browser/org.chromium.chrome.browser.settings.BraveSettingsActivity}: oldVis=4 newVis=0 focusMayChange = true
02-24 20:22:33.743  2173  2316 W ContextImpl: Calling a method in the system process without a qualified user: android.app.ContextImpl.sendBroadcast:963 com.android.server.BatteryService$1.ExecuteThermalCamera:283 com.android.server.BatteryService$1.run:323 android.os.Handler.handleCallback:869 android.os.Handler.dispatchMessage:101 
02-24 20:22:33.766   407   407 E android.hardware.wifi@1.0-service: Invalid radio stats in link layer stats
02-24 20:22:36.333  2173  3238 I WindowManager: Relayout Window{d4cbaae u0 com.brave.browser/org.chromium.chrome.browser.settings.BraveSettingsActivity}: oldVis=8 newVis=0 focusMayChange = true
02-24 20:22:36.787   407   407 E android.hardware.wifi@1.0-service: Invalid radio stats in link layer stats
02-24 20:22:37.478  2173  3238 I ActivityManager: START u0 {act=android.intent.action.MAIN cmp=com.brave.browser/org.chromium.chrome.browser.settings.BraveSettingsActivity (has extras)} from uid 10206
02-24 20:22:37.611  2173  5740 I WindowManager: Relayout Window{1b5562 u0 com.brave.browser/org.chromium.chrome.browser.settings.BraveSettingsActivity}: oldVis=4 newVis=0 focusMayChange = true
02-24 20:22:38.377  2173  2323 I AlarmManager: [openLteGateByDataShaping] isDataShapingWhitelist: false,openLteGateSuccess = false
02-24 20:22:38.744  2173  3238 I WindowManager: Relayout Window{d4cbaae u0 com.brave.browser/org.chromium.chrome.browser.settings.BraveSettingsActivity}: oldVis=8 newVis=0 focusMayChange = true
02-24 20:22:39.801   407   407 E android.hardware.wifi@1.0-service: Invalid radio stats in link layer stats
02-24 20:22:42.385  2173  2520 W Watchdog: **Get SF Time **0
02-24 20:22:42.385  2173  2520 W Watchdog: SWT Watchdog before synchronized:200589115
02-24 20:22:42.385  2173  2520 W Watchdog: SWT Watchdog after synchronized:200589115
02-24 20:22:42.816   407   407 E android.hardware.wifi@1.0-service: Invalid radio stats in link layer stats
02-24 20:22:48.846   407   407 I chatty  : uid=1010 wifi@1.0-servic identical 2 lines
02-24 20:22:51.862   407   407 E android.hardware.wifi@1.0-service: Invalid radio stats in link layer stats
02-24 20:22:53.765  2173  2316 W ContextImpl: Calling a method in the system process without a qualified user: android.app.ContextImpl.sendBroadcast:963 com.android.server.BatteryService$1.ExecuteThermalCamera:283 com.android.server.BatteryService$1.run:323 android.os.Handler.handleCallback:869 android.os.Handler.dispatchMessage:101 
02-24 20:22:54.915   407   407 E android.hardware.wifi@1.0-service: Invalid radio stats in link layer stats
02-24 20:22:57.931   407   407 E android.hardware.wifi@1.0-service: Invalid radio stats in link layer stats
02-24 20:22:59.057  2173  3238 I ActivityManager: START u0 {act=android.intent.action.MAIN cmp=com.brave.browser/org.chromium.chrome.browser.settings.BraveSettingsActivity (has extras)} from uid 10206
02-24 20:22:59.187  2173  2558 I WindowManager: Relayout Window{5374ff8 u0 com.brave.browser/org.chromium.chrome.browser.settings.BraveSettingsActivity}: oldVis=4 newVis=0 focusMayChange = true
02-24 20:23:00.000  2173  2323 I AlarmManager: [openLteGateByDataShaping] isDataShapingWhitelist: false,openLteGateSuccess = false
02-24 20:23:00.947   407   407 E android.hardware.wifi@1.0-service: Invalid radio stats in link layer stats
02-24 20:23:06.976   407   407 I chatty  : uid=1010 wifi@1.0-servic identical 2 lines
02-24 20:23:09.988   407   407 E android.hardware.wifi@1.0-service: Invalid radio stats in link layer stats
02-24 20:23:12.386  2173  2520 W Watchdog: **Get SF Time **0
02-24 20:23:12.387  2173  2520 W Watchdog: SWT Watchdog before synchronized:200619116
02-24 20:23:12.387  2173  2520 W Watchdog: SWT Watchdog after synchronized:200619116
02-24 20:23:13.006   407   407 E android.hardware.wifi@1.0-service: Invalid radio stats in link layer stats
02-24 20:23:13.789  2173  2316 W ContextImpl: Calling a method in the system process without a qualified user: android.app.ContextImpl.sendBroadcast:963 com.android.server.BatteryService$1.ExecuteThermalCamera:283 com.android.server.BatteryService$1.run:323 android.os.Handler.handleCallback:869 android.os.Handler.dispatchMessage:101 
02-24 20:23:16.014   407   407 E android.hardware.wifi@1.0-service: Invalid radio stats in link layer stats
02-24 20:23:18.513  2173  2323 I AlarmManager: [openLteGateByDataShaping] isDataShapingWhitelist: false,openLteGateSuccess = false
02-24 20:23:19.026   407   407 E android.hardware.wifi@1.0-service: Invalid radio stats in link layer stats
02-24 20:23:20.612  2173  2323 I AlarmManager: [openLteGateByDataShaping] isDataShapingWhitelist: false,openLteGateSuccess = false
02-24 20:23:22.039   407   407 E android.hardware.wifi@1.0-service: Invalid radio stats in link layer stats
02-24 20:23:22.452  2173  2558 I ActivityManager: START u0 {act=android.intent.action.MAIN cmp=com.brave.browser/org.chromium.chrome.browser.settings.BraveSettingsActivity (has extras)} from uid 10206
02-24 20:23:22.606  2173  2558 I WindowManager: Relayout Window{f070dd4 u0 com.brave.browser/org.chromium.chrome.browser.settings.BraveSettingsActivity}: oldVis=4 newVis=0 focusMayChange = true
02-24 20:23:24.346  2173  2558 I WindowManager: Relayout Window{5374ff8 u0 com.brave.browser/org.chromium.chrome.browser.settings.BraveSettingsActivity}: oldVis=8 newVis=0 focusMayChange = true
02-24 20:23:25.046   407   407 E android.hardware.wifi@1.0-service: Invalid radio stats in link layer stats
02-24 20:23:27.454  2173  2323 I AlarmManager: [openLteGateByDataShaping] isDataShapingWhitelist: false,openLteGateSuccess = false
02-24 20:23:28.061   407   407 E android.hardware.wifi@1.0-service: Invalid radio stats in link layer stats
02-24 20:23:31.077   407   407 E android.hardware.wifi@1.0-service: Invalid radio stats in link layer stats
02-24 20:23:33.807  2173  2316 W ContextImpl: Calling a method in the system process without a qualified user: android.app.ContextImpl.sendBroadcast:963 com.android.server.BatteryService$1.ExecuteThermalCamera:283 com.android.server.BatteryService$1.run:323 android.os.Handler.handleCallback:869 android.os.Handler.dispatchMessage:101 
02-24 20:23:34.091   407   407 E android.hardware.wifi@1.0-service: Invalid radio stats in link layer stats
02-24 20:23:36.685  2173  2558 I WindowManager: Relayout Window{d4cbaae u0 com.brave.browser/org.chromium.chrome.browser.settings.BraveSettingsActivity}: oldVis=8 newVis=0 focusMayChange = true
02-24 20:23:37.101   407   407 E android.hardware.wifi@1.0-service: Invalid radio stats in link layer stats
02-24 20:23:38.522  2173  3238 I WindowManager: Relayout Window{289253b u0 com.brave.browser/com.google.android.apps.chrome.Main}: oldVis=8 newVis=0 focusMayChange = true
02-24 20:23:40.112   407   407 E android.hardware.wifi@1.0-service: Invalid radio stats in link layer stats
02-24 20:23:42.388  2173  2520 W Watchdog: **Get SF Time **0
02-24 20:23:42.388  2173  2520 W Watchdog: SWT Watchdog before synchronized:200649118
02-24 20:23:42.388  2173  2520 W Watchdog: SWT Watchdog after synchronized:200649118
02-24 20:23:43.129   407   407 E android.hardware.wifi@1.0-service: Invalid radio stats in link layer stats
02-24 20:23:44.802  2173  2558 I WindowManager: Relayout Window{a53a278 u0 InputMethod}: oldVis=8 newVis=0 focusMayChange = true
02-24 20:23:46.143   407   407 E android.hardware.wifi@1.0-service: Invalid radio stats in link layer stats
02-24 20:23:49.171   407   407 I chatty  : uid=1010 wifi@1.0-servic identical 1 line
02-24 20:23:52.193   407   407 E android.hardware.wifi@1.0-service: Invalid radio stats in link layer stats
02-24 20:23:53.827  2173  5740 I ActivityManager: START u0 {act=android.settings.SETTINGS flg=0x14000000 cmp=com.android.settings/.Settings} from uid 10068
02-24 20:23:53.829  2173  2316 W ContextImpl: Calling a method in the system process without a qualified user: android.app.ContextImpl.sendBroadcast:963 com.android.server.BatteryService$1.ExecuteThermalCamera:283 com.android.server.BatteryService$1.run:323 android.os.Handler.handleCallback:869 android.os.Handler.dispatchMessage:101 
02-24 20:23:53.907  2173  5740 E ActivityManager: applyOptionsLocked: Unknown animationType=0
02-24 20:23:54.608  2173 10116 I WindowManager: Relayout Window{f45f0cb u0 com.android.settings/com.android.settings.Settings}: oldVis=4 newVis=0 focusMayChange = true
02-24 20:23:55.158  2173 10116 I ActivityManager: Start proc 4421:android.process.acore/u0a22 for content provider com.android.providers.userdictionary/.UserDictionaryProvider
02-24 20:23:55.207   407   407 E android.hardware.wifi@1.0-service: Invalid radio stats in link layer stats
02-24 20:23:55.678  2173 10116 E UserRestrictionsUtils: Unknown restriction: null
02-24 20:23:56.173   407   407 E android.hardware.wifi@1.0-service: Invalid radio stats in link layer stats
02-24 20:23:56.182  2173 10116 E BatteryStatsService: no controller energy info supplied
02-24 20:23:56.327   407   407 E android.hardware.wifi@1.0-service: Invalid radio stats in link layer stats
02-24 20:23:56.329  2173 10116 E BatteryStatsService: no controller energy info supplied
02-24 20:23:58.225   407   407 E android.hardware.wifi@1.0-service: Invalid radio stats in link layer stats
02-24 20:23:58.636  2173 10093 I ActivityManager: START u0 {flg=0x8000 cmp=com.android.settings/.Settings$SystemDashboardActivity (has extras)} from uid 1000
02-24 20:23:59.094  2173  2558 I ActivityManager: Start proc 4445:com.sonymobile.synchub/u0a144 for content provider com.sonymobile.synchub/.provider.BackupInformationProvider
02-24 20:23:59.675  2173 10093 I WindowManager: Relayout Window{67585e4 u0 com.android.settings/com.android.settings.Settings$SystemDashboardActivity}: oldVis=4 newVis=0 focusMayChange = true
02-24 20:23:59.945  2173  2558 I ActivityManager: Killing 7614:eu.thedarken.wldonate/u0a271 (adj 903): cached #17
02-24 20:23:59.993  2173 10116 I WindowManager: WIN DEATH: Window{adde0c0 u0 eu.thedarken.wldonate/eu.thedarken.wldonate.main.ui.MainActivity}
02-24 20:24:00.002  2173  2323 I AlarmManager: [openLteGateByDataShaping] isDataShapingWhitelist: false,openLteGateSuccess = false
02-24 20:24:00.005  2173  2194 W ActivityManager: setHasOverlayUi called on unknown pid: 7614
02-24 20:24:01.093  2173  2789 I ActivityManager: START u0 {act=android.intent.action.MAIN cmp=com.android.settings/.SubSettings (has extras)} from uid 1000
02-24 20:24:01.183  2173  2789 E UserRestrictionsUtils: Unknown restriction: null
02-24 20:24:01.187  2173  2789 I chatty  : uid=1000(system) Binder:2173_8 identical 1 line
02-24 20:24:01.197  2173  2789 E UserRestrictionsUtils: Unknown restriction: null
02-24 20:24:01.286   407   407 E android.hardware.wifi@1.0-service: Invalid radio stats in link layer stats
02-24 20:24:01.301  2173 10116 I PersistentDataBlockService: mService::getOemUnlockEnabled
02-24 20:24:01.311  2173 10116 I PersistentDataBlockService: getFlashLockState, ro.boot.flash.locked=1
02-24 20:24:01.352  2173 10116 I PersistentDataBlockService: getFlashLockState, ro.boot.flash.locked=1
02-24 20:24:01.375  2173  3238 I WindowManager: Relayout Window{4224e4f u0 com.android.settings/com.android.settings.SubSettings}: oldVis=4 newVis=0 focusMayChange = true
02-24 20:24:04.299   407   407 E android.hardware.wifi@1.0-service: Invalid radio stats in link layer stats
02-24 20:24:07.312   407   407 I chatty  : uid=1010 wifi@1.0-servic identical 1 line
02-24 20:24:10.319   407   407 E android.hardware.wifi@1.0-service: Invalid radio stats in link layer stats
02-24 20:24:12.390  2173  2520 W Watchdog: **Get SF Time **0
02-24 20:24:12.391  2173  2520 W Watchdog: SWT Watchdog before synchronized:200679121
02-24 20:24:12.392  2173  2520 W Watchdog: SWT Watchdog after synchronized:200679121
02-24 20:24:13.336   407   407 E android.hardware.wifi@1.0-service: Invalid radio stats in link layer stats
02-24 20:24:13.887  2173  2316 W ContextImpl: Calling a method in the system process without a qualified user: android.app.ContextImpl.sendBroadcast:963 com.android.server.BatteryService$1.ExecuteThermalCamera:283 com.android.server.BatteryService$1.run:323 android.os.Handler.handleCallback:869 android.os.Handler.dispatchMessage:101 
02-24 20:24:16.353   407   407 E android.hardware.wifi@1.0-service: Invalid radio stats in link layer stats
02-24 20:24:28.427   407   407 I chatty  : uid=1010 wifi@1.0-servic identical 4 lines
02-24 20:24:31.449   407   407 E android.hardware.wifi@1.0-service: Invalid radio stats in link layer stats
02-24 20:24:33.911  2173  2316 W ContextImpl: Calling a method in the system process without a qualified user: android.app.ContextImpl.sendBroadcast:963 com.android.server.BatteryService$1.ExecuteThermalCamera:283 com.android.server.BatteryService$1.run:323 android.os.Handler.handleCallback:869 android.os.Handler.dispatchMessage:101 
02-24 20:24:34.460   407   407 E android.hardware.wifi@1.0-service: Invalid radio stats in link layer stats
02-24 20:24:37.471   407   407 E android.hardware.wifi@1.0-service: Invalid radio stats in link layer stats
02-24 20:24:38.703  2173  2323 I AlarmManager: [openLteGateByDataShaping] isDataShapingWhitelist: false,openLteGateSuccess = false
02-24 20:24:40.487   407   407 E android.hardware.wifi@1.0-service: Invalid radio stats in link layer stats
02-24 20:24:42.392  2173  2520 W Watchdog: **Get SF Time **0
02-24 20:24:42.393  2173  2520 W Watchdog: SWT Watchdog before synchronized:200709122
02-24 20:24:42.393  2173  2520 W Watchdog: SWT Watchdog after synchronized:200709122
02-24 20:24:43.501   407   407 E android.hardware.wifi@1.0-service: Invalid radio stats in link layer stats
02-24 20:24:49.521   407   407 I chatty  : uid=1010 wifi@1.0-servic identical 2 lines
02-24 20:24:52.527   407   407 E android.hardware.wifi@1.0-service: Invalid radio stats in link layer stats
02-24 20:24:53.932  2173  2316 W ContextImpl: Calling a method in the system process without a qualified user: android.app.ContextImpl.sendBroadcast:963 com.android.server.BatteryService$1.ExecuteThermalCamera:283 com.android.server.BatteryService$1.run:323 android.os.Handler.handleCallback:869 android.os.Handler.dispatchMessage:101 
02-24 20:24:55.541   407   407 E android.hardware.wifi@1.0-service: Invalid radio stats in link layer stats
02-24 20:24:57.362  2173  2194 I WindowManager: Losing delayed focus: Window{4224e4f u0 com.android.settings/com.android.settings.SubSettings}
02-24 20:24:58.554   407   407 E android.hardware.wifi@1.0-service: Invalid radio stats in link layer stats
02-24 20:25:00.000  2173  2323 I AlarmManager: [openLteGateByDataShaping] isDataShapingWhitelist: false,openLteGateSuccess = false
02-24 20:25:01.569   407   407 E android.hardware.wifi@1.0-service: Invalid radio stats in link layer stats
02-24 20:25:04.581   407   407 I chatty  : uid=1010 wifi@1.0-servic identical 1 line
02-24 20:25:07.598   407   407 E android.hardware.wifi@1.0-service: Invalid radio stats in link layer stats
02-24 20:25:08.639  2173  2194 I WindowManager: Losing delayed focus: Window{4224e4f u0 com.android.settings/com.android.settings.SubSettings}
02-24 20:25:10.613   407   407 E android.hardware.wifi@1.0-service: Invalid radio stats in link layer stats
02-24 20:25:12.116  2173  2194 I WindowManager: Losing delayed focus: Window{4224e4f u0 com.android.settings/com.android.settings.SubSettings}
02-24 20:25:12.393  2173  2520 W Watchdog: **Get SF Time **0
02-24 20:25:12.394  2173  2520 W Watchdog: SWT Watchdog before synchronized:200739123
02-24 20:25:12.394  2173  2520 W Watchdog: SWT Watchdog after synchronized:200739124
02-24 20:25:13.627   407   407 E android.hardware.wifi@1.0-service: Invalid radio stats in link layer stats
02-24 20:25:13.955  2173  2316 W ContextImpl: Calling a method in the system process without a qualified user: android.app.ContextImpl.sendBroadcast:963 com.android.server.BatteryService$1.ExecuteThermalCamera:283 com.android.server.BatteryService$1.run:323 android.os.Handler.handleCallback:869 android.os.Handler.dispatchMessage:101 
02-24 20:25:16.320  2173  2194 I WindowManager: Losing delayed focus: Window{4224e4f u0 com.android.settings/com.android.settings.SubSettings}
02-24 20:25:16.640   407   407 E android.hardware.wifi@1.0-service: Invalid radio stats in link layer stats
02-24 20:25:17.733  2173  2194 I WindowManager: Losing delayed focus: Window{4224e4f u0 com.android.settings/com.android.settings.SubSettings}
02-24 20:25:19.659   407   407 E android.hardware.wifi@1.0-service: Invalid radio stats in link layer stats
02-24 20:25:21.846  2173  2789 I ActivityManager: START u0 {flg=0x10804000 cmp=com.android.systemui/.recents.RecentsActivity} from uid 10068
02-24 20:25:21.999  2173 10116 I WindowManager: Relayout Window{3d523cf u0 com.android.systemui/com.android.systemui.recents.RecentsActivity}: oldVis=4 newVis=0 focusMayChange = true
02-24 20:25:22.025  2173  3238 I ActivityManager: Killing 31680:nextapp.fx/u0a307 (adj 903): cached #17
02-24 20:25:22.026  2173  3238 I ActivityManager: Killing 12311:com.rhmsoft.edit.pro/u0a190 (adj 903): cached #18
02-24 20:25:22.027  2173  3238 I ActivityManager: Killing 10066:menion.android.locus/u0a245 (adj 905): cached #19
02-24 20:25:22.137  2173  3325 I WindowManager: WIN DEATH: Window{83e018 u0 nextapp.fx/nextapp.fx.ui.ExplorerActivity}
02-24 20:25:22.155  2173  2194 W ActivityManager: setHasOverlayUi called on unknown pid: 31680
02-24 20:25:22.159  2173  3234 I WindowManager: WIN DEATH: Window{5815055 u0 com.rhmsoft.edit.pro/com.rhmsoft.edit.activity.MainActivity}
02-24 20:25:22.174  2173  2194 W ActivityManager: setHasOverlayUi called on unknown pid: 12311
02-24 20:25:22.235  2173  2362 E ConnectivityService: RemoteException caught trying to send a callback msg for NetworkRequest [ LISTEN id=1956, [ Capabilities: INTERNET&NOT_RESTRICTED&TRUSTED&FOREGROUND] ]
02-24 20:25:22.243  2173  2362 E ConnectivityService: RemoteException caught trying to send a callback msg for NetworkRequest [ TRACK_DEFAULT id=1786, [ Capabilities: INTERNET&NOT_RESTRICTED&TRUSTED&NOT_VPN] ]
02-24 20:25:22.244  2173  8323 I WindowManager: WIN DEATH: Window{1a2b4f8 u0 menion.android.locus/com.asamm.locus.basic.features.mainActivity.MainActivityMap}
02-24 20:25:22.244  2173  2362 E ConnectivityService: RemoteException caught trying to send a callback msg for NetworkRequest [ TRACK_DEFAULT id=1788, [ Capabilities: INTERNET&NOT_RESTRICTED&TRUSTED&NOT_VPN] ]
02-24 20:25:22.264  2173  2187 I ActivityManager: Killing 1639:com.google.android.webview:sandboxed_process33/u0a245i464 (adj 0): isolated not needed
02-24 20:25:22.284  2173  2194 W ActivityManager: setHasOverlayUi called on unknown pid: 10066
02-24 20:25:22.693   407   407 E android.hardware.wifi@1.0-service: Invalid radio stats in link layer stats
02-24 20:25:23.093  2173  8323 I WindowManager: Relayout Window{289253b u0 com.brave.browser/com.google.android.apps.chrome.Main}: oldVis=4 newVis=0 focusMayChange = true
02-24 20:25:23.355  2173  2558 I WindowManager: Relayout Window{a53a278 u0 InputMethod}: oldVis=8 newVis=0 focusMayChange = true
02-24 20:25:25.708   407   407 E android.hardware.wifi@1.0-service: Invalid radio stats in link layer stats
02-24 20:25:28.717   407   407 I chatty  : uid=1010 wifi@1.0-servic identical 1 line
02-24 20:25:31.732   407   407 E android.hardware.wifi@1.0-service: Invalid radio stats in link layer stats
02-24 20:25:33.553  2173  8323 I WindowManager: Relayout Window{a53a278 u0 InputMethod}: oldVis=8 newVis=0 focusMayChange = true
02-24 20:25:33.988  2173  2316 W ContextImpl: Calling a method in the system process without a qualified user: android.app.ContextImpl.sendBroadcast:963 com.android.server.BatteryService$1.ExecuteThermalCamera:283 com.android.server.BatteryService$1.run:323 android.os.Handler.handleCallback:869 android.os.Handler.dispatchMessage:101 
02-24 20:25:34.747   407   407 E android.hardware.wifi@1.0-service: Invalid radio stats in link layer stats
02-24 20:25:37.761   407   407 E android.hardware.wifi@1.0-service: Invalid radio stats in link layer stats
02-24 20:25:39.065  2173  2670 I WindowManager: Relayout Window{a53a278 u0 InputMethod}: oldVis=8 newVis=0 focusMayChange = true
02-24 20:25:39.655  2173  2670 I ActivityManager: Start proc 4478:com.brave.browser:sandboxed_process8/u0i474 for service com.brave.browser/org.chromium.content.app.SandboxedProcessService8
02-24 20:25:40.776   407   407 E android.hardware.wifi@1.0-service: Invalid radio stats in link layer stats
02-24 20:25:40.866  2173  2558 I ActivityManager: Killing 4478:com.brave.browser:sandboxed_process8/u0a206i474 (adj 0): isolated not needed
02-24 20:25:42.395  2173  2520 W Watchdog: **Get SF Time **0
02-24 20:25:42.396  2173  2520 W Watchdog: SWT Watchdog before synchronized:200769126
02-24 20:25:42.397  2173  2520 W Watchdog: SWT Watchdog after synchronized:200769127
02-24 20:25:42.545  2173  2670 I ActivityManager: Start proc 4497:com.brave.browser:sandboxed_process9/u0i475 for service com.brave.browser/org.chromium.content.app.SandboxedProcessService9
02-24 20:25:43.017  2173  2347 I NetworkStatsRecorder: recordSnapshotLocked: ident[[{type=WIFI, subType=COMBINED, networkId="UPC2099091", metered=false}]]
02-24 20:25:43.018  2173  2347 W NetworkStatsRecorder: unknown interfaces [p2p0, lo, vt_data0], ignoring those stats
02-24 20:25:43.018  2173  2347 I NetworkStatsRecorder: recordSnapshotLocked: ident[[{type=WIFI, subType=COMBINED, networkId="UPC2099091", metered=false}]]
02-24 20:25:43.018  2173  2347 I NetworkStatsRecorder: recordSnapshotLocked: ident[[{type=VPN, subType=COMBINED, metered=true}]]
02-24 20:25:43.018  2173  2347 W NetworkStatsRecorder: unknown interfaces [p2p0, lo, vt_data0], ignoring those stats
02-24 20:25:43.019  2173  2347 I NetworkStatsRecorder: recordSnapshotLocked: ident[[{type=WIFI, subType=COMBINED, networkId="UPC2099091", metered=false}]]
02-24 20:25:43.020  2173  2347 I chatty  : uid=1000(system) NetworkStats identical 3 lines
02-24 20:25:43.021  2173  2347 I NetworkStatsRecorder: recordSnapshotLocked: ident[[{type=WIFI, subType=COMBINED, networkId="UPC2099091", metered=false}]]
02-24 20:25:43.021  2173  2347 I NetworkStatsRecorder: recordSnapshotLocked: ident[[{type=VPN, subType=COMBINED, metered=true}]]
02-24 20:25:43.021  2173  2347 W NetworkStatsRecorder: unknown interfaces [p2p0, lo, vt_data0], ignoring those stats
02-24 20:25:43.023  2173  2347 I NetworkStatsRecorder: recordSnapshotLocked: ident[[{type=WIFI, subType=COMBINED, networkId="UPC2099091", metered=false}]]
02-24 20:25:43.024  2173  2347 I chatty  : uid=1000(system) NetworkStats identical 5 lines
02-24 20:25:43.024  2173  2347 I NetworkStatsRecorder: recordSnapshotLocked: ident[[{type=WIFI, subType=COMBINED, networkId="UPC2099091", metered=false}]]
02-24 20:25:43.025  2173  2347 W NetworkStatsRecorder: unknown interfaces [p2p0, lo, vt_data0], ignoring those stats
02-24 20:25:43.775  2173  2558 I ActivityManager: Killing 4497:com.brave.browser:sandboxed_process9/u0a206i475 (adj 0): isolated not needed
02-24 20:25:43.815   407   407 E android.hardware.wifi@1.0-service: Invalid radio stats in link layer stats
02-24 20:25:44.913  2173  8323 I WindowManager: Relayout Window{a53a278 u0 InputMethod}: oldVis=8 newVis=0 focusMayChange = true
02-24 20:25:45.597  2173  5361 I ActivityManager: Start proc 4519:com.brave.browser:sandboxed_process10/u0i476 for service com.brave.browser/org.chromium.content.app.SandboxedProcessService10
02-24 20:25:46.821   407   407 E android.hardware.wifi@1.0-service: Invalid radio stats in link layer stats
02-24 20:25:49.847   407   407 I chatty  : uid=1010 wifi@1.0-servic identical 1 line
02-24 20:25:52.859   407   407 E android.hardware.wifi@1.0-service: Invalid radio stats in link layer stats
02-24 20:25:54.008  2173  2316 W ContextImpl: Calling a method in the system process without a qualified user: android.app.ContextImpl.sendBroadcast:963 com.android.server.BatteryService$1.ExecuteThermalCamera:283 com.android.server.BatteryService$1.run:323 android.os.Handler.handleCallback:869 android.os.Handler.dispatchMessage:101 
02-24 20:25:55.868   407   407 E android.hardware.wifi@1.0-service: Invalid radio stats in link layer stats
