08-31 11:48:17.997   936  1338 W Watchdog: SWT Watchdog before synchronized:360302923
08-31 11:48:17.997   936  1338 W Watchdog: SWT Watchdog after synchronized:360302923
08-31 11:48:30.373   936  1144 W ContextImpl: Calling a method in the system process without a qualified user: android.app.ContextImpl.sendBroadcast:963 com.android.server.BatteryService$1.ExecuteThermalCamera:283 com.android.server.BatteryService$1.run:323 android.os.Handler.handleCallback:869 android.os.Handler.dispatchMessage:101 
08-31 11:48:47.998   936  1338 W Watchdog: **Get SF Time **0
08-31 11:48:47.998   936  1338 W Watchdog: SWT Watchdog before synchronized:360332924
08-31 11:48:47.998   936  1338 W Watchdog: SWT Watchdog after synchronized:360332925
08-31 11:48:50.392   936  1144 W ContextImpl: Calling a method in the system process without a qualified user: android.app.ContextImpl.sendBroadcast:963 com.android.server.BatteryService$1.ExecuteThermalCamera:283 com.android.server.BatteryService$1.run:323 android.os.Handler.handleCallback:869 android.os.Handler.dispatchMessage:101 
08-31 11:49:10.412   936  1144 W ContextImpl: Calling a method in the system process without a qualified user: android.app.ContextImpl.sendBroadcast:963 com.android.server.BatteryService$1.ExecuteThermalCamera:283 com.android.server.BatteryService$1.run:323 android.os.Handler.handleCallback:869 android.os.Handler.dispatchMessage:101 
08-31 11:49:17.999   936  1338 W Watchdog: **Get SF Time **0
08-31 11:49:18.000   936  1338 W Watchdog: SWT Watchdog before synchronized:360362926
08-31 11:49:18.000   936  1338 W Watchdog: SWT Watchdog after synchronized:360362926
08-31 11:49:30.432   936  1144 W ContextImpl: Calling a method in the system process without a qualified user: android.app.ContextImpl.sendBroadcast:963 com.android.server.BatteryService$1.ExecuteThermalCamera:283 com.android.server.BatteryService$1.run:323 android.os.Handler.handleCallback:869 android.os.Handler.dispatchMessage:101 
08-31 11:49:48.000   936  1338 W Watchdog: **Get SF Time **0
08-31 11:49:48.001   936  1338 W Watchdog: SWT Watchdog before synchronized:360392927
08-31 11:49:48.001   936  1338 W Watchdog: SWT Watchdog after synchronized:360392927
08-31 11:49:50.457   936  1144 W ContextImpl: Calling a method in the system process without a qualified user: android.app.ContextImpl.sendBroadcast:963 com.android.server.BatteryService$1.ExecuteThermalCamera:283 com.android.server.BatteryService$1.run:323 android.os.Handler.handleCallback:869 android.os.Handler.dispatchMessage:101 
08-31 11:50:05.199   936  1152 I AlarmManager: [openLteGateByDataShaping] isDataShapingWhitelist: false,openLteGateSuccess = true
08-31 11:50:10.472   936  1144 W ContextImpl: Calling a method in the system process without a qualified user: android.app.ContextImpl.sendBroadcast:963 com.android.server.BatteryService$1.ExecuteThermalCamera:283 com.android.server.BatteryService$1.run:323 android.os.Handler.handleCallback:869 android.os.Handler.dispatchMessage:101 
08-31 11:50:18.002   936  1338 W Watchdog: **Get SF Time **0
08-31 11:50:18.003   936  1338 W Watchdog: SWT Watchdog before synchronized:360422929
08-31 11:50:18.003   936  1338 W Watchdog: SWT Watchdog after synchronized:360422929
08-31 11:50:23.181   936  1152 I AlarmManager: [openLteGateByDataShaping] isDataShapingWhitelist: false,openLteGateSuccess = false
08-31 11:50:23.282   936   949 I ActivityManager: Start proc 15675:com.whatsapp/u0a211 for service com.whatsapp/.contact.sync.ContactsSyncAdapterService
08-31 11:50:25.139   936  7609 W ActivityManager: Background start not allowed: service Intent { act=com.whatsapp.messaging.MessageService.START cmp=com.whatsapp/.messaging.MessageService } to com.whatsapp/.messaging.MessageService from pid=15675 uid=10211 pkg=com.whatsapp
08-31 11:50:30.492   936  1144 W ContextImpl: Calling a method in the system process without a qualified user: android.app.ContextImpl.sendBroadcast:963 com.android.server.BatteryService$1.ExecuteThermalCamera:283 com.android.server.BatteryService$1.run:323 android.os.Handler.handleCallback:869 android.os.Handler.dispatchMessage:101 
08-31 11:50:48.004   936  1338 W Watchdog: **Get SF Time **0
08-31 11:50:48.004   936  1338 W Watchdog: SWT Watchdog before synchronized:360452931
08-31 11:50:48.005   936  1338 W Watchdog: SWT Watchdog after synchronized:360452931
08-31 11:50:50.512   936  1144 W ContextImpl: Calling a method in the system process without a qualified user: android.app.ContextImpl.sendBroadcast:963 com.android.server.BatteryService$1.ExecuteThermalCamera:283 com.android.server.BatteryService$1.run:323 android.os.Handler.handleCallback:869 android.os.Handler.dispatchMessage:101 
08-31 11:51:10.532   936  1144 W ContextImpl: Calling a method in the system process without a qualified user: android.app.ContextImpl.sendBroadcast:963 com.android.server.BatteryService$1.ExecuteThermalCamera:283 com.android.server.BatteryService$1.run:323 android.os.Handler.handleCallback:869 android.os.Handler.dispatchMessage:101 
08-31 11:51:18.005   936  1338 W Watchdog: **Get SF Time **0
08-31 11:51:18.006   936  1338 W Watchdog: SWT Watchdog before synchronized:360482932
08-31 11:51:18.006   936  1338 W Watchdog: SWT Watchdog after synchronized:360482932
08-31 11:51:30.552   936  1144 W ContextImpl: Calling a method in the system process without a qualified user: android.app.ContextImpl.sendBroadcast:963 com.android.server.BatteryService$1.ExecuteThermalCamera:283 com.android.server.BatteryService$1.run:323 android.os.Handler.handleCallback:869 android.os.Handler.dispatchMessage:101 
08-31 11:51:48.007   936  1338 W Watchdog: **Get SF Time **0
08-31 11:51:48.007   936  1338 W Watchdog: SWT Watchdog before synchronized:360512934
08-31 11:51:48.007   936  1338 W Watchdog: SWT Watchdog after synchronized:360512934
08-31 11:51:50.572   936  1144 W ContextImpl: Calling a method in the system process without a qualified user: android.app.ContextImpl.sendBroadcast:963 com.android.server.BatteryService$1.ExecuteThermalCamera:283 com.android.server.BatteryService$1.run:323 android.os.Handler.handleCallback:869 android.os.Handler.dispatchMessage:101 
08-31 11:51:50.824   936  1152 I AlarmManager: [openLteGateByDataShaping] isDataShapingWhitelist: false,openLteGateSuccess = false
08-31 11:52:10.596   936  1144 W ContextImpl: Calling a method in the system process without a qualified user: android.app.ContextImpl.sendBroadcast:963 com.android.server.BatteryService$1.ExecuteThermalCamera:283 com.android.server.BatteryService$1.run:323 android.os.Handler.handleCallback:869 android.os.Handler.dispatchMessage:101 
08-31 11:52:18.008   936  1338 W Watchdog: **Get SF Time **0
08-31 11:52:18.009   936  1338 W Watchdog: SWT Watchdog before synchronized:360542935
08-31 11:52:18.009   936  1338 W Watchdog: SWT Watchdog after synchronized:360542935
08-31 11:52:30.612   936  1144 W ContextImpl: Calling a method in the system process without a qualified user: android.app.ContextImpl.sendBroadcast:963 com.android.server.BatteryService$1.ExecuteThermalCamera:283 com.android.server.BatteryService$1.run:323 android.os.Handler.handleCallback:869 android.os.Handler.dispatchMessage:101 
08-31 11:52:48.010   936  1338 W Watchdog: **Get SF Time **0
08-31 11:52:48.011   936  1338 W Watchdog: SWT Watchdog before synchronized:360572937
08-31 11:52:48.011   936  1338 W Watchdog: SWT Watchdog after synchronized:360572937
08-31 11:52:50.632   936  1144 W ContextImpl: Calling a method in the system process without a qualified user: android.app.ContextImpl.sendBroadcast:963 com.android.server.BatteryService$1.ExecuteThermalCamera:283 com.android.server.BatteryService$1.run:323 android.os.Handler.handleCallback:869 android.os.Handler.dispatchMessage:101 
08-31 11:53:10.652   936  1144 W ContextImpl: Calling a method in the system process without a qualified user: android.app.ContextImpl.sendBroadcast:963 com.android.server.BatteryService$1.ExecuteThermalCamera:283 com.android.server.BatteryService$1.run:323 android.os.Handler.handleCallback:869 android.os.Handler.dispatchMessage:101 
08-31 11:53:18.012   936  1338 W Watchdog: **Get SF Time **0
08-31 11:53:18.012   936  1338 W Watchdog: SWT Watchdog before synchronized:360602938
08-31 11:53:18.012   936  1338 W Watchdog: SWT Watchdog after synchronized:360602939
08-31 11:53:30.672   936  1144 W ContextImpl: Calling a method in the system process without a qualified user: android.app.ContextImpl.sendBroadcast:963 com.android.server.BatteryService$1.ExecuteThermalCamera:283 com.android.server.BatteryService$1.run:323 android.os.Handler.handleCallback:869 android.os.Handler.dispatchMessage:101 
08-31 11:53:35.794   936   949 I UsageStatsService: User[0] Flushing usage stats to disk
08-31 11:53:48.013   936  1338 W Watchdog: **Get SF Time **0
08-31 11:53:48.014   936  1338 W Watchdog: SWT Watchdog before synchronized:360632940
08-31 11:53:48.014   936  1338 W Watchdog: SWT Watchdog after synchronized:360632940
08-31 11:53:50.692   936  1144 W ContextImpl: Calling a method in the system process without a qualified user: android.app.ContextImpl.sendBroadcast:963 com.android.server.BatteryService$1.ExecuteThermalCamera:283 com.android.server.BatteryService$1.run:323 android.os.Handler.handleCallback:869 android.os.Handler.dispatchMessage:101 
08-31 11:54:10.715   936  1144 W ContextImpl: Calling a method in the system process without a qualified user: android.app.ContextImpl.sendBroadcast:963 com.android.server.BatteryService$1.ExecuteThermalCamera:283 com.android.server.BatteryService$1.run:323 android.os.Handler.handleCallback:869 android.os.Handler.dispatchMessage:101 
08-31 11:54:18.015   936  1338 W Watchdog: **Get SF Time **0
08-31 11:54:18.015   936  1338 W Watchdog: SWT Watchdog before synchronized:360662941
08-31 11:54:18.015   936  1338 W Watchdog: SWT Watchdog after synchronized:360662941
08-31 11:54:30.732   936  1144 W ContextImpl: Calling a method in the system process without a qualified user: android.app.ContextImpl.sendBroadcast:963 com.android.server.BatteryService$1.ExecuteThermalCamera:283 com.android.server.BatteryService$1.run:323 android.os.Handler.handleCallback:869 android.os.Handler.dispatchMessage:101 
08-31 11:54:48.016   936  1338 W Watchdog: **Get SF Time **0
08-31 11:54:48.017   936  1338 W Watchdog: SWT Watchdog before synchronized:360692943
08-31 11:54:48.017   936  1338 W Watchdog: SWT Watchdog after synchronized:360692943
08-31 11:54:50.752   936  1144 W ContextImpl: Calling a method in the system process without a qualified user: android.app.ContextImpl.sendBroadcast:963 com.android.server.BatteryService$1.ExecuteThermalCamera:283 com.android.server.BatteryService$1.run:323 android.os.Handler.handleCallback:869 android.os.Handler.dispatchMessage:101 
08-31 11:55:05.261   936  1152 I AlarmManager: [openLteGateByDataShaping] isDataShapingWhitelist: false,openLteGateSuccess = true
08-31 11:55:10.772   936  1144 W ContextImpl: Calling a method in the system process without a qualified user: android.app.ContextImpl.sendBroadcast:963 com.android.server.BatteryService$1.ExecuteThermalCamera:283 com.android.server.BatteryService$1.run:323 android.os.Handler.handleCallback:869 android.os.Handler.dispatchMessage:101 
08-31 11:55:18.018   936  1338 W Watchdog: **Get SF Time **0
08-31 11:55:18.018   936  1338 W Watchdog: SWT Watchdog before synchronized:360722944
08-31 11:55:18.018   936  1338 W Watchdog: SWT Watchdog after synchronized:360722945
08-31 11:55:30.792   936  1144 W ContextImpl: Calling a method in the system process without a qualified user: android.app.ContextImpl.sendBroadcast:963 com.android.server.BatteryService$1.ExecuteThermalCamera:283 com.android.server.BatteryService$1.run:323 android.os.Handler.handleCallback:869 android.os.Handler.dispatchMessage:101 
08-31 11:55:46.730   936  1152 I AlarmManager: [openLteGateByDataShaping] isDataShapingWhitelist: false,openLteGateSuccess = false
08-31 11:55:47.176   936   950 W BroadcastQueue: Background execution not allowed: receiving Intent { act=android.intent.action.DROPBOX_ENTRY_ADDED flg=0x10 (has extras) } to com.google.android.gms/.stats.service.DropBoxEntryAddedReceiver
08-31 11:55:47.178   936   950 W BroadcastQueue: Background execution not allowed: receiving Intent { act=android.intent.action.DROPBOX_ENTRY_ADDED flg=0x10 (has extras) } to com.google.android.gms/.chimera.GmsIntentOperationService$PersistentTrustedReceiver
08-31 11:55:48.019   936  1338 W Watchdog: **Get SF Time **0
08-31 11:55:48.020   936  1338 W Watchdog: SWT Watchdog before synchronized:360752946
08-31 11:55:48.020   936  1338 W Watchdog: SWT Watchdog after synchronized:360752946
08-31 11:55:50.814   936  1144 W ContextImpl: Calling a method in the system process without a qualified user: android.app.ContextImpl.sendBroadcast:963 com.android.server.BatteryService$1.ExecuteThermalCamera:283 com.android.server.BatteryService$1.run:323 android.os.Handler.handleCallback:869 android.os.Handler.dispatchMessage:101 
08-31 11:55:59.660   936  1152 I AlarmManager: [openLteGateByDataShaping] isDataShapingWhitelist: false,openLteGateSuccess = false
08-31 11:56:10.837   936  1144 W ContextImpl: Calling a method in the system process without a qualified user: android.app.ContextImpl.sendBroadcast:963 com.android.server.BatteryService$1.ExecuteThermalCamera:283 com.android.server.BatteryService$1.run:323 android.os.Handler.handleCallback:869 android.os.Handler.dispatchMessage:101 
08-31 11:56:18.021   936  1338 W Watchdog: **Get SF Time **0
08-31 11:56:18.021   936  1338 W Watchdog: SWT Watchdog before synchronized:360782947
08-31 11:56:18.021   936  1338 W Watchdog: SWT Watchdog after synchronized:360782947
08-31 11:56:30.852   936  1144 W ContextImpl: Calling a method in the system process without a qualified user: android.app.ContextImpl.sendBroadcast:963 com.android.server.BatteryService$1.ExecuteThermalCamera:283 com.android.server.BatteryService$1.run:323 android.os.Handler.handleCallback:869 android.os.Handler.dispatchMessage:101 
08-31 11:56:48.022   936  1338 W Watchdog: **Get SF Time **0
08-31 11:56:48.023   936  1338 W Watchdog: SWT Watchdog before synchronized:360812949
08-31 11:56:48.023   936  1338 W Watchdog: SWT Watchdog after synchronized:360812949
08-31 11:56:50.877   936  1144 W ContextImpl: Calling a method in the system process without a qualified user: android.app.ContextImpl.sendBroadcast:963 com.android.server.BatteryService$1.ExecuteThermalCamera:283 com.android.server.BatteryService$1.run:323 android.os.Handler.handleCallback:869 android.os.Handler.dispatchMessage:101 
08-31 11:56:59.712   936  1152 I AlarmManager: [openLteGateByDataShaping] isDataShapingWhitelist: false,openLteGateSuccess = false
08-31 11:56:59.983   936   950 W BroadcastQueue: Background execution not allowed: receiving Intent { act=android.net.conn.NETWORK_CONDITIONS_MEASURED flg=0x10 (has extras) } to com.google.android.gms/.chimera.GmsIntentOperationService$PersistentTrustedReceiver
08-31 11:57:10.016   936  1152 I AlarmManager: [openLteGateByDataShaping] isDataShapingWhitelist: false,openLteGateSuccess = false
08-31 11:57:10.899   936  1144 W ContextImpl: Calling a method in the system process without a qualified user: android.app.ContextImpl.sendBroadcast:963 com.android.server.BatteryService$1.ExecuteThermalCamera:283 com.android.server.BatteryService$1.run:323 android.os.Handler.handleCallback:869 android.os.Handler.dispatchMessage:101 
08-31 11:57:18.023   936  1338 W Watchdog: **Get SF Time **0
08-31 11:57:18.024   936  1338 W Watchdog: SWT Watchdog before synchronized:360842950
08-31 11:57:18.024   936  1338 W Watchdog: SWT Watchdog after synchronized:360842950
08-31 11:57:30.914   936  1144 W ContextImpl: Calling a method in the system process without a qualified user: android.app.ContextImpl.sendBroadcast:963 com.android.server.BatteryService$1.ExecuteThermalCamera:283 com.android.server.BatteryService$1.run:323 android.os.Handler.handleCallback:869 android.os.Handler.dispatchMessage:101 
08-31 11:57:48.025   936  1338 W Watchdog: **Get SF Time **0
08-31 11:57:48.025   936  1338 W Watchdog: SWT Watchdog before synchronized:360872951
08-31 11:57:48.025   936  1338 W Watchdog: SWT Watchdog after synchronized:360872952
08-31 11:57:50.932   936  1144 W ContextImpl: Calling a method in the system process without a qualified user: android.app.ContextImpl.sendBroadcast:963 com.android.server.BatteryService$1.ExecuteThermalCamera:283 com.android.server.BatteryService$1.run:323 android.os.Handler.handleCallback:869 android.os.Handler.dispatchMessage:101 
08-31 11:58:10.952   936  1144 W ContextImpl: Calling a method in the system process without a qualified user: android.app.ContextImpl.sendBroadcast:963 com.android.server.BatteryService$1.ExecuteThermalCamera:283 com.android.server.BatteryService$1.run:323 android.os.Handler.handleCallback:869 android.os.Handler.dispatchMessage:101 
08-31 11:58:18.026   936  1338 W Watchdog: **Get SF Time **0
08-31 11:58:18.027   936  1338 W Watchdog: SWT Watchdog before synchronized:360902953
08-31 11:58:18.027   936  1338 W Watchdog: SWT Watchdog after synchronized:360902953
08-31 11:58:30.972   936  1144 W ContextImpl: Calling a method in the system process without a qualified user: android.app.ContextImpl.sendBroadcast:963 com.android.server.BatteryService$1.ExecuteThermalCamera:283 com.android.server.BatteryService$1.run:323 android.os.Handler.handleCallback:869 android.os.Handler.dispatchMessage:101 
08-31 11:58:48.028   936  1338 W Watchdog: **Get SF Time **0
08-31 11:58:48.028   936  1338 W Watchdog: SWT Watchdog before synchronized:360932954
08-31 11:58:48.028   936  1338 W Watchdog: SWT Watchdog after synchronized:360932954
08-31 11:58:50.998   936  1144 W ContextImpl: Calling a method in the system process without a qualified user: android.app.ContextImpl.sendBroadcast:963 com.android.server.BatteryService$1.ExecuteThermalCamera:283 com.android.server.BatteryService$1.run:323 android.os.Handler.handleCallback:869 android.os.Handler.dispatchMessage:101 
08-31 11:59:11.012   936  1144 W ContextImpl: Calling a method in the system process without a qualified user: android.app.ContextImpl.sendBroadcast:963 com.android.server.BatteryService$1.ExecuteThermalCamera:283 com.android.server.BatteryService$1.run:323 android.os.Handler.handleCallback:869 android.os.Handler.dispatchMessage:101 
08-31 11:59:18.029   936  1338 W Watchdog: **Get SF Time **0
08-31 11:59:18.030   936  1338 W Watchdog: SWT Watchdog before synchronized:360962956
08-31 11:59:18.030   936  1338 W Watchdog: SWT Watchdog after synchronized:360962956
08-31 11:59:31.032   936  1144 W ContextImpl: Calling a method in the system process without a qualified user: android.app.ContextImpl.sendBroadcast:963 com.android.server.BatteryService$1.ExecuteThermalCamera:283 com.android.server.BatteryService$1.run:323 android.os.Handler.handleCallback:869 android.os.Handler.dispatchMessage:101 
08-31 11:59:48.031   936  1338 W Watchdog: **Get SF Time **0
08-31 11:59:48.031   936  1338 W Watchdog: SWT Watchdog before synchronized:360992958
08-31 11:59:48.031   936  1338 W Watchdog: SWT Watchdog after synchronized:360992958
08-31 11:59:51.056   936  1144 W ContextImpl: Calling a method in the system process without a qualified user: android.app.ContextImpl.sendBroadcast:963 com.android.server.BatteryService$1.ExecuteThermalCamera:283 com.android.server.BatteryService$1.run:323 android.os.Handler.handleCallback:869 android.os.Handler.dispatchMessage:101 
08-31 11:59:55.072   936  1152 I AlarmManager: [openLteGateByDataShaping] isDataShapingWhitelist: false,openLteGateSuccess = false
08-31 12:00:01.299   936  1152 I AlarmManager: [openLteGateByDataShaping] isDataShapingWhitelist: false,openLteGateSuccess = false
08-31 12:00:01.308   936   950 I ActivityManager: Killing 14785:com.google.android.partnersetup/u0a44 (adj 906): empty for 1805s
08-31 12:00:05.306   936  1152 I AlarmManager: [openLteGateByDataShaping] isDataShapingWhitelist: false,openLteGateSuccess = true
08-31 12:00:11.076   936  1144 W ContextImpl: Calling a method in the system process without a qualified user: android.app.ContextImpl.sendBroadcast:963 com.android.server.BatteryService$1.ExecuteThermalCamera:283 com.android.server.BatteryService$1.run:323 android.os.Handler.handleCallback:869 android.os.Handler.dispatchMessage:101 
08-31 12:00:11.564   936  1152 I AlarmManager: [openLteGateByDataShaping] isDataShapingWhitelist: false,openLteGateSuccess = false
08-31 12:00:18.032   936  1338 W Watchdog: **Get SF Time **0
08-31 12:00:18.033   936  1338 W Watchdog: SWT Watchdog before synchronized:361022959
08-31 12:00:18.033   936  1338 W Watchdog: SWT Watchdog after synchronized:361022959
08-31 12:00:25.143   936  1152 I AlarmManager: [openLteGateByDataShaping] isDataShapingWhitelist: false,openLteGateSuccess = false
08-31 12:00:31.100   936  1144 W ContextImpl: Calling a method in the system process without a qualified user: android.app.ContextImpl.sendBroadcast:963 com.android.server.BatteryService$1.ExecuteThermalCamera:283 com.android.server.BatteryService$1.run:323 android.os.Handler.handleCallback:869 android.os.Handler.dispatchMessage:101 
08-31 12:00:48.034   936  1338 W Watchdog: **Get SF Time **0
08-31 12:00:48.034   936  1338 W Watchdog: SWT Watchdog before synchronized:361052960
08-31 12:00:48.034   936  1338 W Watchdog: SWT Watchdog after synchronized:361052961
08-31 12:00:51.112   936  1144 W ContextImpl: Calling a method in the system process without a qualified user: android.app.ContextImpl.sendBroadcast:963 com.android.server.BatteryService$1.ExecuteThermalCamera:283 com.android.server.BatteryService$1.run:323 android.os.Handler.handleCallback:869 android.os.Handler.dispatchMessage:101 
08-31 12:01:10.590   936  1152 I AlarmManager: [openLteGateByDataShaping] isDataShapingWhitelist: false,openLteGateSuccess = false
08-31 12:01:11.136   936  1144 W ContextImpl: Calling a method in the system process without a qualified user: android.app.ContextImpl.sendBroadcast:963 com.android.server.BatteryService$1.ExecuteThermalCamera:283 com.android.server.BatteryService$1.run:323 android.os.Handler.handleCallback:869 android.os.Handler.dispatchMessage:101 
08-31 12:01:18.035   936  1338 W Watchdog: **Get SF Time **0
08-31 12:01:18.036   936  1338 W Watchdog: SWT Watchdog before synchronized:361082962
08-31 12:01:18.036   936  1338 W Watchdog: SWT Watchdog after synchronized:361082962
08-31 12:01:31.152   936  1144 W ContextImpl: Calling a method in the system process without a qualified user: android.app.ContextImpl.sendBroadcast:963 com.android.server.BatteryService$1.ExecuteThermalCamera:283 com.android.server.BatteryService$1.run:323 android.os.Handler.handleCallback:869 android.os.Handler.dispatchMessage:101 
08-31 12:01:48.036   936  1338 W Watchdog: **Get SF Time **0
08-31 12:01:48.037   936  1338 W Watchdog: SWT Watchdog before synchronized:361112963
08-31 12:01:48.037   936  1338 W Watchdog: SWT Watchdog after synchronized:361112963
08-31 12:01:51.172   936  1144 W ContextImpl: Calling a method in the system process without a qualified user: android.app.ContextImpl.sendBroadcast:963 com.android.server.BatteryService$1.ExecuteThermalCamera:283 com.android.server.BatteryService$1.run:323 android.os.Handler.handleCallback:869 android.os.Handler.dispatchMessage:101 
08-31 12:01:55.316   936  1152 I AlarmManager: [openLteGateByDataShaping] isDataShapingWhitelist: false,openLteGateSuccess = false
08-31 12:02:11.192   936  1144 W ContextImpl: Calling a method in the system process without a qualified user: android.app.ContextImpl.sendBroadcast:963 com.android.server.BatteryService$1.ExecuteThermalCamera:283 com.android.server.BatteryService$1.run:323 android.os.Handler.handleCallback:869 android.os.Handler.dispatchMessage:101 
08-31 12:02:18.038   936  1338 W Watchdog: **Get SF Time **0
08-31 12:02:18.042   936  1338 W Watchdog: SWT Watchdog before synchronized:361142968
08-31 12:02:18.042   936  1338 W Watchdog: SWT Watchdog after synchronized:361142968
08-31 12:02:31.212   936  1144 W ContextImpl: Calling a method in the system process without a qualified user: android.app.ContextImpl.sendBroadcast:963 com.android.server.BatteryService$1.ExecuteThermalCamera:283 com.android.server.BatteryService$1.run:323 android.os.Handler.handleCallback:869 android.os.Handler.dispatchMessage:101 
08-31 12:02:48.044   936  1338 W Watchdog: **Get SF Time **0
08-31 12:02:48.044   936  1338 W Watchdog: SWT Watchdog before synchronized:361172971
08-31 12:02:48.045   936  1338 W Watchdog: SWT Watchdog after synchronized:361172971
08-31 12:02:51.236   936  1144 W ContextImpl: Calling a method in the system process without a qualified user: android.app.ContextImpl.sendBroadcast:963 com.android.server.BatteryService$1.ExecuteThermalCamera:283 com.android.server.BatteryService$1.run:323 android.os.Handler.handleCallback:869 android.os.Handler.dispatchMessage:101 
08-31 12:03:11.259   936  1144 W ContextImpl: Calling a method in the system process without a qualified user: android.app.ContextImpl.sendBroadcast:963 com.android.server.BatteryService$1.ExecuteThermalCamera:283 com.android.server.BatteryService$1.run:323 android.os.Handler.handleCallback:869 android.os.Handler.dispatchMessage:101 
08-31 12:03:18.045   936  1338 W Watchdog: **Get SF Time **0
08-31 12:03:18.046   936  1338 W Watchdog: SWT Watchdog before synchronized:361202972
08-31 12:03:18.046   936  1338 W Watchdog: SWT Watchdog after synchronized:361202972
08-31 12:03:31.275   936  1144 W ContextImpl: Calling a method in the system process without a qualified user: android.app.ContextImpl.sendBroadcast:963 com.android.server.BatteryService$1.ExecuteThermalCamera:283 com.android.server.BatteryService$1.run:323 android.os.Handler.handleCallback:869 android.os.Handler.dispatchMessage:101 
08-31 12:03:48.047   936  1338 W Watchdog: **Get SF Time **0
08-31 12:03:48.047   936  1338 W Watchdog: SWT Watchdog before synchronized:361232973
08-31 12:03:48.047   936  1338 W Watchdog: SWT Watchdog after synchronized:361232974
08-31 12:03:50.204   936  1152 I AlarmManager: [openLteGateByDataShaping] isDataShapingWhitelist: false,openLteGateSuccess = false
08-31 12:03:50.217   936   950 I ActivityManager: Killing 14999:com.google.android.webview:webview_service/u0a151 (adj 906): empty for 1812s
08-31 12:03:51.296   936  1144 W ContextImpl: Calling a method in the system process without a qualified user: android.app.ContextImpl.sendBroadcast:963 com.android.server.BatteryService$1.ExecuteThermalCamera:283 com.android.server.BatteryService$1.run:323 android.os.Handler.handleCallback:869 android.os.Handler.dispatchMessage:101 
08-31 12:04:00.271   936   949 I ActivityManager: Killing 11639:com.android.vending/u0a53 (adj 906): empty for 1809s
08-31 12:04:00.328   936  1192 E ConnectivityService: RemoteException caught trying to send a callback msg for NetworkRequest [ LISTEN id=1463, [ Capabilities: INTERNET&NOT_RESTRICTED&TRUSTED] ]
08-31 12:04:11.312   936  1144 W ContextImpl: Calling a method in the system process without a qualified user: android.app.ContextImpl.sendBroadcast:963 com.android.server.BatteryService$1.ExecuteThermalCamera:283 com.android.server.BatteryService$1.run:323 android.os.Handler.handleCallback:869 android.os.Handler.dispatchMessage:101 
08-31 12:04:18.049   936  1338 W Watchdog: **Get SF Time **0
08-31 12:04:18.049   936  1338 W Watchdog: SWT Watchdog before synchronized:361262975
08-31 12:04:18.049   936  1338 W Watchdog: SWT Watchdog after synchronized:361262975
08-31 12:04:31.334   936  1144 W ContextImpl: Calling a method in the system process without a qualified user: android.app.ContextImpl.sendBroadcast:963 com.android.server.BatteryService$1.ExecuteThermalCamera:283 com.android.server.BatteryService$1.run:323 android.os.Handler.handleCallback:869 android.os.Handler.dispatchMessage:101 
08-31 12:04:48.063   936  1338 W Watchdog: **Get SF Time **0
08-31 12:04:48.064   936  1338 W Watchdog: SWT Watchdog before synchronized:361292990
08-31 12:04:48.064   936  1338 W Watchdog: SWT Watchdog after synchronized:361292990
08-31 12:04:50.287   936  1152 I AlarmManager: [openLteGateByDataShaping] isDataShapingWhitelist: false,openLteGateSuccess = false
08-31 12:04:50.556   936   950 W BroadcastQueue: Background execution not allowed: receiving Intent { act=android.net.conn.NETWORK_CONDITIONS_MEASURED flg=0x10 (has extras) } to com.google.android.gms/.chimera.GmsIntentOperationService$PersistentTrustedReceiver
08-31 12:04:51.352   936  1144 W ContextImpl: Calling a method in the system process without a qualified user: android.app.ContextImpl.sendBroadcast:963 com.android.server.BatteryService$1.ExecuteThermalCamera:283 com.android.server.BatteryService$1.run:323 android.os.Handler.handleCallback:869 android.os.Handler.dispatchMessage:101 
08-31 12:05:00.587   936  1152 I AlarmManager: [openLteGateByDataShaping] isDataShapingWhitelist: false,openLteGateSuccess = false
08-31 12:05:05.350   936  1152 I AlarmManager: [openLteGateByDataShaping] isDataShapingWhitelist: false,openLteGateSuccess = true
08-31 12:05:10.670   936  1152 I AlarmManager: [openLteGateByDataShaping] isDataShapingWhitelist: false,openLteGateSuccess = false
08-31 12:05:11.376   936  1144 W ContextImpl: Calling a method in the system process without a qualified user: android.app.ContextImpl.sendBroadcast:963 com.android.server.BatteryService$1.ExecuteThermalCamera:283 com.android.server.BatteryService$1.run:323 android.os.Handler.handleCallback:869 android.os.Handler.dispatchMessage:101 
08-31 12:05:18.064   936  1338 W Watchdog: **Get SF Time **0
08-31 12:05:18.065   936  1338 W Watchdog: SWT Watchdog before synchronized:361322991
08-31 12:05:18.065   936  1338 W Watchdog: SWT Watchdog after synchronized:361322991
08-31 12:05:31.400   936  1144 W ContextImpl: Calling a method in the system process without a qualified user: android.app.ContextImpl.sendBroadcast:963 com.android.server.BatteryService$1.ExecuteThermalCamera:283 com.android.server.BatteryService$1.run:323 android.os.Handler.handleCallback:869 android.os.Handler.dispatchMessage:101 
08-31 12:05:48.066   936  1338 W Watchdog: **Get SF Time **0
08-31 12:05:48.066   936  1338 W Watchdog: SWT Watchdog before synchronized:361352993
08-31 12:05:48.067   936  1338 W Watchdog: SWT Watchdog after synchronized:361352993
08-31 12:05:51.412   936  1144 W ContextImpl: Calling a method in the system process without a qualified user: android.app.ContextImpl.sendBroadcast:963 com.android.server.BatteryService$1.ExecuteThermalCamera:283 com.android.server.BatteryService$1.run:323 android.os.Handler.handleCallback:869 android.os.Handler.dispatchMessage:101 
08-31 12:05:55.712   936  1160 E WindowManager: catHall-mHallState:1
08-31 12:05:55.714   936  1160 E PowerManagerService: catHall-mHallState:1
08-31 12:05:55.714   936  1160 I PowerManagerService: Waking up from sleep (uid 1000)...
08-31 12:05:55.746   936   960 I DisplayPowerController: Blocking screen on until initial contents have been drawn.
08-31 12:05:55.780   407   407 E android.hardware.wifi@1.0-service: Invalid radio stats in link layer stats
08-31 12:05:55.793   936  3583 W ActivityManager: Background start not allowed: service Intent { act=Orca.PERSISTENT_KICK_SKIP_PING cmp=com.facebook.orca/com.facebook.mqttlite.MqttService (has extras) } to com.facebook.orca/com.facebook.mqttlite.MqttService from pid=23407 uid=10209 pkg=com.facebook.orca
08-31 12:05:55.797   936   951 I WindowManager: Waiting for drawn Window{254891f u0 com.android.settings/com.android.settings.deviceinfo.UsbModeChooserActivity}: removed=false visible=true mHasSurface=true drawState=1
08-31 12:05:55.798   936   951 I WindowManager: Waiting for drawn Window{4bb34c u0 StatusBar}: removed=false visible=true mHasSurface=true drawState=1
08-31 12:05:55.803   936  1104 I WindowManager: Waiting for drawn Window{254891f u0 com.android.settings/com.android.settings.deviceinfo.UsbModeChooserActivity}: removed=false visible=true mHasSurface=true drawState=1
08-31 12:05:55.803   936  1104 I WindowManager: Waiting for drawn Window{4bb34c u0 StatusBar}: removed=false visible=true mHasSurface=true drawState=1
08-31 12:05:55.809   936   957 I DisplayManagerService: Display device changed state: "Integrierter Bildschirm", ON
08-31 12:05:55.831   936  1104 I WindowManager: Waiting for drawn Window{254891f u0 com.android.settings/com.android.settings.deviceinfo.UsbModeChooserActivity}: removed=false visible=true mHasSurface=true drawState=1
08-31 12:05:55.832   936  1104 I WindowManager: Waiting for drawn Window{4bb34c u0 StatusBar}: removed=false visible=true mHasSurface=true drawState=1
08-31 12:05:55.876   936  1152 I AlarmManager: [openLteGateByDataShaping] isDataShapingWhitelist: false,openLteGateSuccess = false
08-31 12:05:55.877   936  1104 I WindowManager: Waiting for drawn Window{254891f u0 com.android.settings/com.android.settings.deviceinfo.UsbModeChooserActivity}: removed=false visible=true mHasSurface=true drawState=1
08-31 12:05:55.885   936  1104 I WindowManager: Waiting for drawn Window{4bb34c u0 StatusBar}: removed=false visible=true mHasSurface=true drawState=1
08-31 12:05:55.930   936  1104 I WindowManager: Waiting for drawn Window{254891f u0 com.android.settings/com.android.settings.deviceinfo.UsbModeChooserActivity}: removed=false visible=true mHasSurface=true drawState=1
08-31 12:05:55.930   936  1104 I WindowManager: Waiting for drawn Window{4bb34c u0 StatusBar}: removed=false visible=true mHasSurface=true drawState=4
08-31 12:05:55.933   936  1104 I WindowManager: Waiting for drawn Window{254891f u0 com.android.settings/com.android.settings.deviceinfo.UsbModeChooserActivity}: removed=false visible=true mHasSurface=true drawState=1
08-31 12:05:56.287   936  2049 I AppWidgetServiceImpl: getAppWidgetIds() 0
08-31 12:05:56.799   936   957 W WindowManager: Timeout waiting for drawn: undrawn=[Window{254891f u0 com.android.settings/com.android.settings.deviceinfo.UsbModeChooserActivity}]
08-31 12:05:56.799   936   960 I DisplayPowerController: Unblocked screen on after 1053 ms
08-31 12:05:56.810   936   960 W PowerManagerService: Screen on took 1123 ms
08-31 12:05:57.026   936  2049 I WindowManager: Relayout Window{dc188f5 u0 NavigationBar}: oldVis=8 newVis=0 focusMayChange = true
08-31 12:05:57.936   936  2049 I TraceKeyguard: Call verifyChallenge to get GateKeeperResponse
08-31 12:05:58.002   936  2049 I TraceKeyguard: Got GateKeeperResponse done, ResponseCode = 0, Response timeout = 0
08-31 12:05:58.005   936  2049 I LockSettingsService: Unlocking user 0 with token length 69
08-31 12:05:58.006   936  2049 W ActivityManager: Expected user 0 in state RUNNING_LOCKED but was in state RUNNING_UNLOCKED
08-31 12:05:58.212   936  3583 W ActivityManager: Unable to start service Intent { act=com.android.launcher3.WINDOW_OVERLAY dat=app://ch.deletescape.lawnchair.plah:10212?v=7&cv=9 pkg=com.google.android.googlequicksearchbox } U=0: not found
08-31 12:05:58.213   936 11518 I WindowManager: Relayout Window{ad53aed u0 com.android.settings/com.android.settings.deviceinfo.UsbModeChooserActivity}: oldVis=4 newVis=0 focusMayChange = true
08-31 12:05:58.217   936  3583 I AppWidgetServiceImpl: startListening() 0
08-31 12:05:58.271   936  3583 I WindowManager: Relayout Window{4da3855 u0 ch.deletescape.lawnchair.plah/ch.deletescape.lawnchair.LawnchairLauncher}: oldVis=8 newVis=0 focusMayChange = true
08-31 12:05:58.455   936   950 W BroadcastQueue: Background execution not allowed: receiving Intent { act=android.intent.action.DROPBOX_ENTRY_ADDED flg=0x10 (has extras) } to com.google.android.gms/.stats.service.DropBoxEntryAddedReceiver
08-31 12:05:58.456   936   950 W BroadcastQueue: Background execution not allowed: receiving Intent { act=android.intent.action.DROPBOX_ENTRY_ADDED flg=0x10 (has extras) } to com.google.android.gms/.chimera.GmsIntentOperationService$PersistentTrustedReceiver
08-31 12:05:58.503   936  2049 W BroadcastQueue: Background execution not allowed: receiving Intent { act=android.intent.action.DROPBOX_ENTRY_ADDED flg=0x10 (has extras) } to com.google.android.gms/.stats.service.DropBoxEntryAddedReceiver
08-31 12:05:58.506   936   950 W BroadcastQueue: Background execution not allowed: receiving Intent { act=android.intent.action.DROPBOX_ENTRY_ADDED flg=0x10 (has extras) } to com.google.android.gms/.chimera.GmsIntentOperationService$PersistentTrustedReceiver
08-31 12:05:58.603   936  2049 W BroadcastQueue: Background execution not allowed: receiving Intent { act=android.intent.action.USER_PRESENT flg=0x24200010 } to com.google.android.gms/.auth.setup.devicesignals.LockScreenReceiver
08-31 12:05:58.604   936   950 W BroadcastQueue: Background execution not allowed: receiving Intent { act=android.intent.action.USER_PRESENT flg=0x24200010 } to com.google.android.gms/.chimera.GmsIntentOperationService$PersistentTrustedReceiver
08-31 12:05:58.604   936   950 W BroadcastQueue: Permission Denial: broadcasting Intent { act=android.intent.action.USER_PRESENT flg=0x24200010 } from com.android.systemui (pid=1256, uid=10068) is not exported from uid 10050 due to receiver com.sonymobile.mx.android/.receivers.StopMessageReceiver
08-31 12:05:58.680   936  1435 I ActivityManager: Start proc 16133:com.katecca.screenofflock/u0a205 for broadcast com.katecca.screenofflock/.PlayUnlockSound
08-31 12:05:58.798   407   407 E android.hardware.wifi@1.0-service: Invalid radio stats in link layer stats
08-31 12:05:58.852   936  2049 W BroadcastQueue: Background execution not allowed: receiving Intent { act=android.intent.action.USER_PRESENT flg=0x24200010 } to info.kfsoft.force.rotation/.RestartReceiver
08-31 12:05:59.576   936  7609 W ActivityManager: Finishing task with all activities already finished
08-31 12:05:59.576   936  7609 W ActivityManager: Duplicate finish request for ActivityRecord{ff1143c u0 com.android.settings/.deviceinfo.UsbModeChooserActivity t4753 f}
08-31 12:06:00.000   936  1152 I AlarmManager: [openLteGateByDataShaping] isDataShapingWhitelist: false,openLteGateSuccess = false
08-31 12:06:01.181   936  6510 I ActivityManager: START u0 {act=android.intent.action.MAIN cat=[android.intent.category.LAUNCHER] flg=0x10200000 cmp=mark.via.gp/mark.via.Shell bnds=[132,977][208,1148]} from uid 10212
08-31 12:06:01.225   936  6510 I ActivityManager: Start proc 16169:mark.via.gp/u0a198 for activity mark.via.gp/mark.via.Shell
08-31 12:06:01.241   936  1104 I WindowManager: Relayout Window{9f63dd9 u0 Splash Screen mark.via.gp}: oldVis=8 newVis=0 focusMayChange = true
08-31 12:06:01.806   407   407 E android.hardware.wifi@1.0-service: Invalid radio stats in link layer stats
08-31 12:06:01.821   936  7609 I ActivityManager: Start proc 16194:com.google.android.webview:webview_service/u0a151 for service com.google.android.webview/org.chromium.android_webview.services.VariationsSeedServer
08-31 12:06:01.843   936  6510 I ActivityManager: Start proc 16202:com.google.android.webview:sandboxed_process0/u0i177 for webview_service mark.via.gp/org.chromium.content.app.SandboxedProcessService0
08-31 12:06:02.405   936  6510 I ActivityManager: Killing 15119:com.google.android.tts/u0a117 (adj 906): empty for 1878s
08-31 12:06:02.437   936  6510 I WindowManager: Relayout Window{3048fe u0 mark.via.gp/mark.via.Shell}: oldVis=4 newVis=0 focusMayChange = true
08-31 12:06:02.996   936  6510 I AppWidgetServiceImpl: stopListening() 0
08-31 12:06:04.817   407   407 E android.hardware.wifi@1.0-service: Invalid radio stats in link layer stats
08-31 12:06:05.467   936  1180 I NetworkStatsRecorder: recordSnapshotLocked: ident[[{type=WIFI, subType=COMBINED, networkId="UPC2099091", metered=false}]]
08-31 12:06:05.468   936  1180 W NetworkStatsRecorder: unknown interfaces [p2p0, lo, ccmni2, vt_data0, ccmni0], ignoring those stats
08-31 12:06:05.468   936  1180 I NetworkStatsRecorder: recordSnapshotLocked: ident[[{type=VPN, subType=COMBINED, metered=true}]]
08-31 12:06:05.468   936  1180 I NetworkStatsRecorder: recordSnapshotLocked: ident[[{type=WIFI, subType=COMBINED, networkId="UPC2099091", metered=false}]]
08-31 12:06:05.468   936  1180 W NetworkStatsRecorder: unknown interfaces [p2p0, lo, ccmni2, vt_data0, ccmni0], ignoring those stats
08-31 12:06:05.470   936  1180 I NetworkStatsRecorder: recordSnapshotLocked: ident[[{type=VPN, subType=COMBINED, metered=true}]]
08-31 12:06:05.470   936  1180 I NetworkStatsRecorder: recordSnapshotLocked: ident[[{type=VPN, subType=COMBINED, metered=true}]]
08-31 12:06:05.470   936  1180 I NetworkStatsRecorder: recordSnapshotLocked: ident[[{type=WIFI, subType=COMBINED, networkId="UPC2099091", metered=false}]]
08-31 12:06:05.471   936  1180 I chatty  : uid=1000(system) NetworkStats identical 7 lines
08-31 12:06:05.471   936  1180 I NetworkStatsRecorder: recordSnapshotLocked: ident[[{type=WIFI, subType=COMBINED, networkId="UPC2099091", metered=false}]]
08-31 12:06:05.472   936  1180 W NetworkStatsRecorder: unknown interfaces [p2p0, lo, ccmni2, vt_data0, ccmni0], ignoring those stats
08-31 12:06:05.473   936  1180 I NetworkStatsRecorder: recordSnapshotLocked: ident[[{type=VPN, subType=COMBINED, metered=true}]]
08-31 12:06:05.474   936  1180 I NetworkStatsRecorder: recordSnapshotLocked: ident[[{type=VPN, subType=COMBINED, metered=true}]]
08-31 12:06:05.474   936  1180 I NetworkStatsRecorder: recordSnapshotLocked: ident[[{type=WIFI, subType=COMBINED, networkId="UPC2099091", metered=false}]]
08-31 12:06:05.475   936  1180 I chatty  : uid=1000(system) NetworkStats identical 9 lines
08-31 12:06:05.475   936  1180 I NetworkStatsRecorder: recordSnapshotLocked: ident[[{type=WIFI, subType=COMBINED, networkId="UPC2099091", metered=false}]]
08-31 12:06:05.475   936  1180 W NetworkStatsRecorder: unknown interfaces [p2p0, lo, ccmni2, vt_data0, ccmni0], ignoring those stats
08-31 12:06:07.825   407   407 E android.hardware.wifi@1.0-service: Invalid radio stats in link layer stats
08-31 12:06:09.951   936   951 I ActivityManager: START u0 {act=android.intent.action.MAIN cat=[android.intent.category.HOME] flg=0x10200000 cmp=ch.deletescape.lawnchair.plah/ch.deletescape.lawnchair.LawnchairLauncher (has extras)} from uid 1000
08-31 12:06:09.997   936  2049 W ActivityManager: Unable to start service Intent { act=com.android.launcher3.WINDOW_OVERLAY dat=app://ch.deletescape.lawnchair.plah:10212?v=7&cv=9 pkg=com.google.android.googlequicksearchbox } U=0: not found
08-31 12:06:09.998   936  2049 I AppWidgetServiceImpl: startListening() 0
08-31 12:06:10.018   936 11518 I WindowManager: Relayout Window{4da3855 u0 ch.deletescape.lawnchair.plah/ch.deletescape.lawnchair.LawnchairLauncher}: oldVis=4 newVis=0 focusMayChange = true
08-31 12:06:10.295   936 11518 I ActivityManager: Process com.sonyericsson.usbux (pid 14121) has died: cch+6SVC 
08-31 12:06:10.296   936 11518 W ActivityManager: Scheduling restart of crashed service com.sonyericsson.usbux/.service.UsbService in 1000ms
08-31 12:06:10.308   936  1435 I ActivityManager: Process com.sonymobile.rcahandler (pid 13436) has died: cch+6CEM 
08-31 12:06:10.319   936   947 I ActivityManager: Process com.sonymobile.wifi:idd (pid 15394) has died: cch+6CEM 
08-31 12:06:10.326   936  2097 I ActivityManager: Process android.process.media (pid 14085) has died: cch+6SVC 
08-31 12:06:10.326   936  2097 W ActivityManager: Scheduling restart of crashed service com.android.providers.media/.MtpService in 6149682ms
08-31 12:06:10.333   936  2043 I ActivityManager: Process com.sonymobile.superstamina:wakelock (pid 7425) has died: cch+6SVC 
08-31 12:06:10.334   936  2043 W ActivityManager: Scheduling restart of crashed service com.sonymobile.superstamina/.WakelockMonitorService in 1000ms
08-31 12:06:10.342   936  1435 I ActivityManager: Process com.compal.sony.servicemenu (pid 9325) has died: cch+6SVC 
08-31 12:06:10.343   936  1435 W ActivityManager: Scheduling restart of crashed service com.compal.sony.servicemenu/.CallTimeService in 10991ms
08-31 12:06:10.403   936  1156 I ActivityManager: Process com.viber.voip (pid 14069) has died: cch+6CEM 
08-31 12:06:10.404   936  1192 E ConnectivityService: RemoteException caught trying to send a callback msg for NetworkRequest [ LISTEN id=1467, [ Capabilities: NOT_RESTRICTED&TRUSTED&NOT_VPN] ]
08-31 12:06:10.830   407   407 E android.hardware.wifi@1.0-service: Invalid radio stats in link layer stats
08-31 12:06:11.360   936   950 I ActivityManager: Start proc 16414:com.sonymobile.superstamina:wakelock/1000 for service com.sonymobile.superstamina/.WakelockMonitorService
08-31 12:06:11.435   936  1144 W ContextImpl: Calling a method in the system process without a qualified user: android.app.ContextImpl.sendBroadcast:963 com.android.server.BatteryService$1.ExecuteThermalCamera:283 com.android.server.BatteryService$1.run:323 android.os.Handler.handleCallback:869 android.os.Handler.dispatchMessage:101 
08-31 12:06:11.862   936  1156 I ActivityManager: START u0 {act=android.intent.action.MAIN cat=[android.intent.category.LAUNCHER] flg=0x10200000 cmp=mark.via.gp/mark.via.Shell bnds=[132,977][208,1148]} from uid 10212
08-31 12:06:11.938   936  7608 I WindowManager: Relayout Window{3048fe u0 mark.via.gp/mark.via.Shell}: oldVis=4 newVis=0 focusMayChange = true
08-31 12:06:12.089   936  1156 I AppWidgetServiceImpl: stopListening() 0
08-31 12:06:13.836   407   407 E android.hardware.wifi@1.0-service: Invalid radio stats in link layer stats
08-31 12:06:13.862   936  1152 I AlarmManager: [openLteGateByDataShaping] isDataShapingWhitelist: false,openLteGateSuccess = false
08-31 12:06:15.784   936  1152 I AlarmManager: [openLteGateByDataShaping] isDataShapingWhitelist: false,openLteGateSuccess = false
08-31 12:06:16.860   407   407 E android.hardware.wifi@1.0-service: Invalid radio stats in link layer stats
08-31 12:06:18.067   936  1338 W Watchdog: **Get SF Time **0
08-31 12:06:18.068   936  1338 W Watchdog: SWT Watchdog before synchronized:361382994
08-31 12:06:18.068   936  1338 W Watchdog: SWT Watchdog after synchronized:361382994
08-31 12:06:19.018   936  1180 I NetworkStatsRecorder: recordSnapshotLocked: ident[[{type=WIFI, subType=COMBINED, networkId="UPC2099091", metered=false}]]
08-31 12:06:19.019   936  1180 W NetworkStatsRecorder: unknown interfaces [p2p0, lo, ccmni2, vt_data0, ccmni0], ignoring those stats
08-31 12:06:19.019   936  1180 I NetworkStatsRecorder: recordSnapshotLocked: ident[[{type=VPN, subType=COMBINED, metered=true}]]
08-31 12:06:19.019   936  1180 I NetworkStatsRecorder: recordSnapshotLocked: ident[[{type=WIFI, subType=COMBINED, networkId="UPC2099091", metered=false}]]
08-31 12:06:19.019   936  1180 W NetworkStatsRecorder: unknown interfaces [p2p0, lo, ccmni2, vt_data0, ccmni0], ignoring those stats
08-31 12:06:19.021   936  1180 I NetworkStatsRecorder: recordSnapshotLocked: ident[[{type=VPN, subType=COMBINED, metered=true}]]
08-31 12:06:19.021   936  1180 I NetworkStatsRecorder: recordSnapshotLocked: ident[[{type=VPN, subType=COMBINED, metered=true}]]
08-31 12:06:19.021   936  1180 I NetworkStatsRecorder: recordSnapshotLocked: ident[[{type=WIFI, subType=COMBINED, networkId="UPC2099091", metered=false}]]
08-31 12:06:19.023   936  1180 I chatty  : uid=1000(system) NetworkStats identical 3 lines
08-31 12:06:19.023   936  1180 I NetworkStatsRecorder: recordSnapshotLocked: ident[[{type=WIFI, subType=COMBINED, networkId="UPC2099091", metered=false}]]
08-31 12:06:19.023   936  1180 W NetworkStatsRecorder: unknown interfaces [p2p0, lo, ccmni2, vt_data0, ccmni0], ignoring those stats
08-31 12:06:19.025   936  1180 I NetworkStatsRecorder: recordSnapshotLocked: ident[[{type=VPN, subType=COMBINED, metered=true}]]
08-31 12:06:19.026   936  1180 I NetworkStatsRecorder: recordSnapshotLocked: ident[[{type=WIFI, subType=COMBINED, networkId="UPC2099091", metered=false}]]
08-31 12:06:19.026   936  1180 W NetworkStatsRecorder: unknown interfaces [p2p0, lo, ccmni2, vt_data0, ccmni0], ignoring those stats
08-31 12:06:19.866   407   407 E android.hardware.wifi@1.0-service: Invalid radio stats in link layer stats
08-31 12:06:21.375   936   950 I ActivityManager: Start proc 16452:com.compal.sony.servicemenu/1000 for service com.compal.sony.servicemenu/.CallTimeService
08-31 12:06:22.300   936 11518 I ActivityManager: Process com.sonymobile.storagechecker (pid 13208) has died: cch+6CEM 
08-31 12:06:22.321   936 11071 I ActivityManager: Process de.stocard.stocard (pid 13797) has died: cch+6CEM 
08-31 12:06:22.327   936 10480 I ActivityManager: Process com.whatsapp (pid 15675) has died: cch+6CEM 
08-31 12:06:22.646   936  1180 I NetworkStatsRecorder: recordSnapshotLocked: ident[[{type=WIFI, subType=COMBINED, networkId="UPC2099091", metered=false}]]
08-31 12:06:22.646   936  1180 W NetworkStatsRecorder: unknown interfaces [p2p0, lo, ccmni2, vt_data0, ccmni0], ignoring those stats
08-31 12:06:22.646   936  1180 I NetworkStatsRecorder: recordSnapshotLocked: ident[[{type=VPN, subType=COMBINED, metered=true}]]
08-31 12:06:22.646   936  1180 I NetworkStatsRecorder: recordSnapshotLocked: ident[[{type=WIFI, subType=COMBINED, networkId="UPC2099091", metered=false}]]
08-31 12:06:22.646   936  1180 W NetworkStatsRecorder: unknown interfaces [p2p0, lo, ccmni2, vt_data0, ccmni0], ignoring those stats
08-31 12:06:22.647   936  1180 I NetworkStatsRecorder: recordSnapshotLocked: ident[[{type=VPN, subType=COMBINED, metered=true}]]
08-31 12:06:22.648   936  1180 I NetworkStatsRecorder: recordSnapshotLocked: ident[[{type=WIFI, subType=COMBINED, networkId="UPC2099091", metered=false}]]
08-31 12:06:22.648   936  1180 I NetworkStatsRecorder: recordSnapshotLocked: ident[[{type=WIFI, subType=COMBINED, networkId="UPC2099091", metered=false}]]
08-31 12:06:22.648   936  1180 W NetworkStatsRecorder: unknown interfaces [p2p0, lo, ccmni2, vt_data0, ccmni0], ignoring those stats
