08-31 12:16:33.756   936   950 W BroadcastQueue: Background execution not allowed: receiving Intent { act=android.intent.action.DROPBOX_ENTRY_ADDED flg=0x10 (has extras) } to com.google.android.gms/.chimera.GmsIntentOperationService$PersistentTrustedReceiver
08-31 12:16:34.071   596   596 W AudioOut_D: type=1400 audit(0.0:475861): avc: denied { read } for name="audio_param" dev="dm-1" ino=802827 scontext=u:r:audioserver:s0 tcontext=u:object_r:mtk_audiohal_data_file:s0 tclass=dir permissive=0
08-31 12:16:34.807   413   413 I MFI-RDS :  (     epdgs_rds_conn_init, 1167) [RDS][IF][epdgs_rds_conn_init] eims_info initial
08-31 12:16:34.807   413   413 I MFI-Conn:  (          mal_mfia_start,   48) mal_mfia_start(): Enter (-1)!!
08-31 12:16:34.808   413   413 E MFI-Conn:  (          mdfx_conn_conn,   76) mdfx_conn_conn(): the MFI connection fails!!
08-31 12:16:34.808   413   413 E MFI-Conn:  (   mdfx_conn_init_legacy,  363) mdfx_conn_init_legacy(): mdfx_conn_conn() error!!
08-31 12:16:34.808   413   413 I MFI-RDS :  (     epdgs_rds_conn_init, 1199) [RDS][epdgs_rds_conn_init] rds_wifi_disable_status init
08-31 12:16:35.071   596   596 W AudioOut_D: type=1400 audit(0.0:475862): avc: denied { read } for name="audio_param" dev="dm-1" ino=802827 scontext=u:r:audioserver:s0 tcontext=u:object_r:mtk_audiohal_data_file:s0 tclass=dir permissive=0
08-31 12:16:36.071   596   596 W AudioOut_D: type=1400 audit(0.0:475863): avc: denied { read } for name="audio_param" dev="dm-1" ino=802827 scontext=u:r:audioserver:s0 tcontext=u:object_r:mtk_audiohal_data_file:s0 tclass=dir permissive=0
08-31 12:16:36.479   619   619 I thermal_repeater: oh, queryMdThermalInfo (0)No such file or directory
08-31 12:16:36.492   619   619 I thermal_repeater: [recvMdThermalInfo] ret=25, strLen=127,  3, 42, -127, 0, 32767, 1
08-31 12:16:36.810   413   413 I MFI-RDS :  (     epdgs_rds_conn_init, 1167) [RDS][IF][epdgs_rds_conn_init] eims_info initial
08-31 12:16:36.810   413   413 I MFI-Conn:  (          mal_mfia_start,   48) mal_mfia_start(): Enter (-1)!!
08-31 12:16:36.811   413   413 E MFI-Conn:  (          mdfx_conn_conn,   76) mdfx_conn_conn(): the MFI connection fails!!
08-31 12:16:36.811   413   413 E MFI-Conn:  (   mdfx_conn_init_legacy,  363) mdfx_conn_init_legacy(): mdfx_conn_conn() error!!
08-31 12:16:36.811   413   413 I MFI-RDS :  (     epdgs_rds_conn_init, 1199) [RDS][epdgs_rds_conn_init] rds_wifi_disable_status init
08-31 12:16:37.071   596   596 W AudioOut_D: type=1400 audit(0.0:475864): avc: denied { read } for name="audio_param" dev="dm-1" ino=802827 scontext=u:r:audioserver:s0 tcontext=u:object_r:mtk_audiohal_data_file:s0 tclass=dir permissive=0
08-31 12:16:38.071   596   596 W AudioOut_D: type=1400 audit(0.0:475865): avc: denied { read } for name="audio_param" dev="dm-1" ino=802827 scontext=u:r:audioserver:s0 tcontext=u:object_r:mtk_audiohal_data_file:s0 tclass=dir permissive=0
08-31 12:16:38.170 16855 16886 I Finsky  : [12657] qef.h(1): Triggered update for experiment package com.google.android.finsky.stable.
08-31 12:16:38.175 16855 17291 I System.out: isEmailSend:GET
08-31 12:16:38.284 16855 17292 W SQLiteConnection: Could not change the database journal as DB was busy. Proceeding...
08-31 12:16:38.464 16855 17291 I System.out: [OkHttp] sendRequest>>
08-31 12:16:38.464 16855 17291 I System.out: [OkHttp] sendRequest<<
08-31 12:16:38.523 16855 17292 W ProxyAndroidLoggerBackend: Too many Flogger logs received before configuration. Dropping old logs.
08-31 12:16:38.524 16855 17292 W ProxyAndroidLoggerBackend: Too many Flogger logs received before configuration. Dropping old logs.
08-31 12:16:38.529 16855 16886 I Finsky  : [12657] qef.h(7): Already at the latest configurations for experiment package com.google.android.finsky.stable.
08-31 12:16:38.529 16855 16894 I Finsky  : [12665] qef.h(1): Triggered update for experiment package com.google.android.finsky.regular.
08-31 12:16:38.554 16855 16886 I Finsky  : [12657] rtc.accept(26): SCH: Scheduling phonesky job Id: 16-16161616, CT: 1661940998167, Constraints: [{ L: 60000, D: 60000, C: 1, I: 1, N: 0 }]
08-31 12:16:38.565 16855 16886 I Finsky  : [12657] scl.apply(62): SCH: Scheduling 1 system job(s)
08-31 12:16:38.567 16855 16886 I Finsky  : [12657] scl.apply(68): SCH: Scheduling system job Id: 9701, L: 59601, D: 59601, C: false, I: false, N: 0
08-31 12:16:38.591 16855 17292 W ProxyAndroidLoggerBackend: Too many Flogger logs received before configuration. Dropping old logs.
08-31 12:16:38.747 16855 17292 I chatty  : uid=10053(u0_a53) com.android.vending identical 3 lines
08-31 12:16:38.747 16855 17292 W ProxyAndroidLoggerBackend: Too many Flogger logs received before configuration. Dropping old logs.
08-31 12:16:38.752 16855 16894 I Finsky  : [12665] qef.h(7): Already at the latest configurations for experiment package com.google.android.finsky.regular.
08-31 12:16:38.753 16855 16900 I Finsky  : [12670] qef.h(1): Triggered update for experiment package com.google.android.finsky.regular.
08-31 12:16:38.812   413   413 I MFI-RDS :  (     epdgs_rds_conn_init, 1167) [RDS][IF][epdgs_rds_conn_init] eims_info initial
08-31 12:16:38.812   413   413 I MFI-Conn:  (          mal_mfia_start,   48) mal_mfia_start(): Enter (-1)!!
08-31 12:16:38.813   413   413 E MFI-Conn:  (          mdfx_conn_conn,   76) mdfx_conn_conn(): the MFI connection fails!!
08-31 12:16:38.813   413   413 E MFI-Conn:  (   mdfx_conn_init_legacy,  363) mdfx_conn_init_legacy(): mdfx_conn_conn() error!!
08-31 12:16:38.813   413   413 I MFI-RDS :  (     epdgs_rds_conn_init, 1199) [RDS][epdgs_rds_conn_init] rds_wifi_disable_status init
08-31 12:16:38.815 16855 17292 W ProxyAndroidLoggerBackend: Too many Flogger logs received before configuration. Dropping old logs.
08-31 12:16:38.989 16855 17292 I chatty  : uid=10053(u0_a53) com.android.vending identical 3 lines
08-31 12:16:38.990 16855 17292 W ProxyAndroidLoggerBackend: Too many Flogger logs received before configuration. Dropping old logs.
08-31 12:16:38.998 16855 16900 I Finsky  : [12670] qef.h(7): Already at the latest configurations for experiment package com.google.android.finsky.regular.
08-31 12:16:39.033 21321 22853 I System.out: isEmailSend:POST
08-31 12:16:39.071   596   596 W AudioOut_D: type=1400 audit(0.0:475866): avc: denied { read } for name="audio_param" dev="dm-1" ino=802827 scontext=u:r:audioserver:s0 tcontext=u:object_r:mtk_audiohal_data_file:s0 tclass=dir permissive=0
08-31 12:16:39.131 16855 16865 I zygote64: Background concurrent copying GC freed 179115(8MB) AllocSpace objects, 13(1144KB) LOS objects, 25% free, 17MB/23MB, paused 3.744ms total 233.747ms
08-31 12:16:40.071   596   596 W AudioOut_D: type=1400 audit(0.0:475867): avc: denied { read } for name="audio_param" dev="dm-1" ino=802827 scontext=u:r:audioserver:s0 tcontext=u:object_r:mtk_audiohal_data_file:s0 tclass=dir permissive=0
08-31 12:16:40.815   413   413 I MFI-RDS :  (     epdgs_rds_conn_init, 1167) [RDS][IF][epdgs_rds_conn_init] eims_info initial
08-31 12:16:40.815   413   413 I MFI-Conn:  (          mal_mfia_start,   48) mal_mfia_start(): Enter (-1)!!
08-31 12:16:40.815   413   413 E MFI-Conn:  (          mdfx_conn_conn,   76) mdfx_conn_conn(): the MFI connection fails!!
08-31 12:16:40.815   413   413 E MFI-Conn:  (   mdfx_conn_init_legacy,  363) mdfx_conn_init_legacy(): mdfx_conn_conn() error!!
08-31 12:16:40.816   413   413 I MFI-RDS :  (     epdgs_rds_conn_init, 1199) [RDS][epdgs_rds_conn_init] rds_wifi_disable_status init
08-31 12:16:41.071   596   596 W AudioOut_D: type=1400 audit(0.0:475868): avc: denied { read } for name="audio_param" dev="dm-1" ino=802827 scontext=u:r:audioserver:s0 tcontext=u:object_r:mtk_audiohal_data_file:s0 tclass=dir permissive=0
08-31 12:16:41.498   619   619 I thermal_repeater: select timeout
08-31 12:16:41.631 21321 22853 I System.out: [socket][3604:-1] exception
08-31 12:16:41.632 21321 22853 I System.out: isEmailSend:POST
08-31 12:16:42.071   596   596 W AudioOut_D: type=1400 audit(0.0:475869): avc: denied { read } for name="audio_param" dev="dm-1" ino=802827 scontext=u:r:audioserver:s0 tcontext=u:object_r:mtk_audiohal_data_file:s0 tclass=dir permissive=0
08-31 12:16:42.817   413   413 I MFI-RDS :  (     epdgs_rds_conn_init, 1167) [RDS][IF][epdgs_rds_conn_init] eims_info initial
08-31 12:16:42.817   413   413 I MFI-Conn:  (          mal_mfia_start,   48) mal_mfia_start(): Enter (-1)!!
08-31 12:16:42.818   413   413 E MFI-Conn:  (          mdfx_conn_conn,   76) mdfx_conn_conn(): the MFI connection fails!!
08-31 12:16:42.818   413   413 E MFI-Conn:  (   mdfx_conn_init_legacy,  363) mdfx_conn_init_legacy(): mdfx_conn_conn() error!!
08-31 12:16:42.818   413   413 I MFI-RDS :  (     epdgs_rds_conn_init, 1199) [RDS][epdgs_rds_conn_init] rds_wifi_disable_status init
08-31 12:16:43.071   596   596 W AudioOut_D: type=1400 audit(0.0:475870): avc: denied { read } for name="audio_param" dev="dm-1" ino=802827 scontext=u:r:audioserver:s0 tcontext=u:object_r:mtk_audiohal_data_file:s0 tclass=dir permissive=0
08-31 12:16:43.859   936   962 I libsuspend: ws name: QnovoQNS, act_since: 407871, act_cnt: 39, ev_cnt: 39, wakeup_cnt: 0
08-31 12:16:43.859   936   962 I libsuspend: ws name: battery suspend wakelock, act_since: 3709629, act_cnt: 29, ev_cnt: 9865, wakeup_cnt: 0
08-31 12:16:43.859   936   962 I libsuspend: ws name: USB.lock, act_since: 3709198, act_cnt: 14, ev_cnt: 14, wakeup_cnt: 0
08-31 12:16:44.071   596   596 W AudioOut_D: type=1400 audit(0.0:475871): avc: denied { read } for name="audio_param" dev="dm-1" ino=802827 scontext=u:r:audioserver:s0 tcontext=u:object_r:mtk_audiohal_data_file:s0 tclass=dir permissive=0
08-31 12:16:44.171 21321 22853 I System.out: [socket][3605:-1] exception
08-31 12:16:44.173 21321 22853 I System.out: isEmailSend:POST
08-31 12:16:44.820   413   413 I MFI-RDS :  (     epdgs_rds_conn_init, 1167) [RDS][IF][epdgs_rds_conn_init] eims_info initial
08-31 12:16:44.820   413   413 I MFI-Conn:  (          mal_mfia_start,   48) mal_mfia_start(): Enter (-1)!!
08-31 12:16:44.822   413   413 E MFI-Conn:  (          mdfx_conn_conn,   76) mdfx_conn_conn(): the MFI connection fails!!
08-31 12:16:44.822   413   413 E MFI-Conn:  (   mdfx_conn_init_legacy,  363) mdfx_conn_init_legacy(): mdfx_conn_conn() error!!
08-31 12:16:44.822   413   413 I MFI-RDS :  (     epdgs_rds_conn_init, 1199) [RDS][epdgs_rds_conn_init] rds_wifi_disable_status init
08-31 12:16:45.071   596   596 W AudioOut_D: type=1400 audit(0.0:475872): avc: denied { read } for name="audio_param" dev="dm-1" ino=802827 scontext=u:r:audioserver:s0 tcontext=u:object_r:mtk_audiohal_data_file:s0 tclass=dir permissive=0
08-31 12:16:46.071   596   596 W AudioOut_D: type=1400 audit(0.0:475873): avc: denied { read } for name="audio_param" dev="dm-1" ino=802827 scontext=u:r:audioserver:s0 tcontext=u:object_r:mtk_audiohal_data_file:s0 tclass=dir permissive=0
08-31 12:16:46.499   619   619 I thermal_repeater: oh, queryMdThermalInfo (0)No such file or directory
08-31 12:16:46.511   619   619 I thermal_repeater: [recvMdThermalInfo] ret=25, strLen=127,  3, 42, -127, 0, 32767, 1
08-31 12:16:46.824   413   413 I MFI-RDS :  (     epdgs_rds_conn_init, 1167) [RDS][IF][epdgs_rds_conn_init] eims_info initial
08-31 12:16:46.824   413   413 I MFI-Conn:  (          mal_mfia_start,   48) mal_mfia_start(): Enter (-1)!!
08-31 12:16:46.825   413   413 E MFI-Conn:  (          mdfx_conn_conn,   76) mdfx_conn_conn(): the MFI connection fails!!
08-31 12:16:46.825   413   413 E MFI-Conn:  (   mdfx_conn_init_legacy,  363) mdfx_conn_init_legacy(): mdfx_conn_conn() error!!
08-31 12:16:46.825   413   413 I MFI-RDS :  (     epdgs_rds_conn_init, 1199) [RDS][epdgs_rds_conn_init] rds_wifi_disable_status init
08-31 12:16:47.071   596   596 W AudioOut_D: type=1400 audit(0.0:475874): avc: denied { read } for name="audio_param" dev="dm-1" ino=802827 scontext=u:r:audioserver:s0 tcontext=u:object_r:mtk_audiohal_data_file:s0 tclass=dir permissive=0
08-31 12:16:48.096   936  1338 W Watchdog: **Get SF Time **0
08-31 12:16:48.096   936  1338 W Watchdog: SWT Watchdog before synchronized:362013022
08-31 12:16:48.096   936  1338 W Watchdog: SWT Watchdog after synchronized:362013022
08-31 12:16:48.071   596   596 W AudioOut_D: type=1400 audit(0.0:475875): avc: denied { read } for name="audio_param" dev="dm-1" ino=802827 scontext=u:r:audioserver:s0 tcontext=u:object_r:mtk_audiohal_data_file:s0 tclass=dir permissive=0
08-31 12:16:48.826   413   413 I MFI-RDS :  (     epdgs_rds_conn_init, 1167) [RDS][IF][epdgs_rds_conn_init] eims_info initial
08-31 12:16:48.826   413   413 I MFI-Conn:  (          mal_mfia_start,   48) mal_mfia_start(): Enter (-1)!!
08-31 12:16:48.827   413   413 E MFI-Conn:  (          mdfx_conn_conn,   76) mdfx_conn_conn(): the MFI connection fails!!
08-31 12:16:48.827   413   413 E MFI-Conn:  (   mdfx_conn_init_legacy,  363) mdfx_conn_init_legacy(): mdfx_conn_conn() error!!
08-31 12:16:48.827   413   413 I MFI-RDS :  (     epdgs_rds_conn_init, 1199) [RDS][epdgs_rds_conn_init] rds_wifi_disable_status init
08-31 12:16:49.071   596   596 W AudioOut_D: type=1400 audit(0.0:475876): avc: denied { read } for name="audio_param" dev="dm-1" ino=802827 scontext=u:r:audioserver:s0 tcontext=u:object_r:mtk_audiohal_data_file:s0 tclass=dir permissive=0
08-31 12:16:49.255 21321 22853 I System.out: [socket][3606:-1] exception
08-31 12:16:49.256 21321 22853 I System.out: isEmailSend:POST
08-31 12:16:50.075   596   596 W AudioOut_D: type=1400 audit(0.0:475877): avc: denied { read } for name="audio_param" dev="dm-1" ino=802827 scontext=u:r:audioserver:s0 tcontext=u:object_r:mtk_audiohal_data_file:s0 tclass=dir permissive=0
08-31 12:16:50.829   413   413 I MFI-RDS :  (     epdgs_rds_conn_init, 1167) [RDS][IF][epdgs_rds_conn_init] eims_info initial
08-31 12:16:50.829   413   413 I MFI-Conn:  (          mal_mfia_start,   48) mal_mfia_start(): Enter (-1)!!
08-31 12:16:50.830   413   413 E MFI-Conn:  (          mdfx_conn_conn,   76) mdfx_conn_conn(): the MFI connection fails!!
08-31 12:16:50.830   413   413 E MFI-Conn:  (   mdfx_conn_init_legacy,  363) mdfx_conn_init_legacy(): mdfx_conn_conn() error!!
08-31 12:16:50.830   413   413 I MFI-RDS :  (     epdgs_rds_conn_init, 1199) [RDS][epdgs_rds_conn_init] rds_wifi_disable_status init
08-31 12:16:51.075   596   596 W AudioOut_D: type=1400 audit(0.0:475878): avc: denied { read } for name="audio_param" dev="dm-1" ino=802827 scontext=u:r:audioserver:s0 tcontext=u:object_r:mtk_audiohal_data_file:s0 tclass=dir permissive=0
08-31 12:16:51.513   619   619 I thermal_repeater: select timeout
08-31 12:16:52.075   596   596 W AudioOut_D: type=1400 audit(0.0:475879): avc: denied { read } for name="audio_param" dev="dm-1" ino=802827 scontext=u:r:audioserver:s0 tcontext=u:object_r:mtk_audiohal_data_file:s0 tclass=dir permissive=0
08-31 12:16:52.131   936  1144 W BatteryService: iddRunnable(mcycs) currentTemperature = 0 , batteryStatus = 2
08-31 12:16:52.132   936  1144 W ContextImpl: Calling a method in the system process without a qualified user: android.app.ContextImpl.sendBroadcast:963 com.android.server.BatteryService$1.ExecuteThermalCamera:283 com.android.server.BatteryService$1.run:323 android.os.Handler.handleCallback:869 android.os.Handler.dispatchMessage:101 
08-31 12:16:52.831   413   413 I MFI-RDS :  (     epdgs_rds_conn_init, 1167) [RDS][IF][epdgs_rds_conn_init] eims_info initial
08-31 12:16:52.831   413   413 I MFI-Conn:  (          mal_mfia_start,   48) mal_mfia_start(): Enter (-1)!!
08-31 12:16:52.832   413   413 E MFI-Conn:  (          mdfx_conn_conn,   76) mdfx_conn_conn(): the MFI connection fails!!
08-31 12:16:52.832   413   413 E MFI-Conn:  (   mdfx_conn_init_legacy,  363) mdfx_conn_init_legacy(): mdfx_conn_conn() error!!
08-31 12:16:52.832   413   413 I MFI-RDS :  (     epdgs_rds_conn_init, 1199) [RDS][epdgs_rds_conn_init] rds_wifi_disable_status init
08-31 12:16:53.075   596   596 W AudioOut_D: type=1400 audit(0.0:475880): avc: denied { read } for name="audio_param" dev="dm-1" ino=802827 scontext=u:r:audioserver:s0 tcontext=u:object_r:mtk_audiohal_data_file:s0 tclass=dir permissive=0
08-31 12:16:54.075   596   596 W AudioOut_D: type=1400 audit(0.0:475881): avc: denied { read } for name="audio_param" dev="dm-1" ino=802827 scontext=u:r:audioserver:s0 tcontext=u:object_r:mtk_audiohal_data_file:s0 tclass=dir permissive=0
08-31 12:16:54.291 21321 22853 I System.out: [socket][3607:-1] exception
08-31 12:16:54.834   413   413 I MFI-RDS :  (     epdgs_rds_conn_init, 1167) [RDS][IF][epdgs_rds_conn_init] eims_info initial
08-31 12:16:54.834   413   413 I MFI-Conn:  (          mal_mfia_start,   48) mal_mfia_start(): Enter (-1)!!
08-31 12:16:54.835   413   413 E MFI-Conn:  (          mdfx_conn_conn,   76) mdfx_conn_conn(): the MFI connection fails!!
08-31 12:16:54.835   413   413 E MFI-Conn:  (   mdfx_conn_init_legacy,  363) mdfx_conn_init_legacy(): mdfx_conn_conn() error!!
08-31 12:16:54.835   413   413 I MFI-RDS :  (     epdgs_rds_conn_init, 1199) [RDS][epdgs_rds_conn_init] rds_wifi_disable_status init
08-31 12:16:55.079   596   596 W AudioOut_D: type=1400 audit(0.0:475882): avc: denied { read } for name="audio_param" dev="dm-1" ino=802827 scontext=u:r:audioserver:s0 tcontext=u:object_r:mtk_audiohal_data_file:s0 tclass=dir permissive=0
08-31 12:16:56.079   596   596 W AudioOut_D: type=1400 audit(0.0:475883): avc: denied { read } for name="audio_param" dev="dm-1" ino=802827 scontext=u:r:audioserver:s0 tcontext=u:object_r:mtk_audiohal_data_file:s0 tclass=dir permissive=0
08-31 12:16:56.259   378   378 I QNS     : QNS: soc=100, v=4331, i=6700, t=290
08-31 12:16:56.259   378   378 I QNS     : QNS: requested charging params: current: 512, voltage: 4300
08-31 12:16:56.515   619   619 I thermal_repeater: oh, queryMdThermalInfo (0)No such file or directory
08-31 12:16:56.527   619   619 I thermal_repeater: [recvMdThermalInfo] ret=25, strLen=127,  3, 42, -127, 0, 32767, 1
08-31 12:16:56.836   413   413 I MFI-RDS :  (     epdgs_rds_conn_init, 1167) [RDS][IF][epdgs_rds_conn_init] eims_info initial
08-31 12:16:56.836   413   413 I MFI-Conn:  (          mal_mfia_start,   48) mal_mfia_start(): Enter (-1)!!
08-31 12:16:56.837   413   413 E MFI-Conn:  (          mdfx_conn_conn,   76) mdfx_conn_conn(): the MFI connection fails!!
08-31 12:16:56.837   413   413 E MFI-Conn:  (   mdfx_conn_init_legacy,  363) mdfx_conn_init_legacy(): mdfx_conn_conn() error!!
08-31 12:16:56.837   413   413 I MFI-RDS :  (     epdgs_rds_conn_init, 1199) [RDS][epdgs_rds_conn_init] rds_wifi_disable_status init
08-31 12:16:57.079   596   596 W AudioOut_D: type=1400 audit(0.0:475884): avc: denied { read } for name="audio_param" dev="dm-1" ino=802827 scontext=u:r:audioserver:s0 tcontext=u:object_r:mtk_audiohal_data_file:s0 tclass=dir permissive=0
08-31 12:16:58.079   596   596 W AudioOut_D: type=1400 audit(0.0:475885): avc: denied { read } for name="audio_param" dev="dm-1" ino=802827 scontext=u:r:audioserver:s0 tcontext=u:object_r:mtk_audiohal_data_file:s0 tclass=dir permissive=0
08-31 12:16:58.507 14874 14874 W Thread-57: type=1400 audit(0.0:475886): avc: denied { read } for name="gpu_memory" dev="debugfs" ino=7355 scontext=u:r:priv_app:s0:c512,c768 tcontext=u:object_r:debugfs_gpu_mali_midgard:s0 tclass=file permissive=0
08-31 12:16:58.513 14874 17298 E memtrack_graphic: graphic_memtrack_get_memory error to open /sys/kernel/debug/ion/clients/clients_summary
08-31 12:16:58.507 14874 14874 W Thread-57: type=1400 audit(0.0:475887): avc: denied { read } for name="clients_summary" dev="debugfs" ino=6592 scontext=u:r:priv_app:s0:c512,c768 tcontext=u:object_r:debugfs_ion:s0 tclass=file permissive=0
08-31 12:16:58.839   413   413 I MFI-RDS :  (     epdgs_rds_conn_init, 1167) [RDS][IF][epdgs_rds_conn_init] eims_info initial
08-31 12:16:58.839   413   413 I MFI-Conn:  (          mal_mfia_start,   48) mal_mfia_start(): Enter (-1)!!
08-31 12:16:58.839   413   413 E MFI-Conn:  (          mdfx_conn_conn,   76) mdfx_conn_conn(): the MFI connection fails!!
08-31 12:16:58.840   413   413 E MFI-Conn:  (   mdfx_conn_init_legacy,  363) mdfx_conn_init_legacy(): mdfx_conn_conn() error!!
08-31 12:16:58.840   413   413 I MFI-RDS :  (     epdgs_rds_conn_init, 1199) [RDS][epdgs_rds_conn_init] rds_wifi_disable_status init
08-31 12:16:58.861   936   962 I libsuspend: ws name: QnovoQNS, act_since: 422873, act_cnt: 39, ev_cnt: 39, wakeup_cnt: 0
08-31 12:16:58.861   936   962 I libsuspend: ws name: battery suspend wakelock, act_since: 3724631, act_cnt: 29, ev_cnt: 9866, wakeup_cnt: 0
08-31 12:16:58.861   936   962 I libsuspend: ws name: USB.lock, act_since: 3724200, act_cnt: 14, ev_cnt: 14, wakeup_cnt: 0
08-31 12:16:59.079   596   596 W AudioOut_D: type=1400 audit(0.0:475888): avc: denied { read } for name="audio_param" dev="dm-1" ino=802827 scontext=u:r:audioserver:s0 tcontext=u:object_r:mtk_audiohal_data_file:s0 tclass=dir permissive=0
08-31 12:17:00.079   596   596 W AudioOut_D: type=1400 audit(0.0:475889): avc: denied { read } for name="audio_param" dev="dm-1" ino=802827 scontext=u:r:audioserver:s0 tcontext=u:object_r:mtk_audiohal_data_file:s0 tclass=dir permissive=0
08-31 12:17:00.841   413   413 I MFI-RDS :  (     epdgs_rds_conn_init, 1167) [RDS][IF][epdgs_rds_conn_init] eims_info initial
08-31 12:17:00.841   413   413 I MFI-Conn:  (          mal_mfia_start,   48) mal_mfia_start(): Enter (-1)!!
08-31 12:17:00.842   413   413 E MFI-Conn:  (          mdfx_conn_conn,   76) mdfx_conn_conn(): the MFI connection fails!!
08-31 12:17:00.842   413   413 E MFI-Conn:  (   mdfx_conn_init_legacy,  363) mdfx_conn_init_legacy(): mdfx_conn_conn() error!!
08-31 12:17:00.842   413   413 I MFI-RDS :  (     epdgs_rds_conn_init, 1199) [RDS][epdgs_rds_conn_init] rds_wifi_disable_status init
08-31 12:17:01.079   596   596 W AudioOut_D: type=1400 audit(0.0:475890): avc: denied { read } for name="audio_param" dev="dm-1" ino=802827 scontext=u:r:audioserver:s0 tcontext=u:object_r:mtk_audiohal_data_file:s0 tclass=dir permissive=0
08-31 12:17:01.529   619   619 I thermal_repeater: select timeout
08-31 12:17:02.079   596   596 W AudioOut_D: type=1400 audit(0.0:475891): avc: denied { read } for name="audio_param" dev="dm-1" ino=802827 scontext=u:r:audioserver:s0 tcontext=u:object_r:mtk_audiohal_data_file:s0 tclass=dir permissive=0
08-31 12:17:02.844   413   413 I MFI-RDS :  (     epdgs_rds_conn_init, 1167) [RDS][IF][epdgs_rds_conn_init] eims_info initial
08-31 12:17:02.844   413   413 I MFI-Conn:  (          mal_mfia_start,   48) mal_mfia_start(): Enter (-1)!!
08-31 12:17:02.845   413   413 E MFI-Conn:  (          mdfx_conn_conn,   76) mdfx_conn_conn(): the MFI connection fails!!
08-31 12:17:02.845   413   413 E MFI-Conn:  (   mdfx_conn_init_legacy,  363) mdfx_conn_init_legacy(): mdfx_conn_conn() error!!
08-31 12:17:02.845   413   413 I MFI-RDS :  (     epdgs_rds_conn_init, 1199) [RDS][epdgs_rds_conn_init] rds_wifi_disable_status init
08-31 12:17:03.079   596   596 W AudioOut_D: type=1400 audit(0.0:475892): avc: denied { read } for name="audio_param" dev="dm-1" ino=802827 scontext=u:r:audioserver:s0 tcontext=u:object_r:mtk_audiohal_data_file:s0 tclass=dir permissive=0
08-31 12:17:04.079   596   596 W AudioOut_D: type=1400 audit(0.0:475893): avc: denied { read } for name="audio_param" dev="dm-1" ino=802827 scontext=u:r:audioserver:s0 tcontext=u:object_r:mtk_audiohal_data_file:s0 tclass=dir permissive=0
08-31 12:17:04.846   413   413 I MFI-RDS :  (     epdgs_rds_conn_init, 1167) [RDS][IF][epdgs_rds_conn_init] eims_info initial
08-31 12:17:04.846   413   413 I MFI-Conn:  (          mal_mfia_start,   48) mal_mfia_start(): Enter (-1)!!
08-31 12:17:04.847   413   413 E MFI-Conn:  (          mdfx_conn_conn,   76) mdfx_conn_conn(): the MFI connection fails!!
08-31 12:17:04.847   413   413 E MFI-Conn:  (   mdfx_conn_init_legacy,  363) mdfx_conn_init_legacy(): mdfx_conn_conn() error!!
08-31 12:17:04.847   413   413 I MFI-RDS :  (     epdgs_rds_conn_init, 1199) [RDS][epdgs_rds_conn_init] rds_wifi_disable_status init
08-31 12:17:05.079   596   596 W AudioOut_D: type=1400 audit(0.0:475894): avc: denied { read } for name="audio_param" dev="dm-1" ino=802827 scontext=u:r:audioserver:s0 tcontext=u:object_r:mtk_audiohal_data_file:s0 tclass=dir permissive=0
08-31 12:17:06.079   596   596 W AudioOut_D: type=1400 audit(0.0:475895): avc: denied { read } for name="audio_param" dev="dm-1" ino=802827 scontext=u:r:audioserver:s0 tcontext=u:object_r:mtk_audiohal_data_file:s0 tclass=dir permissive=0
08-31 12:17:06.531   619   619 I thermal_repeater: oh, queryMdThermalInfo (0)No such file or directory
08-31 12:17:06.543   619   619 I thermal_repeater: [recvMdThermalInfo] ret=25, strLen=127,  3, 42, -127, 0, 32767, 1
08-31 12:17:06.849   413   413 I MFI-RDS :  (     epdgs_rds_conn_init, 1167) [RDS][IF][epdgs_rds_conn_init] eims_info initial
08-31 12:17:06.849   413   413 I MFI-Conn:  (          mal_mfia_start,   48) mal_mfia_start(): Enter (-1)!!
08-31 12:17:06.850   413   413 E MFI-Conn:  (          mdfx_conn_conn,   76) mdfx_conn_conn(): the MFI connection fails!!
08-31 12:17:06.850   413   413 E MFI-Conn:  (   mdfx_conn_init_legacy,  363) mdfx_conn_init_legacy(): mdfx_conn_conn() error!!
08-31 12:17:06.850   413   413 I MFI-RDS :  (     epdgs_rds_conn_init, 1199) [RDS][epdgs_rds_conn_init] rds_wifi_disable_status init
08-31 12:17:07.079   596   596 W AudioOut_D: type=1400 audit(0.0:475896): avc: denied { read } for name="audio_param" dev="dm-1" ino=802827 scontext=u:r:audioserver:s0 tcontext=u:object_r:mtk_audiohal_data_file:s0 tclass=dir permissive=0
08-31 12:17:08.079   596   596 W AudioOut_D: type=1400 audit(0.0:475897): avc: denied { read } for name="audio_param" dev="dm-1" ino=802827 scontext=u:r:audioserver:s0 tcontext=u:object_r:mtk_audiohal_data_file:s0 tclass=dir permissive=0
08-31 12:17:08.851   413   413 I MFI-RDS :  (     epdgs_rds_conn_init, 1167) [RDS][IF][epdgs_rds_conn_init] eims_info initial
08-31 12:17:08.851   413   413 I MFI-Conn:  (          mal_mfia_start,   48) mal_mfia_start(): Enter (-1)!!
08-31 12:17:08.852   413   413 E MFI-Conn:  (          mdfx_conn_conn,   76) mdfx_conn_conn(): the MFI connection fails!!
08-31 12:17:08.852   413   413 E MFI-Conn:  (   mdfx_conn_init_legacy,  363) mdfx_conn_init_legacy(): mdfx_conn_conn() error!!
08-31 12:17:08.852   413   413 I MFI-RDS :  (     epdgs_rds_conn_init, 1199) [RDS][epdgs_rds_conn_init] rds_wifi_disable_status init
08-31 12:17:09.079   596   596 W AudioOut_D: type=1400 audit(0.0:475898): avc: denied { read } for name="audio_param" dev="dm-1" ino=802827 scontext=u:r:audioserver:s0 tcontext=u:object_r:mtk_audiohal_data_file:s0 tclass=dir permissive=0
08-31 12:17:10.079   596   596 W AudioOut_D: type=1400 audit(0.0:475899): avc: denied { read } for name="audio_param" dev="dm-1" ino=802827 scontext=u:r:audioserver:s0 tcontext=u:object_r:mtk_audiohal_data_file:s0 tclass=dir permissive=0
08-31 12:17:10.854   413   413 I MFI-RDS :  (     epdgs_rds_conn_init, 1167) [RDS][IF][epdgs_rds_conn_init] eims_info initial
08-31 12:17:10.854   413   413 I MFI-Conn:  (          mal_mfia_start,   48) mal_mfia_start(): Enter (-1)!!
08-31 12:17:10.855   413   413 E MFI-Conn:  (          mdfx_conn_conn,   76) mdfx_conn_conn(): the MFI connection fails!!
08-31 12:17:10.855   413   413 E MFI-Conn:  (   mdfx_conn_init_legacy,  363) mdfx_conn_init_legacy(): mdfx_conn_conn() error!!
08-31 12:17:10.855   413   413 I MFI-RDS :  (     epdgs_rds_conn_init, 1199) [RDS][epdgs_rds_conn_init] rds_wifi_disable_status init
08-31 12:17:11.083   596   596 W AudioOut_D: type=1400 audit(0.0:475900): avc: denied { read } for name="audio_param" dev="dm-1" ino=802827 scontext=u:r:audioserver:s0 tcontext=u:object_r:mtk_audiohal_data_file:s0 tclass=dir permissive=0
08-31 12:17:11.549   619   619 I thermal_repeater: select timeout
08-31 12:17:12.079   596   596 W AudioOut_D: type=1400 audit(0.0:475901): avc: denied { read } for name="audio_param" dev="dm-1" ino=802827 scontext=u:r:audioserver:s0 tcontext=u:object_r:mtk_audiohal_data_file:s0 tclass=dir permissive=0
08-31 12:17:12.155   936  1144 W BatteryService: iddRunnable(mcycs) currentTemperature = 0 , batteryStatus = 2
08-31 12:17:12.381   394   394 W /system/bin/hw/android.hidl.allocator@1.0-service: ashmem_create_region(268) returning hidl_memory(0x7ed8a2c630, 268)
08-31 12:17:12.856   413   413 I MFI-RDS :  (     epdgs_rds_conn_init, 1167) [RDS][IF][epdgs_rds_conn_init] eims_info initial
08-31 12:17:12.856   413   413 I MFI-Conn:  (          mal_mfia_start,   48) mal_mfia_start(): Enter (-1)!!
08-31 12:17:12.857   413   413 E MFI-Conn:  (          mdfx_conn_conn,   76) mdfx_conn_conn(): the MFI connection fails!!
08-31 12:17:12.857   413   413 E MFI-Conn:  (   mdfx_conn_init_legacy,  363) mdfx_conn_init_legacy(): mdfx_conn_conn() error!!
08-31 12:17:12.857   413   413 I MFI-RDS :  (     epdgs_rds_conn_init, 1199) [RDS][epdgs_rds_conn_init] rds_wifi_disable_status init
08-31 12:17:13.083   596   596 W AudioOut_D: type=1400 audit(0.0:475902): avc: denied { read } for name="audio_param" dev="dm-1" ino=802827 scontext=u:r:audioserver:s0 tcontext=u:object_r:mtk_audiohal_data_file:s0 tclass=dir permissive=0
08-31 12:17:13.863   936   962 I libsuspend: ws name: QnovoQNS, act_since: 437875, act_cnt: 39, ev_cnt: 39, wakeup_cnt: 0
08-31 12:17:13.863   936   962 I libsuspend: ws name: battery suspend wakelock, act_since: 3739633, act_cnt: 29, ev_cnt: 9866, wakeup_cnt: 0
08-31 12:17:13.863   936   962 I libsuspend: ws name: USB.lock, act_since: 3739202, act_cnt: 14, ev_cnt: 14, wakeup_cnt: 0
08-31 12:17:14.083   596   596 W AudioOut_D: type=1400 audit(0.0:475903): avc: denied { read } for name="audio_param" dev="dm-1" ino=802827 scontext=u:r:audioserver:s0 tcontext=u:object_r:mtk_audiohal_data_file:s0 tclass=dir permissive=0
08-31 12:17:14.859   413   413 I MFI-RDS :  (     epdgs_rds_conn_init, 1167) [RDS][IF][epdgs_rds_conn_init] eims_info initial
08-31 12:17:14.859   413   413 I MFI-Conn:  (          mal_mfia_start,   48) mal_mfia_start(): Enter (-1)!!
08-31 12:17:14.860   413   413 E MFI-Conn:  (          mdfx_conn_conn,   76) mdfx_conn_conn(): the MFI connection fails!!
08-31 12:17:14.860   413   413 E MFI-Conn:  (   mdfx_conn_init_legacy,  363) mdfx_conn_init_legacy(): mdfx_conn_conn() error!!
08-31 12:17:14.860   413   413 I MFI-RDS :  (     epdgs_rds_conn_init, 1199) [RDS][epdgs_rds_conn_init] rds_wifi_disable_status init
08-31 12:17:15.083   596   596 W AudioOut_D: type=1400 audit(0.0:475904): avc: denied { read } for name="audio_param" dev="dm-1" ino=802827 scontext=u:r:audioserver:s0 tcontext=u:object_r:mtk_audiohal_data_file:s0 tclass=dir permissive=0
08-31 12:17:12.156   936  1144 W ContextImpl: Calling a method in the system process without a qualified user: android.app.ContextImpl.sendBroadcast:963 com.android.server.BatteryService$1.ExecuteThermalCamera:283 com.android.server.BatteryService$1.run:323 android.os.Handler.handleCallback:869 android.os.Handler.dispatchMessage:101 
08-31 12:17:16.111   936  1160 E WindowManager: catHall-mHallState:1
08-31 12:17:16.113   936  1160 E PowerManagerService: catHall-mHallState:1
08-31 12:17:16.113   936  1160 I PowerManagerService: Waking up from sleep (uid 1000)...
08-31 12:17:16.124   936   960 I DisplayPowerController: Blocking screen on until initial contents have been drawn.
08-31 12:17:16.139   936   936 I AlarmManager: [openLteGateByDataShaping] isDataShapingWhitelist: false,openLteGateSuccess = false
08-31 12:17:16.083   596   596 W AudioOut_D: type=1400 audit(0.0:475905): avc: denied { read } for name="audio_param" dev="dm-1" ino=802827 scontext=u:r:audioserver:s0 tcontext=u:object_r:mtk_audiohal_data_file:s0 tclass=dir permissive=0
08-31 12:17:16.143   615   615 I Light   : batch: handle:4, flag:0,samplingPeriodNs:250000000 maxBatchReportLatencyNs:0
08-31 12:17:16.143   615   615 I Light   : batch path:/sys/class/sensor/m_als_misc/alsbatch 
08-31 12:17:16.144   615   615 I Light   : enable: handle:4, en:1 
08-31 12:17:16.145   936  1217 I libsuspend: autosuspend_debugger_disable
08-31 12:17:16.145   936  1217 I libsuspend: autosuspend_debugger_disable done
08-31 12:17:16.146   412   435 I vendor.mediatek.hardware.power@1.1-impl: setInteractive Restore All
08-31 12:17:16.146   412   434 I powerd  : [powerd_req] POWER_MSG_SCN_RESTORE_ALL
08-31 12:17:16.148   936   957 I DisplayManagerService: Display device changed state: "Integrierter Bildschirm", ON
08-31 12:17:16.185   401   497 I hwcomposer: [HWC] Display(0) SetPowerMode(2)  
08-31 12:17:16.192   936  1160 I InputReader: Reconfiguring input devices.  changes=0x00000004
08-31 12:17:16.194   936  1570 E WifiScanner: listener cannot be found
08-31 12:17:16.207   615   615 I Proximity: batch: handle:7, flag:0,samplingPeriodNs:20000000 maxBatchReportLatencyNs:0
08-31 12:17:16.207   615   615 I Proximity: enable: handle:7, en:1 
08-31 12:17:16.214   615   773 I Proximity: processEvent value=2
08-31 12:17:16.214   615   773 I Proximity: processEvent value=2
08-31 12:17:16.220   422   474 I BufferQueueProducer: [#0](this:0x7a1afe2800,id:3,api:1,p:936,c:422) queueBuffer: fps=0.00 dur=447701.76 max=447701.76 min=447701.76
08-31 12:17:16.225   936   951 I WindowManager: Waiting for drawn Window{4bb34c u0 StatusBar}: removed=false visible=true mHasSurface=true drawState=1
08-31 12:17:16.227   936  1104 I WindowManager: Waiting for drawn Window{4bb34c u0 StatusBar}: removed=false visible=true mHasSurface=true drawState=1
08-31 12:17:16.232   422   474 I BufferQueueProducer: [#1](this:0x7a1afe4000,id:4,api:1,p:936,c:422) queueBuffer: fps=0.00 dur=447705.23 max=447705.23 min=447705.23
08-31 12:17:16.250   422   474 I BufferQueueProducer: [StatusBar#0](this:0x7a18bf8800,id:16,api:1,p:1256,c:422) queueBuffer: fps=0.02 dur=42567.01 max=42567.01 min=42567.01
08-31 12:17:16.257   936  1104 I WindowManager: Waiting for drawn Window{4bb34c u0 StatusBar}: removed=false visible=true mHasSurface=true drawState=4
08-31 12:17:16.264   936   960 I DisplayPowerController: Unblocked screen on after 140 ms
08-31 12:17:16.291   407   407 I WifiHAL : Get link stats
08-31 12:17:16.291   407   407 E android.hardware.wifi@1.0-service: Invalid radio stats in link layer stats
08-31 12:17:16.291  1387  1408 I zygote64: Background concurrent copying GC freed 39107(3MB) AllocSpace objects, 0(0B) LOS objects, 49% free, 3MB/6MB, paused 10.762ms total 97.113ms
08-31 12:17:16.336  1989  1989 E BrcmNfcJni: nfcManager_doSetScreenOrPowerState: Enter
08-31 12:17:16.338   414  2438 E NxpTml  : _i2c_write() errno : 5
08-31 12:17:16.338   414  2438 E NxpTml  : PN54X - Error in I2C Write.....
08-31 12:17:16.338   414  2441 E NxpHal  : write error status = 0x1ff
08-31 12:17:16.338   414   414 E NxpHal  : write_unlocked failed - PN54X Maybe in Standby Mode - Retry
08-31 12:17:16.340  3467  3467 I NetGuard.Service: Received Intent { act=android.intent.action.SCREEN_ON flg=0x50200010 }
08-31 12:17:16.351  3467  3503 I NetGuard.Service: Stats start enabled=false
08-31 12:17:16.355  3467  3467 I NetGuard.Service: Received Intent { cmp=eu.faircode.netguard/.ServiceSinkhole (has extras) }
08-31 12:17:16.358  1989  1989 E NfcService: applyRouting -20
08-31 12:17:16.358  3467  3467 I NetGuard.Service: Start intent=Intent { cmp=eu.faircode.netguard/.ServiceSinkhole (has extras) } command=reload reason=interactive state changed vpn=true user=0
08-31 12:17:16.359  3467  3501 I NetGuard.Service: Executing intent=Intent { cmp=eu.faircode.netguard/.ServiceSinkhole (has extras) } command=reload reason=interactive state changed vpn=true user=0
08-31 12:17:16.366  7428  7490 I DeviceStatusMonitor: DeviceStatusMonitor.handleBroadcast():123 onReceive() : Action = android.intent.action.SCREEN_ON
08-31 12:17:16.366  7428  7490 I DeviceStatusMonitor: DeviceStatusMonitor.updateCountryInfo():139 updateCountryInfo(), notifyAnyway = false
08-31 12:17:16.394   412   435 I vendor.mediatek.hardware.power@1.1-impl: querySysInfo cmd:6, param:0
08-31 12:17:16.394   412   434 I powerd  : [powerd_req] POWER_MSG_QUERY_INFO
08-31 12:17:16.394   412   434 I powerd  : [powerd_req] POWER_MSG_QUERY_INFO: cmd:6, param:0
08-31 12:17:16.394   412   434 I libPerfService: perfUserGetCapability - cmd:6, id:0
08-31 12:17:16.395   412   434 I libPerfService: perfUserGetCapability - value:16855
08-31 12:17:16.395  1864  1880 I GasService: GAS loop :ch.deletescape.lawnchair.plah, pid:16855.
08-31 12:17:16.396   422   422 I BufferQueueConsumer: [ColorFade#0](this:0x7a1afe1000,id:8164,api:1,p:-1,c:-1) disconnect(C)
08-31 12:17:16.398   422   422 I BufferQueue: [ColorFade#0](this:0x7a1afe1000,id:8164,api:1,p:-1,c:-1) ~BufferQueueCore
08-31 12:17:16.412   422   422 I DisplayDevice: [Built-in Screen (type:0)] fps:0.395939,dur:47987.15,max:47691.34,min:15.66
08-31 12:17:16.416   401   505 W hwcomposer: [OVL] (0) No overlay input queue(0)  
08-31 12:17:16.418   401   505 I hwcomposer: [DBQ] (q2:0x73f2ae1f00) Buffer queue is created with size(3)  
08-31 12:17:16.418   401   505 I hwcomposer: [DBQ] (q2:0x73f2ae1f00) setConsumerListener  
08-31 12:17:16.418   401   505 I hwcomposer: [DBQ] (q2:0x73f2ae1f00) Reallocate Slot(0), pool(0 -> 0) size(0 -> 3686400)  
08-31 12:17:16.419   402   402 E libfpc_oem: oem_server_connect: not connected: No such file or directory
08-31 12:17:16.419   402   402 E lights-cci: notify_backlight_changed: unable to connect to oem_server No such file or directory
08-31 12:17:16.421   936   960 W PowerManagerService: Screen on took 318 ms
08-31 12:17:16.427  8944  9009 I NearbySharing: Screen is locked [CONTEXT service_id=194 ]
08-31 12:17:16.428  8944  9009 I NearbySharing: Failed to stop scanning because weren't scanning. [CONTEXT service_id=194 ]
08-31 12:17:16.428  8944  9009 I NearbySharing: Stopping discovery because the screen is locked. [CONTEXT service_id=194 ]
08-31 12:17:16.430  8944  9009 I NearbySharing: Can't stop advertising FastInitiation. Not advertising. [CONTEXT service_id=194 ]
08-31 12:17:16.430  8944  9009 I NearbySharing: Stopping Fast Init advertisement because Bluetooth is off. [CONTEXT service_id=194 ]
08-31 12:17:16.431  8944  9009 I NearbySharing: Stopping advertising because the screen is locked. [CONTEXT service_id=194 ]
08-31 12:17:16.432  8944  9009 I NearbySharing: Stopping FastInitiation scanning because the screen is locked. [CONTEXT service_id=194 ]
08-31 12:17:16.432  8944  9009 I NearbySharing: Can't stop scanning for FastInitiation. Not scanning. [CONTEXT service_id=194 ]
08-31 12:17:16.433  8944  9009 I NearbySharing: Cancelling in use notification [CONTEXT service_id=194 ]
08-31 12:17:16.434  8944  9009 I NearbySharing: Fast Initiation Scanning has stopped [CONTEXT service_id=194 ]
08-31 12:17:16.435  8944  9009 I NearbySharing: Dismissing HUN as there's no device nearby. [CONTEXT service_id=194 ]
08-31 12:17:16.435  8944  9009 I NearbySharing: Cancelling in use notification [CONTEXT service_id=194 ]
08-31 12:17:16.438   936  1431 W ActivityManager: Background start not allowed: service Intent { act=Orca.PERSISTENT_KICK_SKIP_PING cmp=com.facebook.orca/com.facebook.mqttlite.MqttService (has extras) } to com.facebook.orca/com.facebook.mqttlite.MqttService from pid=23407 uid=10209 pkg=com.facebook.orca
08-31 12:17:16.445  8944  9148 I Nearby  : [MBleClient] Start ble scanning from NearbyDirect:BluetoothAdapterWrapper, context tag = nearby [CONTEXT service_id=49 ]
08-31 12:17:16.449  8944  9148 I Nearby  : [MBleClient] M hardware scan: 1 clients, scanMode= LOW_LATENCY, callback type= ALL_MATCHES [CONTEXT service_id=49 ]
08-31 12:17:16.449  5681  5775 E bt_btm  : BTM_BleObserve Observe not active
08-31 12:17:16.550   619   619 I thermal_repeater: oh, queryMdThermalInfo (0)No such file or directory
08-31 12:17:16.558   619   619 I thermal_repeater: [recvMdThermalInfo] ret=25, strLen=127,  3, 42, -127, 0, 32767, 1
08-31 12:17:16.581  3467  3501 I NetGuard.Service: No changed rules on interactive state change
08-31 12:17:16.582   936  2009 I AppWidgetServiceImpl: getAppWidgetIds() 0
08-31 12:17:16.583  3467  3501 I NetGuard.Service: Messages=false wakelock=false
08-31 12:17:16.862   413   413 I MFI-RDS :  (     epdgs_rds_conn_init, 1167) [RDS][IF][epdgs_rds_conn_init] eims_info initial
08-31 12:17:16.862   413   413 I MFI-Conn:  (          mal_mfia_start,   48) mal_mfia_start(): Enter (-1)!!
08-31 12:17:16.862   413   413 E MFI-Conn:  (          mdfx_conn_conn,   76) mdfx_conn_conn(): the MFI connection fails!!
08-31 12:17:16.862   413   413 E MFI-Conn:  (   mdfx_conn_init_legacy,  363) mdfx_conn_init_legacy(): mdfx_conn_conn() error!!
08-31 12:17:16.863   413   413 I MFI-RDS :  (     epdgs_rds_conn_init, 1199) [RDS][epdgs_rds_conn_init] rds_wifi_disable_status init
08-31 12:17:16.986   412   450 I vendor.mediatek.hardware.power@1.1-impl: mtkPowerHint hint:15, data:10000
08-31 12:17:17.079   596   596 W AudioOut_D: type=1400 audit(0.0:475906): avc: denied { read } for name="audio_param" dev="dm-1" ino=802827 scontext=u:r:audioserver:s0 tcontext=u:object_r:mtk_audiohal_data_file:s0 tclass=dir permissive=0
08-31 12:17:17.093   412   450 I vendor.mediatek.hardware.power@1.1-impl: mtkPowerHint hint:15, data:0
08-31 12:17:17.166   936  1185 W IE_Capabilities: Unknown WPA cipher suite: 2ac0f00
08-31 12:17:17.166   936  1185 W IE_Capabilities: Unknown WPA cipher suite: 0
08-31 12:17:17.166   936  1185 W IE_Capabilities: Unknown WPA cipher suite: 2ac0f00
08-31 12:17:17.166   936  1185 W IE_Capabilities: Unknown WPA cipher suite: 0
08-31 12:17:17.169   936  1189 W IE_Capabilities: Unknown WPA cipher suite: 2ac0f00
08-31 12:17:17.169   936  1189 W IE_Capabilities: Unknown WPA cipher suite: 0
08-31 12:17:17.169   936  1189 W IE_Capabilities: Unknown WPA cipher suite: 2ac0f00
08-31 12:17:17.169   936  1189 W IE_Capabilities: Unknown WPA cipher suite: 0
08-31 12:17:17.208  8944  9114 I ChimeraSrvcProxy: NullBinder for android.net.action.RECOMMEND_NETWORKS triggering remote TransactionTooLargeException due to Service without Chimera impl
08-31 12:17:17.260   422  1236 I BufferQueueProducer: [StatusBar#0](this:0x7a18bf8800,id:16,api:1,p:1256,c:422) queueBuffer: fps=18.81 dur=1010.25 max=542.26 min=4.72
08-31 12:17:17.277   936  2009 I WindowManager: Relayout Window{dc188f5 u0 NavigationBar}: oldVis=8 newVis=0 focusMayChange = true
08-31 12:17:17.285   422  1236 I BufferQueueProducer: [NavigationBar#0](this:0x7a18bfd000,id:8095,api:1,p:1256,c:422) connect(P): api=1 producer=(1256:com.android.systemui) producerControlledByApp=true
08-31 12:17:17.302   422  1236 I BufferQueueProducer: [NavigationBar#0](this:0x7a18bfd000,id:8095,api:1,p:1256,c:422) queueBuffer: fps=0.33 dur=109145.94 max=108535.57 min=6.00
08-31 12:17:17.419   422   422 I DisplayDevice: [Built-in Screen (type:0)] fps:26.795279,dur:1007.64,max:545.45,min:8.61
08-31 12:17:17.467  3488  3488 W System.err: java.lang.IllegalArgumentException: View=android.widget.LinearLayout{eea88e4 V.E...... ........ 0,0-1,1} not attached to window manager
08-31 12:17:17.471  3488  3488 W System.err: 	at android.view.WindowManagerGlobal.findViewLocked(WindowManagerGlobal.java:509)
08-31 12:17:17.471  3488  3488 W System.err: 	at android.view.WindowManagerGlobal.removeView(WindowManagerGlobal.java:399)
08-31 12:17:17.471  3488  3488 W System.err: 	at android.view.WindowManagerImpl.removeViewImmediate(WindowManagerImpl.java:123)
08-31 12:17:17.472  3488  3488 W System.err: 	at info.kfsoft.force.rotation.BGService.j(BGService.java:267)
08-31 12:17:17.472  3488  3488 W System.err: 	at info.kfsoft.force.rotation.BGService.a(BGService.java:2537)
08-31 12:17:17.472  3488  3488 W System.err: 	at info.kfsoft.force.rotation.BGService$1.handleMessage(BGService.java:179)
08-31 12:17:17.472  3488  3488 W System.err: 	at android.os.Handler.dispatchMessage(Handler.java:108)
08-31 12:17:17.472  3488  3488 W System.err: 	at android.os.Looper.loop(Looper.java:206)
08-31 12:17:17.472  3488  3488 W System.err: 	at android.app.ActivityThread.main(ActivityThread.java:6749)
08-31 12:17:17.472  3488  3488 W System.err: 	at java.lang.reflect.Method.invoke(Native Method)
08-31 12:17:17.472  3488  3488 W System.err: 	at com.android.internal.os.Zygote$MethodAndArgsCaller.run(Zygote.java:240)
08-31 12:17:17.472  3488  3488 W System.err: 	at com.android.internal.os.ZygoteInit.main(ZygoteInit.java:845)
08-31 12:17:17.670   412   450 I vendor.mediatek.hardware.power@1.1-impl: mtkPowerHint hint:15, data:10000
08-31 12:17:18.079   596   596 W AudioOut_D: type=1400 audit(0.0:475907): avc: denied { read } for name="audio_param" dev="dm-1" ino=802827 scontext=u:r:audioserver:s0 tcontext=u:object_r:mtk_audiohal_data_file:s0 tclass=dir permissive=0
08-31 12:17:18.098   936  1338 W Watchdog: **Get SF Time **0
08-31 12:17:18.099   936  1338 W Watchdog: SWT Watchdog before synchronized:362043025
08-31 12:17:18.099   936  1338 W Watchdog: SWT Watchdog after synchronized:362043025
08-31 12:17:18.264   422   537 I BufferQueueProducer: [StatusBar#0](this:0x7a18bf8800,id:16,api:1,p:1256,c:422) queueBuffer: fps=60.73 dur=1004.49 max=20.01 min=12.15
08-31 12:17:18.287   412   450 I vendor.mediatek.hardware.power@1.1-impl: mtkPowerHint hint:15, data:0
08-31 12:17:18.288  1256  1256 I TraceKeyguard: Ready to LockPatternChecker - checkPattern
08-31 12:17:18.290   936  2009 I TraceKeyguard: checkCredential
08-31 12:17:18.290   936  2009 I TraceKeyguard: Call verifyChallenge to get GateKeeperResponse
08-31 12:17:18.382   936  2009 I TraceKeyguard: GateKeeperResponse.RESPONSE_OK
08-31 12:17:18.382   936  2009 I TraceKeyguard: Got GateKeeperResponse done, ResponseCode = 0, Response timeout = 0
08-31 12:17:18.387   604   604 I keystore: calling unlock when already unlocked, ignoring.
08-31 12:17:18.387   936  2009 I LockSettingsService: Unlocking user 0 with token length 69
08-31 12:17:18.388   936  2009 W ActivityManager: Expected user 0 in state RUNNING_LOCKED but was in state RUNNING_UNLOCKED
08-31 12:17:18.391  1256  1256 I TraceKeyguard: onPatternChecked - matched = true, isValidPattern = true, timeoutMs = 0, dismissKeyguard: true
08-31 12:17:18.396   412   435 I vendor.mediatek.hardware.power@1.1-impl: querySysInfo cmd:6, param:0
08-31 12:17:18.396   412   434 I powerd  : [powerd_req] POWER_MSG_QUERY_INFO
08-31 12:17:18.396   412   434 I powerd  : [powerd_req] POWER_MSG_QUERY_INFO: cmd:6, param:0
08-31 12:17:18.396   412   434 I libPerfService: perfUserGetCapability - cmd:6, id:0
08-31 12:17:18.396   412   434 I libPerfService: perfUserGetCapability - value:16855
08-31 12:17:18.397  1864  1880 I GasService: GAS loop :ch.deletescape.lawnchair.plah, pid:16855.
08-31 12:17:18.424   422   422 I DisplayDevice: [Built-in Screen (type:0)] fps:60.685226,dur:1005.19,max:17.48,min:15.00
08-31 12:17:18.527   412   450 I vendor.mediatek.hardware.power@1.1-impl: mtkPowerHint hint:11, data:0
08-31 12:17:18.527   412   450 I vendor.mediatek.hardware.power@1.1-impl: mtkPowerHint hint:12, data:0
08-31 12:17:18.528   412   450 I vendor.mediatek.hardware.power@1.1-impl: mtkPowerHint hint:10, data:0
08-31 12:17:18.529   412   450 I vendor.mediatek.hardware.power@1.1-impl: notifyAppState pack:com.android.vending, act:com.android.vending.AssetBrowserActivity, pid:16855, state:1
08-31 12:17:18.530   412   434 I powerd  : [powerd_req] POWER_MSG_NOTIFY_STATE
08-31 12:17:18.530   412   434 I libPerfService: perfUserGetCapability - cmd:7, id:0
08-31 12:17:18.530   412   434 I libPerfService: perfUserGetCapability - value:-1
08-31 12:17:18.551   422   422 I BufferQueue: [unnamed-422-8165](this:0x7a1afe1000,id:8165,api:0,p:-1,c:-1) BufferQueue core=(422:/system/bin/surfaceflinger)
08-31 12:17:18.551   422   422 I BufferQueueConsumer: [unnamed-422-8165](this:0x7a1afe1000,id:8165,api:0,p:-1,c:422) connect(C): consumer=(422:/system/bin/surfaceflinger) controlledByApp=false
08-31 12:17:18.551   422   422 I BufferQueueConsumer: [unnamed-422-8165](this:0x7a1afe1000,id:8165,api:0,p:-1,c:422) setConsumerName: unnamed-422-8165
08-31 12:17:18.551   422   422 I BufferQueueConsumer: [SnapshotStartingWindow for taskId=4755#0](this:0x7a1afe1000,id:8165,api:0,p:-1,c:422) setConsumerName: SnapshotStartingWindow for taskId=4755#0
08-31 12:17:18.551   422   422 I BufferQueueProducer: [](this:0x7a1afe1000,id:8165,api:0,p:-1,c:422) setMaxDequeuedBufferCount: maxDequeuedBuffers = 2
08-31 12:17:18.551   422   422 I BufferQueueConsumer: [SnapshotStartingWindow for taskId=4755#0](this:0x7a1afe1000,id:8165,api:0,p:-1,c:422) setDefaultBufferSize: width=720 height=1280
08-31 12:17:18.563   422   476 I BufferQueueProducer: [SnapshotStartingWindow for taskId=4755#0](this:0x7a1afe1000,id:8165,api:2,p:936,c:422) connect(P): api=2 producer=(936:system_server) producerControlledByApp=false
08-31 12:17:18.564   422  1236 I BufferQueueProducer: [SnapshotStartingWindow for taskId=4755#0](this:0x7a1afe1000,id:8165,api:2,p:936,c:422) disconnect(P): api 2
08-31 12:17:18.564   422  1236 I BufferQueueConsumer: [SnapshotStartingWindow for taskId=4755#0](this:0x7a1afe1000,id:8165,api:2,p:-1,c:422) getReleasedBuffers: returning mask 0xffffffffffffffff
08-31 12:17:18.583   936  8509 I WindowManager: Relayout Window{3bf7232 u0 com.android.vending/com.android.vending.AssetBrowserActivity}: oldVis=4 newVis=0 focusMayChange = true
08-31 12:17:18.584   422   422 I BufferQueue: [unnamed-422-8166](this:0x7a16e4a000,id:8166,api:0,p:-1,c:-1) BufferQueue core=(422:/system/bin/surfaceflinger)
08-31 12:17:18.584   422   422 I BufferQueueConsumer: [unnamed-422-8166](this:0x7a16e4a000,id:8166,api:0,p:-1,c:422) connect(C): consumer=(422:/system/bin/surfaceflinger) controlledByApp=false
08-31 12:17:18.584   422   422 I BufferQueueConsumer: [unnamed-422-8166](this:0x7a16e4a000,id:8166,api:0,p:-1,c:422) setConsumerName: unnamed-422-8166
08-31 12:17:18.584   422   422 I BufferQueueConsumer: [com.android.vending/com.android.vending.AssetBrowserActivity#0](this:0x7a16e4a000,id:8166,api:0,p:-1,c:422) setConsumerName: com.android.vending/com.android.vending.AssetBrowserActivity#0
