08-31 12:16:17.196   412   434 I powerd  : [powerd_req] POWER_MSG_QUERY_INFO
08-31 12:16:17.196   412   434 I powerd  : [powerd_req] POWER_MSG_QUERY_INFO: cmd:6, param:0
08-31 12:16:17.196   412   434 I libPerfService: perfUserGetCapability - cmd:6, id:0
08-31 12:16:17.197   412   434 I libPerfService: perfUserGetCapability - value:16855
08-31 12:16:17.197  1864  1880 I GasService: GAS loop :ch.deletescape.lawnchair.plah, pid:16855.
08-31 12:16:17.377   407   407 I WifiHAL : Get link stats
08-31 12:16:17.903 16239 16239 I Ads     : Use RequestConfiguration.Builder().setTestDeviceIds(Arrays.asList("296CBB457930BD00883AA3F8BEF69FF8")) to get test ads on this device.
08-31 12:16:17.954 16239 17225 W DynamiteModule: Local module descriptor class for com.google.android.gms.ads.dynamite not found.
08-31 12:16:17.981 16239 16239 W ConnectionStatusConfig: Dynamic lookup for intent failed for action: com.google.android.gms.ads.service.CACHE
08-31 12:16:18.000 16239 17247 W ConnectionStatusConfig: Dynamic lookup for intent failed for action: com.google.android.gms.ads.service.START
08-31 12:16:18.063   596   596 W AudioOut_D: type=1400 audit(0.0:475845): avc: denied { read } for name="audio_param" dev="dm-1" ino=802827 scontext=u:r:audioserver:s0 tcontext=u:object_r:mtk_audiohal_data_file:s0 tclass=dir permissive=0
08-31 12:16:17.377   407   407 E android.hardware.wifi@1.0-service: Invalid radio stats in link layer stats
08-31 12:16:18.094   936  1338 W Watchdog: **Get SF Time **0
08-31 12:16:18.095   936  1338 W Watchdog: SWT Watchdog before synchronized:361983021
08-31 12:16:18.095   936  1338 W Watchdog: SWT Watchdog after synchronized:361983021
08-31 12:16:18.146 14874 17250 I Ads     : SDK version: afma-sdk-a-v222508999.221310000.1
08-31 12:16:18.149 14874 17250 I Ads     : HTTP timeout: 60000 milliseconds.
08-31 12:16:18.151 14874 17250 I System.out: isEmailSend:GET
08-31 12:16:18.151 14874 17250 I System.out: [OkHttp] sendRequest>>
08-31 12:16:18.152 14874 17250 I System.out: [OkHttp] sendRequest<<
08-31 12:16:18.384   422   476 I BufferQueueProducer: [StatusBar#0](this:0x7a18bf8800,id:16,api:1,p:1256,c:422) queueBuffer: fps=0.11 dur=18293.72 max=18277.63 min=16.09
08-31 12:16:18.404   422   422 I DisplayDevice: [Built-in Screen (type:0)] fps:0.109283,dur:18301.11,max:18284.81,min:16.30
08-31 12:16:18.781   413   413 I MFI-RDS :  (     epdgs_rds_conn_init, 1167) [RDS][IF][epdgs_rds_conn_init] eims_info initial
08-31 12:16:18.781   413   413 I MFI-Conn:  (          mal_mfia_start,   48) mal_mfia_start(): Enter (-1)!!
08-31 12:16:18.782   413   413 E MFI-Conn:  (          mdfx_conn_conn,   76) mdfx_conn_conn(): the MFI connection fails!!
08-31 12:16:18.782   413   413 E MFI-Conn:  (   mdfx_conn_init_legacy,  363) mdfx_conn_init_legacy(): mdfx_conn_conn() error!!
08-31 12:16:18.782   413   413 I MFI-RDS :  (     epdgs_rds_conn_init, 1199) [RDS][epdgs_rds_conn_init] rds_wifi_disable_status init
08-31 12:16:19.067   596   596 W AudioOut_D: type=1400 audit(0.0:475846): avc: denied { read } for name="audio_param" dev="dm-1" ino=802827 scontext=u:r:audioserver:s0 tcontext=u:object_r:mtk_audiohal_data_file:s0 tclass=dir permissive=0
08-31 12:16:19.198   412   435 I vendor.mediatek.hardware.power@1.1-impl: querySysInfo cmd:6, param:0
08-31 12:16:19.199   412   434 I powerd  : [powerd_req] POWER_MSG_QUERY_INFO
08-31 12:16:19.199   412   434 I powerd  : [powerd_req] POWER_MSG_QUERY_INFO: cmd:6, param:0
08-31 12:16:19.199   412   434 I libPerfService: perfUserGetCapability - cmd:6, id:0
08-31 12:16:19.199   412   434 I libPerfService: perfUserGetCapability - value:16855
08-31 12:16:19.206  1864  1880 I GasService: GAS loop :ch.deletescape.lawnchair.plah, pid:16855.
08-31 12:16:19.789 14874 17251 W AsyncOperation: operation=xlb, opStatusCode=12009 [CONTEXT service_id=45 ]
08-31 12:16:19.789 14874 17251 W AsyncOperation: OperationException[Status{statusCode=unknown status code: 12009, resolution=null}]
08-31 12:16:19.789 14874 17251 W AsyncOperation: 	at bgeu.d(:com.google.android.gms@222615020@22.26.15 (040406-461192076):1)
08-31 12:16:19.789 14874 17251 W AsyncOperation: 	at bgeu.f(:com.google.android.gms@222615020@22.26.15 (040406-461192076):47)
08-31 12:16:19.789 14874 17251 W AsyncOperation: 	at aoxv.ep(:com.google.android.gms@222615020@22.26.15 (040406-461192076):1)
08-31 12:16:19.789 14874 17251 W AsyncOperation: 	at aiqd.run(:com.google.android.gms@222615020@22.26.15 (040406-461192076):12)
08-31 12:16:19.789 14874 17251 W AsyncOperation: 	at cgjz.run(:com.google.android.gms@222615020@22.26.15 (040406-461192076):2)
08-31 12:16:19.789 14874 17251 W AsyncOperation: 	at zaj.c(:com.google.android.gms@222615020@22.26.15 (040406-461192076):6)
08-31 12:16:19.789 14874 17251 W AsyncOperation: 	at zaj.run(:com.google.android.gms@222615020@22.26.15 (040406-461192076):7)
08-31 12:16:19.789 14874 17251 W AsyncOperation: 	at java.util.concurrent.ThreadPoolExecutor.runWorker(ThreadPoolExecutor.java:1162)
08-31 12:16:19.789 14874 17251 W AsyncOperation: 	at java.util.concurrent.ThreadPoolExecutor$Worker.run(ThreadPoolExecutor.java:636)
08-31 12:16:19.789 14874 17251 W AsyncOperation: 	at zfp.run(:com.google.android.gms@222615020@22.26.15 (040406-461192076):0)
08-31 12:16:19.789 14874 17251 W AsyncOperation: 	at java.lang.Thread.run(Thread.java:764)
08-31 12:16:19.792 14874 17251 W AsyncOperation: operation=xlb, opStatusCode=12009 [CONTEXT service_id=45 ]
08-31 12:16:19.792 14874 17251 W AsyncOperation: OperationException[Status{statusCode=unknown status code: 12009, resolution=null}]
08-31 12:16:19.792 14874 17251 W AsyncOperation: 	at bgeu.d(:com.google.android.gms@222615020@22.26.15 (040406-461192076):1)
08-31 12:16:19.792 14874 17251 W AsyncOperation: 	at bgeu.f(:com.google.android.gms@222615020@22.26.15 (040406-461192076):47)
08-31 12:16:19.792 14874 17251 W AsyncOperation: 	at aoxv.ep(:com.google.android.gms@222615020@22.26.15 (040406-461192076):1)
08-31 12:16:19.792 14874 17251 W AsyncOperation: 	at aiqd.run(:com.google.android.gms@222615020@22.26.15 (040406-461192076):12)
08-31 12:16:19.792 14874 17251 W AsyncOperation: 	at cgjz.run(:com.google.android.gms@222615020@22.26.15 (040406-461192076):2)
08-31 12:16:19.792 14874 17251 W AsyncOperation: 	at zaj.c(:com.google.android.gms@222615020@22.26.15 (040406-461192076):6)
08-31 12:16:19.792 14874 17251 W AsyncOperation: 	at zaj.run(:com.google.android.gms@222615020@22.26.15 (040406-461192076):8)
08-31 12:16:19.792 14874 17251 W AsyncOperation: 	at java.util.concurrent.ThreadPoolExecutor.runWorker(ThreadPoolExecutor.java:1162)
08-31 12:16:19.792 14874 17251 W AsyncOperation: 	at java.util.concurrent.ThreadPoolExecutor$Worker.run(ThreadPoolExecutor.java:636)
08-31 12:16:19.792 14874 17251 W AsyncOperation: 	at zfp.run(:com.google.android.gms@222615020@22.26.15 (040406-461192076):0)
08-31 12:16:19.792 14874 17251 W AsyncOperation: 	at java.lang.Thread.run(Thread.java:764)
08-31 12:16:19.793 14874 17251 I chatty  : uid=10040(u0_a40) com.google.android.gms identical 1 line
08-31 12:16:19.794 14874 17251 W AsyncOperation: operation=xlb, opStatusCode=12009 [CONTEXT service_id=45 ]
08-31 12:16:19.794 14874 17251 W AsyncOperation: OperationException[Status{statusCode=unknown status code: 12009, resolution=null}]
08-31 12:16:19.794 14874 17251 W AsyncOperation: 	at bgeu.d(:com.google.android.gms@222615020@22.26.15 (040406-461192076):1)
08-31 12:16:19.794 14874 17251 W AsyncOperation: 	at bgeu.f(:com.google.android.gms@222615020@22.26.15 (040406-461192076):47)
08-31 12:16:19.794 14874 17251 W AsyncOperation: 	at aoxv.ep(:com.google.android.gms@222615020@22.26.15 (040406-461192076):1)
08-31 12:16:19.794 14874 17251 W AsyncOperation: 	at aiqd.run(:com.google.android.gms@222615020@22.26.15 (040406-461192076):12)
08-31 12:16:19.794 14874 17251 W AsyncOperation: 	at cgjz.run(:com.google.android.gms@222615020@22.26.15 (040406-461192076):2)
08-31 12:16:19.794 14874 17251 W AsyncOperation: 	at zaj.c(:com.google.android.gms@222615020@22.26.15 (040406-461192076):6)
08-31 12:16:19.794 14874 17251 W AsyncOperation: 	at zaj.run(:com.google.android.gms@222615020@22.26.15 (040406-461192076):8)
08-31 12:16:19.794 14874 17251 W AsyncOperation: 	at java.util.concurrent.ThreadPoolExecutor.runWorker(ThreadPoolExecutor.java:1162)
08-31 12:16:19.794 14874 17251 W AsyncOperation: 	at java.util.concurrent.ThreadPoolExecutor$Worker.run(ThreadPoolExecutor.java:636)
08-31 12:16:19.794 14874 17251 W AsyncOperation: 	at zfp.run(:com.google.android.gms@222615020@22.26.15 (040406-461192076):0)
08-31 12:16:19.794 14874 17251 W AsyncOperation: 	at java.lang.Thread.run(Thread.java:764)
08-31 12:16:19.800 14874 17251 W AsyncOperation: operation=xlb, opStatusCode=12009 [CONTEXT service_id=45 ]
08-31 12:16:19.800 14874 17251 W AsyncOperation: OperationException[Status{statusCode=unknown status code: 12009, resolution=null}]
08-31 12:16:19.800 14874 17251 W AsyncOperation: 	at bgeu.d(:com.google.android.gms@222615020@22.26.15 (040406-461192076):1)
08-31 12:16:19.800 14874 17251 W AsyncOperation: 	at bgeu.f(:com.google.android.gms@222615020@22.26.15 (040406-461192076):47)
08-31 12:16:19.800 14874 17251 W AsyncOperation: 	at aoxv.ep(:com.google.android.gms@222615020@22.26.15 (040406-461192076):1)
08-31 12:16:19.800 14874 17251 W AsyncOperation: 	at aiqd.run(:com.google.android.gms@222615020@22.26.15 (040406-461192076):12)
08-31 12:16:19.800 14874 17251 W AsyncOperation: 	at cgjz.run(:com.google.android.gms@222615020@22.26.15 (040406-461192076):2)
08-31 12:16:19.800 14874 17251 W AsyncOperation: 	at zaj.c(:com.google.android.gms@222615020@22.26.15 (040406-461192076):6)
08-31 12:16:19.800 14874 17251 W AsyncOperation: 	at zaj.run(:com.google.android.gms@222615020@22.26.15 (040406-461192076):7)
08-31 12:16:19.800 14874 17251 W AsyncOperation: 	at java.util.concurrent.ThreadPoolExecutor.runWorker(ThreadPoolExecutor.java:1162)
08-31 12:16:19.800 14874 17251 W AsyncOperation: 	at java.util.concurrent.ThreadPoolExecutor$Worker.run(ThreadPoolExecutor.java:636)
08-31 12:16:19.800 14874 17251 W AsyncOperation: 	at zfp.run(:com.google.android.gms@222615020@22.26.15 (040406-461192076):0)
08-31 12:16:19.800 14874 17251 W AsyncOperation: 	at java.lang.Thread.run(Thread.java:764)
08-31 12:16:19.802 14874 17251 W AsyncOperation: operation=xlb, opStatusCode=12009 [CONTEXT service_id=45 ]
08-31 12:16:19.802 14874 17251 W AsyncOperation: OperationException[Status{statusCode=unknown status code: 12009, resolution=null}]
08-31 12:16:19.802 14874 17251 W AsyncOperation: 	at bgeu.d(:com.google.android.gms@222615020@22.26.15 (040406-461192076):1)
08-31 12:16:19.802 14874 17251 W AsyncOperation: 	at bgeu.f(:com.google.android.gms@222615020@22.26.15 (040406-461192076):47)
08-31 12:16:19.802 14874 17251 W AsyncOperation: 	at aoxv.ep(:com.google.android.gms@222615020@22.26.15 (040406-461192076):1)
08-31 12:16:19.802 14874 17251 W AsyncOperation: 	at aiqd.run(:com.google.android.gms@222615020@22.26.15 (040406-461192076):12)
08-31 12:16:19.802 14874 17251 W AsyncOperation: 	at cgjz.run(:com.google.android.gms@222615020@22.26.15 (040406-461192076):2)
08-31 12:16:19.802 14874 17251 W AsyncOperation: 	at zaj.c(:com.google.android.gms@222615020@22.26.15 (040406-461192076):6)
08-31 12:16:19.802 14874 17251 W AsyncOperation: 	at zaj.run(:com.google.android.gms@222615020@22.26.15 (040406-461192076):7)
08-31 12:16:19.802 14874 17251 W AsyncOperation: 	at java.util.concurrent.ThreadPoolExecutor.runWorker(ThreadPoolExecutor.java:1162)
08-31 12:16:19.802 14874 17251 W AsyncOperation: 	at java.util.concurrent.ThreadPoolExecutor$Worker.run(ThreadPoolExecutor.java:636)
08-31 12:16:19.802 14874 17251 W AsyncOperation: 	at zfp.run(:com.google.android.gms@222615020@22.26.15 (040406-461192076):0)
08-31 12:16:19.802 14874 17251 W AsyncOperation: 	at java.lang.Thread.run(Thread.java:764)
08-31 12:16:19.803 14874 17251 W AsyncOperation: operation=xlb, opStatusCode=12009 [CONTEXT service_id=45 ]
08-31 12:16:19.803 14874 17251 W AsyncOperation: OperationException[Status{statusCode=unknown status code: 12009, resolution=null}]
08-31 12:16:19.803 14874 17251 W AsyncOperation: 	at bgeu.d(:com.google.android.gms@222615020@22.26.15 (040406-461192076):1)
08-31 12:16:19.803 14874 17251 W AsyncOperation: 	at bgeu.f(:com.google.android.gms@222615020@22.26.15 (040406-461192076):47)
08-31 12:16:19.803 14874 17251 W AsyncOperation: 	at aoxv.ep(:com.google.android.gms@222615020@22.26.15 (040406-461192076):1)
08-31 12:16:19.803 14874 17251 W AsyncOperation: 	at aiqd.run(:com.google.android.gms@222615020@22.26.15 (040406-461192076):12)
08-31 12:16:19.803 14874 17251 W AsyncOperation: 	at cgjz.run(:com.google.android.gms@222615020@22.26.15 (040406-461192076):2)
08-31 12:16:19.803 14874 17251 W AsyncOperation: 	at zaj.c(:com.google.android.gms@222615020@22.26.15 (040406-461192076):6)
08-31 12:16:19.803 14874 17251 W AsyncOperation: 	at zaj.run(:com.google.android.gms@222615020@22.26.15 (040406-461192076):8)
08-31 12:16:19.803 14874 17251 W AsyncOperation: 	at java.util.concurrent.ThreadPoolExecutor.runWorker(ThreadPoolExecutor.java:1162)
08-31 12:16:19.803 14874 17251 W AsyncOperation: 	at java.util.concurrent.ThreadPoolExecutor$Worker.run(ThreadPoolExecutor.java:636)
08-31 12:16:19.803 14874 17251 W AsyncOperation: 	at zfp.run(:com.google.android.gms@222615020@22.26.15 (040406-461192076):0)
08-31 12:16:19.803 14874 17251 W AsyncOperation: 	at java.lang.Thread.run(Thread.java:764)
08-31 12:16:19.806 14874 17251 I chatty  : uid=10040(u0_a40) com.google.android.gms identical 3 lines
08-31 12:16:19.807 14874 17251 W AsyncOperation: operation=xlb, opStatusCode=12009 [CONTEXT service_id=45 ]
08-31 12:16:19.807 14874 17251 W AsyncOperation: OperationException[Status{statusCode=unknown status code: 12009, resolution=null}]
08-31 12:16:19.807 14874 17251 W AsyncOperation: 	at bgeu.d(:com.google.android.gms@222615020@22.26.15 (040406-461192076):1)
08-31 12:16:19.807 14874 17251 W AsyncOperation: 	at bgeu.f(:com.google.android.gms@222615020@22.26.15 (040406-461192076):47)
08-31 12:16:19.807 14874 17251 W AsyncOperation: 	at aoxv.ep(:com.google.android.gms@222615020@22.26.15 (040406-461192076):1)
08-31 12:16:19.807 14874 17251 W AsyncOperation: 	at aiqd.run(:com.google.android.gms@222615020@22.26.15 (040406-461192076):12)
08-31 12:16:19.807 14874 17251 W AsyncOperation: 	at cgjz.run(:com.google.android.gms@222615020@22.26.15 (040406-461192076):2)
08-31 12:16:19.807 14874 17251 W AsyncOperation: 	at zaj.c(:com.google.android.gms@222615020@22.26.15 (040406-461192076):6)
08-31 12:16:19.807 14874 17251 W AsyncOperation: 	at zaj.run(:com.google.android.gms@222615020@22.26.15 (040406-461192076):8)
08-31 12:16:19.807 14874 17251 W AsyncOperation: 	at java.util.concurrent.ThreadPoolExecutor.runWorker(ThreadPoolExecutor.java:1162)
08-31 12:16:19.807 14874 17251 W AsyncOperation: 	at java.util.concurrent.ThreadPoolExecutor$Worker.run(ThreadPoolExecutor.java:636)
08-31 12:16:19.807 14874 17251 W AsyncOperation: 	at zfp.run(:com.google.android.gms@222615020@22.26.15 (040406-461192076):0)
08-31 12:16:19.807 14874 17251 W AsyncOperation: 	at java.lang.Thread.run(Thread.java:764)
08-31 12:16:20.067   596   596 W AudioOut_D: type=1400 audit(0.0:475847): avc: denied { read } for name="audio_param" dev="dm-1" ino=802827 scontext=u:r:audioserver:s0 tcontext=u:object_r:mtk_audiohal_data_file:s0 tclass=dir permissive=0
08-31 12:16:20.391   407   407 I WifiHAL : Get link stats
08-31 12:16:20.391   407   407 E android.hardware.wifi@1.0-service: Invalid radio stats in link layer stats
08-31 12:16:20.783   413   413 I MFI-RDS :  (     epdgs_rds_conn_init, 1167) [RDS][IF][epdgs_rds_conn_init] eims_info initial
08-31 12:16:20.783   413   413 I MFI-Conn:  (          mal_mfia_start,   48) mal_mfia_start(): Enter (-1)!!
08-31 12:16:20.784   413   413 E MFI-Conn:  (          mdfx_conn_conn,   76) mdfx_conn_conn(): the MFI connection fails!!
08-31 12:16:20.784   413   413 E MFI-Conn:  (   mdfx_conn_init_legacy,  363) mdfx_conn_init_legacy(): mdfx_conn_conn() error!!
08-31 12:16:20.784   413   413 I MFI-RDS :  (     epdgs_rds_conn_init, 1199) [RDS][epdgs_rds_conn_init] rds_wifi_disable_status init
08-31 12:16:21.067   596   596 W AudioOut_D: type=1400 audit(0.0:475848): avc: denied { read } for name="audio_param" dev="dm-1" ino=802827 scontext=u:r:audioserver:s0 tcontext=u:object_r:mtk_audiohal_data_file:s0 tclass=dir permissive=0
08-31 12:16:21.207   412   435 I vendor.mediatek.hardware.power@1.1-impl: querySysInfo cmd:6, param:0
08-31 12:16:21.208   412   434 I powerd  : [powerd_req] POWER_MSG_QUERY_INFO
08-31 12:16:21.208   412   434 I powerd  : [powerd_req] POWER_MSG_QUERY_INFO: cmd:6, param:0
08-31 12:16:21.208   412   434 I libPerfService: perfUserGetCapability - cmd:6, id:0
08-31 12:16:21.208   412   434 I libPerfService: perfUserGetCapability - value:16855
08-31 12:16:21.209  1864  1880 I GasService: GAS loop :ch.deletescape.lawnchair.plah, pid:16855.
08-31 12:16:21.463   619   619 I thermal_repeater: select timeout
08-31 12:16:22.067   596   596 W AudioOut_D: type=1400 audit(0.0:475849): avc: denied { read } for name="audio_param" dev="dm-1" ino=802827 scontext=u:r:audioserver:s0 tcontext=u:object_r:mtk_audiohal_data_file:s0 tclass=dir permissive=0
08-31 12:16:22.389   422   476 I BufferQueueProducer: [StatusBar#0](this:0x7a18bf8800,id:16,api:1,p:1256,c:422) queueBuffer: fps=0.25 dur=4004.77 max=4004.77 min=4004.77
08-31 12:16:22.408   422   422 I DisplayDevice: [Built-in Screen (type:0)] fps:0.249753,dur:4003.95,max:4003.95,min:4003.95
08-31 12:16:22.786   413   413 I MFI-RDS :  (     epdgs_rds_conn_init, 1167) [RDS][IF][epdgs_rds_conn_init] eims_info initial
08-31 12:16:22.786   413   413 I MFI-Conn:  (          mal_mfia_start,   48) mal_mfia_start(): Enter (-1)!!
08-31 12:16:22.787   413   413 E MFI-Conn:  (          mdfx_conn_conn,   76) mdfx_conn_conn(): the MFI connection fails!!
08-31 12:16:22.787   413   413 E MFI-Conn:  (   mdfx_conn_init_legacy,  363) mdfx_conn_init_legacy(): mdfx_conn_conn() error!!
08-31 12:16:22.787   413   413 I MFI-RDS :  (     epdgs_rds_conn_init, 1199) [RDS][epdgs_rds_conn_init] rds_wifi_disable_status init
08-31 12:16:23.067   596   596 W AudioOut_D: type=1400 audit(0.0:475850): avc: denied { read } for name="audio_param" dev="dm-1" ino=802827 scontext=u:r:audioserver:s0 tcontext=u:object_r:mtk_audiohal_data_file:s0 tclass=dir permissive=0
08-31 12:16:23.210   412   435 I vendor.mediatek.hardware.power@1.1-impl: querySysInfo cmd:6, param:0
08-31 12:16:23.210   412   434 I powerd  : [powerd_req] POWER_MSG_QUERY_INFO
08-31 12:16:23.210   412   434 I powerd  : [powerd_req] POWER_MSG_QUERY_INFO: cmd:6, param:0
08-31 12:16:23.210   412   434 I libPerfService: perfUserGetCapability - cmd:6, id:0
08-31 12:16:23.210   412   434 I libPerfService: perfUserGetCapability - value:16855
08-31 12:16:23.211  1864  1880 I GasService: GAS loop :ch.deletescape.lawnchair.plah, pid:16855.
08-31 12:16:23.397   407   407 I WifiHAL : Get link stats
08-31 12:16:23.399   422   476 I BufferQueueProducer: [StatusBar#0](this:0x7a18bf8800,id:16,api:1,p:1256,c:422) queueBuffer: fps=0.99 dur=1009.87 max=1009.87 min=1009.87
08-31 12:16:23.413   422   422 I DisplayDevice: [Built-in Screen (type:0)] fps:0.994573,dur:1005.46,max:1005.46,min:1005.46
08-31 12:16:24.067   596   596 W AudioOut_D: type=1400 audit(0.0:475851): avc: denied { read } for name="audio_param" dev="dm-1" ino=802827 scontext=u:r:audioserver:s0 tcontext=u:object_r:mtk_audiohal_data_file:s0 tclass=dir permissive=0
08-31 12:16:24.400   422   476 I BufferQueueProducer: [StatusBar#0](this:0x7a18bf8800,id:16,api:1,p:1256,c:422) queueBuffer: fps=1.00 dur=1001.22 max=1001.22 min=1001.22
08-31 12:16:24.419   422   422 I DisplayDevice: [Built-in Screen (type:0)] fps:0.994363,dur:1005.67,max:1005.67,min:1005.67
08-31 12:16:24.788   413   413 I MFI-RDS :  (     epdgs_rds_conn_init, 1167) [RDS][IF][epdgs_rds_conn_init] eims_info initial
08-31 12:16:24.788   413   413 I MFI-Conn:  (          mal_mfia_start,   48) mal_mfia_start(): Enter (-1)!!
08-31 12:16:24.789   413   413 E MFI-Conn:  (          mdfx_conn_conn,   76) mdfx_conn_conn(): the MFI connection fails!!
08-31 12:16:24.789   413   413 E MFI-Conn:  (   mdfx_conn_init_legacy,  363) mdfx_conn_init_legacy(): mdfx_conn_conn() error!!
08-31 12:16:24.789   413   413 I MFI-RDS :  (     epdgs_rds_conn_init, 1199) [RDS][epdgs_rds_conn_init] rds_wifi_disable_status init
08-31 12:16:25.067   596   596 W AudioOut_D: type=1400 audit(0.0:475852): avc: denied { read } for name="audio_param" dev="dm-1" ino=802827 scontext=u:r:audioserver:s0 tcontext=u:object_r:mtk_audiohal_data_file:s0 tclass=dir permissive=0
08-31 12:16:25.212   412   435 I vendor.mediatek.hardware.power@1.1-impl: querySysInfo cmd:6, param:0
08-31 12:16:25.212   412   434 I powerd  : [powerd_req] POWER_MSG_QUERY_INFO
08-31 12:16:25.212   412   434 I powerd  : [powerd_req] POWER_MSG_QUERY_INFO: cmd:6, param:0
08-31 12:16:25.212   412   434 I libPerfService: perfUserGetCapability - cmd:6, id:0
08-31 12:16:25.212   412   434 I libPerfService: perfUserGetCapability - value:16855
08-31 12:16:25.213  1864  1880 I GasService: GAS loop :ch.deletescape.lawnchair.plah, pid:16855.
08-31 12:16:26.067   596   596 W AudioOut_D: type=1400 audit(0.0:475853): avc: denied { read } for name="audio_param" dev="dm-1" ino=802827 scontext=u:r:audioserver:s0 tcontext=u:object_r:mtk_audiohal_data_file:s0 tclass=dir permissive=0
08-31 12:16:26.239   378   378 I QNS     : QNS: soc=100, v=4330, i=123400, t=290
08-31 12:16:26.239   378   378 I QNS     : QNS: requested charging params: current: 512, voltage: 4300
08-31 12:16:26.406   407   407 I WifiHAL : Get link stats
08-31 12:16:26.465   619   619 I thermal_repeater: oh, queryMdThermalInfo (0)No such file or directory
08-31 12:16:26.475   619   619 I thermal_repeater: [recvMdThermalInfo] ret=25, strLen=127,  3, 42, -127, 0, 32767, 1
08-31 12:16:26.797   413   413 I MFI-RDS :  (     epdgs_rds_conn_init, 1167) [RDS][IF][epdgs_rds_conn_init] eims_info initial
08-31 12:16:26.797   413   413 I MFI-Conn:  (          mal_mfia_start,   48) mal_mfia_start(): Enter (-1)!!
08-31 12:16:26.798   413   413 E MFI-Conn:  (          mdfx_conn_conn,   76) mdfx_conn_conn(): the MFI connection fails!!
08-31 12:16:26.798   413   413 E MFI-Conn:  (   mdfx_conn_init_legacy,  363) mdfx_conn_init_legacy(): mdfx_conn_conn() error!!
08-31 12:16:26.798   413   413 I MFI-RDS :  (     epdgs_rds_conn_init, 1199) [RDS][epdgs_rds_conn_init] rds_wifi_disable_status init
08-31 12:16:27.067   596   596 W AudioOut_D: type=1400 audit(0.0:475854): avc: denied { read } for name="audio_param" dev="dm-1" ino=802827 scontext=u:r:audioserver:s0 tcontext=u:object_r:mtk_audiohal_data_file:s0 tclass=dir permissive=0
08-31 12:16:27.214   412   435 I vendor.mediatek.hardware.power@1.1-impl: querySysInfo cmd:6, param:0
08-31 12:16:27.215   412   434 I powerd  : [powerd_req] POWER_MSG_QUERY_INFO
08-31 12:16:27.215   412   434 I powerd  : [powerd_req] POWER_MSG_QUERY_INFO: cmd:6, param:0
08-31 12:16:27.215   412   434 I libPerfService: perfUserGetCapability - cmd:6, id:0
08-31 12:16:27.215   412   434 I libPerfService: perfUserGetCapability - value:16855
08-31 12:16:27.215  1864  1880 I GasService: GAS loop :ch.deletescape.lawnchair.plah, pid:16855.
08-31 12:16:27.407   422   476 I BufferQueueProducer: [StatusBar#0](this:0x7a18bf8800,id:16,api:1,p:1256,c:422) queueBuffer: fps=0.33 dur=3006.78 max=3006.78 min=3006.78
08-31 12:16:27.419   422   422 I DisplayDevice: [Built-in Screen (type:0)] fps:0.333295,dur:3000.35,max:3000.35,min:3000.35
08-31 12:16:28.067   596   596 W AudioOut_D: type=1400 audit(0.0:475855): avc: denied { read } for name="audio_param" dev="dm-1" ino=802827 scontext=u:r:audioserver:s0 tcontext=u:object_r:mtk_audiohal_data_file:s0 tclass=dir permissive=0
08-31 12:16:23.397   407   407 I chatty  : uid=1010 wifi@1.0-servic identical 1 line
08-31 12:16:26.406   407   407 E android.hardware.wifi@1.0-service: Invalid radio stats in link layer stats
08-31 12:16:28.135   936   960 I PowerManagerService: Nap time (uid 1000)...
08-31 12:16:28.136   936   960 I PowerManagerService: handleSandman: Bed time and goToSleepNoUpdateLocked
08-31 12:16:28.137   936   960 I PowerManagerService: Going to sleep due to screen timeout (uid 1000)...
08-31 12:16:28.137   936   960 I PowerManagerService: Sleeping (uid 1000)...
08-31 12:16:28.146  7428  7428 I GoogleInputMethodService: GoogleInputMethodService.onFinishInput():3273 
08-31 12:16:28.148  7428  7428 I GoogleInputMethodService: GoogleInputMethodService.updateDeviceLockedStatus():2165 repeatCheckTimes = 0, unlocked = true
08-31 12:16:28.149  7428  7428 I GoogleInputMethodService: GoogleInputMethodService.onStartInput():1956 onStartInput(EditorInfo{inputType=0x0(NULL) imeOptions=0x0 privateImeOptions=null actionName=UNSPECIFIED actionLabel=null actionId=0 initialSelStart=-1 initialSelEnd=-1 initialCapsMode=0x0 hintText=null label=null packageName=com.android.vending fieldId=2131428313 fieldName=null extras=null}, false)
08-31 12:16:28.149  7428  7428 I GoogleInputMethodService: GoogleInputMethodService.shouldHideHeaderOnInitialState():4081 ShouldHideHeaderOnInitialState = false
08-31 12:16:28.153   422   422 I BufferQueue: [unnamed-422-8164](this:0x7a1afe1000,id:8164,api:0,p:-1,c:-1) BufferQueue core=(422:/system/bin/surfaceflinger)
08-31 12:16:28.153   422   422 I BufferQueueConsumer: [unnamed-422-8164](this:0x7a1afe1000,id:8164,api:0,p:-1,c:422) connect(C): consumer=(422:/system/bin/surfaceflinger) controlledByApp=false
08-31 12:16:28.153   422   422 I BufferQueueConsumer: [unnamed-422-8164](this:0x7a1afe1000,id:8164,api:0,p:-1,c:422) setConsumerName: unnamed-422-8164
08-31 12:16:28.153   422   422 I BufferQueueConsumer: [ColorFade#0](this:0x7a1afe1000,id:8164,api:0,p:-1,c:422) setConsumerName: ColorFade#0
08-31 12:16:28.154   422   422 I BufferQueueProducer: [](this:0x7a1afe1000,id:8164,api:0,p:-1,c:422) setMaxDequeuedBufferCount: maxDequeuedBuffers = 2
08-31 12:16:28.154   422   422 I BufferQueueConsumer: [ColorFade#0](this:0x7a1afe1000,id:8164,api:0,p:-1,c:422) setDefaultBufferSize: width=720 height=1280
08-31 12:16:28.171 16855 16888 E Finsky  : [12659] syl.b(3): Trying to get cluster ID from Unexpected event (szw).
08-31 12:16:28.171 16855 16888 E Finsky  : [12659] syl.b(3): Trying to get cluster ID from Unexpected event (szw).
08-31 12:16:28.179  7428  7428 I GoogleInputMethodService: GoogleInputMethodService.updateDeviceLockedStatus():2165 repeatCheckTimes = 2, unlocked = true
08-31 12:16:28.193   422   537 I BufferQueueProducer: [ColorFade#0](this:0x7a1afe1000,id:8164,api:1,p:936,c:422) connect(P): api=1 producer=(936:system_server) producerControlledByApp=false
08-31 12:16:28.201   936   960 I BufferQueue: [unnamed-936-2107](this:0x762814e000,id:2107,api:0,p:-1,c:-1) BufferQueue core=(936:system_server)
08-31 12:16:28.202   936   960 I BufferQueueConsumer: [unnamed-936-2107](this:0x762814e000,id:2107,api:0,p:-1,c:936) connect(C): consumer=(936:system_server) controlledByApp=true
08-31 12:16:28.202   936   960 I BufferQueueConsumer: [unnamed-936-2107](this:0x762814e000,id:2107,api:0,p:-1,c:936) setConsumerName: unnamed-936-2107
08-31 12:16:28.202   936   960 I BufferQueueConsumer: [SurfaceTexture-1-936-891](this:0x762814e000,id:2107,api:0,p:-1,c:936) setConsumerName: SurfaceTexture-1-936-891
08-31 12:16:28.205   936   960 I BufferQueueProducer: [SurfaceTexture-1-936-891](this:0x762814e000,id:2107,api:1,p:422,c:936) connect(P): api=1 producer=(422:/system/bin/surfaceflinger) producerControlledByApp=false
08-31 12:16:28.211   422   422 I SurfaceFlinger: screenshot (com.android.vending/com.android.vending.AssetBrowserActivity#0)
08-31 12:16:28.212   422   422 I SurfaceFlinger: screenshot (StatusBar#0)
08-31 12:16:28.214   422   422 I SurfaceFlinger: screenshot (NavigationBar#0)
08-31 12:16:28.214   422   422 I SurfaceFlinger: screenshot (#0)
08-31 12:16:28.215   422   422 I SurfaceFlinger: screenshot (#1)
08-31 12:16:28.219   936   960 I BufferQueueProducer: [SurfaceTexture-1-936-891](this:0x762814e000,id:2107,api:1,p:422,c:936) disconnect(P): api 1
08-31 12:16:28.219   936   960 I BufferQueueConsumer: [SurfaceTexture-1-936-891](this:0x762814e000,id:2107,api:1,p:-1,c:936) getReleasedBuffers: returning mask 0xffffffffffffffff
08-31 12:16:28.220   936   960 I BufferQueueConsumer: [SurfaceTexture-1-936-891](this:0x762814e000,id:2107,api:1,p:-1,c:-1) disconnect(C)
08-31 12:16:28.251 16855 16888 E Finsky  : [12659] syl.b(3): Trying to get cluster ID from Unexpected event (szw).
08-31 12:16:28.251 16855 16888 E Finsky  : [12659] syl.b(3): Trying to get cluster ID from Unexpected event (szw).
08-31 12:16:28.424   422   422 I DisplayDevice: [Built-in Screen (type:0)] fps:12.932014,dur:1005.26,max:748.11,min:14.13
08-31 12:16:28.691   936   960 I DisplayPowerController: Blocking screen off
08-31 12:16:28.695   422   476 I BufferQueueProducer: [ColorFade#0](this:0x7a1afe1000,id:8164,api:1,p:936,c:422) disconnect(P): api 1
08-31 12:16:28.695   422   476 I BufferQueueConsumer: [ColorFade#0](this:0x7a1afe1000,id:8164,api:1,p:-1,c:422) getReleasedBuffers: returning mask 0xffffffffffffffff
08-31 12:16:28.696   402   402 E libfpc_oem: oem_server_connect: not connected: No such file or directory
08-31 12:16:28.697   402   402 E lights-cci: notify_backlight_changed: unable to connect to oem_server No such file or directory
08-31 12:16:28.703   936   957 I BufferQueue: [unnamed-936-2108](this:0x765476d000,id:2108,api:0,p:-1,c:-1) BufferQueue core=(936:system_server)
08-31 12:16:28.703   936   957 I BufferQueueConsumer: [unnamed-936-2108](this:0x765476d000,id:2108,api:0,p:-1,c:936) connect(C): consumer=(936:system_server) controlledByApp=true
08-31 12:16:28.704   936   957 I BufferQueueConsumer: [unnamed-936-2108](this:0x765476d000,id:2108,api:0,p:-1,c:936) setConsumerName: unnamed-936-2108
08-31 12:16:28.706   936   957 I BufferQueueProducer: [unnamed-936-2108](this:0x765476d000,id:2108,api:1,p:422,c:936) connect(P): api=1 producer=(422:/system/bin/surfaceflinger) producerControlledByApp=false
08-31 12:16:28.711   422   422 I SurfaceFlinger: screenshot (com.android.vending/com.android.vending.AssetBrowserActivity#0)
08-31 12:16:28.714   936   957 I BufferQueueProducer: [unnamed-936-2108](this:0x765476d000,id:2108,api:1,p:422,c:936) disconnect(P): api 1
08-31 12:16:28.714   936   957 I BufferQueueConsumer: [unnamed-936-2108](this:0x765476d000,id:2108,api:1,p:-1,c:936) getReleasedBuffers: returning mask 0xffffffffffffffff
08-31 12:16:28.715   936   957 I BufferQueueConsumer: [unnamed-936-2108](this:0x765476d000,id:2108,api:1,p:-1,c:-1) disconnect(C)
08-31 12:16:28.715   936   957 I BufferQueue: [unnamed-936-2108](this:0x765476d000,id:2108,api:1,p:-1,c:-1) ~BufferQueueCore
08-31 12:16:28.716   936   960 I DisplayPowerController: Unblocked screen off after 25 ms
08-31 12:16:28.725   615   615 I Light   : enable: handle:4, en:0 
08-31 12:16:28.729   936   957 I DisplayManagerService: Display device changed state: "Integrierter Bildschirm", OFF
08-31 12:16:28.732   401   497 I hwcomposer: [HWC] Display(0) SetPowerMode(0)  
08-31 12:16:28.738   936  1570 E WifiScanner: listener cannot be found
08-31 12:16:28.741   936  1160 I InputReader: Reconfiguring input devices.  changes=0x00000004
08-31 12:16:28.762  3488 16583 W System.err: java.lang.IllegalArgumentException: View=android.widget.LinearLayout{eea88e4 V.E...... ........ 0,0-1,1} not attached to window manager
08-31 12:16:28.770  3488 16583 W System.err: 	at android.view.WindowManagerGlobal.findViewLocked(WindowManagerGlobal.java:509)
08-31 12:16:28.770   936   945 I zygote64: Background concurrent copying GC freed 124098(6MB) AllocSpace objects, 15(300KB) LOS objects, 12% free, 42MB/48MB, paused 998us total 527.580ms
08-31 12:16:28.770  3488 16583 W System.err: 	at android.view.WindowManagerGlobal.removeView(WindowManagerGlobal.java:399)
08-31 12:16:28.770  3488 16583 W System.err: 	at android.view.WindowManagerImpl.removeViewImmediate(WindowManagerImpl.java:123)
08-31 12:16:28.770  3488 16583 W System.err: 	at info.kfsoft.force.rotation.BGService.j(BGService.java:267)
08-31 12:16:28.770  3488 16583 W System.err: 	at info.kfsoft.force.rotation.BGService.a(BGService.java:2537)
08-31 12:16:28.770  3488 16583 W System.err: 	at info.kfsoft.force.rotation.BGService.b(BGService.java:916)
08-31 12:16:28.770  3488 16583 W System.err: 	at info.kfsoft.force.rotation.BGService$2.run(BGService.java:784)
08-31 12:16:28.777   936   943 I BufferQueue: [SurfaceTexture-1-936-891](this:0x762814e000,id:2107,api:1,p:-1,c:-1) ~BufferQueueCore
08-31 12:16:28.800   413   413 I MFI-RDS :  (     epdgs_rds_conn_init, 1167) [RDS][IF][epdgs_rds_conn_init] eims_info initial
08-31 12:16:28.800   413   413 I MFI-Conn:  (          mal_mfia_start,   48) mal_mfia_start(): Enter (-1)!!
08-31 12:16:28.800   422   476 I BufferQueueProducer: [StatusBar#0](this:0x7a18bf8800,id:16,api:1,p:1256,c:422) queueBuffer: fps=1.44 dur=1393.57 max=998.96 min=394.61
08-31 12:16:28.800   413   413 E MFI-Conn:  (          mdfx_conn_conn,   76) mdfx_conn_conn(): the MFI connection fails!!
08-31 12:16:28.800   413   413 E MFI-Conn:  (   mdfx_conn_init_legacy,  363) mdfx_conn_init_legacy(): mdfx_conn_conn() error!!
08-31 12:16:28.801   413   413 I MFI-RDS :  (     epdgs_rds_conn_init, 1199) [RDS][epdgs_rds_conn_init] rds_wifi_disable_status init
08-31 12:16:28.853   412   435 I vendor.mediatek.hardware.power@1.1-impl: setInteractive Disable All
08-31 12:16:28.854   412   434 I powerd  : [powerd_req] POWER_MSG_SCN_DISABLE_ALL
08-31 12:16:28.856   936  1217 I libsuspend: autosuspend_debugger_enable
08-31 12:16:28.857   936   962 I libsuspend: ws name: PowerManagerService.Broadcasts, act_since: 147, act_cnt: 1, ev_cnt: 1, wakeup_cnt: 0
08-31 12:16:28.857   936   962 I libsuspend: ws name: PowerManagerService.Display, act_since: 400428, act_cnt: 2, ev_cnt: 2, wakeup_cnt: 0
08-31 12:16:28.857   936   962 I libsuspend: ws name: wmtFuncCtrl, act_since: 7, act_cnt: 2671, ev_cnt: 2671, wakeup_cnt: 148
08-31 12:16:28.857   936   962 I libsuspend: ws name: MT662x, act_since: 7, act_cnt: 121963, ev_cnt: 121963, wakeup_cnt: 23600
08-31 12:16:28.857   936   962 I libsuspend: ws name: QnovoQNS, act_since: 392869, act_cnt: 39, ev_cnt: 39, wakeup_cnt: 0
08-31 12:16:28.857   936   962 I libsuspend: ws name: battery suspend wakelock, act_since: 3694628, act_cnt: 29, ev_cnt: 9864, wakeup_cnt: 0
08-31 12:16:28.857   936   962 I libsuspend: ws name: ttyC0, act_since: 69, act_cnt: 80606, ev_cnt: 220991, wakeup_cnt: 10089
08-31 12:16:28.857   936   962 I libsuspend: ws name: USB.lock, act_since: 3694196, act_cnt: 14, ev_cnt: 14, wakeup_cnt: 0
08-31 12:16:28.858   936  1217 I libsuspend: autosuspend_debugger_enable done
08-31 12:16:28.909   407   407 I WifiHAL : Get link stats
08-31 12:16:28.909   407   407 E android.hardware.wifi@1.0-service: Invalid radio stats in link layer stats
08-31 12:16:28.983  1387 21610 E MtkPhoneIntfMgrEx: [MtkPhoneIntfMgrEx] isSharedDefaultApn: false
08-31 12:16:29.022  1989  1989 E BrcmNfcJni: nfcManager_doSetScreenOrPowerState: Enter
08-31 12:16:29.040   414  2438 E NxpTml  : _i2c_write() errno : 5
08-31 12:16:29.040   414  2438 E NxpTml  : PN54X - Error in I2C Write.....
08-31 12:16:29.040   414  2441 E NxpHal  : write error status = 0x1ff
08-31 12:16:29.040   414   414 E NxpHal  : write_unlocked failed - PN54X Maybe in Standby Mode - Retry
08-31 12:16:29.047  3467  3467 I NetGuard.Service: Received Intent { act=android.intent.action.SCREEN_OFF flg=0x50200010 }
08-31 12:16:29.053  3467  3503 I NetGuard.Service: Stats stop
08-31 12:16:29.067   596   596 W AudioOut_D: type=1400 audit(0.0:475856): avc: denied { read } for name="audio_param" dev="dm-1" ino=802827 scontext=u:r:audioserver:s0 tcontext=u:object_r:mtk_audiohal_data_file:s0 tclass=dir permissive=0
08-31 12:16:29.073  1989  1989 E NfcService: applyRouting -20
08-31 12:16:29.076  3467  3467 I NetGuard.Service: Received Intent { cmp=eu.faircode.netguard/.ServiceSinkhole (has extras) }
08-31 12:16:29.079  3467  3467 I NetGuard.Service: Start intent=Intent { cmp=eu.faircode.netguard/.ServiceSinkhole (has extras) } command=reload reason=interactive state changed vpn=true user=0
08-31 12:16:29.082  7428  7490 I DeviceStatusMonitor: DeviceStatusMonitor.handleBroadcast():123 onReceive() : Action = android.intent.action.SCREEN_OFF
08-31 12:16:29.083  1989  2405 E BrcmNfcJni: nfaConnectionCallback: unknown event ????
08-31 12:16:29.084  3467  3501 I NetGuard.Service: Executing intent=Intent { cmp=eu.faircode.netguard/.ServiceSinkhole (has extras) } command=reload reason=interactive state changed vpn=true user=0
08-31 12:16:29.086  7428  7490 I DeviceStatusMonitor: DeviceStatusMonitor.updateCountryInfo():139 updateCountryInfo(), notifyAnyway = false
08-31 12:16:29.087  7428  7428 I GoogleInputMethodService: GoogleInputMethodService.updateDeviceLockedStatus():2165 repeatCheckTimes = 0, unlocked = true
08-31 12:16:29.091  7428  7428 I InputBundle: InputBundle.consumeEvent():891 Skip consuming an event as imeStatus is 0
08-31 12:16:29.127   936   945 I zygote64: NativeAllocBackground concurrent copying GC freed 13491(839KB) AllocSpace objects, 0(0B) LOS objects, 12% free, 42MB/48MB, paused 752us total 315.671ms
08-31 12:16:29.214  8944  9009 I NearbySharing: Screen is locked [CONTEXT service_id=194 ]
08-31 12:16:29.214  8944  9009 I NearbySharing: Failed to stop scanning because weren't scanning. [CONTEXT service_id=194 ]
08-31 12:16:29.214  8944  9009 I NearbySharing: Stopping discovery because the screen is locked. [CONTEXT service_id=194 ]
08-31 12:16:29.219  8944  9009 I NearbySharing: Can't stop advertising FastInitiation. Not advertising. [CONTEXT service_id=194 ]
08-31 12:16:29.220  8944  9009 I NearbySharing: Stopping Fast Init advertisement because Bluetooth is off. [CONTEXT service_id=194 ]
08-31 12:16:29.223  8944  9009 I NearbySharing: Stopping advertising because the screen is locked. [CONTEXT service_id=194 ]
08-31 12:16:29.223  8944  9009 I NearbySharing: Stopping FastInitiation scanning because the screen is locked. [CONTEXT service_id=194 ]
08-31 12:16:29.237  5681  5775 E bt_btm  : BTM_BleObserve Observe not active
08-31 12:16:29.243  8944  9009 I NearbySharing: Stopped scanning for FastInitiation [CONTEXT service_id=194 ]
08-31 12:16:29.243  8944  9009 I NearbySharing: Cancelling in use notification [CONTEXT service_id=194 ]
08-31 12:16:29.248  8944  9009 I NearbySharing: Fast Initiation Scanning has stopped [CONTEXT service_id=194 ]
08-31 12:16:29.248  8944  9009 I NearbySharing: Dismissing HUN as there's no device nearby. [CONTEXT service_id=194 ]
08-31 12:16:29.248  8944  9009 I NearbySharing: Cancelling in use notification [CONTEXT service_id=194 ]
08-31 12:16:29.341  3467  3501 I NetGuard.Service: No changed rules on interactive state change
08-31 12:16:29.342   936  2043 I AppWidgetServiceImpl: getAppWidgetIds() 0
08-31 12:16:29.344  3467  3501 I NetGuard.Service: Messages=false wakelock=false
08-31 12:16:30.067   596   596 W AudioOut_D: type=1400 audit(0.0:475857): avc: denied { read } for name="audio_param" dev="dm-1" ino=802827 scontext=u:r:audioserver:s0 tcontext=u:object_r:mtk_audiohal_data_file:s0 tclass=dir permissive=0
08-31 12:16:30.802   413   413 I MFI-RDS :  (     epdgs_rds_conn_init, 1167) [RDS][IF][epdgs_rds_conn_init] eims_info initial
08-31 12:16:30.802   413   413 I MFI-Conn:  (          mal_mfia_start,   48) mal_mfia_start(): Enter (-1)!!
08-31 12:16:30.803   413   413 E MFI-Conn:  (          mdfx_conn_conn,   76) mdfx_conn_conn(): the MFI connection fails!!
08-31 12:16:30.803   413   413 E MFI-Conn:  (   mdfx_conn_init_legacy,  363) mdfx_conn_init_legacy(): mdfx_conn_conn() error!!
08-31 12:16:30.803   413   413 I MFI-RDS :  (     epdgs_rds_conn_init, 1199) [RDS][epdgs_rds_conn_init] rds_wifi_disable_status init
08-31 12:16:31.067   596   596 W AudioOut_D: type=1400 audit(0.0:475858): avc: denied { read } for name="audio_param" dev="dm-1" ino=802827 scontext=u:r:audioserver:s0 tcontext=u:object_r:mtk_audiohal_data_file:s0 tclass=dir permissive=0
08-31 12:16:31.477   619   619 I thermal_repeater: select timeout
08-31 12:16:32.067   596   596 W AudioOut_D: type=1400 audit(0.0:475859): avc: denied { read } for name="audio_param" dev="dm-1" ino=802827 scontext=u:r:audioserver:s0 tcontext=u:object_r:mtk_audiohal_data_file:s0 tclass=dir permissive=0
08-31 12:16:32.112   936  1144 W BatteryService: iddRunnable(mcycs) currentTemperature = 0 , batteryStatus = 2
08-31 12:16:32.113   936  1144 W ContextImpl: Calling a method in the system process without a qualified user: android.app.ContextImpl.sendBroadcast:963 com.android.server.BatteryService$1.ExecuteThermalCamera:283 com.android.server.BatteryService$1.run:323 android.os.Handler.handleCallback:869 android.os.Handler.dispatchMessage:101 
08-31 12:16:32.804   413   413 I MFI-RDS :  (     epdgs_rds_conn_init, 1167) [RDS][IF][epdgs_rds_conn_init] eims_info initial
08-31 12:16:32.805   413   413 I MFI-Conn:  (          mal_mfia_start,   48) mal_mfia_start(): Enter (-1)!!
08-31 12:16:32.805   413   413 E MFI-Conn:  (          mdfx_conn_conn,   76) mdfx_conn_conn(): the MFI connection fails!!
08-31 12:16:32.805   413   413 E MFI-Conn:  (   mdfx_conn_init_legacy,  363) mdfx_conn_init_legacy(): mdfx_conn_conn() error!!
08-31 12:16:32.806   413   413 I MFI-RDS :  (     epdgs_rds_conn_init, 1199) [RDS][epdgs_rds_conn_init] rds_wifi_disable_status init
08-31 12:16:33.067   596   596 W AudioOut_D: type=1400 audit(0.0:475860): avc: denied { read } for name="audio_param" dev="dm-1" ino=802827 scontext=u:r:audioserver:s0 tcontext=u:object_r:mtk_audiohal_data_file:s0 tclass=dir permissive=0
08-31 12:16:33.211   936  1152 I AlarmManager: [openLteGateByDataShaping] isDataShapingWhitelist: false,openLteGateSuccess = false
08-31 12:16:33.260   422   537 I BufferQueueProducer: [com.android.vending/com.android.vending.AssetBrowserActivity#0](this:0x7a16f19800,id:8163,api:1,p:16855,c:422) disconnect(P): api 1
08-31 12:16:33.261   422   537 I BufferQueueConsumer: [com.android.vending/com.android.vending.AssetBrowserActivity#0](this:0x7a16f19800,id:8163,api:1,p:-1,c:422) getReleasedBuffers: returning mask 0xffffffffffffffff
08-31 12:16:33.269   422   422 I BufferQueueConsumer: [com.android.vending/com.android.vending.AssetBrowserActivity#0](this:0x7a16f19800,id:8163,api:1,p:-1,c:-1) disconnect(C)
08-31 12:16:33.282   422   474 I BufferQueue: [com.android.vending/com.android.vending.AssetBrowserActivity#0](this:0x7a16f19800,id:8163,api:1,p:-1,c:-1) ~BufferQueueCore
08-31 12:16:33.354  1256  1256 I EmergencyButton: ss.getState()=0 ss.isEmergencyOnly()=false for simId=0
08-31 12:16:33.356  1256  1256 I EmergencyButton: mLocateAtNonSecureView = false
08-31 12:16:33.356  1256  1256 I EmergencyButton: show = true --> visible= true, antiTheftLocked=false, mEmergencyButtonExt.showEccInNonSecureUnlock() =false, eccShouldShow=true
08-31 12:16:33.387  1256  1256 I EmergencyButton: ss.getState()=0 ss.isEmergencyOnly()=false for simId=0
08-31 12:16:33.389  1256  1256 I EmergencyButton: mLocateAtNonSecureView = false
08-31 12:16:33.389  1256  1256 I EmergencyButton: show = true --> visible= true, antiTheftLocked=false, mEmergencyButtonExt.showEccInNonSecureUnlock() =false, eccShouldShow=true
08-31 12:16:33.396  1256  1256 I EmergencyButton: ss.getState()=0 ss.isEmergencyOnly()=false for simId=0
08-31 12:16:33.398  1256  1256 I EmergencyButton: mLocateAtNonSecureView = false
08-31 12:16:33.398  1256  1256 I EmergencyButton: show = true --> visible= true, antiTheftLocked=false, mEmergencyButtonExt.showEccInNonSecureUnlock() =false, eccShouldShow=true
08-31 12:16:33.405  1256  1256 I EmergencyButton: ss.getState()=0 ss.isEmergencyOnly()=false for simId=0
08-31 12:16:33.407  1256  1256 I EmergencyButton: mLocateAtNonSecureView = false
08-31 12:16:33.407  1256  1256 I EmergencyButton: show = true --> visible= true, antiTheftLocked=false, mEmergencyButtonExt.showEccInNonSecureUnlock() =false, eccShouldShow=true
08-31 12:16:33.469  1256  1256 I EmergencyButton: ss.getState()=0 ss.isEmergencyOnly()=false for simId=0
08-31 12:16:33.471  1256  1256 I EmergencyButton: mLocateAtNonSecureView = true
08-31 12:16:33.471  1256  1256 I EmergencyButton: ECC Button is located on Notification Keygaurd and OP do not ask to show. So this is a normal case ,we never show it.
08-31 12:16:33.471  1256  1256 I EmergencyButton: If the button is on NotificationKeyguard and will not show, we should just set it View.GONE to give more space to IndicationText.
08-31 12:16:33.476  1256  1256 I EmergencyButton: ss.getState()=0 ss.isEmergencyOnly()=false for simId=0
08-31 12:16:33.478  1256  1256 I EmergencyButton: mLocateAtNonSecureView = false
08-31 12:16:33.478  1256  1256 I EmergencyButton: show = true --> visible= true, antiTheftLocked=false, mEmergencyButtonExt.showEccInNonSecureUnlock() =false, eccShouldShow=true
08-31 12:16:33.484  1256  1256 I EmergencyButton: ss.getState()=0 ss.isEmergencyOnly()=false for simId=0
08-31 12:16:33.486  1256  1256 I EmergencyButton: mLocateAtNonSecureView = false
08-31 12:16:33.486  1256  1256 I EmergencyButton: show = true --> visible= true, antiTheftLocked=false, mEmergencyButtonExt.showEccInNonSecureUnlock() =false, eccShouldShow=true
08-31 12:16:33.529   936  8509 E ActivityManager: Sending non-protected broadcast onehand.keyguard.trigger from system 1256:com.android.systemui/u0a68 pkg com.android.systemui
08-31 12:16:33.529   936  8509 E ActivityManager: java.lang.Throwable
08-31 12:16:33.529   936  8509 E ActivityManager: 	at com.android.server.am.ActivityManagerService.checkBroadcastFromSystem(ActivityManagerService.java:19872)
08-31 12:16:33.529   936  8509 E ActivityManager: 	at com.android.server.am.ActivityManagerService.broadcastIntentLocked(ActivityManagerService.java:20415)
08-31 12:16:33.529   936  8509 E ActivityManager: 	at com.android.server.am.ActivityManagerService.broadcastIntent(ActivityManagerService.java:20696)
08-31 12:16:33.529   936  8509 E ActivityManager: 	at android.app.IActivityManager$Stub.onTransact(IActivityManager.java:240)
08-31 12:16:33.529   936  8509 E ActivityManager: 	at com.android.server.am.ActivityManagerService.onTransact(ActivityManagerService.java:3143)
08-31 12:16:33.529   936  8509 E ActivityManager: 	at android.os.Binder.execTransact(Binder.java:674)
08-31 12:16:33.545   936  8509 W AES     : Exception Log handling...
08-31 12:16:33.547   936  8509 E ActivityManager: Sending non-protected broadcast onehand.keyguard.trigger from system 1256:com.android.systemui/u0a68 pkg com.android.systemui
08-31 12:16:33.547   936  8509 E ActivityManager: java.lang.Throwable
08-31 12:16:33.547   936  8509 E ActivityManager: 	at com.android.server.am.ActivityManagerService.checkBroadcastFromSystem(ActivityManagerService.java:19872)
08-31 12:16:33.547   936  8509 E ActivityManager: 	at com.android.server.am.ActivityManagerService.broadcastIntentLocked(ActivityManagerService.java:20512)
08-31 12:16:33.547   936  8509 E ActivityManager: 	at com.android.server.am.ActivityManagerService.broadcastIntent(ActivityManagerService.java:20696)
08-31 12:16:33.547   936  8509 E ActivityManager: 	at android.app.IActivityManager$Stub.onTransact(IActivityManager.java:240)
08-31 12:16:33.547   936  8509 E ActivityManager: 	at com.android.server.am.ActivityManagerService.onTransact(ActivityManagerService.java:3143)
08-31 12:16:33.547   936  8509 E ActivityManager: 	at android.os.Binder.execTransact(Binder.java:674)
08-31 12:16:33.554   936  8509 W AES     : Exception Log handling...
08-31 12:16:33.563   936   950 W BroadcastQueue: Background execution not allowed: receiving Intent { act=android.intent.action.DROPBOX_ENTRY_ADDED flg=0x10 (has extras) } to com.google.android.gms/.stats.service.DropBoxEntryAddedReceiver
08-31 12:16:33.564   936   950 W BroadcastQueue: Background execution not allowed: receiving Intent { act=android.intent.action.DROPBOX_ENTRY_ADDED flg=0x10 (has extras) } to com.google.android.gms/.chimera.GmsIntentOperationService$PersistentTrustedReceiver
08-31 12:16:33.581   593   593 I Zygote  : ForkAndSpecializeCommon: Finished, pid of child process is 17268 
08-31 12:16:33.582   422   422 I BufferQueueConsumer: [StatusBar#0](this:0x7a18bf8800,id:16,api:1,p:1256,c:422) setDefaultBufferSize: width=720 height=1280
08-31 12:16:33.588   936   950 I ActivityManager: Start proc 17268:com.sonyericsson.crashmonitor/1000 for broadcast com.sonyericsson.crashmonitor/.receiver.CrashMonitorServiceBroadcastReceiver
08-31 12:16:33.598   422   537 I BufferQueueProducer: [StatusBar#0](this:0x7a18bf8800,id:16,api:1,p:1256,c:422) disconnect(P): api 1
08-31 12:16:33.598   422   537 I BufferQueueConsumer: [StatusBar#0](this:0x7a18bf8800,id:16,api:1,p:-1,c:422) getReleasedBuffers: returning mask 0xffffffffffffffff
08-31 12:16:33.605   422   537 I BufferQueueProducer: [StatusBar#0](this:0x7a18bf8800,id:16,api:1,p:1256,c:422) connect(P): api=1 producer=(1256:com.android.systemui) producerControlledByApp=true
08-31 12:16:33.631   422   476 I BufferQueueProducer: [NavigationBar#0](this:0x7a18bfd000,id:8095,api:1,p:1256,c:422) disconnect(P): api 1
08-31 12:16:33.631   422   476 I BufferQueueConsumer: [NavigationBar#0](this:0x7a18bfd000,id:8095,api:1,p:-1,c:422) getReleasedBuffers: returning mask 0xffffffffffffffff
08-31 12:16:33.683   422   476 I BufferQueueProducer: [StatusBar#0](this:0x7a18bf8800,id:16,api:1,p:1256,c:422) queueBuffer: fps=0.20 dur=4882.15 max=4882.15 min=4882.15
08-31 12:16:33.755   936  8509 W BroadcastQueue: Background execution not allowed: receiving Intent { act=android.intent.action.DROPBOX_ENTRY_ADDED flg=0x10 (has extras) } to com.google.android.gms/.stats.service.DropBoxEntryAddedReceiver
