02-24 20:33:34.146   407   407 E android.hardware.wifi@1.0-service: Invalid radio stats in link layer stats
02-24 20:33:34.589  2173  2316 W ContextImpl: Calling a method in the system process without a qualified user: android.app.ContextImpl.sendBroadcast:963 com.android.server.BatteryService$1.ExecuteThermalCamera:283 com.android.server.BatteryService$1.run:323 android.os.Handler.handleCallback:869 android.os.Handler.dispatchMessage:101 
02-24 20:33:34.828  1876  1876 W AudioOut_D: type=1400 audit(0.0:595903): avc: denied { read } for name="audio_param" dev="dm-1" ino=802827 scontext=u:r:audioserver:s0 tcontext=u:object_r:mtk_audiohal_data_file:s0 tclass=dir permissive=0
02-24 20:33:35.955  2173  2323 I AlarmManager: [openLteGateByDataShaping] isDataShapingWhitelist: false,openLteGateSuccess = false
02-24 20:33:35.828  1876  1876 W AudioOut_D: type=1400 audit(0.0:595904): avc: denied { read } for name="audio_param" dev="dm-1" ino=802827 scontext=u:r:audioserver:s0 tcontext=u:object_r:mtk_audiohal_data_file:s0 tclass=dir permissive=0
02-24 20:33:36.359   413   413 I MFI-RDS :  (     epdgs_rds_conn_init, 1167) [RDS][IF][epdgs_rds_conn_init] eims_info initial
02-24 20:33:36.359   413   413 I MFI-Conn:  (          mal_mfia_start,   48) mal_mfia_start(): Enter (-1)!!
02-24 20:33:36.359   413   413 E MFI-Conn:  (          mdfx_conn_conn,   76) mdfx_conn_conn(): the MFI connection fails!!
02-24 20:33:36.360   413   413 E MFI-Conn:  (   mdfx_conn_init_legacy,  363) mdfx_conn_init_legacy(): mdfx_conn_conn() error!!
02-24 20:33:36.360   413   413 I MFI-RDS :  (     epdgs_rds_conn_init, 1199) [RDS][epdgs_rds_conn_init] rds_wifi_disable_status init
02-24 20:33:36.828  1876  1876 W AudioOut_D: type=1400 audit(0.0:595905): avc: denied { read } for name="audio_param" dev="dm-1" ino=802827 scontext=u:r:audioserver:s0 tcontext=u:object_r:mtk_audiohal_data_file:s0 tclass=dir permissive=0
02-24 20:33:37.161   407   407 I WifiHAL : Get link stats
02-24 20:33:37.161   407   407 E android.hardware.wifi@1.0-service: Invalid radio stats in link layer stats
02-24 20:33:37.590  1904  1904 I thermal_repeater: oh, queryMdThermalInfo (0)No such file or directory
02-24 20:33:37.603  1904  1904 I thermal_repeater: [recvMdThermalInfo] ret=28, strLen=127,  2, 32767, -127, 0, 32767, 1
02-24 20:33:37.828  1876  1876 W AudioOut_D: type=1400 audit(0.0:595906): avc: denied { read } for name="audio_param" dev="dm-1" ino=802827 scontext=u:r:audioserver:s0 tcontext=u:object_r:mtk_audiohal_data_file:s0 tclass=dir permissive=0
02-24 20:33:38.361   413   413 I MFI-RDS :  (     epdgs_rds_conn_init, 1167) [RDS][IF][epdgs_rds_conn_init] eims_info initial
02-24 20:33:38.361   413   413 I MFI-Conn:  (          mal_mfia_start,   48) mal_mfia_start(): Enter (-1)!!
02-24 20:33:38.362   413   413 E MFI-Conn:  (          mdfx_conn_conn,   76) mdfx_conn_conn(): the MFI connection fails!!
02-24 20:33:38.362   413   413 E MFI-Conn:  (   mdfx_conn_init_legacy,  363) mdfx_conn_init_legacy(): mdfx_conn_conn() error!!
02-24 20:33:38.362   413   413 I MFI-RDS :  (     epdgs_rds_conn_init, 1199) [RDS][epdgs_rds_conn_init] rds_wifi_disable_status init
02-24 20:33:38.828  1876  1876 W AudioOut_D: type=1400 audit(0.0:595907): avc: denied { read } for name="audio_param" dev="dm-1" ino=802827 scontext=u:r:audioserver:s0 tcontext=u:object_r:mtk_audiohal_data_file:s0 tclass=dir permissive=0
02-24 20:33:39.828  1876  1876 W AudioOut_D: type=1400 audit(0.0:595908): avc: denied { read } for name="audio_param" dev="dm-1" ino=802827 scontext=u:r:audioserver:s0 tcontext=u:object_r:mtk_audiohal_data_file:s0 tclass=dir permissive=0
02-24 20:33:40.175   407   407 I WifiHAL : Get link stats
02-24 20:33:40.363   413   413 I MFI-RDS :  (     epdgs_rds_conn_init, 1167) [RDS][IF][epdgs_rds_conn_init] eims_info initial
02-24 20:33:40.363   413   413 I MFI-Conn:  (          mal_mfia_start,   48) mal_mfia_start(): Enter (-1)!!
02-24 20:33:40.364   413   413 E MFI-Conn:  (          mdfx_conn_conn,   76) mdfx_conn_conn(): the MFI connection fails!!
02-24 20:33:40.364   413   413 E MFI-Conn:  (   mdfx_conn_init_legacy,  363) mdfx_conn_init_legacy(): mdfx_conn_conn() error!!
02-24 20:33:40.364   413   413 I MFI-RDS :  (     epdgs_rds_conn_init, 1199) [RDS][epdgs_rds_conn_init] rds_wifi_disable_status init
02-24 20:33:40.832  1876  1876 W AudioOut_D: type=1400 audit(0.0:595909): avc: denied { read } for name="audio_param" dev="dm-1" ino=802827 scontext=u:r:audioserver:s0 tcontext=u:object_r:mtk_audiohal_data_file:s0 tclass=dir permissive=0
02-24 20:33:41.828  1876  1876 W AudioOut_D: type=1400 audit(0.0:595910): avc: denied { read } for name="audio_param" dev="dm-1" ino=802827 scontext=u:r:audioserver:s0 tcontext=u:object_r:mtk_audiohal_data_file:s0 tclass=dir permissive=0
02-24 20:33:42.365   413   413 I MFI-RDS :  (     epdgs_rds_conn_init, 1167) [RDS][IF][epdgs_rds_conn_init] eims_info initial
02-24 20:33:42.366   413   413 I MFI-Conn:  (          mal_mfia_start,   48) mal_mfia_start(): Enter (-1)!!
02-24 20:33:42.367   413   413 E MFI-Conn:  (          mdfx_conn_conn,   76) mdfx_conn_conn(): the MFI connection fails!!
02-24 20:33:42.367   413   413 E MFI-Conn:  (   mdfx_conn_init_legacy,  363) mdfx_conn_init_legacy(): mdfx_conn_conn() error!!
02-24 20:33:42.367   413   413 I MFI-RDS :  (     epdgs_rds_conn_init, 1199) [RDS][epdgs_rds_conn_init] rds_wifi_disable_status init
02-24 20:33:40.175   407   407 E android.hardware.wifi@1.0-service: Invalid radio stats in link layer stats
02-24 20:33:42.431  2173  2520 W Watchdog: **Get SF Time **0
02-24 20:33:42.431  2173  2520 W Watchdog: SWT Watchdog before synchronized:201249161
02-24 20:33:42.431  2173  2520 W Watchdog: SWT Watchdog after synchronized:201249161
02-24 20:33:42.606  1904  1904 I thermal_repeater: select timeout
02-24 20:33:42.832  1876  1876 W AudioOut_D: type=1400 audit(0.0:595911): avc: denied { read } for name="audio_param" dev="dm-1" ino=802827 scontext=u:r:audioserver:s0 tcontext=u:object_r:mtk_audiohal_data_file:s0 tclass=dir permissive=0
02-24 20:33:43.192   407   407 I WifiHAL : Get link stats
02-24 20:33:43.192   407   407 E android.hardware.wifi@1.0-service: Invalid radio stats in link layer stats
02-24 20:33:43.385   422  1131 I BufferQueueProducer: [StatusBar#0](this:0x74969b6800,id:29,api:1,p:2425,c:422) queueBuffer: fps=0.07 dur=14027.64 max=14027.64 min=14027.64
02-24 20:33:43.396   422   422 I BufferQueueProducer: [FrameBufferSurface_0](this:0x7498dde000,id:0,api:1,p:422,c:422) queueBuffer: fps=0.07 dur=14011.85 max=14011.85 min=14011.85
02-24 20:33:43.396   422   422 I DisplayDevice: [Built-in Screen (type:0)] fps:0.071368,dur:14011.80,max:14011.80,min:14011.80
02-24 20:33:43.828  1876  1876 W AudioOut_D: type=1400 audit(0.0:595912): avc: denied { read } for name="audio_param" dev="dm-1" ino=802827 scontext=u:r:audioserver:s0 tcontext=u:object_r:mtk_audiohal_data_file:s0 tclass=dir permissive=0
02-24 20:33:44.368   413   413 I MFI-RDS :  (     epdgs_rds_conn_init, 1167) [RDS][IF][epdgs_rds_conn_init] eims_info initial
02-24 20:33:44.368   413   413 I MFI-Conn:  (          mal_mfia_start,   48) mal_mfia_start(): Enter (-1)!!
02-24 20:33:44.369   413   413 E MFI-Conn:  (          mdfx_conn_conn,   76) mdfx_conn_conn(): the MFI connection fails!!
02-24 20:33:44.369   413   413 E MFI-Conn:  (   mdfx_conn_init_legacy,  363) mdfx_conn_init_legacy(): mdfx_conn_conn() error!!
02-24 20:33:44.369   413   413 I MFI-RDS :  (     epdgs_rds_conn_init, 1199) [RDS][epdgs_rds_conn_init] rds_wifi_disable_status init
02-24 20:33:44.391   422  1131 I BufferQueueProducer: [StatusBar#0](this:0x74969b6800,id:29,api:1,p:2425,c:422) queueBuffer: fps=0.99 dur=1005.38 max=1005.38 min=1005.38
02-24 20:33:44.402   422   422 I BufferQueueProducer: [FrameBufferSurface_0](this:0x7498dde000,id:0,api:1,p:422,c:422) queueBuffer: fps=0.99 dur=1006.07 max=1006.07 min=1006.07
02-24 20:33:44.403   422   422 I DisplayDevice: [Built-in Screen (type:0)] fps:0.993924,dur:1006.11,max:1006.11,min:1006.11
02-24 20:33:44.832  1876  1876 W AudioOut_D: type=1400 audit(0.0:595913): avc: denied { read } for name="audio_param" dev="dm-1" ino=802827 scontext=u:r:audioserver:s0 tcontext=u:object_r:mtk_audiohal_data_file:s0 tclass=dir permissive=0
02-24 20:33:45.832  1876  1876 W AudioOut_D: type=1400 audit(0.0:595914): avc: denied { read } for name="audio_param" dev="dm-1" ino=802827 scontext=u:r:audioserver:s0 tcontext=u:object_r:mtk_audiohal_data_file:s0 tclass=dir permissive=0
02-24 20:33:46.201   407   407 I WifiHAL : Get link stats
02-24 20:33:46.370   413   413 I MFI-RDS :  (     epdgs_rds_conn_init, 1167) [RDS][IF][epdgs_rds_conn_init] eims_info initial
02-24 20:33:46.371   413   413 I MFI-Conn:  (          mal_mfia_start,   48) mal_mfia_start(): Enter (-1)!!
02-24 20:33:46.371   413   413 E MFI-Conn:  (          mdfx_conn_conn,   76) mdfx_conn_conn(): the MFI connection fails!!
02-24 20:33:46.371   413   413 E MFI-Conn:  (   mdfx_conn_init_legacy,  363) mdfx_conn_init_legacy(): mdfx_conn_conn() error!!
02-24 20:33:46.371   413   413 I MFI-RDS :  (     epdgs_rds_conn_init, 1199) [RDS][epdgs_rds_conn_init] rds_wifi_disable_status init
02-24 20:33:46.832  1876  1876 W AudioOut_D: type=1400 audit(0.0:595915): avc: denied { read } for name="audio_param" dev="dm-1" ino=802827 scontext=u:r:audioserver:s0 tcontext=u:object_r:mtk_audiohal_data_file:s0 tclass=dir permissive=0
02-24 20:33:47.392   422  1131 I BufferQueueProducer: [StatusBar#0](this:0x74969b6800,id:29,api:1,p:2425,c:422) queueBuffer: fps=0.33 dur=3000.50 max=3000.50 min=3000.50
02-24 20:33:47.402   422   422 I BufferQueueProducer: [FrameBufferSurface_0](this:0x7498dde000,id:0,api:1,p:422,c:422) queueBuffer: fps=0.33 dur=3000.07 max=3000.07 min=3000.07
02-24 20:33:47.403   422   422 I DisplayDevice: [Built-in Screen (type:0)] fps:0.333331,dur:3000.03,max:3000.03,min:3000.03
02-24 20:33:47.608  1904  1904 I thermal_repeater: oh, queryMdThermalInfo (0)No such file or directory
02-24 20:33:47.625  1904  1904 I thermal_repeater: [recvMdThermalInfo] ret=28, strLen=127,  2, 32767, -127, 0, 32767, 1
02-24 20:33:47.832  1876  1876 W AudioOut_D: type=1400 audit(0.0:595916): avc: denied { read } for name="audio_param" dev="dm-1" ino=802827 scontext=u:r:audioserver:s0 tcontext=u:object_r:mtk_audiohal_data_file:s0 tclass=dir permissive=0
02-24 20:33:48.372   413   413 I MFI-RDS :  (     epdgs_rds_conn_init, 1167) [RDS][IF][epdgs_rds_conn_init] eims_info initial
02-24 20:33:48.373   413   413 I MFI-Conn:  (          mal_mfia_start,   48) mal_mfia_start(): Enter (-1)!!
02-24 20:33:48.373   413   413 E MFI-Conn:  (          mdfx_conn_conn,   76) mdfx_conn_conn(): the MFI connection fails!!
02-24 20:33:48.373   413   413 E MFI-Conn:  (   mdfx_conn_init_legacy,  363) mdfx_conn_init_legacy(): mdfx_conn_conn() error!!
02-24 20:33:48.373   413   413 I MFI-RDS :  (     epdgs_rds_conn_init, 1199) [RDS][epdgs_rds_conn_init] rds_wifi_disable_status init
02-24 20:33:48.395   422  1131 I BufferQueueProducer: [StatusBar#0](this:0x74969b6800,id:29,api:1,p:2425,c:422) queueBuffer: fps=1.00 dur=1003.44 max=1003.44 min=1003.44
02-24 20:33:48.408   422   422 I BufferQueueProducer: [FrameBufferSurface_0](this:0x7498dde000,id:0,api:1,p:422,c:422) queueBuffer: fps=0.99 dur=1005.50 max=1005.50 min=1005.50
02-24 20:33:48.408   422   422 I DisplayDevice: [Built-in Screen (type:0)] fps:0.994528,dur:1005.50,max:1005.50,min:1005.50
02-24 20:33:48.832  1876  1876 W AudioOut_D: type=1400 audit(0.0:595917): avc: denied { read } for name="audio_param" dev="dm-1" ino=802827 scontext=u:r:audioserver:s0 tcontext=u:object_r:mtk_audiohal_data_file:s0 tclass=dir permissive=0
02-24 20:33:49.216   407   407 I WifiHAL : Get link stats
02-24 20:33:49.402   422  1131 I BufferQueueProducer: [StatusBar#0](this:0x74969b6800,id:29,api:1,p:2425,c:422) queueBuffer: fps=0.99 dur=1007.35 max=1007.35 min=1007.35
02-24 20:33:49.413   422   422 I BufferQueueProducer: [FrameBufferSurface_0](this:0x7498dde000,id:0,api:1,p:422,c:422) queueBuffer: fps=0.99 dur=1005.54 max=1005.54 min=1005.54
02-24 20:33:49.414   422   422 I DisplayDevice: [Built-in Screen (type:0)] fps:0.994501,dur:1005.53,max:1005.53,min:1005.53
02-24 20:33:49.832  1876  1876 W AudioOut_D: type=1400 audit(0.0:595918): avc: denied { read } for name="audio_param" dev="dm-1" ino=802827 scontext=u:r:audioserver:s0 tcontext=u:object_r:mtk_audiohal_data_file:s0 tclass=dir permissive=0
02-24 20:33:50.375   413   413 I MFI-RDS :  (     epdgs_rds_conn_init, 1167) [RDS][IF][epdgs_rds_conn_init] eims_info initial
02-24 20:33:50.375   413   413 I MFI-Conn:  (          mal_mfia_start,   48) mal_mfia_start(): Enter (-1)!!
02-24 20:33:50.375   413   413 E MFI-Conn:  (          mdfx_conn_conn,   76) mdfx_conn_conn(): the MFI connection fails!!
02-24 20:33:50.375   413   413 E MFI-Conn:  (   mdfx_conn_init_legacy,  363) mdfx_conn_init_legacy(): mdfx_conn_conn() error!!
02-24 20:33:50.375   413   413 I MFI-RDS :  (     epdgs_rds_conn_init, 1199) [RDS][epdgs_rds_conn_init] rds_wifi_disable_status init
02-24 20:33:50.419   422   422 I BufferQueueProducer: [FrameBufferSurface_0](this:0x7498dde000,id:0,api:1,p:422,c:422) queueBuffer: fps=0.99 dur=1005.47 max=1005.47 min=1005.47
02-24 20:33:50.419   422   422 I DisplayDevice: [Built-in Screen (type:0)] fps:0.994487,dur:1005.54,max:1005.54,min:1005.54
02-24 20:33:50.832  1876  1876 W AudioOut_D: type=1400 audit(0.0:595919): avc: denied { read } for name="audio_param" dev="dm-1" ino=802827 scontext=u:r:audioserver:s0 tcontext=u:object_r:mtk_audiohal_data_file:s0 tclass=dir permissive=0
02-24 20:33:51.832  1876  1876 W AudioOut_D: type=1400 audit(0.0:595920): avc: denied { read } for name="audio_param" dev="dm-1" ino=802827 scontext=u:r:audioserver:s0 tcontext=u:object_r:mtk_audiohal_data_file:s0 tclass=dir permissive=0
02-24 20:33:52.227   407   407 I WifiHAL : Get link stats
02-24 20:33:52.376   413   413 I MFI-RDS :  (     epdgs_rds_conn_init, 1167) [RDS][IF][epdgs_rds_conn_init] eims_info initial
02-24 20:33:52.377   413   413 I MFI-Conn:  (          mal_mfia_start,   48) mal_mfia_start(): Enter (-1)!!
02-24 20:33:52.377   413   413 E MFI-Conn:  (          mdfx_conn_conn,   76) mdfx_conn_conn(): the MFI connection fails!!
02-24 20:33:52.377   413   413 E MFI-Conn:  (   mdfx_conn_init_legacy,  363) mdfx_conn_init_legacy(): mdfx_conn_conn() error!!
02-24 20:33:52.378   413   413 I MFI-RDS :  (     epdgs_rds_conn_init, 1199) [RDS][epdgs_rds_conn_init] rds_wifi_disable_status init
02-24 20:33:52.410   422  1131 I BufferQueueProducer: [StatusBar#0](this:0x74969b6800,id:29,api:1,p:2425,c:422) queueBuffer: fps=0.66 dur=3008.16 max=2015.37 min=992.78
02-24 20:33:52.430   422   422 I BufferQueueProducer: [FrameBufferSurface_0](this:0x7498dde000,id:0,api:1,p:422,c:422) queueBuffer: fps=0.50 dur=2011.49 max=2011.49 min=2011.49
02-24 20:33:52.431   422   422 I DisplayDevice: [Built-in Screen (type:0)] fps:0.497145,dur:2011.48,max:2011.48,min:2011.48
02-24 20:33:52.630  1904  1904 I thermal_repeater: select timeout
02-24 20:33:52.832  1876  1876 W AudioOut_D: type=1400 audit(0.0:595921): avc: denied { read } for name="audio_param" dev="dm-1" ino=802827 scontext=u:r:audioserver:s0 tcontext=u:object_r:mtk_audiohal_data_file:s0 tclass=dir permissive=0
02-24 20:33:53.836  1876  1876 W AudioOut_D: type=1400 audit(0.0:595922): avc: denied { read } for name="audio_param" dev="dm-1" ino=802827 scontext=u:r:audioserver:s0 tcontext=u:object_r:mtk_audiohal_data_file:s0 tclass=dir permissive=0
02-24 20:33:54.380   413   413 I MFI-RDS :  (     epdgs_rds_conn_init, 1167) [RDS][IF][epdgs_rds_conn_init] eims_info initial
02-24 20:33:54.380   413   413 I MFI-Conn:  (          mal_mfia_start,   48) mal_mfia_start(): Enter (-1)!!
02-24 20:33:54.382   413   413 E MFI-Conn:  (          mdfx_conn_conn,   76) mdfx_conn_conn(): the MFI connection fails!!
02-24 20:33:54.382   413   413 E MFI-Conn:  (   mdfx_conn_init_legacy,  363) mdfx_conn_init_legacy(): mdfx_conn_conn() error!!
02-24 20:33:54.382   413   413 I MFI-RDS :  (     epdgs_rds_conn_init, 1199) [RDS][epdgs_rds_conn_init] rds_wifi_disable_status init
02-24 20:33:54.414   422  1131 I BufferQueueProducer: [StatusBar#0](this:0x74969b6800,id:29,api:1,p:2425,c:422) queueBuffer: fps=1.00 dur=2003.21 max=1005.26 min=997.95
02-24 20:33:54.425   422   422 I BufferQueueProducer: [FrameBufferSurface_0](this:0x7498dde000,id:0,api:1,p:422,c:422) queueBuffer: fps=1.00 dur=1994.34 max=1005.62 min=988.72
02-24 20:33:54.425   422   422 I DisplayDevice: [Built-in Screen (type:0)] fps:1.002864,dur:1994.29,max:1005.76,min:988.53
02-24 20:33:54.612  2173  2316 W BatteryService: iddRunnable(mcycs) currentTemperature = 0 , batteryStatus = 2
02-24 20:33:49.216   407   407 I chatty  : uid=1010 wifi@1.0-servic identical 2 lines
02-24 20:33:52.227   407   407 E android.hardware.wifi@1.0-service: Invalid radio stats in link layer stats
02-24 20:33:54.613  2173  2316 W ContextImpl: Calling a method in the system process without a qualified user: android.app.ContextImpl.sendBroadcast:963 com.android.server.BatteryService$1.ExecuteThermalCamera:283 com.android.server.BatteryService$1.run:323 android.os.Handler.handleCallback:869 android.os.Handler.dispatchMessage:101 
02-24 20:33:54.832  1876  1876 W AudioOut_D: type=1400 audit(0.0:595923): avc: denied { read } for name="audio_param" dev="dm-1" ino=802827 scontext=u:r:audioserver:s0 tcontext=u:object_r:mtk_audiohal_data_file:s0 tclass=dir permissive=0
02-24 20:33:55.236   407   407 I WifiHAL : Get link stats
02-24 20:33:55.236   407   407 E android.hardware.wifi@1.0-service: Invalid radio stats in link layer stats
02-24 20:33:55.431   422   422 I BufferQueueProducer: [FrameBufferSurface_0](this:0x7498dde000,id:0,api:1,p:422,c:422) queueBuffer: fps=0.99 dur=1006.15 max=1006.15 min=1006.15
02-24 20:33:55.431   422   422 I DisplayDevice: [Built-in Screen (type:0)] fps:0.993768,dur:1006.27,max:1006.27,min:1006.27
02-24 20:33:55.832  1876  1876 W AudioOut_D: type=1400 audit(0.0:595924): avc: denied { read } for name="audio_param" dev="dm-1" ino=802827 scontext=u:r:audioserver:s0 tcontext=u:object_r:mtk_audiohal_data_file:s0 tclass=dir permissive=0
02-24 20:33:56.384   413   413 I MFI-RDS :  (     epdgs_rds_conn_init, 1167) [RDS][IF][epdgs_rds_conn_init] eims_info initial
02-24 20:33:56.384   413   413 I MFI-Conn:  (          mal_mfia_start,   48) mal_mfia_start(): Enter (-1)!!
02-24 20:33:56.385   413   413 E MFI-Conn:  (          mdfx_conn_conn,   76) mdfx_conn_conn(): the MFI connection fails!!
02-24 20:33:56.385   413   413 E MFI-Conn:  (   mdfx_conn_init_legacy,  363) mdfx_conn_init_legacy(): mdfx_conn_conn() error!!
02-24 20:33:56.385   413   413 I MFI-RDS :  (     epdgs_rds_conn_init, 1199) [RDS][epdgs_rds_conn_init] rds_wifi_disable_status init
02-24 20:33:56.408   422  1131 I BufferQueueProducer: [StatusBar#0](this:0x74969b6800,id:29,api:1,p:2425,c:422) queueBuffer: fps=1.00 dur=1994.82 max=1000.96 min=993.85
02-24 20:33:56.832  1876  1876 W AudioOut_D: type=1400 audit(0.0:595925): avc: denied { read } for name="audio_param" dev="dm-1" ino=802827 scontext=u:r:audioserver:s0 tcontext=u:object_r:mtk_audiohal_data_file:s0 tclass=dir permissive=0
02-24 20:33:57.009  2173  2701 I Dhcp6Client: Header:StructNlMsgHdr{ nlmsg_len{60}, nlmsg_type{52(RTM_NEWPREFIX)}, nlmsg_flags{0())}, nlmsg_seq{0}, nlmsg_pid{0} }:31
02-24 20:33:57.415   422  1131 I BufferQueueProducer: [StatusBar#0](this:0x74969b6800,id:29,api:1,p:2425,c:422) queueBuffer: fps=0.99 dur=1006.87 max=1006.87 min=1006.87
02-24 20:33:57.443   422   422 I BufferQueueProducer: [FrameBufferSurface_0](this:0x7498dde000,id:0,api:1,p:422,c:422) queueBuffer: fps=0.99 dur=2011.75 max=1022.86 min=988.89
02-24 20:33:57.443   422   422 I DisplayDevice: [Built-in Screen (type:0)] fps:0.994221,dur:2011.63,max:1023.00,min:988.62
02-24 20:33:57.632  1904  1904 I thermal_repeater: oh, queryMdThermalInfo (0)No such file or directory
02-24 20:33:57.645  1904  1904 I thermal_repeater: [recvMdThermalInfo] ret=28, strLen=127,  2, 32767, -127, 0, 32767, 1
02-24 20:33:57.836  1876  1876 W AudioOut_D: type=1400 audit(0.0:595926): avc: denied { read } for name="audio_param" dev="dm-1" ino=802827 scontext=u:r:audioserver:s0 tcontext=u:object_r:mtk_audiohal_data_file:s0 tclass=dir permissive=0
02-24 20:33:58.252   407   407 I WifiHAL : Get link stats
02-24 20:33:58.388   413   413 I MFI-RDS :  (     epdgs_rds_conn_init, 1167) [RDS][IF][epdgs_rds_conn_init] eims_info initial
02-24 20:33:58.389   413   413 I MFI-Conn:  (          mal_mfia_start,   48) mal_mfia_start(): Enter (-1)!!
02-24 20:33:58.391   413   413 E MFI-Conn:  (          mdfx_conn_conn,   76) mdfx_conn_conn(): the MFI connection fails!!
02-24 20:33:58.391   413   413 E MFI-Conn:  (   mdfx_conn_init_legacy,  363) mdfx_conn_init_legacy(): mdfx_conn_conn() error!!
02-24 20:33:58.391   413   413 I MFI-RDS :  (     epdgs_rds_conn_init, 1199) [RDS][epdgs_rds_conn_init] rds_wifi_disable_status init
02-24 20:33:58.420   422  1131 I BufferQueueProducer: [StatusBar#0](this:0x74969b6800,id:29,api:1,p:2425,c:422) queueBuffer: fps=1.00 dur=1004.17 max=1004.17 min=1004.17
02-24 20:33:58.836  1876  1876 W AudioOut_D: type=1400 audit(0.0:595927): avc: denied { read } for name="audio_param" dev="dm-1" ino=802827 scontext=u:r:audioserver:s0 tcontext=u:object_r:mtk_audiohal_data_file:s0 tclass=dir permissive=0
02-24 20:33:59.436   422   422 I BufferQueueProducer: [FrameBufferSurface_0](this:0x7498dde000,id:0,api:1,p:422,c:422) queueBuffer: fps=1.00 dur=1993.40 max=1005.40 min=987.99
02-24 20:33:59.436   422   422 I DisplayDevice: [Built-in Screen (type:0)] fps:1.003310,dur:1993.40,max:1005.55,min:987.85
02-24 20:33:59.836  1876  1876 W AudioOut_D: type=1400 audit(0.0:595928): avc: denied { read } for name="audio_param" dev="dm-1" ino=802827 scontext=u:r:audioserver:s0 tcontext=u:object_r:mtk_audiohal_data_file:s0 tclass=dir permissive=0
02-24 20:33:58.253   407   407 E android.hardware.wifi@1.0-service: Invalid radio stats in link layer stats
02-24 20:34:00.000  2173  2323 I AlarmManager: [openLteGateByDataShaping] isDataShapingWhitelist: false,openLteGateSuccess = false
02-24 20:34:00.079   422  1131 I BufferQueueProducer: [StatusBar#0](this:0x74969b6800,id:29,api:1,p:2425,c:422) queueBuffer: fps=1.21 dur=1659.31 max=996.30 min=663.01
02-24 20:34:00.392   413   413 I MFI-RDS :  (     epdgs_rds_conn_init, 1167) [RDS][IF][epdgs_rds_conn_init] eims_info initial
02-24 20:34:00.392   413   413 I MFI-Conn:  (          mal_mfia_start,   48) mal_mfia_start(): Enter (-1)!!
02-24 20:34:00.393   413   413 E MFI-Conn:  (          mdfx_conn_conn,   76) mdfx_conn_conn(): the MFI connection fails!!
02-24 20:34:00.393   413   413 E MFI-Conn:  (   mdfx_conn_init_legacy,  363) mdfx_conn_init_legacy(): mdfx_conn_conn() error!!
02-24 20:34:00.393   413   413 I MFI-RDS :  (     epdgs_rds_conn_init, 1199) [RDS][epdgs_rds_conn_init] rds_wifi_disable_status init
02-24 20:34:00.836  1876  1876 W AudioOut_D: type=1400 audit(0.0:595929): avc: denied { read } for name="audio_param" dev="dm-1" ino=802827 scontext=u:r:audioserver:s0 tcontext=u:object_r:mtk_audiohal_data_file:s0 tclass=dir permissive=0
02-24 20:34:01.186  2173  2835 E WifiScanner: listener cannot be found
02-24 20:34:01.260   407   407 I WifiHAL : Get link stats
02-24 20:34:00.654  2173  2323 I AlarmManager: [openLteGateByDataShaping] isDataShapingWhitelist: false,openLteGateSuccess = false
02-24 20:34:01.260   407   407 E android.hardware.wifi@1.0-service: Invalid radio stats in link layer stats
02-24 20:34:01.836  1876  1876 W AudioOut_D: type=1400 audit(0.0:595930): avc: denied { read } for name="audio_param" dev="dm-1" ino=802827 scontext=u:r:audioserver:s0 tcontext=u:object_r:mtk_audiohal_data_file:s0 tclass=dir permissive=0
02-24 20:34:02.396   413   413 I MFI-RDS :  (     epdgs_rds_conn_init, 1167) [RDS][IF][epdgs_rds_conn_init] eims_info initial
02-24 20:34:02.396   413   413 I MFI-Conn:  (          mal_mfia_start,   48) mal_mfia_start(): Enter (-1)!!
02-24 20:34:02.397   413   413 E MFI-Conn:  (          mdfx_conn_conn,   76) mdfx_conn_conn(): the MFI connection fails!!
02-24 20:34:02.397   413   413 E MFI-Conn:  (   mdfx_conn_init_legacy,  363) mdfx_conn_init_legacy(): mdfx_conn_conn() error!!
02-24 20:34:02.397   413   413 I MFI-RDS :  (     epdgs_rds_conn_init, 1199) [RDS][epdgs_rds_conn_init] rds_wifi_disable_status init
02-24 20:34:02.651  1904  1904 I thermal_repeater: select timeout
02-24 20:34:02.836  1876  1876 W AudioOut_D: type=1400 audit(0.0:595931): avc: denied { read } for name="audio_param" dev="dm-1" ino=802827 scontext=u:r:audioserver:s0 tcontext=u:object_r:mtk_audiohal_data_file:s0 tclass=dir permissive=0
02-24 20:34:03.196   422  1131 I BufferQueueProducer: [StatusBar#0](this:0x74969b6800,id:29,api:1,p:2425,c:422) queueBuffer: fps=1.28 dur=3117.27 max=2783.05 min=3.58
02-24 20:34:03.211   422   422 I BufferQueueProducer: [FrameBufferSurface_0](this:0x7498dde000,id:0,api:1,p:422,c:422) queueBuffer: fps=1.32 dur=3775.08 max=2786.25 min=15.44
02-24 20:34:03.211   422   422 I DisplayDevice: [Built-in Screen (type:0)] fps:1.324477,dur:3775.07,max:2786.39,min:15.46
02-24 20:34:03.445   378   378 I QNS     : QNS: soc=62, v=3993, i=328800, t=290
02-24 20:34:03.445   378   378 I QNS     : QNS: requested charging params: current: 1408, voltage: 4300
02-24 20:34:03.836  1876  1876 W AudioOut_D: type=1400 audit(0.0:595932): avc: denied { read } for name="audio_param" dev="dm-1" ino=802827 scontext=u:r:audioserver:s0 tcontext=u:object_r:mtk_audiohal_data_file:s0 tclass=dir permissive=0
02-24 20:34:03.850  2173  2355 W IE_Capabilities: Unknown WPA cipher suite: 2ac0f00
02-24 20:34:03.850  2173  2355 W IE_Capabilities: Unknown WPA cipher suite: 0
02-24 20:34:03.852  2173  2355 W IE_Capabilities: Unknown WPA cipher suite: 2ac0f00
02-24 20:34:03.855  2173  2359 W IE_Capabilities: Unknown WPA cipher suite: 2ac0f00
02-24 20:34:03.856  2173  2359 W IE_Capabilities: Unknown WPA cipher suite: 0
02-24 20:34:03.857  2173  2359 W IE_Capabilities: Unknown WPA cipher suite: 2ac0f00
02-24 20:34:03.858  2173  2355 W IE_Capabilities: Unknown WPA cipher suite: 0
02-24 20:34:03.861  2173  2359 W IE_Capabilities: Unknown WPA cipher suite: 0
02-24 20:34:03.897  2173  2173 I WifiNotificationController: checkAndSetNotification, state:CONNECTED
02-24 20:34:04.265   407   407 I WifiHAL : Get link stats
02-24 20:34:04.398   413   413 I MFI-RDS :  (     epdgs_rds_conn_init, 1167) [RDS][IF][epdgs_rds_conn_init] eims_info initial
02-24 20:34:04.398   413   413 I MFI-Conn:  (          mal_mfia_start,   48) mal_mfia_start(): Enter (-1)!!
02-24 20:34:04.399   413   413 E MFI-Conn:  (          mdfx_conn_conn,   76) mdfx_conn_conn(): the MFI connection fails!!
02-24 20:34:04.399   413   413 E MFI-Conn:  (   mdfx_conn_init_legacy,  363) mdfx_conn_init_legacy(): mdfx_conn_conn() error!!
02-24 20:34:04.399   413   413 I MFI-RDS :  (     epdgs_rds_conn_init, 1199) [RDS][epdgs_rds_conn_init] rds_wifi_disable_status init
02-24 20:34:04.836  1876  1876 W AudioOut_D: type=1400 audit(0.0:595933): avc: denied { read } for name="audio_param" dev="dm-1" ino=802827 scontext=u:r:audioserver:s0 tcontext=u:object_r:mtk_audiohal_data_file:s0 tclass=dir permissive=0
02-24 20:34:05.426   422  1131 I BufferQueueProducer: [StatusBar#0](this:0x74969b6800,id:29,api:1,p:2425,c:422) queueBuffer: fps=0.90 dur=2230.30 max=2200.55 min=29.76
02-24 20:34:05.436   422   422 I BufferQueueProducer: [FrameBufferSurface_0](this:0x7498dde000,id:0,api:1,p:422,c:422) queueBuffer: fps=0.90 dur=2224.92 max=2193.82 min=31.10
02-24 20:34:05.436   422   422 I DisplayDevice: [Built-in Screen (type:0)] fps:0.898918,dur:2224.90,max:2193.93,min:30.96
02-24 20:34:05.836  1876  1876 W AudioOut_D: type=1400 audit(0.0:595934): avc: denied { read } for name="audio_param" dev="dm-1" ino=802827 scontext=u:r:audioserver:s0 tcontext=u:object_r:mtk_audiohal_data_file:s0 tclass=dir permissive=0
02-24 20:34:06.400   413   413 I MFI-RDS :  (     epdgs_rds_conn_init, 1167) [RDS][IF][epdgs_rds_conn_init] eims_info initial
02-24 20:34:06.401   413   413 I MFI-Conn:  (          mal_mfia_start,   48) mal_mfia_start(): Enter (-1)!!
02-24 20:34:06.401   413   413 E MFI-Conn:  (          mdfx_conn_conn,   76) mdfx_conn_conn(): the MFI connection fails!!
02-24 20:34:06.401   413   413 E MFI-Conn:  (   mdfx_conn_init_legacy,  363) mdfx_conn_init_legacy(): mdfx_conn_conn() error!!
02-24 20:34:06.402   413   413 I MFI-RDS :  (     epdgs_rds_conn_init, 1199) [RDS][epdgs_rds_conn_init] rds_wifi_disable_status init
02-24 20:34:06.431   422  1131 I BufferQueueProducer: [StatusBar#0](this:0x74969b6800,id:29,api:1,p:2425,c:422) queueBuffer: fps=0.99 dur=1005.06 max=1005.06 min=1005.06
02-24 20:34:06.443   422   422 I BufferQueueProducer: [FrameBufferSurface_0](this:0x7498dde000,id:0,api:1,p:422,c:422) queueBuffer: fps=0.99 dur=1006.72 max=1006.72 min=1006.72
02-24 20:34:06.443   422   422 I DisplayDevice: [Built-in Screen (type:0)] fps:0.993249,dur:1006.80,max:1006.80,min:1006.80
02-24 20:34:06.836  1876  1876 W AudioOut_D: type=1400 audit(0.0:595935): avc: denied { read } for name="audio_param" dev="dm-1" ino=802827 scontext=u:r:audioserver:s0 tcontext=u:object_r:mtk_audiohal_data_file:s0 tclass=dir permissive=0
02-24 20:34:07.276   407   407 I WifiHAL : Get link stats
02-24 20:34:07.623 17431  4845 I System.out: [socket][92:-1] exception
02-24 20:34:07.652  1904  1904 I thermal_repeater: oh, queryMdThermalInfo (0)No such file or directory
02-24 20:34:07.665  1904  1904 I thermal_repeater: [recvMdThermalInfo] ret=28, strLen=127,  2, 32767, -127, 0, 32767, 1
02-24 20:34:07.840  1876  1876 W AudioOut_D: type=1400 audit(0.0:595936): avc: denied { read } for name="audio_param" dev="dm-1" ino=802827 scontext=u:r:audioserver:s0 tcontext=u:object_r:mtk_audiohal_data_file:s0 tclass=dir permissive=0
02-24 20:34:08.403   413   413 I MFI-RDS :  (     epdgs_rds_conn_init, 1167) [RDS][IF][epdgs_rds_conn_init] eims_info initial
02-24 20:34:08.403   413   413 I MFI-Conn:  (          mal_mfia_start,   48) mal_mfia_start(): Enter (-1)!!
02-24 20:34:08.404   413   413 E MFI-Conn:  (          mdfx_conn_conn,   76) mdfx_conn_conn(): the MFI connection fails!!
02-24 20:34:08.404   413   413 E MFI-Conn:  (   mdfx_conn_init_legacy,  363) mdfx_conn_init_legacy(): mdfx_conn_conn() error!!
02-24 20:34:08.404   413   413 I MFI-RDS :  (     epdgs_rds_conn_init, 1199) [RDS][epdgs_rds_conn_init] rds_wifi_disable_status init
02-24 20:34:08.434   422  1131 I BufferQueueProducer: [StatusBar#0](this:0x74969b6800,id:29,api:1,p:2425,c:422) queueBuffer: fps=0.50 dur=2003.02 max=2003.02 min=2003.02
02-24 20:34:08.455   422   422 I BufferQueueProducer: [FrameBufferSurface_0](this:0x7498dde000,id:0,api:1,p:422,c:422) queueBuffer: fps=0.50 dur=2011.97 max=2011.97 min=2011.97
02-24 20:34:08.455   422   422 I DisplayDevice: [Built-in Screen (type:0)] fps:0.497035,dur:2011.93,max:2011.93,min:2011.93
02-24 20:34:08.840  1876  1876 W AudioOut_D: type=1400 audit(0.0:595937): avc: denied { read } for name="audio_param" dev="dm-1" ino=802827 scontext=u:r:audioserver:s0 tcontext=u:object_r:mtk_audiohal_data_file:s0 tclass=dir permissive=0
02-24 20:34:09.606  2173  2701 I Dhcp6Client: Header:StructNlMsgHdr{ nlmsg_len{60}, nlmsg_type{52(RTM_NEWPREFIX)}, nlmsg_flags{0())}, nlmsg_seq{0}, nlmsg_pid{0} }:31
02-24 20:34:09.840  1876  1876 W AudioOut_D: type=1400 audit(0.0:595938): avc: denied { read } for name="audio_param" dev="dm-1" ino=802827 scontext=u:r:audioserver:s0 tcontext=u:object_r:mtk_audiohal_data_file:s0 tclass=dir permissive=0
02-24 20:34:10.291   407   407 I WifiHAL : Get link stats
02-24 20:34:10.405   413   413 I MFI-RDS :  (     epdgs_rds_conn_init, 1167) [RDS][IF][epdgs_rds_conn_init] eims_info initial
02-24 20:34:10.405   413   413 I MFI-Conn:  (          mal_mfia_start,   48) mal_mfia_start(): Enter (-1)!!
02-24 20:34:10.406   413   413 E MFI-Conn:  (          mdfx_conn_conn,   76) mdfx_conn_conn(): the MFI connection fails!!
02-24 20:34:10.406   413   413 E MFI-Conn:  (   mdfx_conn_init_legacy,  363) mdfx_conn_init_legacy(): mdfx_conn_conn() error!!
02-24 20:34:10.406   413   413 I MFI-RDS :  (     epdgs_rds_conn_init, 1199) [RDS][epdgs_rds_conn_init] rds_wifi_disable_status init
02-24 20:34:10.437   422  1131 I BufferQueueProducer: [StatusBar#0](this:0x74969b6800,id:29,api:1,p:2425,c:422) queueBuffer: fps=1.00 dur=2002.75 max=1004.73 min=998.02
02-24 20:34:10.448   422   422 I BufferQueueProducer: [FrameBufferSurface_0](this:0x7498dde000,id:0,api:1,p:422,c:422) queueBuffer: fps=1.00 dur=1993.74 max=1005.43 min=988.30
02-24 20:34:10.449   422   422 I DisplayDevice: [Built-in Screen (type:0)] fps:1.003152,dur:1993.71,max:1005.57,min:988.15
02-24 20:34:10.840  1876  1876 W AudioOut_D: type=1400 audit(0.0:595939): avc: denied { read } for name="audio_param" dev="dm-1" ino=802827 scontext=u:r:audioserver:s0 tcontext=u:object_r:mtk_audiohal_data_file:s0 tclass=dir permissive=0
02-24 20:34:11.445   422  1131 I BufferQueueProducer: [StatusBar#0](this:0x74969b6800,id:29,api:1,p:2425,c:422) queueBuffer: fps=0.99 dur=1007.72 max=1007.72 min=1007.72
02-24 20:34:11.469   422   422 I BufferQueueProducer: [FrameBufferSurface_0](this:0x7498dde000,id:0,api:1,p:422,c:422) queueBuffer: fps=0.98 dur=1020.58 max=1020.58 min=1020.58
02-24 20:34:11.469   422   422 I DisplayDevice: [Built-in Screen (type:0)] fps:0.979805,dur:1020.61,max:1020.61,min:1020.61
02-24 20:34:11.840  1876  1876 W AudioOut_D: type=1400 audit(0.0:595940): avc: denied { read } for name="audio_param" dev="dm-1" ino=802827 scontext=u:r:audioserver:s0 tcontext=u:object_r:mtk_audiohal_data_file:s0 tclass=dir permissive=0
02-24 20:34:12.407   413   413 I MFI-RDS :  (     epdgs_rds_conn_init, 1167) [RDS][IF][epdgs_rds_conn_init] eims_info initial
02-24 20:34:12.408   413   413 I MFI-Conn:  (          mal_mfia_start,   48) mal_mfia_start(): Enter (-1)!!
02-24 20:34:12.408   413   413 E MFI-Conn:  (          mdfx_conn_conn,   76) mdfx_conn_conn(): the MFI connection fails!!
02-24 20:34:12.408   413   413 E MFI-Conn:  (   mdfx_conn_init_legacy,  363) mdfx_conn_init_legacy(): mdfx_conn_conn() error!!
02-24 20:34:12.408   413   413 I MFI-RDS :  (     epdgs_rds_conn_init, 1199) [RDS][epdgs_rds_conn_init] rds_wifi_disable_status init
02-24 20:34:07.276   407   407 I chatty  : uid=1010 wifi@1.0-servic identical 2 lines
02-24 20:34:10.291   407   407 E android.hardware.wifi@1.0-service: Invalid radio stats in link layer stats
02-24 20:34:12.432  2173  2520 W Watchdog: **Get SF Time **0
02-24 20:34:12.433  2173  2520 W Watchdog: SWT Watchdog before synchronized:201279162
02-24 20:34:12.433  2173  2520 W Watchdog: SWT Watchdog after synchronized:201279162
02-24 20:34:12.670  1904  1904 I thermal_repeater: select timeout
02-24 20:34:12.840  1876  1876 W AudioOut_D: type=1400 audit(0.0:595941): avc: denied { read } for name="audio_param" dev="dm-1" ino=802827 scontext=u:r:audioserver:s0 tcontext=u:object_r:mtk_audiohal_data_file:s0 tclass=dir permissive=0
02-24 20:34:13.306   407   407 I WifiHAL : Get link stats
02-24 20:34:13.307   407   407 E android.hardware.wifi@1.0-service: Invalid radio stats in link layer stats
02-24 20:34:13.840  1876  1876 W AudioOut_D: type=1400 audit(0.0:595942): avc: denied { read } for name="audio_param" dev="dm-1" ino=802827 scontext=u:r:audioserver:s0 tcontext=u:object_r:mtk_audiohal_data_file:s0 tclass=dir permissive=0
02-24 20:34:14.410   413   413 I MFI-RDS :  (     epdgs_rds_conn_init, 1167) [RDS][IF][epdgs_rds_conn_init] eims_info initial
02-24 20:34:14.410   413   413 I MFI-Conn:  (          mal_mfia_start,   48) mal_mfia_start(): Enter (-1)!!
02-24 20:34:14.410   413   413 E MFI-Conn:  (          mdfx_conn_conn,   76) mdfx_conn_conn(): the MFI connection fails!!
02-24 20:34:14.410   413   413 E MFI-Conn:  (   mdfx_conn_init_legacy,  363) mdfx_conn_init_legacy(): mdfx_conn_conn() error!!
02-24 20:34:14.411   413   413 I MFI-RDS :  (     epdgs_rds_conn_init, 1199) [RDS][epdgs_rds_conn_init] rds_wifi_disable_status init
02-24 20:34:14.633  2173  2316 W BatteryService: iddRunnable(mcycs) currentTemperature = 0 , batteryStatus = 2
02-24 20:34:14.635  2173  2316 W ContextImpl: Calling a method in the system process without a qualified user: android.app.ContextImpl.sendBroadcast:963 com.android.server.BatteryService$1.ExecuteThermalCamera:283 com.android.server.BatteryService$1.run:323 android.os.Handler.handleCallback:869 android.os.Handler.dispatchMessage:101 
02-24 20:34:14.840  1876  1876 W AudioOut_D: type=1400 audit(0.0:595943): avc: denied { read } for name="audio_param" dev="dm-1" ino=802827 scontext=u:r:audioserver:s0 tcontext=u:object_r:mtk_audiohal_data_file:s0 tclass=dir permissive=0
02-24 20:34:15.840  1876  1876 W AudioOut_D: type=1400 audit(0.0:595944): avc: denied { read } for name="audio_param" dev="dm-1" ino=802827 scontext=u:r:audioserver:s0 tcontext=u:object_r:mtk_audiohal_data_file:s0 tclass=dir permissive=0
02-24 20:34:16.316   407   407 I WifiHAL : Get link stats
02-24 20:34:16.317   407   407 E android.hardware.wifi@1.0-service: Invalid radio stats in link layer stats
02-24 20:34:16.412   413   413 I MFI-RDS :  (     epdgs_rds_conn_init, 1167) [RDS][IF][epdgs_rds_conn_init] eims_info initial
02-24 20:34:16.412   413   413 I MFI-Conn:  (          mal_mfia_start,   48) mal_mfia_start(): Enter (-1)!!
02-24 20:34:16.412   413   413 E MFI-Conn:  (          mdfx_conn_conn,   76) mdfx_conn_conn(): the MFI connection fails!!
02-24 20:34:16.412   413   413 E MFI-Conn:  (   mdfx_conn_init_legacy,  363) mdfx_conn_init_legacy(): mdfx_conn_conn() error!!
02-24 20:34:16.413   413   413 I MFI-RDS :  (     epdgs_rds_conn_init, 1199) [RDS][epdgs_rds_conn_init] rds_wifi_disable_status init
02-24 20:34:16.840  1876  1876 W AudioOut_D: type=1400 audit(0.0:595945): avc: denied { read } for name="audio_param" dev="dm-1" ino=802827 scontext=u:r:audioserver:s0 tcontext=u:object_r:mtk_audiohal_data_file:s0 tclass=dir permissive=0
02-24 20:34:17.672  1904  1904 I thermal_repeater: oh, queryMdThermalInfo (0)No such file or directory
02-24 20:34:17.685  1904  1904 I thermal_repeater: [recvMdThermalInfo] ret=28, strLen=127,  2, 32767, -127, 0, 32767, 1
02-24 20:34:17.840  1876  1876 W AudioOut_D: type=1400 audit(0.0:595946): avc: denied { read } for name="audio_param" dev="dm-1" ino=802827 scontext=u:r:audioserver:s0 tcontext=u:object_r:mtk_audiohal_data_file:s0 tclass=dir permissive=0
02-24 20:34:18.414   413   413 I MFI-RDS :  (     epdgs_rds_conn_init, 1167) [RDS][IF][epdgs_rds_conn_init] eims_info initial
02-24 20:34:18.414   413   413 I MFI-Conn:  (          mal_mfia_start,   48) mal_mfia_start(): Enter (-1)!!
02-24 20:34:18.415   413   413 E MFI-Conn:  (          mdfx_conn_conn,   76) mdfx_conn_conn(): the MFI connection fails!!
02-24 20:34:18.415   413   413 E MFI-Conn:  (   mdfx_conn_init_legacy,  363) mdfx_conn_init_legacy(): mdfx_conn_conn() error!!
02-24 20:34:18.415   413   413 I MFI-RDS :  (     epdgs_rds_conn_init, 1199) [RDS][epdgs_rds_conn_init] rds_wifi_disable_status init
02-24 20:34:18.840  1876  1876 W AudioOut_D: type=1400 audit(0.0:595947): avc: denied { read } for name="audio_param" dev="dm-1" ino=802827 scontext=u:r:audioserver:s0 tcontext=u:object_r:mtk_audiohal_data_file:s0 tclass=dir permissive=0
02-24 20:34:19.333   407   407 I WifiHAL : Get link stats
02-24 20:34:19.840  1876  1876 W AudioOut_D: type=1400 audit(0.0:595948): avc: denied { read } for name="audio_param" dev="dm-1" ino=802827 scontext=u:r:audioserver:s0 tcontext=u:object_r:mtk_audiohal_data_file:s0 tclass=dir permissive=0
02-24 20:34:20.416   413   413 I MFI-RDS :  (     epdgs_rds_conn_init, 1167) [RDS][IF][epdgs_rds_conn_init] eims_info initial
02-24 20:34:20.416   413   413 I MFI-Conn:  (          mal_mfia_start,   48) mal_mfia_start(): Enter (-1)!!
02-24 20:34:20.417   413   413 E MFI-Conn:  (          mdfx_conn_conn,   76) mdfx_conn_conn(): the MFI connection fails!!
02-24 20:34:20.417   413   413 E MFI-Conn:  (   mdfx_conn_init_legacy,  363) mdfx_conn_init_legacy(): mdfx_conn_conn() error!!
02-24 20:34:20.417   413   413 I MFI-RDS :  (     epdgs_rds_conn_init, 1199) [RDS][epdgs_rds_conn_init] rds_wifi_disable_status init
02-24 20:34:20.462   422  1131 I BufferQueueProducer: [StatusBar#0](this:0x74969b6800,id:29,api:1,p:2425,c:422) queueBuffer: fps=0.11 dur=9017.44 max=9017.44 min=9017.44
02-24 20:34:20.488   422   422 I BufferQueueProducer: [FrameBufferSurface_0](this:0x7498dde000,id:0,api:1,p:422,c:422) queueBuffer: fps=0.11 dur=9018.89 max=9018.89 min=9018.89
02-24 20:34:20.488   422   422 I DisplayDevice: [Built-in Screen (type:0)] fps:0.110879,dur:9018.87,max:9018.87,min:9018.87
02-24 20:34:20.840  1876  1876 W AudioOut_D: type=1400 audit(0.0:595949): avc: denied { read } for name="audio_param" dev="dm-1" ino=802827 scontext=u:r:audioserver:s0 tcontext=u:object_r:mtk_audiohal_data_file:s0 tclass=dir permissive=0
02-24 20:34:21.466   422  1131 I BufferQueueProducer: [StatusBar#0](this:0x74969b6800,id:29,api:1,p:2425,c:422) queueBuffer: fps=1.00 dur=1004.24 max=1004.24 min=1004.24
02-24 20:34:21.844  1876  1876 W AudioOut_D: type=1400 audit(0.0:595950): avc: denied { read } for name="audio_param" dev="dm-1" ino=802827 scontext=u:r:audioserver:s0 tcontext=u:object_r:mtk_audiohal_data_file:s0 tclass=dir permissive=0
02-24 20:34:22.350   407   407 I WifiHAL : Get link stats
02-24 20:34:22.418   413   413 I MFI-RDS :  (     epdgs_rds_conn_init, 1167) [RDS][IF][epdgs_rds_conn_init] eims_info initial
02-24 20:34:22.418   413   413 I MFI-Conn:  (          mal_mfia_start,   48) mal_mfia_start(): Enter (-1)!!
02-24 20:34:22.419   413   413 E MFI-Conn:  (          mdfx_conn_conn,   76) mdfx_conn_conn(): the MFI connection fails!!
02-24 20:34:22.419   413   413 E MFI-Conn:  (   mdfx_conn_init_legacy,  363) mdfx_conn_init_legacy(): mdfx_conn_conn() error!!
02-24 20:34:22.419   413   413 I MFI-RDS :  (     epdgs_rds_conn_init, 1199) [RDS][epdgs_rds_conn_init] rds_wifi_disable_status init
02-24 20:34:22.689  1904  1904 I thermal_repeater: select timeout
02-24 20:34:22.844  1876  1876 W AudioOut_D: type=1400 audit(0.0:595951): avc: denied { read } for name="audio_param" dev="dm-1" ino=802827 scontext=u:r:audioserver:s0 tcontext=u:object_r:mtk_audiohal_data_file:s0 tclass=dir permissive=0
02-24 20:34:23.461   422  1131 I BufferQueueProducer: [StatusBar#0](this:0x74969b6800,id:29,api:1,p:2425,c:422) queueBuffer: fps=0.50 dur=1994.99 max=1994.99 min=1994.99
02-24 20:34:23.471   422   422 I BufferQueueProducer: [FrameBufferSurface_0](this:0x7498dde000,id:0,api:1,p:422,c:422) queueBuffer: fps=0.67 dur=2983.31 max=1994.15 min=989.17
02-24 20:34:23.471   422   422 I DisplayDevice: [Built-in Screen (type:0)] fps:0.670399,dur:2983.30,max:1994.28,min:989.02
02-24 20:34:23.840  1876  1876 W AudioOut_D: type=1400 audit(0.0:595952): avc: denied { read } for name="audio_param" dev="dm-1" ino=802827 scontext=u:r:audioserver:s0 tcontext=u:object_r:mtk_audiohal_data_file:s0 tclass=dir permissive=0
02-24 20:34:24.422   413   413 I MFI-RDS :  (     epdgs_rds_conn_init, 1167) [RDS][IF][epdgs_rds_conn_init] eims_info initial
02-24 20:34:24.422   413   413 I MFI-Conn:  (          mal_mfia_start,   48) mal_mfia_start(): Enter (-1)!!
02-24 20:34:24.423   413   413 E MFI-Conn:  (          mdfx_conn_conn,   76) mdfx_conn_conn(): the MFI connection fails!!
02-24 20:34:24.423   413   413 E MFI-Conn:  (   mdfx_conn_init_legacy,  363) mdfx_conn_init_legacy(): mdfx_conn_conn() error!!
02-24 20:34:24.423   413   413 I MFI-RDS :  (     epdgs_rds_conn_init, 1199) [RDS][epdgs_rds_conn_init] rds_wifi_disable_status init
02-24 20:34:24.478   422  1131 I BufferQueueProducer: [StatusBar#0](this:0x74969b6800,id:29,api:1,p:2425,c:422) queueBuffer: fps=2.95 dur=1016.25 max=897.21 min=3.09
02-24 20:34:24.492   422   422 I BufferQueueProducer: [FrameBufferSurface_0](this:0x7498dde000,id:0,api:1,p:422,c:422) queueBuffer: fps=2.94 dur=1020.52 max=906.20 min=14.90
02-24 20:34:24.492   422   422 I DisplayDevice: [Built-in Screen (type:0)] fps:2.939611,dur:1020.54,max:906.05,min:14.92
02-24 20:34:24.844  1876  1876 W AudioOut_D: type=1400 audit(0.0:595953): avc: denied { read } for name="audio_param" dev="dm-1" ino=802827 scontext=u:r:audioserver:s0 tcontext=u:object_r:mtk_audiohal_data_file:s0 tclass=dir permissive=0
02-24 20:34:25.364   407   407 I WifiHAL : Get link stats
02-24 20:34:25.486   422  1131 I BufferQueueProducer: [StatusBar#0](this:0x74969b6800,id:29,api:1,p:2425,c:422) queueBuffer: fps=0.99 dur=1007.99 max=1007.99 min=1007.99
02-24 20:34:25.499   422   422 I BufferQueueProducer: [FrameBufferSurface_0](this:0x7498dde000,id:0,api:1,p:422,c:422) queueBuffer: fps=0.99 dur=1007.03 max=1007.03 min=1007.03
02-24 20:34:25.499   422   422 I DisplayDevice: [Built-in Screen (type:0)] fps:0.993055,dur:1006.99,max:1006.99,min:1006.99
02-24 20:34:25.571 19145 19155 I zygote64: Background concurrent copying GC freed 76446(2MB) AllocSpace objects, 13(260KB) LOS objects, 49% free, 3MB/6MB, paused 5.531ms total 116.632ms
02-24 20:34:25.844  1876  1876 W AudioOut_D: type=1400 audit(0.0:595954): avc: denied { read } for name="audio_param" dev="dm-1" ino=802827 scontext=u:r:audioserver:s0 tcontext=u:object_r:mtk_audiohal_data_file:s0 tclass=dir permissive=0
02-24 20:34:26.424   413   413 I MFI-RDS :  (     epdgs_rds_conn_init, 1167) [RDS][IF][epdgs_rds_conn_init] eims_info initial
02-24 20:34:26.424   413   413 I MFI-Conn:  (          mal_mfia_start,   48) mal_mfia_start(): Enter (-1)!!
02-24 20:34:26.425   413   413 E MFI-Conn:  (          mdfx_conn_conn,   76) mdfx_conn_conn(): the MFI connection fails!!
02-24 20:34:26.425   413   413 E MFI-Conn:  (   mdfx_conn_init_legacy,  363) mdfx_conn_init_legacy(): mdfx_conn_conn() error!!
02-24 20:34:26.425   413   413 I MFI-RDS :  (     epdgs_rds_conn_init, 1199) [RDS][epdgs_rds_conn_init] rds_wifi_disable_status init
02-24 20:34:26.844  1876  1876 W AudioOut_D: type=1400 audit(0.0:595955): avc: denied { read } for name="audio_param" dev="dm-1" ino=802827 scontext=u:r:audioserver:s0 tcontext=u:object_r:mtk_audiohal_data_file:s0 tclass=dir permissive=0
02-24 20:34:27.691  1904  1904 I thermal_repeater: oh, queryMdThermalInfo (0)No such file or directory
02-24 20:34:27.703  1904  1904 I thermal_repeater: [recvMdThermalInfo] ret=28, strLen=127,  2, 32767, -127, 0, 32767, 1
02-24 20:34:27.844  1876  1876 W AudioOut_D: type=1400 audit(0.0:595956): avc: denied { read } for name="audio_param" dev="dm-1" ino=802827 scontext=u:r:audioserver:s0 tcontext=u:object_r:mtk_audiohal_data_file:s0 tclass=dir permissive=0
02-24 20:34:28.372   407   407 I WifiHAL : Get link stats
02-24 20:34:28.427   413   413 I MFI-RDS :  (     epdgs_rds_conn_init, 1167) [RDS][IF][epdgs_rds_conn_init] eims_info initial
02-24 20:34:28.427   413   413 I MFI-Conn:  (          mal_mfia_start,   48) mal_mfia_start(): Enter (-1)!!
02-24 20:34:28.428   413   413 E MFI-Conn:  (          mdfx_conn_conn,   76) mdfx_conn_conn(): the MFI connection fails!!
02-24 20:34:28.428   413   413 E MFI-Conn:  (   mdfx_conn_init_legacy,  363) mdfx_conn_init_legacy(): mdfx_conn_conn() error!!
02-24 20:34:28.428   413   413 I MFI-RDS :  (     epdgs_rds_conn_init, 1199) [RDS][epdgs_rds_conn_init] rds_wifi_disable_status init
02-24 20:34:28.844  1876  1876 W AudioOut_D: type=1400 audit(0.0:595957): avc: denied { read } for name="audio_param" dev="dm-1" ino=802827 scontext=u:r:audioserver:s0 tcontext=u:object_r:mtk_audiohal_data_file:s0 tclass=dir permissive=0
02-24 20:34:29.574  2173  2701 I Dhcp6Client: Header:StructNlMsgHdr{ nlmsg_len{60}, nlmsg_type{52(RTM_NEWPREFIX)}, nlmsg_flags{0())}, nlmsg_seq{0}, nlmsg_pid{0} }:31
02-24 20:34:29.844  1876  1876 W AudioOut_D: type=1400 audit(0.0:595958): avc: denied { read } for name="audio_param" dev="dm-1" ino=802827 scontext=u:r:audioserver:s0 tcontext=u:object_r:mtk_audiohal_data_file:s0 tclass=dir permissive=0
02-24 20:34:30.429   413   413 I MFI-RDS :  (     epdgs_rds_conn_init, 1167) [RDS][IF][epdgs_rds_conn_init] eims_info initial
02-24 20:34:30.429   413   413 I MFI-Conn:  (          mal_mfia_start,   48) mal_mfia_start(): Enter (-1)!!
02-24 20:34:30.430   413   413 E MFI-Conn:  (          mdfx_conn_conn,   76) mdfx_conn_conn(): the MFI connection fails!!
02-24 20:34:30.430   413   413 E MFI-Conn:  (   mdfx_conn_init_legacy,  363) mdfx_conn_init_legacy(): mdfx_conn_conn() error!!
02-24 20:34:30.430   413   413 I MFI-RDS :  (     epdgs_rds_conn_init, 1199) [RDS][epdgs_rds_conn_init] rds_wifi_disable_status init
02-24 20:34:30.485   422  1131 I BufferQueueProducer: [StatusBar#0](this:0x74969b6800,id:29,api:1,p:2425,c:422) queueBuffer: fps=0.40 dur=4998.83 max=4007.32 min=991.50
02-24 20:34:30.511   422   422 I BufferQueueProducer: [FrameBufferSurface_0](this:0x7498dde000,id:0,api:1,p:422,c:422) queueBuffer: fps=0.40 dur=5012.10 max=4022.28 min=989.83
02-24 20:34:30.511   422   422 I DisplayDevice: [Built-in Screen (type:0)] fps:0.399027,dur:5012.19,max:4022.48,min:989.71
02-24 20:34:30.844  1876  1876 W AudioOut_D: type=1400 audit(0.0:595959): avc: denied { read } for name="audio_param" dev="dm-1" ino=802827 scontext=u:r:audioserver:s0 tcontext=u:object_r:mtk_audiohal_data_file:s0 tclass=dir permissive=0
02-24 20:34:31.381   407   407 I WifiHAL : Get link stats
02-24 20:34:31.844  1876  1876 W AudioOut_D: type=1400 audit(0.0:595960): avc: denied { read } for name="audio_param" dev="dm-1" ino=802827 scontext=u:r:audioserver:s0 tcontext=u:object_r:mtk_audiohal_data_file:s0 tclass=dir permissive=0
02-24 20:34:32.431   413   413 I MFI-RDS :  (     epdgs_rds_conn_init, 1167) [RDS][IF][epdgs_rds_conn_init] eims_info initial
02-24 20:34:32.431   413   413 I MFI-Conn:  (          mal_mfia_start,   48) mal_mfia_start(): Enter (-1)!!
02-24 20:34:32.432   413   413 E MFI-Conn:  (          mdfx_conn_conn,   76) mdfx_conn_conn(): the MFI connection fails!!
