02-24 19:55:47.690  2173  2187 W BroadcastQueue: Background execution not allowed: receiving Intent { act=android.intent.action.DROPBOX_ENTRY_ADDED flg=0x10 (has extras) } to com.google.android.gms/.stats.service.DropBoxEntryAddedReceiver
02-24 19:55:47.692  2173  2187 W BroadcastQueue: Background execution not allowed: receiving Intent { act=android.intent.action.DROPBOX_ENTRY_ADDED flg=0x10 (has extras) } to com.google.android.gms/.chimera.GmsIntentOperationService$PersistentTrustedReceiver
02-24 19:55:47.726  2173  7184 W BroadcastQueue: Background execution not allowed: receiving Intent { act=android.intent.action.DROPBOX_ENTRY_ADDED flg=0x10 (has extras) } to com.google.android.gms/.stats.service.DropBoxEntryAddedReceiver
02-24 19:55:47.740  2173  2187 W BroadcastQueue: Background execution not allowed: receiving Intent { act=android.intent.action.DROPBOX_ENTRY_ADDED flg=0x10 (has extras) } to com.google.android.gms/.chimera.GmsIntentOperationService$PersistentTrustedReceiver
02-24 19:55:47.750  2173  8725 W BroadcastQueue: Background execution not allowed: receiving Intent { act=android.intent.action.USER_PRESENT flg=0x24200010 } to com.google.android.gms/.auth.setup.devicesignals.LockScreenReceiver
02-24 19:55:47.758  2173  2187 W BroadcastQueue: Background execution not allowed: receiving Intent { act=android.intent.action.USER_PRESENT flg=0x24200010 } to com.google.android.gms/.chimera.GmsIntentOperationService$PersistentTrustedReceiver
02-24 19:55:47.765  2173  2187 W BroadcastQueue: Permission Denial: broadcasting Intent { act=android.intent.action.USER_PRESENT flg=0x24200010 } from com.android.systemui (pid=2425, uid=10068) is not exported from uid 10050 due to receiver com.sonymobile.mx.android/.receivers.StopMessageReceiver
02-24 19:55:47.806  2173  7184 W BroadcastQueue: Background execution not allowed: receiving Intent { act=android.intent.action.USER_PRESENT flg=0x24200010 } to com.brave.browser/org.chromium.chrome.browser.sharing.click_to_call.ClickToCallMessageHandler$PhoneUnlockedReceiver
02-24 19:55:47.822  2173  7184 W BroadcastQueue: Background execution not allowed: receiving Intent { act=android.intent.action.USER_PRESENT flg=0x24200010 } to com.vivaldi.browser/org.chromium.chrome.browser.sharing.click_to_call.ClickToCallMessageHandler$PhoneUnlockedReceiver
02-24 19:55:47.892  2173  2362 I NetworkStatsRecorder: recordSnapshotLocked: ident[[{type=WIFI, subType=COMBINED, networkId="UPC2099091", metered=false}]]
02-24 19:55:47.892  2173  2362 W NetworkStatsRecorder: unknown interfaces [p2p0, lo, vt_data0], ignoring those stats
02-24 19:55:47.892  2173  2362 I NetworkStatsRecorder: recordSnapshotLocked: ident[[{type=WIFI, subType=COMBINED, networkId="UPC2099091", metered=false}]]
02-24 19:55:47.893  2173  2362 I NetworkStatsRecorder: recordSnapshotLocked: ident[[{type=VPN, subType=COMBINED, metered=true}]]
02-24 19:55:47.893  2173  2362 W NetworkStatsRecorder: unknown interfaces [p2p0, lo, vt_data0], ignoring those stats
02-24 19:55:47.895  2173  2362 I NetworkStatsRecorder: recordSnapshotLocked: ident[[{type=WIFI, subType=COMBINED, networkId="UPC2099091", metered=false}]]
02-24 19:55:47.895  2173  2362 I chatty  : uid=1000(system) ConnectivitySer identical 1 line
02-24 19:55:47.895  2173  2362 I NetworkStatsRecorder: recordSnapshotLocked: ident[[{type=WIFI, subType=COMBINED, networkId="UPC2099091", metered=false}]]
02-24 19:55:47.896  2173  2362 I NetworkStatsRecorder: recordSnapshotLocked: ident[[{type=VPN, subType=COMBINED, metered=true}]]
02-24 19:55:47.896  2173  2362 I NetworkStatsRecorder: recordSnapshotLocked: ident[[{type=VPN, subType=COMBINED, metered=true}]]
02-24 19:55:47.896  2173  2362 W NetworkStatsRecorder: unknown interfaces [p2p0, lo, vt_data0], ignoring those stats
02-24 19:55:47.898  2173  2362 I NetworkStatsRecorder: recordSnapshotLocked: ident[[{type=WIFI, subType=COMBINED, networkId="UPC2099091", metered=false}]]
02-24 19:55:47.899  2173  2362 I NetworkStatsRecorder: recordSnapshotLocked: ident[[{type=VPN, subType=COMBINED, metered=true}]]
02-24 19:55:47.899  2173  2362 W NetworkStatsRecorder: unknown interfaces [p2p0, lo, vt_data0], ignoring those stats
02-24 19:55:47.938  2173  2362 I NetworkStats: NetworkIdentity: {type=WIFI, subType=COMBINED, networkId="UPC2099091", metered=false}
02-24 19:55:47.938  2173  2362 I NetworkStats: state.networkCapabilities: [ Transports: WIFI Capabilities: NOT_METERED&INTERNET&NOT_RESTRICTED&TRUSTED&NOT_VPN&VALIDATED&FOREGROUND LinkUpBandwidth>=1048576Kbps LinkDnBandwidth>=1048576Kbps SignalStrength: -68]
02-24 19:55:47.938  2173  2362 I NetworkStats: iface:wlan0
02-24 19:55:47.938  2173  2362 I NetworkStats: ident:{type=WIFI, subType=COMBINED, networkId="UPC2099091", metered=false}
02-24 19:55:47.972  2173  2362 E ConnectivityService: Exception removing network: java.lang.IllegalStateException: command '11990 network destroy 442' failed with '400 11990 destroyNetwork() failed (No such file or directory)'
02-24 19:55:48.000  2173  3901 I AppWidgetServiceImpl: getAppWidgetIds() 0
02-24 19:55:48.492  2173 10093 I AppWidgetServiceImpl: getAppWidgetIds() 0
02-24 19:55:48.604  2173  2362 E NetdConnector: NDC Command {11996 network interface add 444 tun0} took too long (596ms)
02-24 19:55:48.636  2173  2362 I NetworkStatsRecorder: recordSnapshotLocked: ident[[{type=WIFI, subType=COMBINED, networkId="UPC2099091", metered=false}]]
02-24 19:55:48.636  2173  2362 W NetworkStatsRecorder: unknown interfaces [p2p0, lo, tun0, vt_data0], ignoring those stats
02-24 19:55:48.636  2173  2362 I NetworkStatsRecorder: recordSnapshotLocked: ident[[{type=WIFI, subType=COMBINED, networkId="UPC2099091", metered=false}]]
02-24 19:55:48.636  2173  2362 W NetworkStatsRecorder: unknown interfaces [p2p0, lo, tun0, vt_data0], ignoring those stats
02-24 19:55:48.637  2173  2362 I NetworkStatsRecorder: recordSnapshotLocked: ident[[{type=WIFI, subType=COMBINED, networkId="UPC2099091", metered=false}]]
02-24 19:55:48.638  2173  2362 I chatty  : uid=1000(system) ConnectivitySer identical 1 line
02-24 19:55:48.638  2173  2362 I NetworkStatsRecorder: recordSnapshotLocked: ident[[{type=WIFI, subType=COMBINED, networkId="UPC2099091", metered=false}]]
02-24 19:55:48.638  2173  2362 W NetworkStatsRecorder: unknown interfaces [p2p0, lo, tun0, vt_data0], ignoring those stats
02-24 19:55:48.639  2173  2362 I NetworkStatsRecorder: recordSnapshotLocked: ident[[{type=WIFI, subType=COMBINED, networkId="UPC2099091", metered=false}]]
02-24 19:55:48.639  2173  2362 W NetworkStatsRecorder: unknown interfaces [p2p0, lo, tun0, vt_data0], ignoring those stats
02-24 19:55:48.642  2173  2362 I NetworkStats: NetworkIdentity: {type=WIFI, subType=COMBINED, networkId="UPC2099091", metered=false}
02-24 19:55:48.642  2173  2362 I NetworkStats: state.networkCapabilities: [ Transports: WIFI Capabilities: NOT_METERED&INTERNET&NOT_RESTRICTED&TRUSTED&NOT_VPN&VALIDATED&FOREGROUND LinkUpBandwidth>=1048576Kbps LinkDnBandwidth>=1048576Kbps SignalStrength: -68]
02-24 19:55:48.642  2173  2362 I NetworkStats: NetworkIdentity: {type=VPN, subType=COMBINED, metered=true}
02-24 19:55:48.643  2173  2362 I NetworkStats: state.networkCapabilities: [ Transports: VPN Capabilities: INTERNET&NOT_RESTRICTED&TRUSTED&FOREGROUND]
02-24 19:55:48.643  2173  2362 I NetworkStats: iface:tun0
02-24 19:55:48.643  2173  2362 I NetworkStats: ident:{type=VPN, subType=COMBINED, metered=true}
02-24 19:55:48.643  2173  2362 I NetworkStats: iface:wlan0
02-24 19:55:48.643  2173  2362 I NetworkStats: ident:{type=WIFI, subType=COMBINED, networkId="UPC2099091", metered=false}
02-24 19:55:48.655  2173  2362 W NetworkStatsRecorder: unknown interfaces [p2p0, lo, vt_data0], ignoring those stats
02-24 19:55:48.655  2173  2362 W NetworkStatsRecorder: unknown interfaces [p2p0, lo, vt_data0], ignoring those stats
02-24 19:55:48.656  2173  2362 I NetworkStatsRecorder: recordSnapshotLocked: ident[[{type=WIFI, subType=COMBINED, networkId="UPC2099091", metered=false}]]
02-24 19:55:48.656  2173  2362 W NetworkStatsRecorder: unknown interfaces [p2p0, lo, vt_data0], ignoring those stats
02-24 19:55:48.657  2173  2362 I NetworkStatsRecorder: recordSnapshotLocked: ident[[{type=WIFI, subType=COMBINED, networkId="UPC2099091", metered=false}]]
02-24 19:55:48.657  2173  2362 W NetworkStatsRecorder: unknown interfaces [p2p0, lo, vt_data0], ignoring those stats
02-24 19:55:48.661  2173  2362 I NetworkStats: NetworkIdentity: {type=WIFI, subType=COMBINED, networkId="UPC2099091", metered=false}
02-24 19:55:48.661  2173  2362 I NetworkStats: state.networkCapabilities: [ Transports: WIFI Capabilities: NOT_METERED&INTERNET&NOT_RESTRICTED&TRUSTED&NOT_VPN&VALIDATED&FOREGROUND LinkUpBandwidth>=1048576Kbps LinkDnBandwidth>=1048576Kbps SignalStrength: -68]
02-24 19:55:48.661  2173  2362 I NetworkStats: NetworkIdentity: {type=VPN, subType=COMBINED, metered=true}
02-24 19:55:48.661  2173  2362 I NetworkStats: state.networkCapabilities: [ Transports: VPN Capabilities: INTERNET&NOT_RESTRICTED&TRUSTED&FOREGROUND]
02-24 19:55:48.661  2173  2362 I NetworkStats: iface:tun0
02-24 19:55:48.661  2173  2362 I NetworkStats: ident:{type=VPN, subType=COMBINED, metered=true}
02-24 19:55:48.661  2173  2362 I NetworkStats: iface:wlan0
02-24 19:55:48.661  2173  2362 I NetworkStats: ident:{type=WIFI, subType=COMBINED, networkId="UPC2099091", metered=false}
02-24 19:55:48.735  2173  2362 W NetworkStatsRecorder: unknown interfaces [p2p0, lo, vt_data0], ignoring those stats
02-24 19:55:48.736  2173  2362 I chatty  : uid=1000(system) ConnectivitySer identical 2 lines
02-24 19:55:48.738  2173  2362 W NetworkStatsRecorder: unknown interfaces [p2p0, lo, vt_data0], ignoring those stats
02-24 19:55:48.741  2173  2362 I NetworkStats: NetworkIdentity: {type=WIFI, subType=COMBINED, networkId="UPC2099091", metered=false}
02-24 19:55:48.741  2173  2362 I NetworkStats: state.networkCapabilities: [ Transports: WIFI Capabilities: NOT_METERED&INTERNET&NOT_RESTRICTED&TRUSTED&NOT_VPN&VALIDATED&FOREGROUND LinkUpBandwidth>=1048576Kbps LinkDnBandwidth>=1048576Kbps SignalStrength: -68]
02-24 19:55:48.741  2173  2362 I NetworkStats: iface:wlan0
02-24 19:55:48.741  2173  2362 I NetworkStats: ident:{type=WIFI, subType=COMBINED, networkId="UPC2099091", metered=false}
02-24 19:55:48.776  2173  2362 E ConnectivityService: Exception removing network: java.lang.IllegalStateException: command '12004 network destroy 444' failed with '400 12004 destroyNetwork() failed (No such file or directory)'
02-24 19:55:49.041  2173  2173 W ContextImpl: Calling a method in the system process without a qualified user: android.app.ContextImpl.startService:1473 android.content.ContextWrapper.startService:644 android.content.ContextWrapper.startService:644 com.sonymobile.wifi.idd.IddUtils.startIddService:16 com.sonymobile.wifi.idd.IddReceiver.onReceive:30 
02-24 19:55:49.097   407   407 E android.hardware.wifi@1.0-service: Invalid radio stats in link layer stats
02-24 19:55:49.107   407   407 I chatty  : uid=1010 wifi@1.0-servic identical 1 line
02-24 19:55:49.140   407   407 E android.hardware.wifi@1.0-service: Invalid radio stats in link layer stats
02-24 19:55:49.322  2173  2362 E NetdConnector: NDC Command {12009 network interface add 445 tun0} took too long (532ms)
02-24 19:55:49.343  2173  2362 I NetworkStatsRecorder: recordSnapshotLocked: ident[[{type=WIFI, subType=COMBINED, networkId="UPC2099091", metered=false}]]
02-24 19:55:49.343  2173  2362 W NetworkStatsRecorder: unknown interfaces [p2p0, lo, tun0, vt_data0], ignoring those stats
02-24 19:55:49.343  2173  2362 I NetworkStatsRecorder: recordSnapshotLocked: ident[[{type=WIFI, subType=COMBINED, networkId="UPC2099091", metered=false}]]
02-24 19:55:49.343  2173  2362 W NetworkStatsRecorder: unknown interfaces [p2p0, lo, tun0, vt_data0], ignoring those stats
02-24 19:55:49.344  2173  2362 I NetworkStatsRecorder: recordSnapshotLocked: ident[[{type=WIFI, subType=COMBINED, networkId="UPC2099091", metered=false}]]
02-24 19:55:49.344  2173  2362 I NetworkStatsRecorder: recordSnapshotLocked: ident[[{type=WIFI, subType=COMBINED, networkId="UPC2099091", metered=false}]]
02-24 19:55:49.344  2173  2362 W NetworkStatsRecorder: unknown interfaces [p2p0, lo, tun0, vt_data0], ignoring those stats
02-24 19:55:49.345  2173  2362 I NetworkStatsRecorder: recordSnapshotLocked: ident[[{type=WIFI, subType=COMBINED, networkId="UPC2099091", metered=false}]]
02-24 19:55:49.346  2173  2362 W NetworkStatsRecorder: unknown interfaces [p2p0, lo, tun0, vt_data0], ignoring those stats
02-24 19:55:49.348  2173  2362 I NetworkStats: NetworkIdentity: {type=WIFI, subType=COMBINED, networkId="UPC2099091", metered=false}
02-24 19:55:49.348  2173  2362 I NetworkStats: state.networkCapabilities: [ Transports: WIFI Capabilities: NOT_METERED&INTERNET&NOT_RESTRICTED&TRUSTED&NOT_VPN&VALIDATED&FOREGROUND LinkUpBandwidth>=1048576Kbps LinkDnBandwidth>=1048576Kbps SignalStrength: -68]
02-24 19:55:49.348  2173  2362 I NetworkStats: NetworkIdentity: {type=VPN, subType=COMBINED, metered=true}
02-24 19:55:49.349  2173  2362 I NetworkStats: state.networkCapabilities: [ Transports: VPN Capabilities: INTERNET&NOT_RESTRICTED&TRUSTED&FOREGROUND]
02-24 19:55:49.349  2173  2362 I NetworkStats: iface:tun0
02-24 19:55:49.349  2173  2362 I NetworkStats: ident:{type=VPN, subType=COMBINED, metered=true}
02-24 19:55:49.349  2173  2362 I NetworkStats: iface:wlan0
02-24 19:55:49.349  2173  2362 I NetworkStats: ident:{type=WIFI, subType=COMBINED, networkId="UPC2099091", metered=false}
02-24 19:55:49.360  2173  2362 I NetworkStatsRecorder: recordSnapshotLocked: ident[[{type=WIFI, subType=COMBINED, networkId="UPC2099091", metered=false}]]
02-24 19:55:49.360  2173  2362 W NetworkStatsRecorder: unknown interfaces [p2p0, lo, vt_data0], ignoring those stats
02-24 19:55:49.360  2173  2362 I NetworkStatsRecorder: recordSnapshotLocked: ident[[{type=WIFI, subType=COMBINED, networkId="UPC2099091", metered=false}]]
02-24 19:55:49.360  2173  2362 W NetworkStatsRecorder: unknown interfaces [p2p0, lo, vt_data0], ignoring those stats
02-24 19:55:49.361  2173  2362 I NetworkStatsRecorder: recordSnapshotLocked: ident[[{type=WIFI, subType=COMBINED, networkId="UPC2099091", metered=false}]]
02-24 19:55:49.361  2173  2362 W NetworkStatsRecorder: unknown interfaces [p2p0, lo, vt_data0], ignoring those stats
02-24 19:55:49.362  2173  2362 I NetworkStatsRecorder: recordSnapshotLocked: ident[[{type=WIFI, subType=COMBINED, networkId="UPC2099091", metered=false}]]
02-24 19:55:49.362  2173  2362 W NetworkStatsRecorder: unknown interfaces [p2p0, lo, vt_data0], ignoring those stats
02-24 19:55:49.365  2173  2362 I NetworkStats: NetworkIdentity: {type=WIFI, subType=COMBINED, networkId="UPC2099091", metered=false}
02-24 19:55:49.365  2173  2362 I NetworkStats: state.networkCapabilities: [ Transports: WIFI Capabilities: NOT_METERED&INTERNET&NOT_RESTRICTED&TRUSTED&NOT_VPN&VALIDATED&FOREGROUND LinkUpBandwidth>=1048576Kbps LinkDnBandwidth>=1048576Kbps SignalStrength: -68]
02-24 19:55:49.365  2173  2362 I NetworkStats: NetworkIdentity: {type=VPN, subType=COMBINED, metered=true}
02-24 19:55:49.365  2173  2362 I NetworkStats: state.networkCapabilities: [ Transports: VPN Capabilities: INTERNET&NOT_RESTRICTED&TRUSTED&FOREGROUND]
02-24 19:55:49.365  2173  2362 I NetworkStats: iface:tun0
02-24 19:55:49.365  2173  2362 I NetworkStats: ident:{type=VPN, subType=COMBINED, metered=true}
02-24 19:55:49.365  2173  2362 I NetworkStats: iface:wlan0
02-24 19:55:49.365  2173  2362 I NetworkStats: ident:{type=WIFI, subType=COMBINED, networkId="UPC2099091", metered=false}
02-24 19:55:49.421  2173  2362 W NetworkStatsRecorder: unknown interfaces [p2p0, lo, vt_data0], ignoring those stats
02-24 19:55:49.424  2173  2362 I chatty  : uid=1000(system) ConnectivitySer identical 2 lines
02-24 19:55:49.425  2173  2362 W NetworkStatsRecorder: unknown interfaces [p2p0, lo, vt_data0], ignoring those stats
02-24 19:55:49.430  2173  2362 I NetworkStats: NetworkIdentity: {type=WIFI, subType=COMBINED, networkId="UPC2099091", metered=false}
02-24 19:55:49.430  2173  2362 I NetworkStats: state.networkCapabilities: [ Transports: WIFI Capabilities: NOT_METERED&INTERNET&NOT_RESTRICTED&TRUSTED&NOT_VPN&VALIDATED&FOREGROUND LinkUpBandwidth>=1048576Kbps LinkDnBandwidth>=1048576Kbps SignalStrength: -68]
02-24 19:55:49.431  2173  2362 I NetworkStats: NetworkIdentity: {type=VPN, subType=COMBINED, metered=true}
02-24 19:55:49.431  2173  2362 I NetworkStats: state.networkCapabilities: [ Transports: VPN Capabilities: INTERNET&NOT_RESTRICTED&TRUSTED&FOREGROUND]
02-24 19:55:49.431  2173  2362 I NetworkStats: iface:tun0
02-24 19:55:49.431  2173  2362 I NetworkStats: ident:{type=VPN, subType=COMBINED, metered=true}
02-24 19:55:49.431  2173  2362 I NetworkStats: iface:wlan0
02-24 19:55:49.431  2173  2362 I NetworkStats: ident:{type=WIFI, subType=COMBINED, networkId="UPC2099091", metered=false}
02-24 19:55:49.583  2173  3325 I ActivityManager: START u0 {act=android.intent.action.MAIN cat=[android.intent.category.LAUNCHER] flg=0x10200000 cmp=com.sonyericsson.organizer/.Organizer bnds=[161,281][294,498]} from uid 10200
02-24 19:55:49.652  2173  3325 I ActivityManager: Start proc 2807:com.sonyericsson.organizer/u0a56 for activity com.sonyericsson.organizer/.Organizer
02-24 19:55:49.969  2173  7572 I ActivityManager: START u0 {act=android.content.pm.action.REQUEST_PERMISSIONS pkg=com.google.android.packageinstaller cmp=com.google.android.packageinstaller/com.android.packageinstaller.permission.ui.GrantPermissionsActivity (has extras)} from uid 10056
02-24 19:55:50.058  2173  3325 I ActivityManager: Start proc 2849:com.google.android.packageinstaller/u0a45 for activity com.google.android.packageinstaller/com.android.packageinstaller.permission.ui.GrantPermissionsActivity
02-24 19:55:50.452  2173  7572 I WindowManager: Relayout Window{8669223 u0 com.sonyericsson.organizer/com.sonyericsson.organizer.Organizer}: oldVis=4 newVis=0 focusMayChange = true
02-24 19:55:50.887  2173  7572 I AppWidgetServiceImpl: stopListening() 0
02-24 19:55:51.425  2173  2362 I NetworkStatsRecorder: recordSnapshotLocked: ident[[{type=WIFI, subType=COMBINED, networkId="UPC2099091", metered=false}]]
02-24 19:55:51.425  2173  2362 W NetworkStatsRecorder: unknown interfaces [p2p0, lo, vt_data0], ignoring those stats
02-24 19:55:51.425  2173  2362 I NetworkStatsRecorder: recordSnapshotLocked: ident[[{type=WIFI, subType=COMBINED, networkId="UPC2099091", metered=false}]]
02-24 19:55:51.425  2173  2362 I NetworkStatsRecorder: recordSnapshotLocked: ident[[{type=VPN, subType=COMBINED, metered=true}]]
02-24 19:55:51.425  2173  2362 W NetworkStatsRecorder: unknown interfaces [p2p0, lo, vt_data0], ignoring those stats
02-24 19:55:51.426  2173  2362 I NetworkStatsRecorder: recordSnapshotLocked: ident[[{type=WIFI, subType=COMBINED, networkId="UPC2099091", metered=false}]]
02-24 19:55:51.426  2173  2362 I NetworkStatsRecorder: recordSnapshotLocked: ident[[{type=WIFI, subType=COMBINED, networkId="UPC2099091", metered=false}]]
02-24 19:55:51.426  2173  2362 I NetworkStatsRecorder: recordSnapshotLocked: ident[[{type=VPN, subType=COMBINED, metered=true}]]
02-24 19:55:51.426  2173  2362 W NetworkStatsRecorder: unknown interfaces [p2p0, lo, vt_data0], ignoring those stats
02-24 19:55:51.427  2173  2362 I NetworkStatsRecorder: recordSnapshotLocked: ident[[{type=WIFI, subType=COMBINED, networkId="UPC2099091", metered=false}]]
02-24 19:55:51.427  2173  2362 W NetworkStatsRecorder: unknown interfaces [p2p0, lo, vt_data0], ignoring those stats
02-24 19:55:51.430  2173  2362 I NetworkStats: NetworkIdentity: {type=WIFI, subType=COMBINED, networkId="UPC2099091", metered=false}
02-24 19:55:51.430  2173  2362 I NetworkStats: state.networkCapabilities: [ Transports: WIFI Capabilities: NOT_METERED&INTERNET&NOT_RESTRICTED&TRUSTED&NOT_VPN&VALIDATED&FOREGROUND LinkUpBandwidth>=1048576Kbps LinkDnBandwidth>=1048576Kbps SignalStrength: -68]
02-24 19:55:51.430  2173  2362 I NetworkStats: NetworkIdentity: {type=VPN, subType=COMBINED, metered=true}
02-24 19:55:51.430  2173  2362 I NetworkStats: state.networkCapabilities: [ Transports: VPN Capabilities: INTERNET&NOT_RESTRICTED&TRUSTED&VALIDATED&FOREGROUND]
02-24 19:55:51.430  2173  2362 I NetworkStats: iface:tun0
02-24 19:55:51.430  2173  2362 I NetworkStats: ident:{type=VPN, subType=COMBINED, metered=true}
02-24 19:55:51.430  2173  2362 I NetworkStats: iface:wlan0
02-24 19:55:51.430  2173  2362 I NetworkStats: ident:{type=WIFI, subType=COMBINED, networkId="UPC2099091", metered=false}
02-24 19:55:51.448  2173  2362 W NetworkStatsRecorder: unknown interfaces [p2p0, lo, vt_data0], ignoring those stats
02-24 19:55:51.448  2173  2362 W NetworkStatsRecorder: unknown interfaces [p2p0, lo, vt_data0], ignoring those stats
02-24 19:55:51.449  2173  2362 I NetworkStatsRecorder: recordSnapshotLocked: ident[[{type=WIFI, subType=COMBINED, networkId="UPC2099091", metered=false}]]
02-24 19:55:51.449  2173  2362 W NetworkStatsRecorder: unknown interfaces [p2p0, lo, vt_data0], ignoring those stats
02-24 19:55:51.450  2173  2362 W NetworkStatsRecorder: unknown interfaces [p2p0, lo, vt_data0], ignoring those stats
02-24 19:55:51.453  2173  2362 I NetworkStats: NetworkIdentity: {type=WIFI, subType=COMBINED, networkId="UPC2099091", metered=false}
02-24 19:55:51.453  2173  2362 I NetworkStats: state.networkCapabilities: [ Transports: WIFI Capabilities: NOT_METERED&INTERNET&NOT_RESTRICTED&TRUSTED&NOT_VPN&VALIDATED&FOREGROUND LinkUpBandwidth>=1048576Kbps LinkDnBandwidth>=1048576Kbps SignalStrength: -68]
02-24 19:55:51.453  2173  2362 I NetworkStats: NetworkIdentity: {type=VPN, subType=COMBINED, metered=true}
02-24 19:55:51.453  2173  2362 I NetworkStats: state.networkCapabilities: [ Transports: VPN Capabilities: INTERNET&NOT_RESTRICTED&TRUSTED&VALIDATED&FOREGROUND]
02-24 19:55:51.453  2173  2362 I NetworkStats: iface:tun0
02-24 19:55:51.453  2173  2362 I NetworkStats: ident:{type=VPN, subType=COMBINED, metered=true}
02-24 19:55:51.453  2173  2362 I NetworkStats: iface:wlan0
02-24 19:55:51.453  2173  2362 I NetworkStats: ident:{type=WIFI, subType=COMBINED, networkId="UPC2099091", metered=false}
02-24 19:55:51.470  2173  2362 W NetworkStatsRecorder: unknown interfaces [p2p0, lo, vt_data0], ignoring those stats
02-24 19:55:51.472  2173  2362 I chatty  : uid=1000(system) ConnectivitySer identical 2 lines
02-24 19:55:51.473  2173  2362 W NetworkStatsRecorder: unknown interfaces [p2p0, lo, vt_data0], ignoring those stats
02-24 19:55:51.476  2173  2362 I NetworkStats: NetworkIdentity: {type=WIFI, subType=COMBINED, networkId="UPC2099091", metered=false}
02-24 19:55:51.477  2173  2362 I NetworkStats: state.networkCapabilities: [ Transports: WIFI Capabilities: NOT_METERED&INTERNET&NOT_RESTRICTED&TRUSTED&NOT_VPN&VALIDATED&FOREGROUND LinkUpBandwidth>=1048576Kbps LinkDnBandwidth>=1048576Kbps SignalStrength: -68]
02-24 19:55:51.477  2173  2362 I NetworkStats: NetworkIdentity: {type=VPN, subType=COMBINED, metered=true}
02-24 19:55:51.477  2173  2362 I NetworkStats: state.networkCapabilities: [ Transports: VPN Capabilities: INTERNET&NOT_RESTRICTED&TRUSTED&VALIDATED&FOREGROUND]
02-24 19:55:51.477  2173  2362 I NetworkStats: iface:tun0
02-24 19:55:51.477  2173  2362 I NetworkStats: ident:{type=VPN, subType=COMBINED, metered=true}
02-24 19:55:51.477  2173  2362 I NetworkStats: iface:wlan0
02-24 19:55:51.477  2173  2362 I NetworkStats: ident:{type=WIFI, subType=COMBINED, networkId="UPC2099091", metered=false}
02-24 19:55:51.796  2173  2362 W NetworkStatsRecorder: unknown interfaces [p2p0, lo, vt_data0], ignoring those stats
02-24 19:55:51.797  2173  2362 I chatty  : uid=1000(system) ConnectivitySer identical 2 lines
02-24 19:55:51.798  2173  2362 W NetworkStatsRecorder: unknown interfaces [p2p0, lo, vt_data0], ignoring those stats
02-24 19:55:51.801  2173  2362 I NetworkStats: NetworkIdentity: {type=WIFI, subType=COMBINED, networkId="UPC2099091", metered=false}
02-24 19:55:51.801  2173  2362 I NetworkStats: state.networkCapabilities: [ Transports: WIFI Capabilities: NOT_METERED&INTERNET&NOT_RESTRICTED&TRUSTED&NOT_VPN&VALIDATED&FOREGROUND LinkUpBandwidth>=1048576Kbps LinkDnBandwidth>=1048576Kbps SignalStrength: -68]
02-24 19:55:51.801  2173  2362 I NetworkStats: iface:wlan0
02-24 19:55:51.801  2173  2362 I NetworkStats: ident:{type=WIFI, subType=COMBINED, networkId="UPC2099091", metered=false}
02-24 19:55:51.849  2173  2362 E ConnectivityService: Exception removing network: java.lang.IllegalStateException: command '12022 network destroy 445' failed with '400 12022 destroyNetwork() failed (No such file or directory)'
02-24 19:55:51.856  2173  5740 I AppWidgetServiceImpl: getAppWidgetIds() 0
02-24 19:55:52.106   407   407 E android.hardware.wifi@1.0-service: Invalid radio stats in link layer stats
02-24 19:55:52.390  2173  2362 E NetdConnector: NDC Command {12028 network interface add 446 tun0} took too long (515ms)
02-24 19:55:52.419  2173  2362 I NetworkStatsRecorder: recordSnapshotLocked: ident[[{type=WIFI, subType=COMBINED, networkId="UPC2099091", metered=false}]]
02-24 19:55:52.419  2173  2362 W NetworkStatsRecorder: unknown interfaces [p2p0, lo, tun0, vt_data0], ignoring those stats
02-24 19:55:52.419  2173  2362 I NetworkStatsRecorder: recordSnapshotLocked: ident[[{type=WIFI, subType=COMBINED, networkId="UPC2099091", metered=false}]]
02-24 19:55:52.419  2173  2362 W NetworkStatsRecorder: unknown interfaces [p2p0, lo, tun0, vt_data0], ignoring those stats
02-24 19:55:52.420  2173  2362 I NetworkStatsRecorder: recordSnapshotLocked: ident[[{type=WIFI, subType=COMBINED, networkId="UPC2099091", metered=false}]]
02-24 19:55:52.420  2173  2362 I NetworkStatsRecorder: recordSnapshotLocked: ident[[{type=WIFI, subType=COMBINED, networkId="UPC2099091", metered=false}]]
02-24 19:55:52.420  2173  2362 W NetworkStatsRecorder: unknown interfaces [p2p0, lo, tun0, vt_data0], ignoring those stats
02-24 19:55:52.421  2173  2362 W NetworkStatsRecorder: unknown interfaces [p2p0, lo, tun0, vt_data0], ignoring those stats
02-24 19:55:52.424  2173  2362 I NetworkStats: NetworkIdentity: {type=WIFI, subType=COMBINED, networkId="UPC2099091", metered=false}
02-24 19:55:52.424  2173  2362 I NetworkStats: state.networkCapabilities: [ Transports: WIFI Capabilities: NOT_METERED&INTERNET&NOT_RESTRICTED&TRUSTED&NOT_VPN&VALIDATED&FOREGROUND LinkUpBandwidth>=1048576Kbps LinkDnBandwidth>=1048576Kbps SignalStrength: -68]
02-24 19:55:52.424  2173  2362 I NetworkStats: NetworkIdentity: {type=VPN, subType=COMBINED, metered=true}
02-24 19:55:52.424  2173  2362 I NetworkStats: state.networkCapabilities: [ Transports: VPN Capabilities: INTERNET&NOT_RESTRICTED&TRUSTED&FOREGROUND]
02-24 19:55:52.424  2173  2362 I NetworkStats: iface:tun0
02-24 19:55:52.424  2173  2362 I NetworkStats: ident:{type=VPN, subType=COMBINED, metered=true}
02-24 19:55:52.424  2173  2362 I NetworkStats: iface:wlan0
02-24 19:55:52.424  2173  2362 I NetworkStats: ident:{type=WIFI, subType=COMBINED, networkId="UPC2099091", metered=false}
02-24 19:55:52.434  2173  2362 W NetworkStatsRecorder: unknown interfaces [p2p0, lo, vt_data0], ignoring those stats
02-24 19:55:52.435  2173  2362 I chatty  : uid=1000(system) ConnectivitySer identical 2 lines
02-24 19:55:52.436  2173  2362 W NetworkStatsRecorder: unknown interfaces [p2p0, lo, vt_data0], ignoring those stats
02-24 19:55:52.439  2173  2362 I NetworkStats: NetworkIdentity: {type=WIFI, subType=COMBINED, networkId="UPC2099091", metered=false}
02-24 19:55:52.440  2173  2362 I NetworkStats: state.networkCapabilities: [ Transports: WIFI Capabilities: NOT_METERED&INTERNET&NOT_RESTRICTED&TRUSTED&NOT_VPN&VALIDATED&FOREGROUND LinkUpBandwidth>=1048576Kbps LinkDnBandwidth>=1048576Kbps SignalStrength: -68]
02-24 19:55:52.440  2173  2362 I NetworkStats: NetworkIdentity: {type=VPN, subType=COMBINED, metered=true}
02-24 19:55:52.440  2173  2362 I NetworkStats: state.networkCapabilities: [ Transports: VPN Capabilities: INTERNET&NOT_RESTRICTED&TRUSTED&FOREGROUND]
02-24 19:55:52.440  2173  2362 I NetworkStats: iface:tun0
02-24 19:55:52.440  2173  2362 I NetworkStats: ident:{type=VPN, subType=COMBINED, metered=true}
02-24 19:55:52.440  2173  2362 I NetworkStats: iface:wlan0
02-24 19:55:52.440  2173  2362 I NetworkStats: ident:{type=WIFI, subType=COMBINED, networkId="UPC2099091", metered=false}
02-24 19:55:52.718  2173  2520 W Watchdog: **Get SF Time **0
02-24 19:55:52.719  2173  2520 W Watchdog: SWT Watchdog before synchronized:199719055
02-24 19:55:52.719  2173  2520 W Watchdog: SWT Watchdog after synchronized:199719055
02-24 19:55:53.162  2173  2316 W ContextImpl: Calling a method in the system process without a qualified user: android.app.ContextImpl.sendBroadcast:963 com.android.server.BatteryService$1.ExecuteThermalCamera:283 com.android.server.BatteryService$1.run:323 android.os.Handler.handleCallback:869 android.os.Handler.dispatchMessage:101 
02-24 19:55:55.124   407   407 E android.hardware.wifi@1.0-service: Invalid radio stats in link layer stats
02-24 19:55:56.985  2173  2323 I AlarmManager: [openLteGateByDataShaping] isDataShapingWhitelist: false,openLteGateSuccess = false
02-24 19:55:58.144   407   407 E android.hardware.wifi@1.0-service: Invalid radio stats in link layer stats
02-24 19:55:59.464  2173  3238 W ActivityManager: Unable to start service Intent { act=com.android.launcher3.WINDOW_OVERLAY dat=app://ch.deletescape.lawnchair.plah:10200?v=7&cv=9 pkg=com.google.android.googlequicksearchbox } U=0: not found
02-24 19:55:59.465  2173  5740 I AppWidgetServiceImpl: startListening() 0
02-24 19:55:59.470  2173  3901 I WindowManager: Relayout Window{3a29501 u0 ch.deletescape.lawnchair.plah/ch.deletescape.lawnchair.LawnchairLauncher}: oldVis=4 newVis=0 focusMayChange = true
02-24 19:56:00.000  2173  2323 I AlarmManager: [openLteGateByDataShaping] isDataShapingWhitelist: false,openLteGateSuccess = false
02-24 19:56:01.164   407   407 E android.hardware.wifi@1.0-service: Invalid radio stats in link layer stats
02-24 19:56:02.903  2173  2323 I AlarmManager: [openLteGateByDataShaping] isDataShapingWhitelist: false,openLteGateSuccess = false
02-24 19:56:04.094  2173  2323 I AlarmManager: [openLteGateByDataShaping] isDataShapingWhitelist: false,openLteGateSuccess = false
02-24 19:56:04.170   407   407 E android.hardware.wifi@1.0-service: Invalid radio stats in link layer stats
02-24 19:56:07.174   407   407 E android.hardware.wifi@1.0-service: Invalid radio stats in link layer stats
02-24 19:56:10.012  2173  3325 I ActivityManager: Killing 629:com.sonymobile.storagechecker/u0a59 (adj 906): empty #17
02-24 19:56:10.180   407   407 E android.hardware.wifi@1.0-service: Invalid radio stats in link layer stats
02-24 19:56:13.187   407   407 E android.hardware.wifi@1.0-service: Invalid radio stats in link layer stats
02-24 19:56:13.192  2173  2316 W ContextImpl: Calling a method in the system process without a qualified user: android.app.ContextImpl.sendBroadcast:963 com.android.server.BatteryService$1.ExecuteThermalCamera:283 com.android.server.BatteryService$1.run:323 android.os.Handler.handleCallback:869 android.os.Handler.dispatchMessage:101 
02-24 19:56:16.201   407   407 E android.hardware.wifi@1.0-service: Invalid radio stats in link layer stats
02-24 19:56:19.209   407   407 I chatty  : uid=1010 wifi@1.0-servic identical 1 line
02-24 19:56:22.224   407   407 E android.hardware.wifi@1.0-service: Invalid radio stats in link layer stats
02-24 19:56:22.720  2173  2520 W Watchdog: **Get SF Time **0
02-24 19:56:22.720  2173  2520 W Watchdog: SWT Watchdog before synchronized:199749056
02-24 19:56:22.720  2173  2520 W Watchdog: SWT Watchdog after synchronized:199749056
02-24 19:56:24.110  2173  2323 I AlarmManager: [openLteGateByDataShaping] isDataShapingWhitelist: false,openLteGateSuccess = false
02-24 19:56:25.233   407   407 E android.hardware.wifi@1.0-service: Invalid radio stats in link layer stats
02-24 19:56:31.257   407   407 I chatty  : uid=1010 wifi@1.0-servic identical 2 lines
02-24 19:56:32.794   407   407 E android.hardware.wifi@1.0-service: Invalid radio stats in link layer stats
02-24 19:56:33.217  2173  2316 W ContextImpl: Calling a method in the system process without a qualified user: android.app.ContextImpl.sendBroadcast:963 com.android.server.BatteryService$1.ExecuteThermalCamera:283 com.android.server.BatteryService$1.run:323 android.os.Handler.handleCallback:869 android.os.Handler.dispatchMessage:101 
02-24 19:56:33.620   407   407 E android.hardware.wifi@1.0-service: Invalid radio stats in link layer stats
02-24 19:56:34.263   407   407 I chatty  : uid=1010 wifi@1.0-servic identical 1 line
02-24 19:56:37.278   407   407 E android.hardware.wifi@1.0-service: Invalid radio stats in link layer stats
02-24 19:56:38.359  2173  2328 I ActivityManager: START u0 {act=android.intent.action.MAIN cat=[android.intent.category.HOME] flg=0x10200000 cmp=ch.deletescape.lawnchair.plah/ch.deletescape.lawnchair.LawnchairLauncher (has extras)} from uid 1000
02-24 19:56:40.284   407   407 E android.hardware.wifi@1.0-service: Invalid radio stats in link layer stats
02-24 19:56:49.346   407   407 I chatty  : uid=1010 wifi@1.0-servic identical 3 lines
02-24 19:56:52.373   407   407 E android.hardware.wifi@1.0-service: Invalid radio stats in link layer stats
02-24 19:56:52.721  2173  2520 W Watchdog: **Get SF Time **0
02-24 19:56:52.722  2173  2520 W Watchdog: SWT Watchdog before synchronized:199779058
02-24 19:56:52.722  2173  2520 W Watchdog: SWT Watchdog after synchronized:199779058
02-24 19:56:53.244  2173  2316 W ContextImpl: Calling a method in the system process without a qualified user: android.app.ContextImpl.sendBroadcast:963 com.android.server.BatteryService$1.ExecuteThermalCamera:283 com.android.server.BatteryService$1.run:323 android.os.Handler.handleCallback:869 android.os.Handler.dispatchMessage:101 
02-24 19:56:55.379   407   407 E android.hardware.wifi@1.0-service: Invalid radio stats in link layer stats
02-24 19:56:58.410   407   407 I chatty  : uid=1010 wifi@1.0-servic identical 2 lines
02-24 19:56:58.916   407   407 E android.hardware.wifi@1.0-service: Invalid radio stats in link layer stats
02-24 19:57:00.001  2173  2323 I AlarmManager: [openLteGateByDataShaping] isDataShapingWhitelist: false,openLteGateSuccess = false
02-24 19:57:01.424   407   407 E android.hardware.wifi@1.0-service: Invalid radio stats in link layer stats
02-24 19:57:04.115  2173  2323 I AlarmManager: [openLteGateByDataShaping] isDataShapingWhitelist: false,openLteGateSuccess = false
02-24 19:57:04.440   407   407 E android.hardware.wifi@1.0-service: Invalid radio stats in link layer stats
02-24 19:57:07.468   407   407 I chatty  : uid=1010 wifi@1.0-servic identical 1 line
02-24 19:57:10.475   407   407 E android.hardware.wifi@1.0-service: Invalid radio stats in link layer stats
02-24 19:57:13.262  2173  2316 W ContextImpl: Calling a method in the system process without a qualified user: android.app.ContextImpl.sendBroadcast:963 com.android.server.BatteryService$1.ExecuteThermalCamera:283 com.android.server.BatteryService$1.run:323 android.os.Handler.handleCallback:869 android.os.Handler.dispatchMessage:101 
02-24 19:57:13.514   407   407 E android.hardware.wifi@1.0-service: Invalid radio stats in link layer stats
02-24 19:57:16.538   407   407 I chatty  : uid=1010 wifi@1.0-servic identical 3 lines
02-24 19:57:18.304   407   407 E android.hardware.wifi@1.0-service: Invalid radio stats in link layer stats
02-24 19:57:18.309  2173  2190 E BatteryStatsService: no controller energy info supplied
02-24 19:57:19.552   407   407 E android.hardware.wifi@1.0-service: Invalid radio stats in link layer stats
02-24 19:57:22.568   407   407 E android.hardware.wifi@1.0-service: Invalid radio stats in link layer stats
02-24 19:57:22.722  2173  2520 W Watchdog: **Get SF Time **0
02-24 19:57:22.723  2173  2520 W Watchdog: SWT Watchdog before synchronized:199809059
02-24 19:57:22.723  2173  2520 W Watchdog: SWT Watchdog after synchronized:199809059
02-24 19:57:25.605   407   407 E android.hardware.wifi@1.0-service: Invalid radio stats in link layer stats
02-24 19:57:26.350  2173  3325 I ActivityManager: START u0 {act=android.intent.action.MAIN cat=[android.intent.category.LAUNCHER] flg=0x10200000 cmp=com.sonyericsson.organizer/.Organizer bnds=[161,281][294,498]} from uid 10200
02-24 19:57:26.488  2173  5361 I ActivityManager: START u0 {act=android.content.pm.action.REQUEST_PERMISSIONS pkg=com.google.android.packageinstaller cmp=com.google.android.packageinstaller/com.android.packageinstaller.permission.ui.GrantPermissionsActivity (has extras)} from uid 10056
02-24 19:57:26.864  2173  5361 I WindowManager: Relayout Window{7609488 u0 com.sonyericsson.organizer/com.sonyericsson.organizer.Organizer}: oldVis=4 newVis=0 focusMayChange = true
02-24 19:57:27.131  2173  5361 I AppWidgetServiceImpl: stopListening() 0
02-24 19:57:28.617   407   407 E android.hardware.wifi@1.0-service: Invalid radio stats in link layer stats
02-24 19:57:30.422   407   407 E android.hardware.wifi@1.0-service: Invalid radio stats in link layer stats
02-24 19:57:30.479  2173  5361 I WindowManager: Relayout Window{a53a278 u0 InputMethod}: oldVis=8 newVis=0 focusMayChange = true
02-24 19:57:31.631   407   407 E android.hardware.wifi@1.0-service: Invalid radio stats in link layer stats
02-24 19:57:33.282  2173  2316 W ContextImpl: Calling a method in the system process without a qualified user: android.app.ContextImpl.sendBroadcast:963 com.android.server.BatteryService$1.ExecuteThermalCamera:283 com.android.server.BatteryService$1.run:323 android.os.Handler.handleCallback:869 android.os.Handler.dispatchMessage:101 
02-24 19:57:34.326  2173  8725 I NotificationService: enqueueToast pkg=com.sonyericsson.organizer callback=android.app.ITransientNotification$Stub$Proxy@70dbdcf duration=1
02-24 19:57:34.334  2173  8725 I NotificationService: enqueueToast pkg=com.sonyericsson.organizer callback=android.app.ITransientNotification$Stub$Proxy@7ab7665 duration=1
02-24 19:57:34.343  2173  7571 I NotificationService: cancelToast pkg=com.sonyericsson.organizer callback=android.app.ITransientNotification$Stub$Proxy@45267eb
02-24 19:57:34.343  2173  7571 W WindowManager: removeWindowToken: Attempted to remove non-existing token: android.os.Binder@dc9135c
02-24 19:57:34.644   407   407 E android.hardware.wifi@1.0-service: Invalid radio stats in link layer stats
02-24 19:57:37.666   407   407 E android.hardware.wifi@1.0-service: Invalid radio stats in link layer stats
02-24 19:57:37.827  2173  2329 I PowerManagerService: Going to sleep due to power button (uid 1000)...
02-24 19:57:37.830  2173  2197 I PowerManagerService: Sleeping (uid 1000)...
02-24 19:57:37.875  2173  2173 W WindowManager: removeWindowToken: Attempted to remove non-existing token: android.os.Binder@9325f3a
02-24 19:57:38.356  2173  2197 I DisplayPowerController: Blocking screen off
02-24 19:57:38.388  2173  2197 I DisplayPowerController: Unblocked screen off after 32 ms
02-24 19:57:38.441  2173  2194 I DisplayManagerService: Display device changed state: "Vstavan obrazovka", OFF
02-24 19:57:38.447   407   407 E android.hardware.wifi@1.0-service: Invalid radio stats in link layer stats
02-24 19:57:38.454  2173  2323 I AlarmManager: [openLteGateByDataShaping] isDataShapingWhitelist: false,openLteGateSuccess = false
02-24 19:57:38.499  2425  2425 I EmergencyButton: ss.getState()=1 ss.isEmergencyOnly()=true for simId=0
02-24 19:57:38.500  2425  2425 I EmergencyButton: mLocateAtNonSecureView = false
02-24 19:57:38.500  2425  2425 I EmergencyButton: show = true --> visible= true, antiTheftLocked=false, mEmergencyButtonExt.showEccInNonSecureUnlock() =false, eccShouldShow=true
02-24 19:57:38.552  2425  2425 I EmergencyButton: ss.getState()=1 ss.isEmergencyOnly()=true for simId=0
02-24 19:57:38.554  2425  2425 I EmergencyButton: mLocateAtNonSecureView = false
02-24 19:57:38.554  2425  2425 I EmergencyButton: show = true --> visible= true, antiTheftLocked=false, mEmergencyButtonExt.showEccInNonSecureUnlock() =false, eccShouldShow=true
02-24 19:57:38.561  2425  2425 I EmergencyButton: ss.getState()=1 ss.isEmergencyOnly()=true for simId=0
02-24 19:57:38.562  2425  2425 I EmergencyButton: mLocateAtNonSecureView = false
02-24 19:57:38.562  2425  2425 I EmergencyButton: show = true --> visible= true, antiTheftLocked=false, mEmergencyButtonExt.showEccInNonSecureUnlock() =false, eccShouldShow=true
02-24 19:57:38.566  2425  2425 I EmergencyButton: ss.getState()=1 ss.isEmergencyOnly()=true for simId=0
02-24 19:57:38.567  2425  2425 I EmergencyButton: mLocateAtNonSecureView = false
02-24 19:57:38.567  2425  2425 I EmergencyButton: show = true --> visible= true, antiTheftLocked=false, mEmergencyButtonExt.showEccInNonSecureUnlock() =false, eccShouldShow=true
02-24 19:57:38.607  2425  2425 I EmergencyButton: ss.getState()=1 ss.isEmergencyOnly()=true for simId=0
02-24 19:57:38.608  2425  2425 I EmergencyButton: mLocateAtNonSecureView = true
02-24 19:57:38.608  2425  2425 I EmergencyButton: ECC Button is located on Notification Keygaurd and OP do not ask to show. So this is a normal case ,we never show it.
02-24 19:57:38.608  2425  2425 I EmergencyButton: If the button is on NotificationKeyguard and will not show, we should just set it View.GONE to give more space to IndicationText.
02-24 19:57:38.612  2425  2425 I EmergencyButton: ss.getState()=1 ss.isEmergencyOnly()=true for simId=0
02-24 19:57:38.613  2425  2425 I EmergencyButton: mLocateAtNonSecureView = false
02-24 19:57:38.613  2425  2425 I EmergencyButton: show = true --> visible= true, antiTheftLocked=false, mEmergencyButtonExt.showEccInNonSecureUnlock() =false, eccShouldShow=true
02-24 19:57:38.617  2425  2425 I EmergencyButton: ss.getState()=1 ss.isEmergencyOnly()=true for simId=0
02-24 19:57:38.618  2425  2425 I EmergencyButton: mLocateAtNonSecureView = false
02-24 19:57:38.618  2425  2425 I EmergencyButton: show = true --> visible= true, antiTheftLocked=false, mEmergencyButtonExt.showEccInNonSecureUnlock() =false, eccShouldShow=true
02-24 19:57:38.643  2173  2187 W BroadcastQueue: Background execution not allowed: receiving Intent { act=android.intent.action.DROPBOX_ENTRY_ADDED flg=0x10 (has extras) } to com.google.android.gms/.stats.service.DropBoxEntryAddedReceiver
02-24 19:57:38.645  2173  2187 W BroadcastQueue: Background execution not allowed: receiving Intent { act=android.intent.action.DROPBOX_ENTRY_ADDED flg=0x10 (has extras) } to com.google.android.gms/.chimera.GmsIntentOperationService$PersistentTrustedReceiver
02-24 19:57:38.654  2173  5361 W BroadcastQueue: Background execution not allowed: receiving Intent { act=android.intent.action.DROPBOX_ENTRY_ADDED flg=0x10 (has extras) } to com.google.android.gms/.stats.service.DropBoxEntryAddedReceiver
02-24 19:57:38.656  2173  2187 W BroadcastQueue: Background execution not allowed: receiving Intent { act=android.intent.action.DROPBOX_ENTRY_ADDED flg=0x10 (has extras) } to com.google.android.gms/.chimera.GmsIntentOperationService$PersistentTrustedReceiver
02-24 19:57:40.633  2173  5361 I AppWidgetServiceImpl: getAppWidgetIds() 0
02-24 19:57:45.721  2173  2323 I AlarmManager: [openLteGateByDataShaping] isDataShapingWhitelist: false,openLteGateSuccess = false
02-24 19:57:48.090  2173  2173 I HallObserver: Hall state changed=0
02-24 19:57:48.210  2173  2173 I HallObserver: Hall state changed=1
02-24 19:57:48.213  2173  2173 E PowerManagerService: catHall-mHallState:1
02-24 19:57:48.214  2173  2173 I PowerManagerService: Waking up from sleep (uid 1000)...
02-24 19:57:48.224  2173  2173 W ContextImpl: Calling a method in the system process without a qualified user: android.app.ContextImpl.sendBroadcast:963 com.android.server.HallObserver.handleHallStateChange:196 com.android.server.HallObserver.-wrap0:0 com.android.server.HallObserver$1.handleMessage:263 android.os.Handler.dispatchMessage:108 
02-24 19:57:48.266  2173  2197 I DisplayPowerController: Blocking screen on until initial contents have been drawn.
02-24 19:57:48.285   407   407 E android.hardware.wifi@1.0-service: Invalid radio stats in link layer stats
02-24 19:57:48.287  2173  2188 I WindowManager: Waiting for drawn Window{65fb244 u0 StatusBar}: removed=false visible=true mHasSurface=true drawState=1
02-24 19:57:48.291  2173  2266 I WindowManager: Waiting for drawn Window{65fb244 u0 StatusBar}: removed=false visible=true mHasSurface=true drawState=1
02-24 19:57:48.293  2173  2194 I DisplayManagerService: Display device changed state: "Vstavan obrazovka", ON
02-24 19:57:48.355  2173  2266 I WindowManager: Waiting for drawn Window{65fb244 u0 StatusBar}: removed=false visible=true mHasSurface=true drawState=1
02-24 19:57:48.362  2173  2266 I WindowManager: Waiting for drawn Window{65fb244 u0 StatusBar}: removed=false visible=true mHasSurface=true drawState=4
02-24 19:57:48.366  2173  2197 I DisplayPowerController: Unblocked screen on after 100 ms
02-24 19:57:48.532  2173  2197 W PowerManagerService: Screen on took 322 ms
02-24 19:57:48.988  2173  8725 I AppWidgetServiceImpl: getAppWidgetIds() 0
02-24 19:57:49.367  2173  7571 W AlarmManager: Window length 1152921504606846975ms suspiciously long; limiting to 1 hour
02-24 19:57:50.926  2173  2329 I PowerManagerService: Going to sleep due to power button (uid 1000)...
02-24 19:57:50.927  2173  2197 I PowerManagerService: Sleeping (uid 1000)...
02-24 19:57:51.305   407   407 E android.hardware.wifi@1.0-service: Invalid radio stats in link layer stats
02-24 19:57:51.449  2173  2197 I DisplayPowerController: Blocking screen off
02-24 19:57:51.464  2173  2197 I DisplayPowerController: Unblocked screen off after 14 ms
02-24 19:57:51.506  2173  2194 I DisplayManagerService: Display device changed state: "Vstavan obrazovka", OFF
02-24 19:57:51.562   407   407 E android.hardware.wifi@1.0-service: Invalid radio stats in link layer stats
02-24 19:57:51.927  2173 10092 I AppWidgetServiceImpl: getAppWidgetIds() 0
02-24 19:57:52.726  2173  2520 W Watchdog: **Get SF Time **0
02-24 19:57:52.726  2173  2520 W Watchdog: SWT Watchdog before synchronized:199839063
02-24 19:57:52.727  2173  2520 W Watchdog: SWT Watchdog after synchronized:199839063
02-24 19:57:53.304  2173  2316 W ContextImpl: Calling a method in the system process without a qualified user: android.app.ContextImpl.sendBroadcast:963 com.android.server.BatteryService$1.ExecuteThermalCamera:283 com.android.server.BatteryService$1.run:323 android.os.Handler.handleCallback:869 android.os.Handler.dispatchMessage:101 
02-24 20:00:11.835   407   407 E android.hardware.wifi@1.0-service: Invalid radio stats in link layer stats
02-24 20:00:11.867   407   407 E android.hardware.wifi@1.0-service: Invalid radio stats in link layer stats
02-24 20:00:52.039  2173  2323 I AlarmManager: [openLteGateByDataShaping] isDataShapingWhitelist: false,openLteGateSuccess = true
02-24 20:00:52.132   407   407 E android.hardware.wifi@1.0-service: Invalid radio stats in link layer stats
02-24 20:02:12.755  2173  2329 E WindowManager: catHall-mHallState:1
02-24 20:02:12.756  2173  2329 E PowerManagerService: catHall-mHallState:1
02-24 20:02:12.756  2173  2329 I PowerManagerService: Waking up from sleep (uid 1000)...
02-24 20:02:12.807  2173  2173 I AlarmManager: [openLteGateByDataShaping] isDataShapingWhitelist: false,openLteGateSuccess = false
02-24 20:02:12.809  2173  2197 I DisplayPowerController: Blocking screen on until initial contents have been drawn.
02-24 20:02:12.828  2173  2188 I WindowManager: Waiting for drawn Window{65fb244 u0 StatusBar}: removed=false visible=true mHasSurface=true drawState=1
02-24 20:02:12.832  2173  2266 I WindowManager: Waiting for drawn Window{65fb244 u0 StatusBar}: removed=false visible=true mHasSurface=true drawState=1
02-24 20:02:12.875  2173  2194 I DisplayManagerService: Display device changed state: "Vstavan obrazovka", ON
02-24 20:02:12.878   407   407 E android.hardware.wifi@1.0-service: Invalid radio stats in link layer stats
02-24 20:02:12.934  2173  2266 I WindowManager: Waiting for drawn Window{65fb244 u0 StatusBar}: removed=false visible=true mHasSurface=true drawState=4
02-24 20:02:12.948  2173  2197 I DisplayPowerController: Unblocked screen on after 139 ms
02-24 20:02:13.128  2173  2197 W PowerManagerService: Screen on took 412 ms
02-24 20:02:13.771  2173  8725 I AppWidgetServiceImpl: getAppWidgetIds() 0
02-24 20:02:14.896  2173  5740 I WindowManager: Relayout Window{f8b9efa u0 NavigationBar}: oldVis=8 newVis=0 focusMayChange = true
02-24 20:02:15.634  2173  5740 I TraceKeyguard: Call verifyChallenge to get GateKeeperResponse
02-24 20:02:15.696  2173  5740 I TraceKeyguard: Got GateKeeperResponse done, ResponseCode = 0, Response timeout = 0
02-24 20:02:15.701  2173  5740 I LockSettingsService: Unlocking user 0 with token length 69
02-24 20:02:15.702  2173  5740 W ActivityManager: Expected user 0 in state RUNNING_LOCKED but was in state RUNNING_UNLOCKED
02-24 20:02:15.922   407   407 E android.hardware.wifi@1.0-service: Invalid radio stats in link layer stats
02-24 20:02:15.986  2173  2187 W BroadcastQueue: Background execution not allowed: receiving Intent { act=android.intent.action.DROPBOX_ENTRY_ADDED flg=0x10 (has extras) } to com.google.android.gms/.stats.service.DropBoxEntryAddedReceiver
02-24 20:02:15.987  2173  2187 W BroadcastQueue: Background execution not allowed: receiving Intent { act=android.intent.action.DROPBOX_ENTRY_ADDED flg=0x10 (has extras) } to com.google.android.gms/.chimera.GmsIntentOperationService$PersistentTrustedReceiver
02-24 20:02:16.027  2173  3325 W BroadcastQueue: Background execution not allowed: receiving Intent { act=android.intent.action.USER_PRESENT flg=0x24200010 } to com.google.android.gms/.auth.setup.devicesignals.LockScreenReceiver
02-24 20:02:16.038  2173  2187 W BroadcastQueue: Background execution not allowed: receiving Intent { act=android.intent.action.USER_PRESENT flg=0x24200010 } to com.google.android.gms/.chimera.GmsIntentOperationService$PersistentTrustedReceiver
