02-24 20:13:08.832 12280 12280 E ActivityThread: 	at android.os.Looper.loop(Looper.java:206)
02-24 20:13:08.832 12280 12280 E ActivityThread: 	at android.app.ActivityThread.main(ActivityThread.java:6749)
02-24 20:13:08.832 12280 12280 E ActivityThread: 	at java.lang.reflect.Method.invoke(Native Method)
02-24 20:13:08.832 12280 12280 E ActivityThread: 	at com.android.internal.os.Zygote$MethodAndArgsCaller.run(Zygote.java:240)
02-24 20:13:08.832 12280 12280 E ActivityThread: 	at com.android.internal.os.ZygoteInit.main(ZygoteInit.java:845)
02-24 20:13:08.834  2173  5361 I ActivityManager: Killing 6646:com.google.android.webview:sandboxed_process0/u0a291i295 (adj 903): cached #17
02-24 20:13:08.836  2173  7571 W ActivityManager: Background start not allowed: service Intent { cmp=ch.deletescape.lawnchair.plah/ch.deletescape.lawnchair.bugreport.BugReportService } to ch.deletescape.lawnchair.plah/ch.deletescape.lawnchair.bugreport.BugReportService from pid=29208 uid=10200 pkg=ch.deletescape.lawnchair.plah
02-24 20:13:08.932  2173  5361 W ActivityManager: Scheduling restart of crashed service mark.via.gp/org.chromium.content.app.SandboxedProcessService0 in 1000ms
02-24 20:13:09.482  2173  2362 E ConnectivityService: RemoteException caught trying to send a callback msg for NetworkRequest [ LISTEN id=1769, [ Capabilities: INTERNET&NOT_RESTRICTED&TRUSTED&FOREGROUND] ]
02-24 20:13:09.486  2173  8323 I ActivityManager: Process mark.via.gp (pid 6586) has died: cch+3CAC 
02-24 20:13:09.486  2173 10093 I WindowManager: WIN DEATH: Window{218f3a9 u0 mark.via.gp/mark.via.Shell}
02-24 20:13:09.497  2173  2194 W ActivityManager: setHasOverlayUi called on unknown pid: 6586
02-24 20:13:09.677   407   407 E android.hardware.wifi@1.0-service: Invalid radio stats in link layer stats
02-24 20:13:21.738   407   407 I chatty  : uid=1010 wifi@1.0-servic identical 5 lines
02-24 20:13:24.748   407   407 E android.hardware.wifi@1.0-service: Invalid radio stats in link layer stats
02-24 20:13:24.842  2173  2520 W Watchdog: **Get SF Time **0
02-24 20:13:24.845  2173  2520 W Watchdog: SWT Watchdog before synchronized:200139088
02-24 20:13:24.845  2173  2520 W Watchdog: SWT Watchdog after synchronized:200139088
02-24 20:13:25.736  2173  2316 W ContextImpl: Calling a method in the system process without a qualified user: android.app.ContextImpl.sendBroadcast:963 com.android.server.BatteryService$1.ExecuteThermalCamera:283 com.android.server.BatteryService$1.run:323 android.os.Handler.handleCallback:869 android.os.Handler.dispatchMessage:101 
02-24 20:13:27.765   407   407 E android.hardware.wifi@1.0-service: Invalid radio stats in link layer stats
02-24 20:13:39.825   407   407 I chatty  : uid=1010 wifi@1.0-servic identical 5 lines
02-24 20:13:42.840   407   407 E android.hardware.wifi@1.0-service: Invalid radio stats in link layer stats
02-24 20:13:45.754  2173  2316 W ContextImpl: Calling a method in the system process without a qualified user: android.app.ContextImpl.sendBroadcast:963 com.android.server.BatteryService$1.ExecuteThermalCamera:283 com.android.server.BatteryService$1.run:323 android.os.Handler.handleCallback:869 android.os.Handler.dispatchMessage:101 
02-24 20:13:45.852   407   407 E android.hardware.wifi@1.0-service: Invalid radio stats in link layer stats
02-24 20:13:48.865   407   407 I chatty  : uid=1010 wifi@1.0-servic identical 2 lines
02-24 20:13:51.875   407   407 E android.hardware.wifi@1.0-service: Invalid radio stats in link layer stats
02-24 20:13:54.846  2173  2520 W Watchdog: **Get SF Time **0
02-24 20:13:54.846  2173  2520 W Watchdog: SWT Watchdog before synchronized:200169089
02-24 20:13:54.846  2173  2520 W Watchdog: SWT Watchdog after synchronized:200169089
02-24 20:13:54.890   407   407 E android.hardware.wifi@1.0-service: Invalid radio stats in link layer stats
02-24 20:13:57.902   407   407 E android.hardware.wifi@1.0-service: Invalid radio stats in link layer stats
02-24 20:14:00.001  2173  2323 I AlarmManager: [openLteGateByDataShaping] isDataShapingWhitelist: false,openLteGateSuccess = false
02-24 20:14:00.917   407   407 E android.hardware.wifi@1.0-service: Invalid radio stats in link layer stats
02-24 20:14:03.935   407   407 E android.hardware.wifi@1.0-service: Invalid radio stats in link layer stats
02-24 20:14:05.775  2173  2316 W ContextImpl: Calling a method in the system process without a qualified user: android.app.ContextImpl.sendBroadcast:963 com.android.server.BatteryService$1.ExecuteThermalCamera:283 com.android.server.BatteryService$1.run:323 android.os.Handler.handleCallback:869 android.os.Handler.dispatchMessage:101 
02-24 20:14:06.815   407   407 E android.hardware.wifi@1.0-service: Invalid radio stats in link layer stats
02-24 20:14:12.971   407   407 I chatty  : uid=1010 wifi@1.0-servic identical 3 lines
02-24 20:14:15.988   407   407 E android.hardware.wifi@1.0-service: Invalid radio stats in link layer stats
02-24 20:14:17.641  2173  2197 I PowerManagerService: Nap time (uid 1000)...
02-24 20:14:17.647  2173  2197 I PowerManagerService: handleSandman: Bed time and goToSleepNoUpdateLocked
02-24 20:14:17.648  2173  2197 I PowerManagerService: Going to sleep due to screen timeout (uid 1000)...
02-24 20:14:17.655  2173  2197 I PowerManagerService: Sleeping (uid 1000)...
02-24 20:14:18.174  2173  2197 I DisplayPowerController: Blocking screen off
02-24 20:14:18.216  2173  2197 I DisplayPowerController: Unblocked screen off after 41 ms
02-24 20:14:18.241  2173  2194 I DisplayManagerService: Display device changed state: "Vstavan obrazovka", OFF
02-24 20:14:18.271   407   407 E android.hardware.wifi@1.0-service: Invalid radio stats in link layer stats
02-24 20:14:18.690  2173  7571 I AppWidgetServiceImpl: getAppWidgetIds() 0
02-24 20:14:23.041  2173  2323 I AlarmManager: [openLteGateByDataShaping] isDataShapingWhitelist: false,openLteGateSuccess = false
02-24 20:14:23.156  2425  2425 I EmergencyButton: ss.getState()=1 ss.isEmergencyOnly()=true for simId=0
02-24 20:14:23.157  2425  2425 I EmergencyButton: mLocateAtNonSecureView = false
02-24 20:14:23.157  2425  2425 I EmergencyButton: show = true --> visible= true, antiTheftLocked=false, mEmergencyButtonExt.showEccInNonSecureUnlock() =false, eccShouldShow=true
02-24 20:14:23.203  2425  2425 I EmergencyButton: ss.getState()=1 ss.isEmergencyOnly()=true for simId=0
02-24 20:14:23.203   407   407 E android.hardware.wifi@1.0-service: Invalid radio stats in link layer stats
02-24 20:14:23.205  2425  2425 I EmergencyButton: mLocateAtNonSecureView = false
02-24 20:14:23.205  2425  2425 I EmergencyButton: show = true --> visible= true, antiTheftLocked=false, mEmergencyButtonExt.showEccInNonSecureUnlock() =false, eccShouldShow=true
02-24 20:14:23.210  2425  2425 I EmergencyButton: ss.getState()=1 ss.isEmergencyOnly()=true for simId=0
02-24 20:14:23.211  2425  2425 I EmergencyButton: mLocateAtNonSecureView = false
02-24 20:14:23.212  2425  2425 I EmergencyButton: show = true --> visible= true, antiTheftLocked=false, mEmergencyButtonExt.showEccInNonSecureUnlock() =false, eccShouldShow=true
02-24 20:14:23.216  2425  2425 I EmergencyButton: ss.getState()=1 ss.isEmergencyOnly()=true for simId=0
02-24 20:14:23.217  2425  2425 I EmergencyButton: mLocateAtNonSecureView = false
02-24 20:14:23.217  2425  2425 I EmergencyButton: show = true --> visible= true, antiTheftLocked=false, mEmergencyButtonExt.showEccInNonSecureUnlock() =false, eccShouldShow=true
02-24 20:14:23.279  2425  2425 I EmergencyButton: ss.getState()=1 ss.isEmergencyOnly()=true for simId=0
02-24 20:14:23.281  2425  2425 I EmergencyButton: mLocateAtNonSecureView = true
02-24 20:14:23.281  2425  2425 I EmergencyButton: ECC Button is located on Notification Keygaurd and OP do not ask to show. So this is a normal case ,we never show it.
02-24 20:14:23.281  2425  2425 I EmergencyButton: If the button is on NotificationKeyguard and will not show, we should just set it View.GONE to give more space to IndicationText.
02-24 20:14:23.286  2425  2425 I EmergencyButton: ss.getState()=1 ss.isEmergencyOnly()=true for simId=0
02-24 20:14:23.288  2425  2425 I EmergencyButton: mLocateAtNonSecureView = false
02-24 20:14:23.288  2425  2425 I EmergencyButton: show = true --> visible= true, antiTheftLocked=false, mEmergencyButtonExt.showEccInNonSecureUnlock() =false, eccShouldShow=true
02-24 20:14:23.295  2425  2425 I EmergencyButton: ss.getState()=1 ss.isEmergencyOnly()=true for simId=0
02-24 20:14:23.297  2425  2425 I EmergencyButton: mLocateAtNonSecureView = false
02-24 20:14:23.297  2425  2425 I EmergencyButton: show = true --> visible= true, antiTheftLocked=false, mEmergencyButtonExt.showEccInNonSecureUnlock() =false, eccShouldShow=true
02-24 20:14:23.342  2173  2187 W BroadcastQueue: Background execution not allowed: receiving Intent { act=android.intent.action.DROPBOX_ENTRY_ADDED flg=0x10 (has extras) } to com.google.android.gms/.stats.service.DropBoxEntryAddedReceiver
02-24 20:14:23.343  2173  2187 W BroadcastQueue: Background execution not allowed: receiving Intent { act=android.intent.action.DROPBOX_ENTRY_ADDED flg=0x10 (has extras) } to com.google.android.gms/.chimera.GmsIntentOperationService$PersistentTrustedReceiver
02-24 20:14:23.355  2173  8323 W BroadcastQueue: Background execution not allowed: receiving Intent { act=android.intent.action.DROPBOX_ENTRY_ADDED flg=0x10 (has extras) } to com.google.android.gms/.stats.service.DropBoxEntryAddedReceiver
02-24 20:14:23.358  2173  2187 W BroadcastQueue: Background execution not allowed: receiving Intent { act=android.intent.action.DROPBOX_ENTRY_ADDED flg=0x10 (has extras) } to com.google.android.gms/.chimera.GmsIntentOperationService$PersistentTrustedReceiver
02-24 20:15:41.952  2173  2329 E WindowManager: catHall-mHallState:1
02-24 20:15:41.953  2173  2329 E PowerManagerService: catHall-mHallState:1
02-24 20:15:41.953  2173  2329 I PowerManagerService: Waking up from sleep (uid 1000)...
02-24 20:15:42.024  2173  2173 I AlarmManager: [openLteGateByDataShaping] isDataShapingWhitelist: false,openLteGateSuccess = false
02-24 20:15:42.035  2173  2197 I DisplayPowerController: Blocking screen on until initial contents have been drawn.
02-24 20:15:42.054  2173  2188 I WindowManager: Waiting for drawn Window{65fb244 u0 StatusBar}: removed=false visible=true mHasSurface=true drawState=1
02-24 20:15:42.057  2173  2266 I WindowManager: Waiting for drawn Window{65fb244 u0 StatusBar}: removed=false visible=true mHasSurface=true drawState=1
02-24 20:15:42.071   407   407 E android.hardware.wifi@1.0-service: Invalid radio stats in link layer stats
02-24 20:15:42.078  2173  2194 I DisplayManagerService: Display device changed state: "Vstavan obrazovka", ON
02-24 20:15:42.127  2173  2266 I WindowManager: Waiting for drawn Window{65fb244 u0 StatusBar}: removed=false visible=true mHasSurface=true drawState=4
02-24 20:15:42.137  2173  2197 I DisplayPowerController: Unblocked screen on after 103 ms
02-24 20:15:42.341  2173 10093 W PowerManagerService: Screen on took 429 ms
02-24 20:15:42.725  2173 10092 I AppWidgetServiceImpl: getAppWidgetIds() 0
02-24 20:15:43.742  2173  7571 I WindowManager: Relayout Window{f8b9efa u0 NavigationBar}: oldVis=8 newVis=0 focusMayChange = true
02-24 20:15:44.090  2173  2323 I AlarmManager: [openLteGateByDataShaping] isDataShapingWhitelist: false,openLteGateSuccess = false
02-24 20:15:44.698  2173  5361 I TraceKeyguard: Call verifyChallenge to get GateKeeperResponse
02-24 20:15:44.780  2173  5361 I TraceKeyguard: Got GateKeeperResponse done, ResponseCode = 0, Response timeout = 0
02-24 20:15:44.787  2173  5361 I LockSettingsService: Unlocking user 0 with token length 69
02-24 20:15:44.788  2173  5361 W ActivityManager: Expected user 0 in state RUNNING_LOCKED but was in state RUNNING_UNLOCKED
02-24 20:15:45.018  2173  2187 W BroadcastQueue: Background execution not allowed: receiving Intent { act=android.intent.action.DROPBOX_ENTRY_ADDED flg=0x10 (has extras) } to com.google.android.gms/.stats.service.DropBoxEntryAddedReceiver
02-24 20:15:45.026  2173  2187 W BroadcastQueue: Background execution not allowed: receiving Intent { act=android.intent.action.DROPBOX_ENTRY_ADDED flg=0x10 (has extras) } to com.google.android.gms/.chimera.GmsIntentOperationService$PersistentTrustedReceiver
02-24 20:15:45.072  2173  8060 W BroadcastQueue: Background execution not allowed: receiving Intent { act=android.intent.action.DROPBOX_ENTRY_ADDED flg=0x10 (has extras) } to com.google.android.gms/.stats.service.DropBoxEntryAddedReceiver
02-24 20:15:45.085  2173  2187 W BroadcastQueue: Background execution not allowed: receiving Intent { act=android.intent.action.DROPBOX_ENTRY_ADDED flg=0x10 (has extras) } to com.google.android.gms/.chimera.GmsIntentOperationService$PersistentTrustedReceiver
02-24 20:15:45.105  2173  8060 W BroadcastQueue: Background execution not allowed: receiving Intent { act=android.intent.action.USER_PRESENT flg=0x24200010 } to com.google.android.gms/.auth.setup.devicesignals.LockScreenReceiver
02-24 20:15:45.110   407   407 E android.hardware.wifi@1.0-service: Invalid radio stats in link layer stats
02-24 20:15:45.118  2173  2187 W BroadcastQueue: Background execution not allowed: receiving Intent { act=android.intent.action.USER_PRESENT flg=0x24200010 } to com.google.android.gms/.chimera.GmsIntentOperationService$PersistentTrustedReceiver
02-24 20:15:45.125  2173  2187 W BroadcastQueue: Permission Denial: broadcasting Intent { act=android.intent.action.USER_PRESENT flg=0x24200010 } from com.android.systemui (pid=2425, uid=10068) is not exported from uid 10050 due to receiver com.sonymobile.mx.android/.receivers.StopMessageReceiver
02-24 20:15:45.199  2173 10092 I WindowManager: Relayout Window{7609488 u0 com.sonyericsson.organizer/com.sonyericsson.organizer.Organizer}: oldVis=4 newVis=0 focusMayChange = true
02-24 20:15:45.205  2173  5740 W BroadcastQueue: Background execution not allowed: receiving Intent { act=android.intent.action.USER_PRESENT flg=0x24200010 } to com.brave.browser/org.chromium.chrome.browser.sharing.click_to_call.ClickToCallMessageHandler$PhoneUnlockedReceiver
02-24 20:15:45.244  2173  5740 W BroadcastQueue: Background execution not allowed: receiving Intent { act=android.intent.action.USER_PRESENT flg=0x24200010 } to com.vivaldi.browser/org.chromium.chrome.browser.sharing.click_to_call.ClickToCallMessageHandler$PhoneUnlockedReceiver
02-24 20:15:46.330  2173  2520 W Watchdog: **Get SF Time **0
02-24 20:15:46.330  2173  2520 W Watchdog: SWT Watchdog before synchronized:200199091
02-24 20:15:46.330  2173  2520 W Watchdog: SWT Watchdog after synchronized:200199091
02-24 20:15:47.277  2173  2316 W ContextImpl: Calling a method in the system process without a qualified user: android.app.ContextImpl.sendBroadcast:963 com.android.server.BatteryService$1.ExecuteThermalCamera:283 com.android.server.BatteryService$1.run:323 android.os.Handler.handleCallback:869 android.os.Handler.dispatchMessage:101 
02-24 20:15:48.119   407   407 E android.hardware.wifi@1.0-service: Invalid radio stats in link layer stats
02-24 20:15:54.555   407   407 I chatty  : uid=1010 wifi@1.0-servic identical 3 lines
02-24 20:15:57.159   407   407 E android.hardware.wifi@1.0-service: Invalid radio stats in link layer stats
02-24 20:16:00.001  2173  2323 I AlarmManager: [openLteGateByDataShaping] isDataShapingWhitelist: false,openLteGateSuccess = false
02-24 20:16:00.173   407   407 E android.hardware.wifi@1.0-service: Invalid radio stats in link layer stats
02-24 20:16:00.251  2173  2323 I AlarmManager: [openLteGateByDataShaping] isDataShapingWhitelist: false,openLteGateSuccess = false
02-24 20:16:02.077  2173  2323 I AlarmManager: [openLteGateByDataShaping] isDataShapingWhitelist: false,openLteGateSuccess = false
02-24 20:16:03.185   407   407 E android.hardware.wifi@1.0-service: Invalid radio stats in link layer stats
02-24 20:16:04.087  2173  2323 I AlarmManager: [openLteGateByDataShaping] isDataShapingWhitelist: false,openLteGateSuccess = true
02-24 20:16:06.192   407   407 E android.hardware.wifi@1.0-service: Invalid radio stats in link layer stats
02-24 20:16:07.302  2173  2316 W ContextImpl: Calling a method in the system process without a qualified user: android.app.ContextImpl.sendBroadcast:963 com.android.server.BatteryService$1.ExecuteThermalCamera:283 com.android.server.BatteryService$1.run:323 android.os.Handler.handleCallback:869 android.os.Handler.dispatchMessage:101 
02-24 20:16:09.201   407   407 E android.hardware.wifi@1.0-service: Invalid radio stats in link layer stats
02-24 20:16:12.672   407   407 I chatty  : uid=1010 wifi@1.0-servic identical 3 lines
02-24 20:16:15.236   407   407 E android.hardware.wifi@1.0-service: Invalid radio stats in link layer stats
02-24 20:16:16.332  2173  2520 W Watchdog: **Get SF Time **0
02-24 20:16:16.332  2173  2520 W Watchdog: SWT Watchdog before synchronized:200229093
02-24 20:16:16.332  2173  2520 W Watchdog: SWT Watchdog after synchronized:200229093
02-24 20:16:18.251   407   407 E android.hardware.wifi@1.0-service: Invalid radio stats in link layer stats
02-24 20:16:24.280   407   407 I chatty  : uid=1010 wifi@1.0-servic identical 2 lines
02-24 20:16:27.295   407   407 E android.hardware.wifi@1.0-service: Invalid radio stats in link layer stats
02-24 20:16:27.325  2173  2316 W ContextImpl: Calling a method in the system process without a qualified user: android.app.ContextImpl.sendBroadcast:963 com.android.server.BatteryService$1.ExecuteThermalCamera:283 com.android.server.BatteryService$1.run:323 android.os.Handler.handleCallback:869 android.os.Handler.dispatchMessage:101 
02-24 20:16:27.710   407   407 E android.hardware.wifi@1.0-service: Invalid radio stats in link layer stats
02-24 20:16:36.334   407   407 I chatty  : uid=1010 wifi@1.0-servic identical 4 lines
02-24 20:16:39.349   407   407 E android.hardware.wifi@1.0-service: Invalid radio stats in link layer stats
02-24 20:16:42.098  2173  2323 I AlarmManager: [openLteGateByDataShaping] isDataShapingWhitelist: false,openLteGateSuccess = false
02-24 20:16:42.364   407   407 E android.hardware.wifi@1.0-service: Invalid radio stats in link layer stats
02-24 20:16:43.357   407   407 I chatty  : uid=1010 wifi@1.0-servic identical 1 line
02-24 20:16:45.369   407   407 E android.hardware.wifi@1.0-service: Invalid radio stats in link layer stats
02-24 20:16:46.333  2173  2520 W Watchdog: **Get SF Time **0
02-24 20:16:46.334  2173  2520 W Watchdog: SWT Watchdog before synchronized:200259094
02-24 20:16:46.334  2173  2520 W Watchdog: SWT Watchdog after synchronized:200259094
02-24 20:16:47.349  2173  2316 W ContextImpl: Calling a method in the system process without a qualified user: android.app.ContextImpl.sendBroadcast:963 com.android.server.BatteryService$1.ExecuteThermalCamera:283 com.android.server.BatteryService$1.run:323 android.os.Handler.handleCallback:869 android.os.Handler.dispatchMessage:101 
02-24 20:16:48.376   407   407 E android.hardware.wifi@1.0-service: Invalid radio stats in link layer stats
02-24 20:16:57.419   407   407 I chatty  : uid=1010 wifi@1.0-servic identical 3 lines
02-24 20:16:58.540   407   407 E android.hardware.wifi@1.0-service: Invalid radio stats in link layer stats
02-24 20:17:00.000  2173  2323 I AlarmManager: [openLteGateByDataShaping] isDataShapingWhitelist: false,openLteGateSuccess = false
02-24 20:17:00.432   407   407 E android.hardware.wifi@1.0-service: Invalid radio stats in link layer stats
02-24 20:17:03.449   407   407 E android.hardware.wifi@1.0-service: Invalid radio stats in link layer stats
02-24 20:17:05.271  2173  2323 I AlarmManager: [openLteGateByDataShaping] isDataShapingWhitelist: false,openLteGateSuccess = false
02-24 20:17:05.537  2173  2187 W BroadcastQueue: Background execution not allowed: receiving Intent { act=android.intent.action.DROPBOX_ENTRY_ADDED flg=0x10 (has extras) } to com.google.android.gms/.stats.service.DropBoxEntryAddedReceiver
02-24 20:17:05.537  2173  2187 W BroadcastQueue: Background execution not allowed: receiving Intent { act=android.intent.action.DROPBOX_ENTRY_ADDED flg=0x10 (has extras) } to com.google.android.gms/.chimera.GmsIntentOperationService$PersistentTrustedReceiver
02-24 20:17:05.552  2173  3234 W BroadcastQueue: Background execution not allowed: receiving Intent { act=android.intent.action.DROPBOX_ENTRY_ADDED flg=0x10 (has extras) } to com.google.android.gms/.stats.service.DropBoxEntryAddedReceiver
02-24 20:17:05.558  2173  2187 W BroadcastQueue: Background execution not allowed: receiving Intent { act=android.intent.action.DROPBOX_ENTRY_ADDED flg=0x10 (has extras) } to com.google.android.gms/.chimera.GmsIntentOperationService$PersistentTrustedReceiver
02-24 20:17:06.464   407   407 E android.hardware.wifi@1.0-service: Invalid radio stats in link layer stats
02-24 20:17:07.372  2173  2316 W ContextImpl: Calling a method in the system process without a qualified user: android.app.ContextImpl.sendBroadcast:963 com.android.server.BatteryService$1.ExecuteThermalCamera:283 com.android.server.BatteryService$1.run:323 android.os.Handler.handleCallback:869 android.os.Handler.dispatchMessage:101 
02-24 20:17:09.471   407   407 E android.hardware.wifi@1.0-service: Invalid radio stats in link layer stats
02-24 20:17:12.479   407   407 I chatty  : uid=1010 wifi@1.0-servic identical 1 line
02-24 20:17:15.495   407   407 E android.hardware.wifi@1.0-service: Invalid radio stats in link layer stats
02-24 20:17:16.335  2173  2520 W Watchdog: **Get SF Time **0
02-24 20:17:16.335  2173  2520 W Watchdog: SWT Watchdog before synchronized:200289096
02-24 20:17:16.336  2173  2520 W Watchdog: SWT Watchdog after synchronized:200289096
02-24 20:17:18.510   407   407 E android.hardware.wifi@1.0-service: Invalid radio stats in link layer stats
02-24 20:17:21.525   407   407 I chatty  : uid=1010 wifi@1.0-servic identical 1 line
02-24 20:17:24.558   407   407 E android.hardware.wifi@1.0-service: Invalid radio stats in link layer stats
02-24 20:17:27.395  2173  2316 W ContextImpl: Calling a method in the system process without a qualified user: android.app.ContextImpl.sendBroadcast:963 com.android.server.BatteryService$1.ExecuteThermalCamera:283 com.android.server.BatteryService$1.run:323 android.os.Handler.handleCallback:869 android.os.Handler.dispatchMessage:101 
02-24 20:17:27.575   407   407 E android.hardware.wifi@1.0-service: Invalid radio stats in link layer stats
02-24 20:17:42.664   407   407 I chatty  : uid=1010 wifi@1.0-servic identical 5 lines
02-24 20:17:45.683   407   407 E android.hardware.wifi@1.0-service: Invalid radio stats in link layer stats
02-24 20:17:46.336  2173  2520 W Watchdog: **Get SF Time **0
02-24 20:17:46.337  2173  2520 W Watchdog: SWT Watchdog before synchronized:200319097
02-24 20:17:46.337  2173  2520 W Watchdog: SWT Watchdog after synchronized:200319097
02-24 20:17:47.419  2173  2316 W ContextImpl: Calling a method in the system process without a qualified user: android.app.ContextImpl.sendBroadcast:963 com.android.server.BatteryService$1.ExecuteThermalCamera:283 com.android.server.BatteryService$1.run:323 android.os.Handler.handleCallback:869 android.os.Handler.dispatchMessage:101 
02-24 20:17:48.700   407   407 E android.hardware.wifi@1.0-service: Invalid radio stats in link layer stats
02-24 20:17:51.167  2173  2197 I PowerManagerService: Nap time (uid 1000)...
02-24 20:17:51.171  2173  2197 I PowerManagerService: handleSandman: Bed time and goToSleepNoUpdateLocked
02-24 20:17:51.179  2173  2197 I PowerManagerService: Going to sleep due to screen timeout (uid 1000)...
02-24 20:17:51.198  2173  2197 I PowerManagerService: Sleeping (uid 1000)...
02-24 20:17:51.329  2173  2188 W Looper  : Dispatch took 107ms on android.ui, h=Handler (com.android.server.am.ActivityManagerService$UiHandler) {10d9526} cb=null msg=53
02-24 20:17:51.716   407   407 E android.hardware.wifi@1.0-service: Invalid radio stats in link layer stats
02-24 20:17:51.740  2173  2197 I DisplayPowerController: Blocking screen off
02-24 20:17:51.803  2173  2197 I DisplayPowerController: Unblocked screen off after 63 ms
02-24 20:17:51.825   407   407 E android.hardware.wifi@1.0-service: Invalid radio stats in link layer stats
02-24 20:17:51.828  2173  2194 I DisplayManagerService: Display device changed state: "Vstavan obrazovka", OFF
02-24 20:17:52.247  2173 10093 I AppWidgetServiceImpl: getAppWidgetIds() 0
02-24 20:17:57.040  2173  2323 I AlarmManager: [openLteGateByDataShaping] isDataShapingWhitelist: false,openLteGateSuccess = false
02-24 20:17:57.141  2425  2425 I EmergencyButton: ss.getState()=1 ss.isEmergencyOnly()=true for simId=0
02-24 20:17:57.143  2425  2425 I EmergencyButton: mLocateAtNonSecureView = false
02-24 20:17:57.143  2425  2425 I EmergencyButton: show = true --> visible= true, antiTheftLocked=false, mEmergencyButtonExt.showEccInNonSecureUnlock() =false, eccShouldShow=true
02-24 20:17:57.175  2425  2425 I EmergencyButton: ss.getState()=1 ss.isEmergencyOnly()=true for simId=0
02-24 20:17:57.177  2425  2425 I EmergencyButton: mLocateAtNonSecureView = false
02-24 20:17:57.177  2425  2425 I EmergencyButton: show = true --> visible= true, antiTheftLocked=false, mEmergencyButtonExt.showEccInNonSecureUnlock() =false, eccShouldShow=true
02-24 20:17:57.187  2425  2425 I EmergencyButton: ss.getState()=1 ss.isEmergencyOnly()=true for simId=0
02-24 20:17:57.189  2425  2425 I EmergencyButton: mLocateAtNonSecureView = false
02-24 20:17:57.189  2425  2425 I EmergencyButton: show = true --> visible= true, antiTheftLocked=false, mEmergencyButtonExt.showEccInNonSecureUnlock() =false, eccShouldShow=true
02-24 20:17:57.196  2425  2425 I EmergencyButton: ss.getState()=1 ss.isEmergencyOnly()=true for simId=0
02-24 20:17:57.198  2425  2425 I EmergencyButton: mLocateAtNonSecureView = false
02-24 20:17:57.198  2425  2425 I EmergencyButton: show = true --> visible= true, antiTheftLocked=false, mEmergencyButtonExt.showEccInNonSecureUnlock() =false, eccShouldShow=true
02-24 20:17:57.267  2425  2425 I EmergencyButton: ss.getState()=1 ss.isEmergencyOnly()=true for simId=0
02-24 20:17:57.269  2425  2425 I EmergencyButton: mLocateAtNonSecureView = true
02-24 20:17:57.269  2425  2425 I EmergencyButton: ECC Button is located on Notification Keygaurd and OP do not ask to show. So this is a normal case ,we never show it.
02-24 20:17:57.269  2425  2425 I EmergencyButton: If the button is on NotificationKeyguard and will not show, we should just set it View.GONE to give more space to IndicationText.
02-24 20:17:57.274  2425  2425 I EmergencyButton: ss.getState()=1 ss.isEmergencyOnly()=true for simId=0
02-24 20:17:57.276  2425  2425 I EmergencyButton: mLocateAtNonSecureView = false
02-24 20:17:57.276  2425  2425 I EmergencyButton: show = true --> visible= true, antiTheftLocked=false, mEmergencyButtonExt.showEccInNonSecureUnlock() =false, eccShouldShow=true
02-24 20:17:57.283  2425  2425 I EmergencyButton: ss.getState()=1 ss.isEmergencyOnly()=true for simId=0
02-24 20:17:57.286  2425  2425 I EmergencyButton: mLocateAtNonSecureView = false
02-24 20:17:57.286  2425  2425 I EmergencyButton: show = true --> visible= true, antiTheftLocked=false, mEmergencyButtonExt.showEccInNonSecureUnlock() =false, eccShouldShow=true
02-24 20:17:57.331  2173  2187 W BroadcastQueue: Background execution not allowed: receiving Intent { act=android.intent.action.DROPBOX_ENTRY_ADDED flg=0x10 (has extras) } to com.google.android.gms/.stats.service.DropBoxEntryAddedReceiver
02-24 20:17:57.332  2173  2187 W BroadcastQueue: Background execution not allowed: receiving Intent { act=android.intent.action.DROPBOX_ENTRY_ADDED flg=0x10 (has extras) } to com.google.android.gms/.chimera.GmsIntentOperationService$PersistentTrustedReceiver
02-24 20:17:57.346  2173  5740 W BroadcastQueue: Background execution not allowed: receiving Intent { act=android.intent.action.DROPBOX_ENTRY_ADDED flg=0x10 (has extras) } to com.google.android.gms/.stats.service.DropBoxEntryAddedReceiver
02-24 20:17:57.346  2173  2187 W BroadcastQueue: Background execution not allowed: receiving Intent { act=android.intent.action.DROPBOX_ENTRY_ADDED flg=0x10 (has extras) } to com.google.android.gms/.chimera.GmsIntentOperationService$PersistentTrustedReceiver
02-24 20:18:20.402  2173  2329 E WindowManager: catHall-mHallState:1
02-24 20:18:20.403  2173  2329 E PowerManagerService: catHall-mHallState:1
02-24 20:18:20.403  2173  2329 I PowerManagerService: Waking up from sleep (uid 1000)...
02-24 20:18:20.407  2173  2173 I AlarmManager: [openLteGateByDataShaping] isDataShapingWhitelist: false,openLteGateSuccess = false
02-24 20:18:20.474  2173  2197 I DisplayPowerController: Blocking screen on until initial contents have been drawn.
02-24 20:18:20.488  2173  2188 I WindowManager: Waiting for drawn Window{65fb244 u0 StatusBar}: removed=false visible=true mHasSurface=true drawState=1
02-24 20:18:20.501  2173  2266 I WindowManager: Waiting for drawn Window{65fb244 u0 StatusBar}: removed=false visible=true mHasSurface=true drawState=1
02-24 20:18:20.511  2173  2194 I DisplayManagerService: Display device changed state: "Vstavan obrazovka", ON
02-24 20:18:20.541  2173  2266 I WindowManager: Waiting for drawn Window{65fb244 u0 StatusBar}: removed=false visible=true mHasSurface=true drawState=1
02-24 20:18:20.543   407   407 E android.hardware.wifi@1.0-service: Invalid radio stats in link layer stats
02-24 20:18:20.550   407   407 E android.hardware.wifi@1.0-service: Invalid radio stats in link layer stats
02-24 20:18:20.564  2173  2266 I WindowManager: Waiting for drawn Window{65fb244 u0 StatusBar}: removed=false visible=true mHasSurface=true drawState=1
02-24 20:18:20.576  2173  2266 I WindowManager: Waiting for drawn Window{65fb244 u0 StatusBar}: removed=false visible=true mHasSurface=true drawState=4
02-24 20:18:20.581  2173  2197 I DisplayPowerController: Unblocked screen on after 107 ms
02-24 20:18:20.763  2173  2197 W PowerManagerService: Screen on took 398 ms
02-24 20:18:21.162  2173  5740 I AppWidgetServiceImpl: getAppWidgetIds() 0
02-24 20:18:21.443  2173  5740 I WindowManager: Relayout Window{f8b9efa u0 NavigationBar}: oldVis=8 newVis=0 focusMayChange = true
02-24 20:18:22.329  2173  5740 I TraceKeyguard: Call verifyChallenge to get GateKeeperResponse
02-24 20:18:22.391  2173  5740 I TraceKeyguard: Got GateKeeperResponse done, ResponseCode = 0, Response timeout = 0
02-24 20:18:22.396  2173  5740 I LockSettingsService: Unlocking user 0 with token length 69
02-24 20:18:22.396  2173  5740 W ActivityManager: Expected user 0 in state RUNNING_LOCKED but was in state RUNNING_UNLOCKED
02-24 20:18:22.645  2173  2187 W BroadcastQueue: Background execution not allowed: receiving Intent { act=android.intent.action.DROPBOX_ENTRY_ADDED flg=0x10 (has extras) } to com.google.android.gms/.stats.service.DropBoxEntryAddedReceiver
02-24 20:18:22.646  2173  2187 W BroadcastQueue: Background execution not allowed: receiving Intent { act=android.intent.action.DROPBOX_ENTRY_ADDED flg=0x10 (has extras) } to com.google.android.gms/.chimera.GmsIntentOperationService$PersistentTrustedReceiver
02-24 20:18:22.677  2173  3234 I WindowManager: Relayout Window{7609488 u0 com.sonyericsson.organizer/com.sonyericsson.organizer.Organizer}: oldVis=4 newVis=0 focusMayChange = true
02-24 20:18:22.762  2173  7571 W BroadcastQueue: Background execution not allowed: receiving Intent { act=android.intent.action.DROPBOX_ENTRY_ADDED flg=0x10 (has extras) } to com.google.android.gms/.stats.service.DropBoxEntryAddedReceiver
02-24 20:18:22.773  2173  2187 W BroadcastQueue: Background execution not allowed: receiving Intent { act=android.intent.action.DROPBOX_ENTRY_ADDED flg=0x10 (has extras) } to com.google.android.gms/.chimera.GmsIntentOperationService$PersistentTrustedReceiver
02-24 20:18:22.843  2173  7571 W BroadcastQueue: Background execution not allowed: receiving Intent { act=android.intent.action.USER_PRESENT flg=0x24200010 } to com.google.android.gms/.auth.setup.devicesignals.LockScreenReceiver
02-24 20:18:22.850  2173  2187 W BroadcastQueue: Background execution not allowed: receiving Intent { act=android.intent.action.USER_PRESENT flg=0x24200010 } to com.google.android.gms/.chimera.GmsIntentOperationService$PersistentTrustedReceiver
02-24 20:18:22.851  2173  2187 W BroadcastQueue: Permission Denial: broadcasting Intent { act=android.intent.action.USER_PRESENT flg=0x24200010 } from com.android.systemui (pid=2425, uid=10068) is not exported from uid 10050 due to receiver com.sonymobile.mx.android/.receivers.StopMessageReceiver
02-24 20:18:22.919  2173  5740 W BroadcastQueue: Background execution not allowed: receiving Intent { act=android.intent.action.USER_PRESENT flg=0x24200010 } to com.brave.browser/org.chromium.chrome.browser.sharing.click_to_call.ClickToCallMessageHandler$PhoneUnlockedReceiver
02-24 20:18:22.986  2173  2194 I WindowManager: Losing delayed focus: Window{65fb244 u0 StatusBar}
02-24 20:18:23.035  2173  8060 W BroadcastQueue: Background execution not allowed: receiving Intent { act=android.intent.action.USER_PRESENT flg=0x24200010 } to com.vivaldi.browser/org.chromium.chrome.browser.sharing.click_to_call.ClickToCallMessageHandler$PhoneUnlockedReceiver
02-24 20:18:23.561   407   407 E android.hardware.wifi@1.0-service: Invalid radio stats in link layer stats
02-24 20:18:23.703  2173  2328 I ActivityManager: START u0 {act=android.intent.action.MAIN cat=[android.intent.category.HOME] flg=0x10200000 cmp=ch.deletescape.lawnchair.plah/ch.deletescape.lawnchair.LawnchairLauncher (has extras)} from uid 1000
02-24 20:18:23.757  2173  7571 W ActivityManager: Unable to start service Intent { act=com.android.launcher3.WINDOW_OVERLAY dat=app://ch.deletescape.lawnchair.plah:10200?v=7&cv=9 pkg=com.google.android.googlequicksearchbox } U=0: not found
02-24 20:18:23.758  2173  7571 I AppWidgetServiceImpl: startListening() 0
02-24 20:18:23.767  2173  7184 I WindowManager: Relayout Window{3a29501 u0 ch.deletescape.lawnchair.plah/ch.deletescape.lawnchair.LawnchairLauncher}: oldVis=4 newVis=0 focusMayChange = true
02-24 20:18:24.244   407   407 E android.hardware.wifi@1.0-service: Invalid radio stats in link layer stats
02-24 20:18:26.569   407   407 E android.hardware.wifi@1.0-service: Invalid radio stats in link layer stats
02-24 20:18:27.303  2173  5361 I ActivityManager: START u0 {act=android.intent.action.MAIN cat=[android.intent.category.LAUNCHER] flg=0x10200000 cmp=com.vivaldi.browser/com.google.android.apps.chrome.Main bnds=[560,498][693,715]} from uid 10200
02-24 20:18:27.454  2173  8060 I WindowManager: Relayout Window{5ad634c u0 com.vivaldi.browser/com.google.android.apps.chrome.Main}: oldVis=4 newVis=0 focusMayChange = true
02-24 20:18:27.613  2173  7184 W ActivityManager: Permission Denial: Accessing service ComponentInfo{com.sonyericsson.album/com.sonymobile.somcmediarouter.provider.dlna.DlnaMediaRouteProviderService} from pid=32590, uid=10260 that is not exported from uid 10076
02-24 20:18:27.614  2173  8060 W ActivityManager: Permission Denial: Accessing service ComponentInfo{com.sonyericsson.music/com.sonymobile.somcmediarouter.provider.dlna.DlnaMediaRouteProviderService} from pid=32590, uid=10260 that is not exported from uid 10060
02-24 20:18:27.621  2173  5361 I AppWidgetServiceImpl: stopListening() 0
02-24 20:18:29.579   407   407 E android.hardware.wifi@1.0-service: Invalid radio stats in link layer stats
02-24 20:18:32.587   407   407 E android.hardware.wifi@1.0-service: Invalid radio stats in link layer stats
02-24 20:18:33.475  2173  2316 W ContextImpl: Calling a method in the system process without a qualified user: android.app.ContextImpl.sendBroadcast:963 com.android.server.BatteryService$1.ExecuteThermalCamera:283 com.android.server.BatteryService$1.run:323 android.os.Handler.handleCallback:869 android.os.Handler.dispatchMessage:101 
02-24 20:18:35.603   407   407 E android.hardware.wifi@1.0-service: Invalid radio stats in link layer stats
02-24 20:18:37.945  2173  2323 I AlarmManager: [openLteGateByDataShaping] isDataShapingWhitelist: false,openLteGateSuccess = false
02-24 20:18:38.615   407   407 E android.hardware.wifi@1.0-service: Invalid radio stats in link layer stats
02-24 20:18:40.546  2173  2323 I AlarmManager: [openLteGateByDataShaping] isDataShapingWhitelist: false,openLteGateSuccess = false
02-24 20:18:41.630   407   407 E android.hardware.wifi@1.0-service: Invalid radio stats in link layer stats
02-24 20:18:42.369  2173  2520 W Watchdog: **Get SF Time **0
02-24 20:18:42.369  2173  2520 W Watchdog: SWT Watchdog before synchronized:200349099
02-24 20:18:42.369  2173  2520 W Watchdog: SWT Watchdog after synchronized:200349099
02-24 20:18:44.655   407   407 E android.hardware.wifi@1.0-service: Invalid radio stats in link layer stats
02-24 20:18:47.671   407   407 I chatty  : uid=1010 wifi@1.0-servic identical 1 line
02-24 20:18:50.686   407   407 E android.hardware.wifi@1.0-service: Invalid radio stats in link layer stats
02-24 20:18:53.496  2173  2316 W ContextImpl: Calling a method in the system process without a qualified user: android.app.ContextImpl.sendBroadcast:963 com.android.server.BatteryService$1.ExecuteThermalCamera:283 com.android.server.BatteryService$1.run:323 android.os.Handler.handleCallback:869 android.os.Handler.dispatchMessage:101 
02-24 20:18:53.695   407   407 E android.hardware.wifi@1.0-service: Invalid radio stats in link layer stats
02-24 20:18:56.708   407   407 I chatty  : uid=1010 wifi@1.0-servic identical 1 line
02-24 20:18:59.717   407   407 E android.hardware.wifi@1.0-service: Invalid radio stats in link layer stats
02-24 20:19:00.000  2173  2323 I AlarmManager: [openLteGateByDataShaping] isDataShapingWhitelist: false,openLteGateSuccess = false
02-24 20:19:02.732   407   407 E android.hardware.wifi@1.0-service: Invalid radio stats in link layer stats
02-24 20:19:08.755   407   407 I chatty  : uid=1010 wifi@1.0-servic identical 2 lines
02-24 20:19:11.770   407   407 E android.hardware.wifi@1.0-service: Invalid radio stats in link layer stats
02-24 20:19:12.370  2173  2520 W Watchdog: **Get SF Time **0
02-24 20:19:12.371  2173  2520 W Watchdog: SWT Watchdog before synchronized:200379100
02-24 20:19:12.371  2173  2520 W Watchdog: SWT Watchdog after synchronized:200379100
02-24 20:19:13.513  2173  2316 W ContextImpl: Calling a method in the system process without a qualified user: android.app.ContextImpl.sendBroadcast:963 com.android.server.BatteryService$1.ExecuteThermalCamera:283 com.android.server.BatteryService$1.run:323 android.os.Handler.handleCallback:869 android.os.Handler.dispatchMessage:101 
02-24 20:19:14.788   407   407 E android.hardware.wifi@1.0-service: Invalid radio stats in link layer stats
02-24 20:19:17.806   407   407 E android.hardware.wifi@1.0-service: Invalid radio stats in link layer stats
02-24 20:19:20.549  2173  2323 I AlarmManager: [openLteGateByDataShaping] isDataShapingWhitelist: false,openLteGateSuccess = false
02-24 20:19:20.819   407   407 E android.hardware.wifi@1.0-service: Invalid radio stats in link layer stats
02-24 20:19:23.823   407   407 I chatty  : uid=1010 wifi@1.0-servic identical 1 line
02-24 20:19:26.831   407   407 E android.hardware.wifi@1.0-service: Invalid radio stats in link layer stats
02-24 20:19:27.621  2173  2187 W ActivityManager: Stopping service due to app idle: u0a200 -6m18s785ms ch.deletescape.lawnchair.plah/ch.deletescape.lawnchair.bugreport.BugReportService
02-24 20:19:27.627  2173  5361 W ActivityManager: Background start not allowed: service Intent { cmp=ch.deletescape.lawnchair.plah/ch.deletescape.lawnchair.bugreport.BugReportService } to ch.deletescape.lawnchair.plah/ch.deletescape.lawnchair.bugreport.BugReportService from pid=29208 uid=10200 pkg=ch.deletescape.lawnchair.plah
02-24 20:19:27.629 12280 12280 E ActivityThread: Service ch.deletescape.lawnchair.bugreport.BugReportService has leaked IntentReceiver ch.deletescape.lawnchair.bugreport.BugReportService$onCreate$receiver$1@dac054d that was originally registered here. Are you missing a call to unregisterReceiver()?
02-24 20:19:27.629 12280 12280 E ActivityThread: android.app.IntentReceiverLeaked: Service ch.deletescape.lawnchair.bugreport.BugReportService has leaked IntentReceiver ch.deletescape.lawnchair.bugreport.BugReportService$onCreate$receiver$1@dac054d that was originally registered here. Are you missing a call to unregisterReceiver()?
02-24 20:19:27.629 12280 12280 E ActivityThread: 	at android.app.LoadedApk$ReceiverDispatcher.<init>(LoadedApk.java:1362)
02-24 20:19:27.629 12280 12280 E ActivityThread: 	at android.app.LoadedApk.getReceiverDispatcher(LoadedApk.java:1114)
02-24 20:19:27.629 12280 12280 E ActivityThread: 	at android.app.ContextImpl.registerReceiverInternal(ContextImpl.java:1418)
02-24 20:19:27.629 12280 12280 E ActivityThread: 	at android.app.ContextImpl.registerReceiver(ContextImpl.java:1391)
02-24 20:19:27.629 12280 12280 E ActivityThread: 	at android.content.ContextWrapper.registerReceiver(ContextWrapper.java:616)
02-24 20:19:27.629 12280 12280 E ActivityThread: 	at ch.deletescape.lawnchair.bugreport.BugReportService.onCreate(BugReportService.kt:8)
02-24 20:19:27.629 12280 12280 E ActivityThread: 	at android.app.ActivityThread.handleCreateService(ActivityThread.java:3497)
02-24 20:19:27.629 12280 12280 E ActivityThread: 	at android.app.ActivityThread.-wrap4(Unknown Source:0)
02-24 20:19:27.629 12280 12280 E ActivityThread: 	at android.app.ActivityThread$H.handleMessage(ActivityThread.java:1753)
02-24 20:19:27.629 12280 12280 E ActivityThread: 	at android.os.Handler.dispatchMessage(Handler.java:108)
02-24 20:19:27.629 12280 12280 E ActivityThread: 	at android.os.Looper.loop(Looper.java:206)
02-24 20:19:27.629 12280 12280 E ActivityThread: 	at android.app.ActivityThread.main(ActivityThread.java:6749)
02-24 20:19:27.629 12280 12280 E ActivityThread: 	at java.lang.reflect.Method.invoke(Native Method)
02-24 20:19:27.629 12280 12280 E ActivityThread: 	at com.android.internal.os.Zygote$MethodAndArgsCaller.run(Zygote.java:240)
02-24 20:19:27.629 12280 12280 E ActivityThread: 	at com.android.internal.os.ZygoteInit.main(ZygoteInit.java:845)
02-24 20:19:29.851   407   407 E android.hardware.wifi@1.0-service: Invalid radio stats in link layer stats
02-24 20:19:32.859   407   407 E android.hardware.wifi@1.0-service: Invalid radio stats in link layer stats
02-24 20:19:33.538  2173  2316 W ContextImpl: Calling a method in the system process without a qualified user: android.app.ContextImpl.sendBroadcast:963 com.android.server.BatteryService$1.ExecuteThermalCamera:283 com.android.server.BatteryService$1.run:323 android.os.Handler.handleCallback:869 android.os.Handler.dispatchMessage:101 
02-24 20:19:35.877   407   407 E android.hardware.wifi@1.0-service: Invalid radio stats in link layer stats
02-24 20:19:38.891   407   407 I chatty  : uid=1010 wifi@1.0-servic identical 1 line
02-24 20:19:41.901   407   407 E android.hardware.wifi@1.0-service: Invalid radio stats in link layer stats
02-24 20:19:42.371  2173  2520 W Watchdog: **Get SF Time **0
02-24 20:19:42.372  2173  2520 W Watchdog: SWT Watchdog before synchronized:200409102
02-24 20:19:42.372  2173  2520 W Watchdog: SWT Watchdog after synchronized:200409102
02-24 20:19:44.785   407   407 E android.hardware.wifi@1.0-service: Invalid radio stats in link layer stats
02-24 20:19:44.913   407   407 E android.hardware.wifi@1.0-service: Invalid radio stats in link layer stats
02-24 20:19:46.907  2173  5361 I WindowManager: Relayout Window{a53a278 u0 InputMethod}: oldVis=8 newVis=0 focusMayChange = true
02-24 20:19:46.998   407   407 E android.hardware.wifi@1.0-service: Invalid radio stats in link layer stats
02-24 20:19:47.782  2173  2328 I ActivityManager: START u0 {act=android.intent.action.MAIN cat=[android.intent.category.HOME] flg=0x10200000 cmp=ch.deletescape.lawnchair.plah/ch.deletescape.lawnchair.LawnchairLauncher (has extras)} from uid 1000
02-24 20:19:47.859  2173  7571 W ActivityManager: Unable to start service Intent { act=com.android.launcher3.WINDOW_OVERLAY dat=app://ch.deletescape.lawnchair.plah:10200?v=7&cv=9 pkg=com.google.android.googlequicksearchbox } U=0: not found
02-24 20:19:47.860  2173  7571 I AppWidgetServiceImpl: startListening() 0
02-24 20:19:47.871  2173  8060 I WindowManager: Relayout Window{3a29501 u0 ch.deletescape.lawnchair.plah/ch.deletescape.lawnchair.LawnchairLauncher}: oldVis=4 newVis=0 focusMayChange = true
02-24 20:19:47.925   407   407 E android.hardware.wifi@1.0-service: Invalid radio stats in link layer stats
02-24 20:19:48.887  2173  7184 I ActivityManager: START u0 {act=android.intent.action.MAIN cat=[android.intent.category.LAUNCHER] flg=0x10200000 cmp=com.brave.browser/com.google.android.apps.chrome.Main bnds=[427,715][560,932]} from uid 10200
02-24 20:19:49.042  2173  5361 I ActivityManager: Start proc 3843:com.brave.browser/u0a206 for activity com.brave.browser/com.google.android.apps.chrome.Main
02-24 20:19:49.048  2173  2188 W Looper  : Dispatch took 122ms on android.ui, h=Handler (com.android.server.am.ActivityManagerService$UiHandler) {10d9526} cb=null msg=53
02-24 20:19:50.157  2173  7184 I WindowManager: Relayout Window{289253b u0 com.brave.browser/com.google.android.apps.chrome.Main}: oldVis=4 newVis=0 focusMayChange = true
02-24 20:19:50.420  2173  7184 I ActivityManager: Start proc 3889:com.brave.browser:sandboxed_process0/u0i466 for service com.brave.browser/org.chromium.content.app.SandboxedProcessService0
02-24 20:19:50.866  2173  7184 I ActivityManager: Start proc 3920:com.brave.browser:privileged_process0/u0a206 for service com.brave.browser/org.chromium.content.app.PrivilegedProcessService0
02-24 20:19:50.939   407   407 E android.hardware.wifi@1.0-service: Invalid radio stats in link layer stats
02-24 20:19:51.032  2173  7571 I AppWidgetServiceImpl: getAppWidgetIds() 0
02-24 20:19:51.276  2173  7571 I chatty  : uid=1000(system) Binder:2173_16 identical 1 line
02-24 20:19:51.282  2173  7571 I AppWidgetServiceImpl: getAppWidgetIds() 0
02-24 20:19:51.875  2173  5361 I AppWidgetServiceImpl: stopListening() 0
02-24 20:19:52.748  2173  5361 I ActivityManager: Start proc 3977:com.brave.browser:sandboxed_process1/u0i467 for service com.brave.browser/org.chromium.content.app.SandboxedProcessService1
02-24 20:19:53.396  2173 10093 I ActivityManager: Start proc 3991:com.brave.browser:sandboxed_process2/u0i468 for service com.brave.browser/org.chromium.content.app.SandboxedProcessService2
02-24 20:19:53.560  2173  2316 W ContextImpl: Calling a method in the system process without a qualified user: android.app.ContextImpl.sendBroadcast:963 com.android.server.BatteryService$1.ExecuteThermalCamera:283 com.android.server.BatteryService$1.run:323 android.os.Handler.handleCallback:869 android.os.Handler.dispatchMessage:101 
02-24 20:19:53.963  2173  2347 I NetworkStatsRecorder: recordSnapshotLocked: ident[[{type=WIFI, subType=COMBINED, networkId="UPC2099091", metered=false}]]
02-24 20:19:53.963  2173  2347 W NetworkStatsRecorder: unknown interfaces [p2p0, lo, vt_data0], ignoring those stats
02-24 20:19:53.963  2173  2347 I NetworkStatsRecorder: recordSnapshotLocked: ident[[{type=WIFI, subType=COMBINED, networkId="UPC2099091", metered=false}]]
02-24 20:19:53.963  2173  2347 I NetworkStatsRecorder: recordSnapshotLocked: ident[[{type=VPN, subType=COMBINED, metered=true}]]
02-24 20:19:53.963  2173  2347 W NetworkStatsRecorder: unknown interfaces [p2p0, lo, vt_data0], ignoring those stats
02-24 20:19:53.966  2173  2347 I NetworkStatsRecorder: recordSnapshotLocked: ident[[{type=WIFI, subType=COMBINED, networkId="UPC2099091", metered=false}]]
02-24 20:19:53.968  2173  2347 I chatty  : uid=1000(system) NetworkStats identical 3 lines
02-24 20:19:53.968  2173  2347 I NetworkStatsRecorder: recordSnapshotLocked: ident[[{type=WIFI, subType=COMBINED, networkId="UPC2099091", metered=false}]]
02-24 20:19:53.970  2173  2347 I NetworkStatsRecorder: recordSnapshotLocked: ident[[{type=VPN, subType=COMBINED, metered=true}]]
02-24 20:19:53.976  2173  2347 I NetworkStatsRecorder: recordSnapshotLocked: ident[[{type=VPN, subType=COMBINED, metered=true}]]
02-24 20:19:53.976  2173  2347 W NetworkStatsRecorder: unknown interfaces [p2p0, lo, vt_data0], ignoring those stats
02-24 20:19:53.977  2173  2347 I NetworkStatsRecorder: recordSnapshotLocked: ident[[{type=WIFI, subType=COMBINED, networkId="UPC2099091", metered=false}]]
02-24 20:19:53.978  2173  2347 I chatty  : uid=1000(system) NetworkStats identical 3 lines
02-24 20:19:53.978  2173  2347 I NetworkStatsRecorder: recordSnapshotLocked: ident[[{type=WIFI, subType=COMBINED, networkId="UPC2099091", metered=false}]]
02-24 20:19:53.978  2173  2347 W NetworkStatsRecorder: unknown interfaces [p2p0, lo, vt_data0], ignoring those stats
02-24 20:19:53.983   407   407 E android.hardware.wifi@1.0-service: Invalid radio stats in link layer stats
02-24 20:19:54.682  2173 10093 I ActivityManager: Killing 3977:com.brave.browser:sandboxed_process1/u0a206i467 (adj 0): isolated not needed
02-24 20:19:54.740  2173 10093 I ActivityManager: Killing 3991:com.brave.browser:sandboxed_process2/u0a206i468 (adj 0): isolated not needed
02-24 20:19:55.148  2173  5740 I ActivityManager: Start proc 4020:com.brave.browser:sandboxed_process3/u0i469 for service com.brave.browser/org.chromium.content.app.SandboxedProcessService3
02-24 20:19:56.419  2173 10093 I ActivityManager: Killing 4020:com.brave.browser:sandboxed_process3/u0a206i469 (adj 0): isolated not needed
02-24 20:19:56.991   407   407 E android.hardware.wifi@1.0-service: Invalid radio stats in link layer stats
02-24 20:19:57.955  2173  8060 I ActivityManager: Process com.android.vending:background (pid 1564) has died: cch+6CEM 
02-24 20:19:57.984  2173  2362 E ConnectivityService: RemoteException caught trying to send a callback msg for NetworkRequest [ TRACK_DEFAULT id=1955, [ Capabilities: INTERNET&NOT_RESTRICTED&TRUSTED&NOT_VPN] ]
