08-31 12:17:18.584   422   422 I BufferQueueProducer: [](this:0x7a16e4a000,id:8166,api:0,p:-1,c:422) setMaxDequeuedBufferCount: maxDequeuedBuffers = 2
08-31 12:17:18.584   422   422 I BufferQueueConsumer: [com.android.vending/com.android.vending.AssetBrowserActivity#0](this:0x7a16e4a000,id:8166,api:0,p:-1,c:422) setDefaultBufferSize: width=720 height=1280
08-31 12:17:18.592   422   537 I BufferQueueProducer: [com.android.vending/com.android.vending.AssetBrowserActivity#0](this:0x7a16e4a000,id:8166,api:1,p:16855,c:422) connect(P): api=1 producer=(16855:com.android.vending) producerControlledByApp=true
08-31 12:17:18.598   615   615 I Proximity: enable: handle:7, en:0 
08-31 12:17:18.607   401   505 I hwcomposer: [DBQ] (q2:0x73f2ae1f00) Reallocate Slot(1), pool(0 -> 0) size(0 -> 3686400)  
08-31 12:17:18.623   401   505 I hwcomposer: [DBQ] (q2:0x73f2ae1f00) Reallocate Slot(2), pool(0 -> 0) size(0 -> 3686400)  
08-31 12:17:18.636 16855 17313 I Finsky  : [12809] sjg.apply(16): SCH: Canceling job 16-16161616
08-31 12:17:18.654   936  8509 E ActivityManager: Sending non-protected broadcast onehand.keyguard.trigger from system 1256:com.android.systemui/u0a68 pkg com.android.systemui
08-31 12:17:18.654   936  8509 E ActivityManager: java.lang.Throwable
08-31 12:17:18.654   936  8509 E ActivityManager: 	at com.android.server.am.ActivityManagerService.checkBroadcastFromSystem(ActivityManagerService.java:19872)
08-31 12:17:18.654   936  8509 E ActivityManager: 	at com.android.server.am.ActivityManagerService.broadcastIntentLocked(ActivityManagerService.java:20415)
08-31 12:17:18.654   936  8509 E ActivityManager: 	at com.android.server.am.ActivityManagerService.broadcastIntent(ActivityManagerService.java:20696)
08-31 12:17:18.654   936  8509 E ActivityManager: 	at android.app.IActivityManager$Stub.onTransact(IActivityManager.java:240)
08-31 12:17:18.654   936  8509 E ActivityManager: 	at com.android.server.am.ActivityManagerService.onTransact(ActivityManagerService.java:3143)
08-31 12:17:18.654   936  8509 E ActivityManager: 	at android.os.Binder.execTransact(Binder.java:674)
08-31 12:17:18.659   422   422 I BufferQueueProducer: [FrameBufferSurface_0](this:0x7a1afde000,id:0,api:1,p:422,c:422) queueBuffer: fps=0.00 dur=447719.53 max=447700.83 min=18.70
08-31 12:17:18.665   936  8509 W AES     : Exception Log handling...
08-31 12:17:18.667 16855 16899 I Finsky  : [12669] rtc.accept(26): SCH: Scheduling phonesky job Id: 26-1414141414, CT: 1661924405075, Constraints: [{ L: 43199999, D: 44099999, C: 1, I: 1, N: 0 }]
08-31 12:17:18.667   936  8509 E ActivityManager: Sending non-protected broadcast onehand.keyguard.trigger from system 1256:com.android.systemui/u0a68 pkg com.android.systemui
08-31 12:17:18.667   936  8509 E ActivityManager: java.lang.Throwable
08-31 12:17:18.667   936  8509 E ActivityManager: 	at com.android.server.am.ActivityManagerService.checkBroadcastFromSystem(ActivityManagerService.java:19872)
08-31 12:17:18.667   936  8509 E ActivityManager: 	at com.android.server.am.ActivityManagerService.broadcastIntentLocked(ActivityManagerService.java:20512)
08-31 12:17:18.667   936  8509 E ActivityManager: 	at com.android.server.am.ActivityManagerService.broadcastIntent(ActivityManagerService.java:20696)
08-31 12:17:18.667   936  8509 E ActivityManager: 	at android.app.IActivityManager$Stub.onTransact(IActivityManager.java:240)
08-31 12:17:18.667   936  8509 E ActivityManager: 	at com.android.server.am.ActivityManagerService.onTransact(ActivityManagerService.java:3143)
08-31 12:17:18.667   936  8509 E ActivityManager: 	at android.os.Binder.execTransact(Binder.java:674)
08-31 12:17:18.678   936  8509 W AES     : Exception Log handling...
08-31 12:17:18.698  1989  1989 E BrcmNfcJni: nfcManager_doSetScreenOrPowerState: Enter
08-31 12:17:18.699   414  2438 E NxpTml  : _i2c_write() errno : 5
08-31 12:17:18.699   414  2438 E NxpTml  : PN54X - Error in I2C Write.....
08-31 12:17:18.700   414  2441 E NxpHal  : write error status = 0x1ff
08-31 12:17:18.700   414   414 E NxpHal  : write_unlocked failed - PN54X Maybe in Standby Mode - Retry
08-31 12:17:18.716   936   950 W BroadcastQueue: Background execution not allowed: receiving Intent { act=android.intent.action.DROPBOX_ENTRY_ADDED flg=0x10 (has extras) } to com.google.android.gms/.stats.service.DropBoxEntryAddedReceiver
08-31 12:17:18.724   401   505 I hwcomposer: [OVL] (0) Overlay input(0) was used with queue previously  
08-31 12:17:18.724   401   505 I hwcomposer: [DBQ] (q2:0x73f2ae1f00) Buffer queue is destroyed  
08-31 12:17:18.724   401   505 I hwcomposer: [DBQ] (q2:0x73f2ae1f00) Free Slot(0), handle=0x73f2a56620, 3686400 -> 0  
08-31 12:17:18.724   401   505 I hwcomposer: [DBQ] (q2:0x73f2ae1f00) Free Slot(1), handle=0x73f2a568c0, 3686400 -> 0  
08-31 12:17:18.724   401   505 I hwcomposer: [DBQ] (q2:0x73f2ae1f00) Free Slot(2), handle=0x73f2a56540, 3686400 -> 0  
08-31 12:17:18.734   936   950 W BroadcastQueue: Background execution not allowed: receiving Intent { act=android.intent.action.DROPBOX_ENTRY_ADDED flg=0x10 (has extras) } to com.google.android.gms/.chimera.GmsIntentOperationService$PersistentTrustedReceiver
08-31 12:17:18.741   936   957 I Timeline: Timeline: Activity_windows_visible id: ActivityRecord{bfa9d55 u0 com.android.vending/.AssetBrowserActivity t4755} time:362043660 diff:207 start:warm|top-activity batt:100|2 mw:off|1 mem:629476|1|48|3|8 cpu:[1638000, 1638000, 1638000, 1638000, 2340000, 2340000, 2340000, 2340000]
08-31 12:17:18.751 16855 16900 I Finsky  : [12670] scl.apply(62): SCH: Scheduling 1 system job(s)
08-31 12:17:18.756  1989  1989 E NfcService: applyRouting -20
08-31 12:17:18.759 16855 16900 I Finsky  : [12670] scl.apply(68): SCH: Scheduling system job Id: 9703, L: 26566316, D: 27466316, C: false, I: false, N: 0
08-31 12:17:18.769   422   422 I BufferQueueConsumer: [SnapshotStartingWindow for taskId=4755#0](this:0x7a1afe1000,id:8165,api:2,p:-1,c:-1) disconnect(C)
08-31 12:17:18.770   422   422 I BufferQueue: [SnapshotStartingWindow for taskId=4755#0](this:0x7a1afe1000,id:8165,api:2,p:-1,c:-1) ~BufferQueueCore
08-31 12:17:18.764   936  2009 W BroadcastQueue: Background execution not allowed: receiving Intent { act=android.intent.action.DROPBOX_ENTRY_ADDED flg=0x10 (has extras) } to com.google.android.gms/.stats.service.DropBoxEntryAddedReceiver
08-31 12:17:18.772  1989  2405 E BrcmNfcJni: nfaConnectionCallback: unknown event ????
08-31 12:17:18.773   936   950 W BroadcastQueue: Background execution not allowed: receiving Intent { act=android.intent.action.DROPBOX_ENTRY_ADDED flg=0x10 (has extras) } to com.google.android.gms/.chimera.GmsIntentOperationService$PersistentTrustedReceiver
08-31 12:17:18.776  7428  7428 I GoogleInputMethodService: GoogleInputMethodService.onFinishInput():3273 
08-31 12:17:18.778  8944  9021 I NearbySharing: Screen is unlocked [CONTEXT service_id=194 ]
08-31 12:17:18.779  7428  7428 I GoogleInputMethodService: GoogleInputMethodService.updateDeviceLockedStatus():2165 repeatCheckTimes = 0, unlocked = true
08-31 12:17:18.779  7428  7428 I GoogleInputMethodService: GoogleInputMethodService.onStartInput():1956 onStartInput(EditorInfo{inputType=0x0(NULL) imeOptions=0x0 privateImeOptions=null actionName=UNSPECIFIED actionLabel=null actionId=0 initialSelStart=-1 initialSelEnd=-1 initialCapsMode=0x0 hintText=null label=null packageName=com.android.vending fieldId=2131428313 fieldName=null extras=null}, false)
08-31 12:17:18.779  7428  7428 I GoogleInputMethodService: GoogleInputMethodService.shouldHideHeaderOnInitialState():4081 ShouldHideHeaderOnInitialState = false
08-31 12:17:18.780  7428  7428 I GoogleInputMethodService: GoogleInputMethodService.updateDeviceLockedStatus():2165 repeatCheckTimes = 2, unlocked = true
08-31 12:17:18.782   936 12741 W BroadcastQueue: Background execution not allowed: receiving Intent { act=android.intent.action.USER_PRESENT flg=0x24200010 } to com.google.android.gms/.auth.setup.devicesignals.LockScreenReceiver
08-31 12:17:18.783   936   950 W BroadcastQueue: Background execution not allowed: receiving Intent { act=android.intent.action.USER_PRESENT flg=0x24200010 } to com.google.android.gms/.chimera.GmsIntentOperationService$PersistentTrustedReceiver
08-31 12:17:18.784   936   950 W BroadcastQueue: Permission Denial: broadcasting Intent { act=android.intent.action.USER_PRESENT flg=0x24200010 } from com.android.systemui (pid=1256, uid=10068) is not exported from uid 10050 due to receiver com.sonymobile.mx.android/.receivers.StopMessageReceiver
08-31 12:17:18.792  8944  9021 I NearbyMediums: FEATURE_UWB exists: false [CONTEXT service_id=54 ]
08-31 12:17:18.793  8944  9021 I NearbyMediums: FEATURE_SAMSUNG_UWB  exists: false [CONTEXT service_id=54 ]
08-31 12:17:18.794  8944  9021 I NearbyMediums: FEATURE_UWB exists: false [CONTEXT service_id=54 ]
08-31 12:17:18.795  8944  9021 I NearbyMediums: FEATURE_SAMSUNG_UWB  exists: false [CONTEXT service_id=54 ]
08-31 12:17:18.797  8944  9021 I NearbyMediums: FEATURE_UWB exists: false [CONTEXT service_id=54 ]
08-31 12:17:18.797  8944  9021 I NearbyMediums: FEATURE_SAMSUNG_UWB  exists: false [CONTEXT service_id=54 ]
08-31 12:17:18.798  8944  9021 I NearbyMediums: FEATURE_UWB exists: false [CONTEXT service_id=54 ]
08-31 12:17:18.798  8944  9021 I NearbyMediums: FEATURE_SAMSUNG_UWB  exists: false [CONTEXT service_id=54 ]
08-31 12:17:18.799  8944  9021 I NearbySharing: Failed to stop scanning because weren't scanning. [CONTEXT service_id=194 ]
08-31 12:17:18.799  8944  9021 I NearbySharing: Stopping discovery because Bluetooth is disabled. [CONTEXT service_id=194 ]
08-31 12:17:18.799  8944  9021 I NearbySharing: Can't stop advertising FastInitiation. Not advertising. [CONTEXT service_id=194 ]
08-31 12:17:18.799  8944  9021 I NearbySharing: Stopping Fast Init advertisement because Bluetooth is off. [CONTEXT service_id=194 ]
08-31 12:17:18.799  8944  9021 I NearbySharing: Stopping advertising because Bluetooth is disabled. [CONTEXT service_id=194 ]
08-31 12:17:18.813   422   474 I BufferQueueProducer: [NavigationBar#0](this:0x7a18bfd000,id:8095,api:1,p:1256,c:422) queueBuffer: fps=0.66 dur=1511.14 max=1511.14 min=1511.14
08-31 12:17:18.823   593   593 I Zygote  : ForkAndSpecializeCommon: Finished, pid of child process is 17326 
08-31 12:17:18.826   936  8509 I ActivityManager: Start proc 17326:com.katecca.screenofflock/u0a205 for broadcast com.katecca.screenofflock/.PlayUnlockSound
08-31 12:17:18.848  8944  9021 I NearbySharing: Started scanning for FastInitiation with mode: SCAN_MODE_OPPORTUNISTIC [CONTEXT service_id=194 ]
08-31 12:17:18.851  5681  5775 E bt_btm  : BTM_BleObserve Observe Already Active
08-31 12:17:18.851  5681  5775 W bt_btif :  bta_dm_ble_observe BTM_BleObserve  failed. status 6
08-31 12:17:18.851   422   422 I BufferQueueConsumer: [StatusBar#0](this:0x7a18bf8800,id:16,api:1,p:1256,c:422) setDefaultBufferSize: width=720 height=48
08-31 12:17:18.859   422   474 I BufferQueueProducer: [StatusBar#0](this:0x7a18bf8800,id:16,api:1,p:1256,c:422) disconnect(P): api 1
08-31 12:17:18.860   422   474 I BufferQueueConsumer: [StatusBar#0](this:0x7a18bf8800,id:16,api:1,p:-1,c:422) getReleasedBuffers: returning mask 0xffffffffffffffff
08-31 12:17:18.860   422   474 I BufferQueueProducer: [StatusBar#0](this:0x7a18bf8800,id:16,api:1,p:1256,c:422) connect(P): api=1 producer=(1256:com.android.systemui) producerControlledByApp=true
08-31 12:17:18.864   413   413 I MFI-RDS :  (     epdgs_rds_conn_init, 1167) [RDS][IF][epdgs_rds_conn_init] eims_info initial
08-31 12:17:18.865   413   413 I MFI-Conn:  (          mal_mfia_start,   48) mal_mfia_start(): Enter (-1)!!
08-31 12:17:18.865   413   413 E MFI-Conn:  (          mdfx_conn_conn,   76) mdfx_conn_conn(): the MFI connection fails!!
08-31 12:17:18.865   413   413 E MFI-Conn:  (   mdfx_conn_init_legacy,  363) mdfx_conn_init_legacy(): mdfx_conn_conn() error!!
08-31 12:17:18.865   413   413 I MFI-RDS :  (     epdgs_rds_conn_init, 1199) [RDS][epdgs_rds_conn_init] rds_wifi_disable_status init
08-31 12:17:18.871  8944  9021 I NearbySharing: Fast Initiation Scanning has started [CONTEXT service_id=194 ]
08-31 12:17:18.871  8944  9021 I NearbySharing: Dismissing HUN as there's no device nearby. [CONTEXT service_id=194 ]
08-31 12:17:18.871  8944  9021 I NearbySharing: Cancelling in use notification [CONTEXT service_id=194 ]
08-31 12:17:18.913  8944  9021 I NearbyMediums: BluetoothAdapter's name was not set by Nearby Connections, ignoring call to restore default scan mode. [CONTEXT service_id=54 ]
08-31 12:17:18.915   407   407 I WifiHAL : [WIFI HAL]wifi_get_supported_feature_set: handle=0x7ae2a30ee0, feature_set=0x81101a
08-31 12:17:18.916  8944  9021 I NearbyMediums: BluetoothAdapter's name was not set by Nearby Connections, ignoring call to restore device name [CONTEXT service_id=54 ]
08-31 12:17:18.930   936 11071 W BroadcastQueue: Background execution not allowed: receiving Intent { act=android.intent.action.USER_PRESENT flg=0x24200010 } to info.kfsoft.force.rotation/.RestartReceiver
08-31 12:17:18.984   936   936 W ResourceType: ResTable_typeSpec entry count inconsistent: given 473, previously 481
08-31 12:17:18.986   936   936 I chatty  : uid=1000 system_server identical 1 line
08-31 12:17:18.988   936   936 W ResourceType: ResTable_typeSpec entry count inconsistent: given 473, previously 481
08-31 12:17:18.989   936   936 W ResourceType: ResTable_typeSpec entry count inconsistent: given 181, previously 187
08-31 12:17:18.989   936   936 W ResourceType: ResTable_typeSpec entry count inconsistent: given 6, previously 29
08-31 12:17:18.989   936   936 W ResourceType: ResTable_typeSpec entry count inconsistent: given 184, previously 765
08-31 12:17:19.079   596   596 W AudioOut_D: type=1400 audit(0.0:475908): avc: denied { read } for name="audio_param" dev="dm-1" ino=802827 scontext=u:r:audioserver:s0 tcontext=u:object_r:mtk_audiohal_data_file:s0 tclass=dir permissive=0
08-31 12:17:19.297   407   407 I WifiHAL : Get link stats
08-31 12:17:19.297   407   407 E android.hardware.wifi@1.0-service: Invalid radio stats in link layer stats
08-31 12:17:19.600 16239 16239 I Ads     : Ad failed to load : 0
08-31 12:17:20.083   596   596 W AudioOut_D: type=1400 audit(0.0:475909): avc: denied { read } for name="audio_param" dev="dm-1" ino=802827 scontext=u:r:audioserver:s0 tcontext=u:object_r:mtk_audiohal_data_file:s0 tclass=dir permissive=0
08-31 12:17:20.366   936  1185 W IE_Capabilities: Unknown WPA cipher suite: 2ac0f00
08-31 12:17:20.366   936  1185 W IE_Capabilities: Unknown WPA cipher suite: 0
08-31 12:17:20.367   936  1185 W IE_Capabilities: Unknown WPA cipher suite: 2ac0f00
08-31 12:17:20.367   936  1185 W IE_Capabilities: Unknown WPA cipher suite: 0
08-31 12:17:20.372   936  1189 W IE_Capabilities: Unknown WPA cipher suite: 2ac0f00
08-31 12:17:20.372   936  1189 W IE_Capabilities: Unknown WPA cipher suite: 0
08-31 12:17:20.373   936  1189 W IE_Capabilities: Unknown WPA cipher suite: 2ac0f00
08-31 12:17:20.373   936  1189 W IE_Capabilities: Unknown WPA cipher suite: 0
08-31 12:17:20.399   412   435 I vendor.mediatek.hardware.power@1.1-impl: querySysInfo cmd:6, param:0
08-31 12:17:20.402   412   434 I powerd  : [powerd_req] POWER_MSG_QUERY_INFO
08-31 12:17:20.402   412   434 I powerd  : [powerd_req] POWER_MSG_QUERY_INFO: cmd:6, param:0
08-31 12:17:20.402   412   434 I libPerfService: perfUserGetCapability - cmd:6, id:0
08-31 12:17:20.402   412   434 I libPerfService: perfUserGetCapability - value:16855
08-31 12:17:20.403  1864  1880 I GasService: GAS loop :ch.deletescape.lawnchair.plah, pid:16855.
08-31 12:17:20.405   936   936 I WifiNotificationController: checkAndSetNotification, state:CONNECTED
08-31 12:17:20.881   413   413 I MFI-RDS :  (     epdgs_rds_conn_init, 1167) [RDS][IF][epdgs_rds_conn_init] eims_info initial
08-31 12:17:20.881   413   413 I MFI-Conn:  (          mal_mfia_start,   48) mal_mfia_start(): Enter (-1)!!
08-31 12:17:20.882   413   413 E MFI-Conn:  (          mdfx_conn_conn,   76) mdfx_conn_conn(): the MFI connection fails!!
08-31 12:17:20.882   413   413 E MFI-Conn:  (   mdfx_conn_init_legacy,  363) mdfx_conn_init_legacy(): mdfx_conn_conn() error!!
08-31 12:17:20.882   413   413 I MFI-RDS :  (     epdgs_rds_conn_init, 1199) [RDS][epdgs_rds_conn_init] rds_wifi_disable_status init
08-31 12:17:20.973   936   945 I zygote64: Background concurrent copying GC freed 121246(6MB) AllocSpace objects, 8(160KB) LOS objects, 12% free, 42MB/48MB, paused 1.021ms total 562.137ms
08-31 12:17:21.083   596   596 W AudioOut_D: type=1400 audit(0.0:475910): avc: denied { read } for name="audio_param" dev="dm-1" ino=802827 scontext=u:r:audioserver:s0 tcontext=u:object_r:mtk_audiohal_data_file:s0 tclass=dir permissive=0
08-31 12:17:21.317   422   474 I BufferQueueProducer: [StatusBar#0](this:0x7a18bf8800,id:16,api:1,p:1256,c:422) queueBuffer: fps=12.77 dur=3052.89 max=2128.64 min=9.87
08-31 12:17:21.327   422   422 I DisplayDevice: [Built-in Screen (type:0)] fps:14.816693,dur:2902.13,max:2111.08,min:14.78
08-31 12:17:21.479   412   450 I vendor.mediatek.hardware.power@1.1-impl: mtkPowerHint hint:15, data:10000
08-31 12:17:21.495   422   474 I BufferQueueProducer: [NavigationBar#0](this:0x7a18bfd000,id:8095,api:1,p:1256,c:422) queueBuffer: fps=0.37 dur=2681.65 max=2681.65 min=2681.65
08-31 12:17:21.561   412   450 I vendor.mediatek.hardware.power@1.1-impl: mtkPowerHint hint:15, data:0
08-31 12:17:21.561   619   619 I thermal_repeater: select timeout
08-31 12:17:21.795   936   951 I ActivityManager: START u0 {act=android.intent.action.MAIN cat=[android.intent.category.HOME] flg=0x10200000 cmp=ch.deletescape.lawnchair.plah/ch.deletescape.lawnchair.LawnchairLauncher (has extras)} from uid 1000
08-31 12:17:21.799   412   450 I vendor.mediatek.hardware.power@1.1-impl: mtkPowerHint hint:11, data:0
08-31 12:17:21.799   412   450 I vendor.mediatek.hardware.power@1.1-impl: mtkPowerHint hint:12, data:0
08-31 12:17:21.800 16855 16888 E Finsky  : [12659] syl.b(3): Trying to get cluster ID from Unexpected event (szw).
08-31 12:17:21.801 16855 16888 E Finsky  : [12659] syl.b(3): Trying to get cluster ID from Unexpected event (szw).
08-31 12:17:21.807   412   450 I vendor.mediatek.hardware.power@1.1-impl: mtkPowerHint hint:10, data:0
08-31 12:17:21.808   412   450 I vendor.mediatek.hardware.power@1.1-impl: mtkPowerHint hint:11, data:2000
08-31 12:17:21.809   412   434 I libPerfService: 11: legacy set freq: 1638000 -1 2340000 -1
08-31 12:17:21.812   412   434 I libPerfService: 11: legacy set: -1 -1 4 -1
08-31 12:17:21.814   412   450 I vendor.mediatek.hardware.power@1.1-impl: notifyAppState pack:ch.deletescape.lawnchair.plah, act:ch.deletescape.lawnchair.LawnchairLauncher, pid:13516, state:1
08-31 12:17:21.815   412   434 I powerd  : [powerd_req] POWER_MSG_NOTIFY_STATE
08-31 12:17:21.815   412   434 I libPerfService: [perfNotifyAppState] foreground:ch.deletescape.lawnchair.plah, pid:13516
08-31 12:17:21.816   412   434 I libPerfService: perfUserGetCapability - cmd:7, id:0
08-31 12:17:21.816   412   434 I libPerfService: perfUserGetCapability - value:-1
08-31 12:17:21.817 16855 16888 E Finsky  : [12659] syl.b(3): Trying to get cluster ID from Unexpected event (szw).
08-31 12:17:21.846 16855 16888 I chatty  : uid=10053(u0_a53) SequenceEventBu identical 2 lines
08-31 12:17:21.846 16855 16888 E Finsky  : [12659] syl.b(3): Trying to get cluster ID from Unexpected event (szw).
08-31 12:17:21.861 16855 16855 I Finsky  : [2] oet.onTrimMemory(1): Memory trim requested to level 80
08-31 12:17:21.861 16855 16855 I Finsky  : [2] lpn.accept(9): Flushing in-memory image cache
08-31 12:17:21.865   422   474 I BufferQueueProducer: [com.android.vending/com.android.vending.AssetBrowserActivity#0](this:0x7a16e4a000,id:8166,api:1,p:16855,c:422) disconnect(P): api 1
08-31 12:17:21.866   422   474 I BufferQueueConsumer: [com.android.vending/com.android.vending.AssetBrowserActivity#0](this:0x7a16e4a000,id:8166,api:1,p:-1,c:422) getReleasedBuffers: returning mask 0xffffffffffffffff
08-31 12:17:21.872   936  2043 W ActivityManager: Unable to start service Intent { act=com.android.launcher3.WINDOW_OVERLAY dat=app://ch.deletescape.lawnchair.plah:10212?v=7&cv=9 pkg=com.google.android.googlequicksearchbox } U=0: not found
08-31 12:17:21.873   936  2043 I AppWidgetServiceImpl: startListening() 0
08-31 12:17:21.926   936 11071 I WindowManager: Relayout Window{4da3855 u0 ch.deletescape.lawnchair.plah/ch.deletescape.lawnchair.LawnchairLauncher}: oldVis=4 newVis=0 focusMayChange = true
08-31 12:17:21.927   422   422 I BufferQueue: [unnamed-422-8167](this:0x7a1afe1000,id:8167,api:0,p:-1,c:-1) BufferQueue core=(422:/system/bin/surfaceflinger)
08-31 12:17:21.928   422   422 I BufferQueueConsumer: [unnamed-422-8167](this:0x7a1afe1000,id:8167,api:0,p:-1,c:422) connect(C): consumer=(422:/system/bin/surfaceflinger) controlledByApp=false
08-31 12:17:21.928   422   422 I BufferQueueConsumer: [unnamed-422-8167](this:0x7a1afe1000,id:8167,api:0,p:-1,c:422) setConsumerName: unnamed-422-8167
08-31 12:17:21.928   422   422 I BufferQueueConsumer: [ch.deletescape.lawnchair.plah/ch.deletescape.lawnchair.LawnchairLauncher#0](this:0x7a1afe1000,id:8167,api:0,p:-1,c:422) setConsumerName: ch.deletescape.lawnchair.plah/ch.deletescape.lawnchair.LawnchairLauncher#0
08-31 12:17:21.928   422   422 I BufferQueueProducer: [](this:0x7a1afe1000,id:8167,api:0,p:-1,c:422) setMaxDequeuedBufferCount: maxDequeuedBuffers = 2
08-31 12:17:21.928   422   422 I BufferQueueConsumer: [ch.deletescape.lawnchair.plah/ch.deletescape.lawnchair.LawnchairLauncher#0](this:0x7a1afe1000,id:8167,api:0,p:-1,c:422) setDefaultBufferSize: width=720 height=1280
08-31 12:17:21.934 13516 13547 I vndksupport: sphal namespace is not configured for this process. Loading /vendor/lib64/hw/gralloc.mt6757.so from the current namespace instead.
08-31 12:17:21.936 13516 13547 I OpenGLRenderer: Initialized EGL, version 1.4
08-31 12:17:21.941 13516 13547 I OpenGLRenderer: Already had program atlas...
08-31 12:17:21.944   422   474 I BufferQueueProducer: [ch.deletescape.lawnchair.plah/ch.deletescape.lawnchair.LawnchairLauncher#0](this:0x7a1afe1000,id:8167,api:1,p:13516,c:422) connect(P): api=1 producer=(13516:ch.deletescape.lawnchair.plah) producerControlledByApp=true
08-31 12:17:21.956  7428  7428 I GoogleInputMethodService: GoogleInputMethodService.onFinishInput():3273 
08-31 12:17:21.959  7428  7428 I GoogleInputMethodService: GoogleInputMethodService.updateDeviceLockedStatus():2165 repeatCheckTimes = 0, unlocked = true
08-31 12:17:21.959  7428  7428 I GoogleInputMethodService: GoogleInputMethodService.onStartInput():1956 onStartInput(EditorInfo{inputType=0x0(NULL) imeOptions=0x0 privateImeOptions=null actionName=UNSPECIFIED actionLabel=null actionId=0 initialSelStart=-1 initialSelEnd=-1 initialCapsMode=0x0 hintText=null label=null packageName=ch.deletescape.lawnchair.plah fieldId=-1 fieldName=null extras=null}, false)
08-31 12:17:21.960  7428  7428 I GoogleInputMethodService: GoogleInputMethodService.shouldHideHeaderOnInitialState():4081 ShouldHideHeaderOnInitialState = false
08-31 12:17:21.960  7428  7428 I GoogleInputMethodService: GoogleInputMethodService.updateDeviceLockedStatus():2165 repeatCheckTimes = 2, unlocked = true
08-31 12:17:22.075 13516 13516 W RenderThread: type=1400 audit(0.0:475911): avc: denied { read } for name="perf_ioctl" dev="proc" ino=4026533695 scontext=u:r:untrusted_app:s0:c512,c768 tcontext=u:object_r:proc:s0 tclass=file permissive=0
08-31 12:17:22.083   596   596 W AudioOut_D: type=1400 audit(0.0:475912): avc: denied { read } for name="audio_param" dev="dm-1" ino=802827 scontext=u:r:audioserver:s0 tcontext=u:object_r:mtk_audiohal_data_file:s0 tclass=dir permissive=0
08-31 12:17:22.091  1256  1270 I zygote64: NativeAllocBackground concurrent copying GC freed 44441(2018KB) AllocSpace objects, 0(0B) LOS objects, 40% free, 8MB/14MB, paused 936us total 102.307ms
08-31 12:17:22.100   936  1104 I BufferQueue: [unnamed-936-2109](this:0x762799c000,id:2109,api:0,p:-1,c:-1) BufferQueue core=(936:system_server)
08-31 12:17:22.102   936  1104 I BufferQueueConsumer: [unnamed-936-2109](this:0x762799c000,id:2109,api:0,p:-1,c:936) connect(C): consumer=(936:system_server) controlledByApp=true
08-31 12:17:22.102   936  1104 I BufferQueueConsumer: [unnamed-936-2109](this:0x762799c000,id:2109,api:0,p:-1,c:936) setConsumerName: unnamed-936-2109
08-31 12:17:22.104   936  1104 I BufferQueueProducer: [unnamed-936-2109](this:0x762799c000,id:2109,api:1,p:422,c:936) connect(P): api=1 producer=(422:/system/bin/surfaceflinger) producerControlledByApp=false
08-31 12:17:22.109   422   422 I SurfaceFlinger: screenshot (com.android.vending/com.android.vending.AssetBrowserActivity#0)
08-31 12:17:22.111   936  1104 I BufferQueueProducer: [unnamed-936-2109](this:0x762799c000,id:2109,api:1,p:422,c:936) disconnect(P): api 1
08-31 12:17:22.112   936  1104 I BufferQueueConsumer: [unnamed-936-2109](this:0x762799c000,id:2109,api:1,p:-1,c:936) getReleasedBuffers: returning mask 0xffffffffffffffff
08-31 12:17:22.113   936  1104 I BufferQueueConsumer: [unnamed-936-2109](this:0x762799c000,id:2109,api:1,p:-1,c:-1) disconnect(C)
08-31 12:17:22.113   936  1104 I BufferQueue: [unnamed-936-2109](this:0x762799c000,id:2109,api:1,p:-1,c:-1) ~BufferQueueCore
08-31 12:17:22.136   401   505 W hwcomposer: [OVL] (0) No overlay input queue(0)  
08-31 12:17:22.136   401   505 I hwcomposer: [DBQ] (q2:0x73f2ae1f00) Buffer queue is created with size(3)  
08-31 12:17:22.136   401   505 I hwcomposer: [DBQ] (q2:0x73f2ae1f00) setConsumerListener  
08-31 12:17:22.136   401   505 I hwcomposer: [DBQ] (q2:0x73f2ae1f00) Reallocate Slot(0), pool(0 -> 0) size(0 -> 3686400)  
08-31 12:17:22.151   401   505 I hwcomposer: [DBQ] (q2:0x73f2ae1f00) Reallocate Slot(1), pool(0 -> 0) size(0 -> 3686400)  
08-31 12:17:22.168   401   505 I hwcomposer: [DBQ] (q2:0x73f2ae1f00) Reallocate Slot(2), pool(0 -> 0) size(0 -> 3686400)  
08-31 12:17:22.217   936   957 I Timeline: Timeline: Activity_windows_visible id: ActivityRecord{a91d932 u0 ch.deletescape.lawnchair.plah/ch.deletescape.lawnchair.LawnchairLauncher t3995} time:362047141 diff:417 start:warm|home batt:100|2 mw:off|0 mem:632340|0|49|5|10 cpu:[1638000, 1638000, 1638000, 1638000, 2340000, 2340000, 2340000, 2340000]
08-31 12:17:22.304   407   407 I WifiHAL : Get link stats
08-31 12:17:22.304   407   407 E android.hardware.wifi@1.0-service: Invalid radio stats in link layer stats
08-31 12:17:22.313   422   422 I BufferQueueConsumer: [com.android.vending/com.android.vending.AssetBrowserActivity#0](this:0x7a16e4a000,id:8166,api:1,p:-1,c:-1) disconnect(C)
08-31 12:17:22.313   422   422 I BufferQueue: [com.android.vending/com.android.vending.AssetBrowserActivity#0](this:0x7a16e4a000,id:8166,api:1,p:-1,c:-1) ~BufferQueueCore
08-31 12:17:22.403   412   435 I vendor.mediatek.hardware.power@1.1-impl: querySysInfo cmd:6, param:0
08-31 12:17:22.404   412   434 I powerd  : [powerd_req] POWER_MSG_QUERY_INFO
08-31 12:17:22.404   412   434 I powerd  : [powerd_req] POWER_MSG_QUERY_INFO: cmd:6, param:0
08-31 12:17:22.404   412   434 I libPerfService: perfUserGetCapability - cmd:6, id:0
08-31 12:17:22.404   412   434 I libPerfService: perfUserGetCapability - value:13516
08-31 12:17:22.444  8944  9148 I Nearby  : [MBleClient] Start ble scanning from NearbyDirect:BluetoothAdapterWrapper, context tag = nearby [CONTEXT service_id=49 ]
08-31 12:17:22.449  8944  9148 I Nearby  : [MBleClient] M hardware scan: 1 clients, scanMode= OPPORTUNISTIC, callback type= ALL_MATCHES [CONTEXT service_id=49 ]
08-31 12:17:22.515   936  8509 W ResourceType: ResTable_typeSpec entry count inconsistent: given 899, previously 927
08-31 12:17:22.515   936  8509 W ResourceType: ResTable_typeSpec entry count inconsistent: given 317, previously 326
08-31 12:17:22.515   936  8509 W ResourceType: ResTable_typeSpec entry count inconsistent: given 318, previously 2682
08-31 12:17:22.525  1864  1880 I GasService: GAS loop :ch.deletescape.lawnchair.plah, pid:13516.
08-31 12:17:22.746   936   945 I zygote64: NativeAllocBackground concurrent copying GC freed 26690(1742KB) AllocSpace objects, 0(0B) LOS objects, 12% free, 42MB/48MB, paused 749us total 387.165ms
08-31 12:17:22.883   413   413 I MFI-RDS :  (     epdgs_rds_conn_init, 1167) [RDS][IF][epdgs_rds_conn_init] eims_info initial
08-31 12:17:22.883   413   413 I MFI-Conn:  (          mal_mfia_start,   48) mal_mfia_start(): Enter (-1)!!
08-31 12:17:22.883   413   413 E MFI-Conn:  (          mdfx_conn_conn,   76) mdfx_conn_conn(): the MFI connection fails!!
08-31 12:17:22.883   413   413 E MFI-Conn:  (   mdfx_conn_init_legacy,  363) mdfx_conn_init_legacy(): mdfx_conn_conn() error!!
08-31 12:17:22.883   413   413 I MFI-RDS :  (     epdgs_rds_conn_init, 1199) [RDS][epdgs_rds_conn_init] rds_wifi_disable_status init
08-31 12:17:22.971  3488  3488 W System.err: java.lang.IllegalArgumentException: View=android.widget.LinearLayout{eea88e4 V.E...... ........ 0,0-1,1} not attached to window manager
08-31 12:17:22.972  3488  3488 W System.err: 	at android.view.WindowManagerGlobal.findViewLocked(WindowManagerGlobal.java:509)
08-31 12:17:22.972  3488  3488 W System.err: 	at android.view.WindowManagerGlobal.removeView(WindowManagerGlobal.java:399)
08-31 12:17:22.972  3488  3488 W System.err: 	at android.view.WindowManagerImpl.removeViewImmediate(WindowManagerImpl.java:123)
08-31 12:17:22.972  3488  3488 W System.err: 	at info.kfsoft.force.rotation.BGService.j(BGService.java:267)
08-31 12:17:22.972  3488  3488 W System.err: 	at info.kfsoft.force.rotation.BGService.a(BGService.java:2537)
08-31 12:17:22.972  3488  3488 W System.err: 	at info.kfsoft.force.rotation.BGService$1.handleMessage(BGService.java:179)
08-31 12:17:22.972  3488  3488 W System.err: 	at android.os.Handler.dispatchMessage(Handler.java:108)
08-31 12:17:22.972  3488  3488 W System.err: 	at android.os.Looper.loop(Looper.java:206)
08-31 12:17:22.972  3488  3488 W System.err: 	at android.app.ActivityThread.main(ActivityThread.java:6749)
08-31 12:17:22.972  3488  3488 W System.err: 	at java.lang.reflect.Method.invoke(Native Method)
08-31 12:17:22.972  3488  3488 W System.err: 	at com.android.internal.os.Zygote$MethodAndArgsCaller.run(Zygote.java:240)
08-31 12:17:22.972  3488  3488 W System.err: 	at com.android.internal.os.ZygoteInit.main(ZygoteInit.java:845)
08-31 12:17:23.083   596   596 W AudioOut_D: type=1400 audit(0.0:475913): avc: denied { read } for name="audio_param" dev="dm-1" ino=802827 scontext=u:r:audioserver:s0 tcontext=u:object_r:mtk_audiohal_data_file:s0 tclass=dir permissive=0
08-31 12:17:23.306   422   476 I BufferQueueProducer: [StatusBar#0](this:0x7a18bf8800,id:16,api:1,p:1256,c:422) queueBuffer: fps=5.53 dur=1988.64 max=998.39 min=16.01
08-31 12:17:23.321   422   422 I DisplayDevice: [Built-in Screen (type:0)] fps:25.072229,dur:1994.24,max:1004.21,min:3.01
08-31 12:17:23.810   412   434 I libPerfService: 11: legacy set: -1 -1 -1 -1
08-31 12:17:23.810   412   434 I libPerfService: 11: legacy set freq: -1 -1 -1 -1
08-31 12:17:24.083   596   596 W AudioOut_D: type=1400 audit(0.0:475914): avc: denied { read } for name="audio_param" dev="dm-1" ino=802827 scontext=u:r:audioserver:s0 tcontext=u:object_r:mtk_audiohal_data_file:s0 tclass=dir permissive=0
08-31 12:17:24.335 21321 22850 I System.out: isEmailSend:POST
08-31 12:17:24.345   422   476 I BufferQueueProducer: [StatusBar#0](this:0x7a18bf8800,id:16,api:1,p:1256,c:422) queueBuffer: fps=0.96 dur=1038.81 max=1038.81 min=1038.81
08-31 12:17:24.359   422   422 I DisplayDevice: [Built-in Screen (type:0)] fps:0.963019,dur:1038.40,max:1038.40,min:1038.40
08-31 12:17:24.527   412   435 I vendor.mediatek.hardware.power@1.1-impl: querySysInfo cmd:6, param:0
08-31 12:17:24.528   412   434 I powerd  : [powerd_req] POWER_MSG_QUERY_INFO
08-31 12:17:24.528   412   434 I powerd  : [powerd_req] POWER_MSG_QUERY_INFO: cmd:6, param:0
08-31 12:17:24.528   412   434 I libPerfService: perfUserGetCapability - cmd:6, id:0
08-31 12:17:24.528   412   434 I libPerfService: perfUserGetCapability - value:13516
08-31 12:17:24.529  1864  1880 I GasService: GAS loop :ch.deletescape.lawnchair.plah, pid:13516.
08-31 12:17:24.874  8944  9021 I NearbySharing: FastInitiation warming period has ended [CONTEXT service_id=194 ]
08-31 12:17:24.884   413   413 I MFI-RDS :  (     epdgs_rds_conn_init, 1167) [RDS][IF][epdgs_rds_conn_init] eims_info initial
08-31 12:17:24.885   413   413 I MFI-Conn:  (          mal_mfia_start,   48) mal_mfia_start(): Enter (-1)!!
08-31 12:17:24.885   413   413 E MFI-Conn:  (          mdfx_conn_conn,   76) mdfx_conn_conn(): the MFI connection fails!!
08-31 12:17:24.885   413   413 E MFI-Conn:  (   mdfx_conn_init_legacy,  363) mdfx_conn_init_legacy(): mdfx_conn_conn() error!!
08-31 12:17:24.885   413   413 I MFI-RDS :  (     epdgs_rds_conn_init, 1199) [RDS][epdgs_rds_conn_init] rds_wifi_disable_status init
08-31 12:17:25.083   596   596 W AudioOut_D: type=1400 audit(0.0:475915): avc: denied { read } for name="audio_param" dev="dm-1" ino=802827 scontext=u:r:audioserver:s0 tcontext=u:object_r:mtk_audiohal_data_file:s0 tclass=dir permissive=0
08-31 12:17:25.311   407   407 I WifiHAL : Get link stats
08-31 12:17:26.087   596   596 W AudioOut_D: type=1400 audit(0.0:475916): avc: denied { read } for name="audio_param" dev="dm-1" ino=802827 scontext=u:r:audioserver:s0 tcontext=u:object_r:mtk_audiohal_data_file:s0 tclass=dir permissive=0
08-31 12:17:26.273   378   378 I QNS     : QNS: soc=100, v=4332, i=8200, t=290
08-31 12:17:26.273   378   378 I QNS     : QNS: requested charging params: current: 512, voltage: 4300
08-31 12:17:26.333   422   476 I BufferQueueProducer: [StatusBar#0](this:0x7a18bf8800,id:16,api:1,p:1256,c:422) queueBuffer: fps=1.01 dur=1987.95 max=998.95 min=989.01
08-31 12:17:26.338   422   422 I DisplayDevice: [Built-in Screen (type:0)] fps:1.010917,dur:1978.40,max:989.81,min:988.59
08-31 12:17:26.530   412   435 I vendor.mediatek.hardware.power@1.1-impl: querySysInfo cmd:6, param:0
08-31 12:17:26.531   412   434 I powerd  : [powerd_req] POWER_MSG_QUERY_INFO
08-31 12:17:26.531   412   434 I powerd  : [powerd_req] POWER_MSG_QUERY_INFO: cmd:6, param:0
08-31 12:17:26.531   412   434 I libPerfService: perfUserGetCapability - cmd:6, id:0
08-31 12:17:26.531   412   434 I libPerfService: perfUserGetCapability - value:13516
08-31 12:17:26.531  1864  1880 I GasService: GAS loop :ch.deletescape.lawnchair.plah, pid:13516.
08-31 12:17:26.563   619   619 I thermal_repeater: oh, queryMdThermalInfo (0)No such file or directory
08-31 12:17:26.574   619   619 I thermal_repeater: [recvMdThermalInfo] ret=25, strLen=127,  3, 43, -127, 0, 32767, 1
08-31 12:17:26.888   413   413 I MFI-RDS :  (     epdgs_rds_conn_init, 1167) [RDS][IF][epdgs_rds_conn_init] eims_info initial
08-31 12:17:26.888   413   413 I MFI-Conn:  (          mal_mfia_start,   48) mal_mfia_start(): Enter (-1)!!
08-31 12:17:26.890   413   413 E MFI-Conn:  (          mdfx_conn_conn,   76) mdfx_conn_conn(): the MFI connection fails!!
08-31 12:17:26.890   413   413 E MFI-Conn:  (   mdfx_conn_init_legacy,  363) mdfx_conn_init_legacy(): mdfx_conn_conn() error!!
08-31 12:17:26.890   413   413 I MFI-RDS :  (     epdgs_rds_conn_init, 1199) [RDS][epdgs_rds_conn_init] rds_wifi_disable_status init
08-31 12:17:26.931 21321 22850 I System.out: [socket][3608:-1] exception
08-31 12:17:26.938 21321 22850 I System.out: isEmailSend:POST
08-31 12:17:27.083   596   596 W AudioOut_D: type=1400 audit(0.0:475917): avc: denied { read } for name="audio_param" dev="dm-1" ino=802827 scontext=u:r:audioserver:s0 tcontext=u:object_r:mtk_audiohal_data_file:s0 tclass=dir permissive=0
08-31 12:17:27.342   422   476 I BufferQueueProducer: [StatusBar#0](this:0x7a18bf8800,id:16,api:1,p:1256,c:422) queueBuffer: fps=0.99 dur=1009.36 max=1009.36 min=1009.36
08-31 12:17:27.360   422   422 I DisplayDevice: [Built-in Screen (type:0)] fps:0.977934,dur:1022.56,max:1022.56,min:1022.56
08-31 12:17:28.087   596   596 W AudioOut_D: type=1400 audit(0.0:475918): avc: denied { read } for name="audio_param" dev="dm-1" ino=802827 scontext=u:r:audioserver:s0 tcontext=u:object_r:mtk_audiohal_data_file:s0 tclass=dir permissive=0
08-31 12:17:28.327   407   407 I WifiHAL : Get link stats
08-31 12:17:28.532   412   435 I vendor.mediatek.hardware.power@1.1-impl: querySysInfo cmd:6, param:0
08-31 12:17:28.533   412   434 I powerd  : [powerd_req] POWER_MSG_QUERY_INFO
08-31 12:17:28.533   412   434 I powerd  : [powerd_req] POWER_MSG_QUERY_INFO: cmd:6, param:0
08-31 12:17:28.533   412   434 I libPerfService: perfUserGetCapability - cmd:6, id:0
08-31 12:17:28.533   412   434 I libPerfService: perfUserGetCapability - value:13516
08-31 12:17:28.534  1864  1880 I GasService: GAS loop :ch.deletescape.lawnchair.plah, pid:13516.
08-31 12:17:28.891   413   413 I MFI-RDS :  (     epdgs_rds_conn_init, 1167) [RDS][IF][epdgs_rds_conn_init] eims_info initial
08-31 12:17:28.891   413   413 I MFI-Conn:  (          mal_mfia_start,   48) mal_mfia_start(): Enter (-1)!!
08-31 12:17:28.892   413   413 E MFI-Conn:  (          mdfx_conn_conn,   76) mdfx_conn_conn(): the MFI connection fails!!
08-31 12:17:28.892   413   413 E MFI-Conn:  (   mdfx_conn_init_legacy,  363) mdfx_conn_init_legacy(): mdfx_conn_conn() error!!
08-31 12:17:28.892   413   413 I MFI-RDS :  (     epdgs_rds_conn_init, 1199) [RDS][epdgs_rds_conn_init] rds_wifi_disable_status init
08-31 12:17:29.087   596   596 W AudioOut_D: type=1400 audit(0.0:475919): avc: denied { read } for name="audio_param" dev="dm-1" ino=802827 scontext=u:r:audioserver:s0 tcontext=u:object_r:mtk_audiohal_data_file:s0 tclass=dir permissive=0
08-31 12:17:29.471 21321 22850 I System.out: [socket][3609:-1] exception
08-31 12:17:29.473 21321 22850 I System.out: isEmailSend:POST
08-31 12:17:30.087   596   596 W AudioOut_D: type=1400 audit(0.0:475920): avc: denied { read } for name="audio_param" dev="dm-1" ino=802827 scontext=u:r:audioserver:s0 tcontext=u:object_r:mtk_audiohal_data_file:s0 tclass=dir permissive=0
08-31 12:17:30.360   422   476 I BufferQueueProducer: [StatusBar#0](this:0x7a18bf8800,id:16,api:1,p:1256,c:422) queueBuffer: fps=0.33 dur=3017.52 max=3017.52 min=3017.52
08-31 12:17:30.377   422   422 I DisplayDevice: [Built-in Screen (type:0)] fps:0.331489,dur:3016.69,max:3016.69,min:3016.69
08-31 12:17:30.534   412   435 I vendor.mediatek.hardware.power@1.1-impl: querySysInfo cmd:6, param:0
08-31 12:17:30.535   412   434 I powerd  : [powerd_req] POWER_MSG_QUERY_INFO
08-31 12:17:30.535   412   434 I powerd  : [powerd_req] POWER_MSG_QUERY_INFO: cmd:6, param:0
08-31 12:17:30.535   412   434 I libPerfService: perfUserGetCapability - cmd:6, id:0
08-31 12:17:30.536   412   434 I libPerfService: perfUserGetCapability - value:13516
08-31 12:17:30.536  1864  1880 I GasService: GAS loop :ch.deletescape.lawnchair.plah, pid:13516.
08-31 12:17:30.893   413   413 I MFI-RDS :  (     epdgs_rds_conn_init, 1167) [RDS][IF][epdgs_rds_conn_init] eims_info initial
08-31 12:17:30.894   413   413 I MFI-Conn:  (          mal_mfia_start,   48) mal_mfia_start(): Enter (-1)!!
08-31 12:17:30.894   413   413 E MFI-Conn:  (          mdfx_conn_conn,   76) mdfx_conn_conn(): the MFI connection fails!!
08-31 12:17:30.894   413   413 E MFI-Conn:  (   mdfx_conn_init_legacy,  363) mdfx_conn_init_legacy(): mdfx_conn_conn() error!!
08-31 12:17:30.895   413   413 I MFI-RDS :  (     epdgs_rds_conn_init, 1199) [RDS][epdgs_rds_conn_init] rds_wifi_disable_status init
08-31 12:17:31.087   596   596 W AudioOut_D: type=1400 audit(0.0:475921): avc: denied { read } for name="audio_param" dev="dm-1" ino=802827 scontext=u:r:audioserver:s0 tcontext=u:object_r:mtk_audiohal_data_file:s0 tclass=dir permissive=0
08-31 12:17:31.336   407   407 I WifiHAL : Get link stats
08-31 12:17:31.367   422   476 I BufferQueueProducer: [StatusBar#0](this:0x7a18bf8800,id:16,api:1,p:1256,c:422) queueBuffer: fps=0.99 dur=1007.10 max=1007.10 min=1007.10
08-31 12:17:31.383   422   422 I DisplayDevice: [Built-in Screen (type:0)] fps:0.994163,dur:1005.87,max:1005.87,min:1005.87
08-31 12:17:31.579   619   619 I thermal_repeater: select timeout
08-31 12:17:31.833 16855 16900 I Finsky  : [12670] qef.h(1): Triggered update for experiment package com.google.android.finsky.stable.
08-31 12:17:31.834 16855 17292 I System.out: isEmailSend:GET
08-31 12:17:31.835 16855 17292 I System.out: [OkHttp] sendRequest>>
08-31 12:17:31.835 16855 17292 I System.out: [OkHttp] sendRequest<<
08-31 12:17:31.951 16855 17291 W ProxyAndroidLoggerBackend: Too many Flogger logs received before configuration. Dropping old logs.
08-31 12:17:32.019 16855 17291 I chatty  : uid=10053(u0_a53) com.android.vending identical 3 lines
08-31 12:17:32.019 16855 17291 W ProxyAndroidLoggerBackend: Too many Flogger logs received before configuration. Dropping old logs.
08-31 12:17:32.022 16855 16900 I Finsky  : [12670] qef.h(7): Already at the latest configurations for experiment package com.google.android.finsky.stable.
08-31 12:17:32.023 16855 16899 I Finsky  : [12669] qef.h(1): Triggered update for experiment package com.google.android.finsky.regular.
08-31 12:17:32.056 16855 16900 I Finsky  : [12670] rtc.accept(26): SCH: Scheduling phonesky job Id: 16-16161616, CT: 1661941051831, Constraints: [{ L: 60000, D: 60000, C: 1, I: 1, N: 0 }]
08-31 12:17:32.081 16855 16900 I Finsky  : [12670] scl.apply(62): SCH: Scheduling 1 system job(s)
08-31 12:17:32.082 16855 16900 I Finsky  : [12670] scl.apply(68): SCH: Scheduling system job Id: 9703, L: 59750, D: 59750, C: false, I: false, N: 0
08-31 12:17:32.083   596   596 W AudioOut_D: type=1400 audit(0.0:475922): avc: denied { read } for name="audio_param" dev="dm-1" ino=802827 scontext=u:r:audioserver:s0 tcontext=u:object_r:mtk_audiohal_data_file:s0 tclass=dir permissive=0
08-31 12:17:32.108 16855 17291 W ProxyAndroidLoggerBackend: Too many Flogger logs received before configuration. Dropping old logs.
08-31 12:17:32.109 16855 17291 I chatty  : uid=10053(u0_a53) com.android.vending identical 1 line
08-31 12:17:32.119 16855 17291 W ProxyAndroidLoggerBackend: Too many Flogger logs received before configuration. Dropping old logs.
08-31 12:17:32.171   936  1144 W BatteryService: iddRunnable(mcycs) currentTemperature = 0 , batteryStatus = 2
08-31 12:17:28.327   407   407 I chatty  : uid=1010 wifi@1.0-servic identical 2 lines
08-31 12:17:31.336   407   407 E android.hardware.wifi@1.0-service: Invalid radio stats in link layer stats
08-31 12:17:32.171   936  1144 W ContextImpl: Calling a method in the system process without a qualified user: android.app.ContextImpl.sendBroadcast:963 com.android.server.BatteryService$1.ExecuteThermalCamera:283 com.android.server.BatteryService$1.run:323 android.os.Handler.handleCallback:869 android.os.Handler.dispatchMessage:101 
08-31 12:17:32.256 16855 17291 W ProxyAndroidLoggerBackend: Too many Flogger logs received before configuration. Dropping old logs.
08-31 12:17:32.256 16855 17291 W ProxyAndroidLoggerBackend: Too many Flogger logs received before configuration. Dropping old logs.
08-31 12:17:32.261 16855 16899 I Finsky  : [12669] qef.h(7): Already at the latest configurations for experiment package com.google.android.finsky.regular.
08-31 12:17:32.262 16855 16894 I Finsky  : [12665] qef.h(1): Triggered update for experiment package com.google.android.finsky.regular.
08-31 12:17:32.323 16855 17291 W ProxyAndroidLoggerBackend: Too many Flogger logs received before configuration. Dropping old logs.
08-31 12:17:32.439 16855 17291 I chatty  : uid=10053(u0_a53) com.android.vending identical 3 lines
08-31 12:17:32.440 16855 17291 W ProxyAndroidLoggerBackend: Too many Flogger logs received before configuration. Dropping old logs.
08-31 12:17:32.445 16855 16894 I Finsky  : [12665] qef.h(7): Already at the latest configurations for experiment package com.google.android.finsky.regular.
08-31 12:17:32.536   412   435 I vendor.mediatek.hardware.power@1.1-impl: querySysInfo cmd:6, param:0
08-31 12:17:32.537   412   434 I powerd  : [powerd_req] POWER_MSG_QUERY_INFO
08-31 12:17:32.537   412   434 I powerd  : [powerd_req] POWER_MSG_QUERY_INFO: cmd:6, param:0
08-31 12:17:32.537   412   434 I libPerfService: perfUserGetCapability - cmd:6, id:0
08-31 12:17:32.537   412   434 I libPerfService: perfUserGetCapability - value:13516
08-31 12:17:32.538  1864  1880 I GasService: GAS loop :ch.deletescape.lawnchair.plah, pid:13516.
08-31 12:17:32.896   413   413 I MFI-RDS :  (     epdgs_rds_conn_init, 1167) [RDS][IF][epdgs_rds_conn_init] eims_info initial
08-31 12:17:32.896   413   413 I MFI-Conn:  (          mal_mfia_start,   48) mal_mfia_start(): Enter (-1)!!
08-31 12:17:32.897   413   413 E MFI-Conn:  (          mdfx_conn_conn,   76) mdfx_conn_conn(): the MFI connection fails!!
08-31 12:17:32.897   413   413 E MFI-Conn:  (   mdfx_conn_init_legacy,  363) mdfx_conn_init_legacy(): mdfx_conn_conn() error!!
08-31 12:17:32.897   413   413 I MFI-RDS :  (     epdgs_rds_conn_init, 1199) [RDS][epdgs_rds_conn_init] rds_wifi_disable_status init
08-31 12:17:33.083   596   596 W AudioOut_D: type=1400 audit(0.0:475923): avc: denied { read } for name="audio_param" dev="dm-1" ino=802827 scontext=u:r:audioserver:s0 tcontext=u:object_r:mtk_audiohal_data_file:s0 tclass=dir permissive=0
08-31 12:17:33.363   422   476 I BufferQueueProducer: [StatusBar#0](this:0x7a18bf8800,id:16,api:1,p:1256,c:422) queueBuffer: fps=1.00 dur=1996.33 max=1011.75 min=984.58
08-31 12:17:33.377   422   422 I DisplayDevice: [Built-in Screen (type:0)] fps:1.002747,dur:1994.52,max:1006.58,min:987.95
08-31 12:17:33.890   936  1152 I AlarmManager: [openLteGateByDataShaping] isDataShapingWhitelist: false,openLteGateSuccess = false
08-31 12:17:33.929 14874 17367 I Authzen : [DeviceStateSyncManager] The server is in sync with current state. Nothing to do
08-31 12:17:34.087   596   596 W AudioOut_D: type=1400 audit(0.0:475924): avc: denied { read } for name="audio_param" dev="dm-1" ino=802827 scontext=u:r:audioserver:s0 tcontext=u:object_r:mtk_audiohal_data_file:s0 tclass=dir permissive=0
08-31 12:17:34.350   407   407 I WifiHAL : Get link stats
08-31 12:17:34.351   407   407 E android.hardware.wifi@1.0-service: Invalid radio stats in link layer stats
08-31 12:17:34.378   422   476 I BufferQueueProducer: [StatusBar#0](this:0x7a18bf8800,id:16,api:1,p:1256,c:422) queueBuffer: fps=0.99 dur=1015.11 max=1015.11 min=1015.11
08-31 12:17:34.400   422   422 I DisplayDevice: [Built-in Screen (type:0)] fps:0.978065,dur:1022.43,max:1022.43,min:1022.43
08-31 12:17:34.538   412   435 I vendor.mediatek.hardware.power@1.1-impl: querySysInfo cmd:6, param:0
08-31 12:17:34.539   412   434 I powerd  : [powerd_req] POWER_MSG_QUERY_INFO
08-31 12:17:34.539   412   434 I powerd  : [powerd_req] POWER_MSG_QUERY_INFO: cmd:6, param:0
08-31 12:17:34.539   412   434 I libPerfService: perfUserGetCapability - cmd:6, id:0
08-31 12:17:34.539   412   434 I libPerfService: perfUserGetCapability - value:13516
08-31 12:17:34.540  1864  1880 I GasService: GAS loop :ch.deletescape.lawnchair.plah, pid:13516.
08-31 12:17:34.552 21321 22850 I System.out: [socket][3610:-1] exception
08-31 12:17:34.553 21321 22850 I System.out: isEmailSend:POST
08-31 12:17:34.898   413   413 I MFI-RDS :  (     epdgs_rds_conn_init, 1167) [RDS][IF][epdgs_rds_conn_init] eims_info initial
08-31 12:17:34.898   413   413 I MFI-Conn:  (          mal_mfia_start,   48) mal_mfia_start(): Enter (-1)!!
08-31 12:17:34.899   413   413 E MFI-Conn:  (          mdfx_conn_conn,   76) mdfx_conn_conn(): the MFI connection fails!!
08-31 12:17:34.899   413   413 E MFI-Conn:  (   mdfx_conn_init_legacy,  363) mdfx_conn_init_legacy(): mdfx_conn_conn() error!!
08-31 12:17:34.899   413   413 I MFI-RDS :  (     epdgs_rds_conn_init, 1199) [RDS][epdgs_rds_conn_init] rds_wifi_disable_status init
08-31 12:17:35.083   596   596 W AudioOut_D: type=1400 audit(0.0:475925): avc: denied { read } for name="audio_param" dev="dm-1" ino=802827 scontext=u:r:audioserver:s0 tcontext=u:object_r:mtk_audiohal_data_file:s0 tclass=dir permissive=0
08-31 12:17:35.918   422   476 I BufferQueueProducer: [StatusBar#0](this:0x7a18bf8800,id:16,api:1,p:1256,c:422) queueBuffer: fps=0.65 dur=1540.21 max=1540.21 min=1540.21
08-31 12:17:35.932   422   422 I DisplayDevice: [Built-in Screen (type:0)] fps:0.652748,dur:1531.99,max:1531.99,min:1531.99
08-31 12:17:36.087   596   596 W AudioOut_D: type=1400 audit(0.0:475926): avc: denied { read } for name="audio_param" dev="dm-1" ino=802827 scontext=u:r:audioserver:s0 tcontext=u:object_r:mtk_audiohal_data_file:s0 tclass=dir permissive=0
08-31 12:17:36.223   936  1570 E WifiScanner: listener cannot be found
08-31 12:17:36.294   936  1152 I AlarmManager: [openLteGateByDataShaping] isDataShapingWhitelist: false,openLteGateSuccess = false
08-31 12:17:36.300   378   378 I QNS     : QNS: stopping
08-31 12:17:36.304   378   378 I QNS     : QNS suspended
08-31 12:17:36.305   378   378 I QNS     : QNS: analytics
08-31 12:17:36.305   378   378 I QNS     : QNS: qnsa work
08-31 12:17:36.541   412   435 I vendor.mediatek.hardware.power@1.1-impl: querySysInfo cmd:6, param:0
08-31 12:17:36.542   412   434 I powerd  : [powerd_req] POWER_MSG_QUERY_INFO
08-31 12:17:36.542   412   434 I powerd  : [powerd_req] POWER_MSG_QUERY_INFO: cmd:6, param:0
08-31 12:17:36.542   412   434 I libPerfService: perfUserGetCapability - cmd:6, id:0
08-31 12:17:36.542   412   434 I libPerfService: perfUserGetCapability - value:13516
08-31 12:17:36.542  1864  1880 I GasService: GAS loop :ch.deletescape.lawnchair.plah, pid:13516.
08-31 12:17:36.581   619   619 I thermal_repeater: oh, queryMdThermalInfo (0)No such file or directory
08-31 12:17:36.592   619   619 I thermal_repeater: [recvMdThermalInfo] ret=25, strLen=127,  3, 43, -127, 0, 32767, 1
08-31 12:17:36.901   413   413 I MFI-RDS :  (     epdgs_rds_conn_init, 1167) [RDS][IF][epdgs_rds_conn_init] eims_info initial
08-31 12:17:36.901   413   413 I MFI-Conn:  (          mal_mfia_start,   48) mal_mfia_start(): Enter (-1)!!
